#-----------------------------------------------------------
# Vivado v2018.3 (64-bit)
# SW Build 2405991 on Thu Dec  6 23:38:27 MST 2018
# IP Build 2404404 on Fri Dec  7 01:43:56 MST 2018
# Start of session at: Wed Apr 15 17:17:41 2026
# Process ID: 18144
# Current directory: D:/CubeMX/STM32H743_XC7A100_PS_Configuration/vivado_gpio_probe/build/gpio_probe_const_prj
# Command line: vivado.exe -gui_launcher_event rodinguilauncherevent31680 D:\CubeMX\STM32H743_XC7A100_PS_Configuration\vivado_gpio_probe\build\gpio_probe_const_prj\gpio_probe_const.xpr
# Log file: D:/CubeMX/STM32H743_XC7A100_PS_Configuration/vivado_gpio_probe/build/gpio_probe_const_prj/vivado.log
# Journal file: D:/CubeMX/STM32H743_XC7A100_PS_Configuration/vivado_gpio_probe/build/gpio_probe_const_prj\vivado.jou
#-----------------------------------------------------------
start_gui
open_project D:/CubeMX/STM32H743_XC7A100_PS_Configuration/vivado_gpio_probe/build/gpio_probe_const_prj/gpio_probe_const.xpr
INFO: [ProjectBase 1-489] The host OS only allows 260 characters in a normal path. The project is stored in a path with more than 80 characters. If you experience issues with IP, Block Designs, or files not being found, please consider moving the project to a location with a shorter path. Alternately consider using the OS subst command to map part of the path to a drive letter.
Current project path is 'D:/CubeMX/STM32H743_XC7A100_PS_Configuration/vivado_gpio_probe/build/gpio_probe_const_prj'
Scanning sources...
Finished scanning sources
INFO: [IP_Flow 19-234] Refreshing IP repositories
INFO: [IP_Flow 19-1704] No user IP repositories specified
INFO: [IP_Flow 19-2313] Loaded Vivado IP repository 'D:/Vivado/Vivado/2018.3/data/ip'.
update_compile_order -fileset sources_1
open_hw
connect_hw_server
INFO: [Labtools 27-2285] Connecting to hw_server url TCP:localhost:3121
INFO: [Labtools 27-2222] Launching hw_server...
INFO: [Labtools 27-2221] Launch Output:

****** Xilinx hw_server v2018.3
  **** Build date : Dec  7 2018-00:40:27
    ** Copyright 1986-2018 Xilinx, Inc. All Rights Reserved.


open_hw_target
INFO: [Labtoolstcl 44-466] Opening hw_target localhost:3121/xilinx_tcf/Digilent/210251A08870
set_property PROGRAM.FILE {D:/CubeMX/STM32H743_XC7A100_PS_Configuration/vivado_gpio_probe/build/gpio_probe_const_prj/gpio_probe_const.runs/impl_1/gpio_probe_top.bit} [get_hw_devices xc7a100t_0]
current_hw_device [get_hw_devices xc7a100t_0]
refresh_hw_device -update_hw_probes false [lindex [get_hw_devices xc7a100t_0] 0]
INFO: [Labtools 27-1434] Device xc7a100t (JTAG device index = 0) is programmed with a design that has no supported debug core(s) in it.
set_property PROBES.FILE {} [get_hw_devices xc7a100t_0]
set_property FULL_PROBES.FILE {} [get_hw_devices xc7a100t_0]
set_property PROGRAM.FILE {D:/CubeMX/STM32H743_XC7A100_PS_Configuration/vivado_gpio_probe/build/gpio_probe_const_prj/gpio_probe_const.runs/impl_1/gpio_probe_top.bit} [get_hw_devices xc7a100t_0]
program_hw_devices [get_hw_devices xc7a100t_0]
INFO: [Labtools 27-3164] End of startup status: HIGH
refresh_hw_device [lindex [get_hw_devices xc7a100t_0] 0]
INFO: [Labtools 27-1434] Device xc7a100t (JTAG device index = 0) is programmed with a design that has no supported debug core(s) in it.
reset_run synth_1
launch_runs impl_1 -to_step write_bitstream -jobs 10
[Wed Apr 15 17:19:07 2026] Launched synth_1...
Run output will be captured here: D:/CubeMX/STM32H743_XC7A100_PS_Configuration/vivado_gpio_probe/build/gpio_probe_const_prj/gpio_probe_const.runs/synth_1/runme.log
[Wed Apr 15 17:19:07 2026] Launched impl_1...
Run output will be captured here: D:/CubeMX/STM32H743_XC7A100_PS_Configuration/vivado_gpio_probe/build/gpio_probe_const_prj/gpio_probe_const.runs/impl_1/runme.log
set_property PROBES.FILE {} [get_hw_devices xc7a100t_0]
set_property FULL_PROBES.FILE {} [get_hw_devices xc7a100t_0]
set_property PROGRAM.FILE {D:/CubeMX/STM32H743_XC7A100_PS_Configuration/vivado_gpio_probe/build/gpio_probe_const_prj/gpio_probe_const.runs/impl_1/gpio_probe_top.bit} [get_hw_devices xc7a100t_0]
program_hw_devices [get_hw_devices xc7a100t_0]
INFO: [Labtools 27-3164] End of startup status: HIGH
refresh_hw_device [lindex [get_hw_devices xc7a100t_0] 0]
INFO: [Labtools 27-1434] Device xc7a100t (JTAG device index = 0) is programmed with a design that has no supported debug core(s) in it.
