Copyright 1986-2018 Xilinx, Inc. All Rights Reserved.
-----------------------------------------------------------------------------------------------------------------------------------------------------------------------------------------------------------------
| Tool Version : Vivado v.2018.3 (win64) Build 2405991 Thu Dec  6 23:38:27 MST 2018
| Date         : Mon Apr 27 14:20:28 2026
| Host         : adsf running 64-bit major release  (build 9200)
| Command      : report_timing_summary -max_paths 10 -file gpio_probe_top_timing_summary_routed.rpt -pb gpio_probe_top_timing_summary_routed.pb -rpx gpio_probe_top_timing_summary_routed.rpx -warn_on_violation
| Design       : gpio_probe_top
| Device       : 7a100t-fgg484
| Speed File   : -2  PRODUCTION 1.23 2018-06-13
-----------------------------------------------------------------------------------------------------------------------------------------------------------------------------------------------------------------

Timing Summary Report

------------------------------------------------------------------------------------------------
| Timer Settings
| --------------
------------------------------------------------------------------------------------------------

  Enable Multi Corner Analysis               :  Yes
  Enable Pessimism Removal                   :  Yes
  Pessimism Removal Resolution               :  Nearest Common Node
  Enable Input Delay Default Clock           :  No
  Enable Preset / Clear Arcs                 :  No
  Disable Flight Delays                      :  No
  Ignore I/O Paths                           :  No
  Timing Early Launch at Borrowing Latches   :  false

  Corner  Analyze    Analyze    
  Name    Max Paths  Min Paths  
  ------  ---------  ---------  
  Slow    Yes        Yes        
  Fast    Yes        Yes        



check_timing report

Table of Contents
-----------------
1. checking no_clock
2. checking constant_clock
3. checking pulse_width_clock
4. checking unconstrained_internal_endpoints
5. checking no_input_delay
6. checking no_output_delay
7. checking multiple_clock
8. checking generated_clocks
9. checking loops
10. checking partial_input_delay
11. checking partial_output_delay
12. checking latch_loops

1. checking no_clock
--------------------
 There are 0 register/latch pins with no clock.


2. checking constant_clock
--------------------------
 There are 0 register/latch pins with constant_clock.


3. checking pulse_width_clock
-----------------------------
 There are 0 register/latch pins which need pulse_width check


4. checking unconstrained_internal_endpoints
--------------------------------------------
 There are 0 pins that are not constrained for maximum delay.

 There are 0 pins that are not constrained for maximum delay due to constant clock.


5. checking no_input_delay
--------------------------
 There are 0 input ports with no input delay specified.

 There are 0 input ports with no input delay but user has a false path constraint.


6. checking no_output_delay
---------------------------
 There is 1 port with no output delay specified. (HIGH)

 There are 0 ports with no output delay but user has a false path constraint

 There are 0 ports with no output delay but with a timing clock defined on it or propagating through it


7. checking multiple_clock
--------------------------
 There are 0 register/latch pins with multiple clocks.


8. checking generated_clocks
----------------------------
 There are 0 generated clocks that are not connected to a clock source.


9. checking loops
-----------------
 There are 0 combinational loops in the design.


10. checking partial_input_delay
--------------------------------
 There are 0 input ports with partial input delay specified.


11. checking partial_output_delay
---------------------------------
 There are 0 ports with partial output delay specified.


12. checking latch_loops
------------------------
 There are 0 combinational latch loops in the design through latch input



------------------------------------------------------------------------------------------------
| Design Timing Summary
| ---------------------
------------------------------------------------------------------------------------------------

    WNS(ns)      TNS(ns)  TNS Failing Endpoints  TNS Total Endpoints      WHS(ns)      THS(ns)  THS Failing Endpoints  THS Total Endpoints     WPWS(ns)     TPWS(ns)  TPWS Failing Endpoints  TPWS Total Endpoints  
    -------      -------  ---------------------  -------------------      -------      -------  ---------------------  -------------------     --------     --------  ----------------------  --------------------  
      6.191        0.000                      0                   52        0.259        0.000                      0                   52        4.500        0.000                       0                    28  


All user specified timing constraints are met.


------------------------------------------------------------------------------------------------
| Clock Summary
| -------------
------------------------------------------------------------------------------------------------

Clock       Waveform(ns)       Period(ns)      Frequency(MHz)
-----       ------------       ----------      --------------
clk_100MHz  {0.000 5.000}      10.000          100.000         


------------------------------------------------------------------------------------------------
| Intra Clock Table
| -----------------
------------------------------------------------------------------------------------------------

Clock             WNS(ns)      TNS(ns)  TNS Failing Endpoints  TNS Total Endpoints      WHS(ns)      THS(ns)  THS Failing Endpoints  THS Total Endpoints     WPWS(ns)     TPWS(ns)  TPWS Failing Endpoints  TPWS Total Endpoints  
-----             -------      -------  ---------------------  -------------------      -------      -------  ---------------------  -------------------     --------     --------  ----------------------  --------------------  
clk_100MHz          6.191        0.000                      0                   52        0.259        0.000                      0                   52        4.500        0.000                       0                    28  


------------------------------------------------------------------------------------------------
| Inter Clock Table
| -----------------
------------------------------------------------------------------------------------------------

From Clock    To Clock          WNS(ns)      TNS(ns)  TNS Failing Endpoints  TNS Total Endpoints      WHS(ns)      THS(ns)  THS Failing Endpoints  THS Total Endpoints  
----------    --------          -------      -------  ---------------------  -------------------      -------      -------  ---------------------  -------------------  


------------------------------------------------------------------------------------------------
| Other Path Groups Table
| -----------------------
------------------------------------------------------------------------------------------------

Path Group    From Clock    To Clock          WNS(ns)      TNS(ns)  TNS Failing Endpoints  TNS Total Endpoints      WHS(ns)      THS(ns)  THS Failing Endpoints  THS Total Endpoints  
----------    ----------    --------          -------      -------  ---------------------  -------------------      -------      -------  ---------------------  -------------------  


------------------------------------------------------------------------------------------------
| Timing Details
| --------------
------------------------------------------------------------------------------------------------


---------------------------------------------------------------------------------------------------
From Clock:  clk_100MHz
  To Clock:  clk_100MHz

Setup :            0  Failing Endpoints,  Worst Slack        6.191ns,  Total Violation        0.000ns
Hold  :            0  Failing Endpoints,  Worst Slack        0.259ns,  Total Violation        0.000ns
PW    :            0  Failing Endpoints,  Worst Slack        4.500ns,  Total Violation        0.000ns
---------------------------------------------------------------------------------------------------


Max Delay Paths
--------------------------------------------------------------------------------------
Slack (MET) :             6.191ns  (required time - arrival time)
  Source:                 counter_reg[7]/C
                            (rising edge-triggered cell FDRE clocked by clk_100MHz  {rise@0.000ns fall@5.000ns period=10.000ns})
  Destination:            counter_reg[25]/R
                            (rising edge-triggered cell FDRE clocked by clk_100MHz  {rise@0.000ns fall@5.000ns period=10.000ns})
  Path Group:             clk_100MHz
  Path Type:              Setup (Max at Slow Process Corner)
  Requirement:            10.000ns  (clk_100MHz rise@10.000ns - clk_100MHz rise@0.000ns)
  Data Path Delay:        3.391ns  (logic 0.589ns (17.368%)  route 2.802ns (82.632%))
  Logic Levels:           2  (LUT4=1 LUT6=1)
  Clock Path Skew:        -0.030ns (DCD - SCD + CPR)
    Destination Clock Delay (DCD):    4.595ns = ( 14.595 - 10.000 ) 
    Source Clock Delay      (SCD):    4.876ns
    Clock Pessimism Removal (CPR):    0.250ns
  Clock Uncertainty:      0.035ns  ((TSJ^2 + TIJ^2)^1/2 + DJ) / 2 + PE
    Total System Jitter     (TSJ):    0.071ns
    Total Input Jitter      (TIJ):    0.000ns
    Discrete Jitter          (DJ):    0.000ns
    Phase Error              (PE):    0.000ns

    Location             Delay type                Incr(ns)  Path(ns)    Netlist Resource(s)
  -------------------------------------------------------------------    -------------------
                         (clock clk_100MHz rise edge)
                                                      0.000     0.000 r  
    W19                                               0.000     0.000 r  clk (IN)
                         net (fo=0)                   0.000     0.000    clk
    W19                  IBUF (Prop_ibuf_I_O)         1.483     1.483 r  clk_IBUF_inst/O
                         net (fo=1, routed)           1.709     3.192    clk_IBUF
    BUFGCTRL_X0Y0        BUFG (Prop_bufg_I_O)         0.081     3.273 r  clk_IBUF_BUFG_inst/O
                         net (fo=27, routed)          1.603     4.876    clk_IBUF_BUFG
    SLICE_X1Y161         FDRE                                         r  counter_reg[7]/C
  -------------------------------------------------------------------    -------------------
    SLICE_X1Y161         FDRE (Prop_fdre_C_Q)         0.379     5.255 f  counter_reg[7]/Q
                         net (fo=2, routed)           0.699     5.954    counter_reg_n_0_[7]
    SLICE_X0Y161         LUT4 (Prop_lut4_I1_O)        0.105     6.059 f  counter[25]_i_6/O
                         net (fo=1, routed)           0.843     6.902    counter[25]_i_6_n_0
    SLICE_X0Y162         LUT6 (Prop_lut6_I2_O)        0.105     7.007 r  counter[25]_i_3/O
                         net (fo=26, routed)          1.260     8.267    counter[25]_i_1_n_0
    SLICE_X1Y166         FDRE                                         r  counter_reg[25]/R
  -------------------------------------------------------------------    -------------------

                         (clock clk_100MHz rise edge)
                                                     10.000    10.000 r  
    W19                                               0.000    10.000 r  clk (IN)
                         net (fo=0)                   0.000    10.000    clk
    W19                  IBUF (Prop_ibuf_I_O)         1.416    11.416 r  clk_IBUF_inst/O
                         net (fo=1, routed)           1.620    13.036    clk_IBUF
    BUFGCTRL_X0Y0        BUFG (Prop_bufg_I_O)         0.077    13.113 r  clk_IBUF_BUFG_inst/O
                         net (fo=27, routed)          1.482    14.595    clk_IBUF_BUFG
    SLICE_X1Y166         FDRE                                         r  counter_reg[25]/C
                         clock pessimism              0.250    14.846    
                         clock uncertainty           -0.035    14.810    
    SLICE_X1Y166         FDRE (Setup_fdre_C_R)       -0.352    14.458    counter_reg[25]
  -------------------------------------------------------------------
                         required time                         14.458    
                         arrival time                          -8.267    
  -------------------------------------------------------------------
                         slack                                  6.191    

Slack (MET) :             6.300ns  (required time - arrival time)
  Source:                 counter_reg[7]/C
                            (rising edge-triggered cell FDRE clocked by clk_100MHz  {rise@0.000ns fall@5.000ns period=10.000ns})
  Destination:            counter_reg[21]/R
                            (rising edge-triggered cell FDRE clocked by clk_100MHz  {rise@0.000ns fall@5.000ns period=10.000ns})
  Path Group:             clk_100MHz
  Path Type:              Setup (Max at Slow Process Corner)
  Requirement:            10.000ns  (clk_100MHz rise@10.000ns - clk_100MHz rise@0.000ns)
  Data Path Delay:        3.283ns  (logic 0.589ns (17.942%)  route 2.694ns (82.058%))
  Logic Levels:           2  (LUT4=1 LUT6=1)
  Clock Path Skew:        -0.030ns (DCD - SCD + CPR)
    Destination Clock Delay (DCD):    4.595ns = ( 14.595 - 10.000 ) 
    Source Clock Delay      (SCD):    4.876ns
    Clock Pessimism Removal (CPR):    0.250ns
  Clock Uncertainty:      0.035ns  ((TSJ^2 + TIJ^2)^1/2 + DJ) / 2 + PE
    Total System Jitter     (TSJ):    0.071ns
    Total Input Jitter      (TIJ):    0.000ns
    Discrete Jitter          (DJ):    0.000ns
    Phase Error              (PE):    0.000ns

    Location             Delay type                Incr(ns)  Path(ns)    Netlist Resource(s)
  -------------------------------------------------------------------    -------------------
                         (clock clk_100MHz rise edge)
                                                      0.000     0.000 r  
    W19                                               0.000     0.000 r  clk (IN)
                         net (fo=0)                   0.000     0.000    clk
    W19                  IBUF (Prop_ibuf_I_O)         1.483     1.483 r  clk_IBUF_inst/O
                         net (fo=1, routed)           1.709     3.192    clk_IBUF
    BUFGCTRL_X0Y0        BUFG (Prop_bufg_I_O)         0.081     3.273 r  clk_IBUF_BUFG_inst/O
                         net (fo=27, routed)          1.603     4.876    clk_IBUF_BUFG
    SLICE_X1Y161         FDRE                                         r  counter_reg[7]/C
  -------------------------------------------------------------------    -------------------
    SLICE_X1Y161         FDRE (Prop_fdre_C_Q)         0.379     5.255 f  counter_reg[7]/Q
                         net (fo=2, routed)           0.699     5.954    counter_reg_n_0_[7]
    SLICE_X0Y161         LUT4 (Prop_lut4_I1_O)        0.105     6.059 f  counter[25]_i_6/O
                         net (fo=1, routed)           0.843     6.902    counter[25]_i_6_n_0
    SLICE_X0Y162         LUT6 (Prop_lut6_I2_O)        0.105     7.007 r  counter[25]_i_3/O
                         net (fo=26, routed)          1.152     8.159    counter[25]_i_1_n_0
    SLICE_X1Y165         FDRE                                         r  counter_reg[21]/R
  -------------------------------------------------------------------    -------------------

                         (clock clk_100MHz rise edge)
                                                     10.000    10.000 r  
    W19                                               0.000    10.000 r  clk (IN)
                         net (fo=0)                   0.000    10.000    clk
    W19                  IBUF (Prop_ibuf_I_O)         1.416    11.416 r  clk_IBUF_inst/O
                         net (fo=1, routed)           1.620    13.036    clk_IBUF
    BUFGCTRL_X0Y0        BUFG (Prop_bufg_I_O)         0.077    13.113 r  clk_IBUF_BUFG_inst/O
                         net (fo=27, routed)          1.482    14.595    clk_IBUF_BUFG
    SLICE_X1Y165         FDRE                                         r  counter_reg[21]/C
                         clock pessimism              0.250    14.846    
                         clock uncertainty           -0.035    14.810    
    SLICE_X1Y165         FDRE (Setup_fdre_C_R)       -0.352    14.458    counter_reg[21]
  -------------------------------------------------------------------
                         required time                         14.458    
                         arrival time                          -8.159    
  -------------------------------------------------------------------
                         slack                                  6.300    

Slack (MET) :             6.300ns  (required time - arrival time)
  Source:                 counter_reg[7]/C
                            (rising edge-triggered cell FDRE clocked by clk_100MHz  {rise@0.000ns fall@5.000ns period=10.000ns})
  Destination:            counter_reg[22]/R
                            (rising edge-triggered cell FDRE clocked by clk_100MHz  {rise@0.000ns fall@5.000ns period=10.000ns})
  Path Group:             clk_100MHz
  Path Type:              Setup (Max at Slow Process Corner)
  Requirement:            10.000ns  (clk_100MHz rise@10.000ns - clk_100MHz rise@0.000ns)
  Data Path Delay:        3.283ns  (logic 0.589ns (17.942%)  route 2.694ns (82.058%))
  Logic Levels:           2  (LUT4=1 LUT6=1)
  Clock Path Skew:        -0.030ns (DCD - SCD + CPR)
    Destination Clock Delay (DCD):    4.595ns = ( 14.595 - 10.000 ) 
    Source Clock Delay      (SCD):    4.876ns
    Clock Pessimism Removal (CPR):    0.250ns
  Clock Uncertainty:      0.035ns  ((TSJ^2 + TIJ^2)^1/2 + DJ) / 2 + PE
    Total System Jitter     (TSJ):    0.071ns
    Total Input Jitter      (TIJ):    0.000ns
    Discrete Jitter          (DJ):    0.000ns
    Phase Error              (PE):    0.000ns

    Location             Delay type                Incr(ns)  Path(ns)    Netlist Resource(s)
  -------------------------------------------------------------------    -------------------
                         (clock clk_100MHz rise edge)
                                                      0.000     0.000 r  
    W19                                               0.000     0.000 r  clk (IN)
                         net (fo=0)                   0.000     0.000    clk
    W19                  IBUF (Prop_ibuf_I_O)         1.483     1.483 r  clk_IBUF_inst/O
                         net (fo=1, routed)           1.709     3.192    clk_IBUF
    BUFGCTRL_X0Y0        BUFG (Prop_bufg_I_O)         0.081     3.273 r  clk_IBUF_BUFG_inst/O
                         net (fo=27, routed)          1.603     4.876    clk_IBUF_BUFG
    SLICE_X1Y161         FDRE                                         r  counter_reg[7]/C
  -------------------------------------------------------------------    -------------------
    SLICE_X1Y161         FDRE (Prop_fdre_C_Q)         0.379     5.255 f  counter_reg[7]/Q
                         net (fo=2, routed)           0.699     5.954    counter_reg_n_0_[7]
    SLICE_X0Y161         LUT4 (Prop_lut4_I1_O)        0.105     6.059 f  counter[25]_i_6/O
                         net (fo=1, routed)           0.843     6.902    counter[25]_i_6_n_0
    SLICE_X0Y162         LUT6 (Prop_lut6_I2_O)        0.105     7.007 r  counter[25]_i_3/O
                         net (fo=26, routed)          1.152     8.159    counter[25]_i_1_n_0
    SLICE_X1Y165         FDRE                                         r  counter_reg[22]/R
  -------------------------------------------------------------------    -------------------

                         (clock clk_100MHz rise edge)
                                                     10.000    10.000 r  
    W19                                               0.000    10.000 r  clk (IN)
                         net (fo=0)                   0.000    10.000    clk
    W19                  IBUF (Prop_ibuf_I_O)         1.416    11.416 r  clk_IBUF_inst/O
                         net (fo=1, routed)           1.620    13.036    clk_IBUF
    BUFGCTRL_X0Y0        BUFG (Prop_bufg_I_O)         0.077    13.113 r  clk_IBUF_BUFG_inst/O
                         net (fo=27, routed)          1.482    14.595    clk_IBUF_BUFG
    SLICE_X1Y165         FDRE                                         r  counter_reg[22]/C
                         clock pessimism              0.250    14.846    
                         clock uncertainty           -0.035    14.810    
    SLICE_X1Y165         FDRE (Setup_fdre_C_R)       -0.352    14.458    counter_reg[22]
  -------------------------------------------------------------------
                         required time                         14.458    
                         arrival time                          -8.159    
  -------------------------------------------------------------------
                         slack                                  6.300    

Slack (MET) :             6.300ns  (required time - arrival time)
  Source:                 counter_reg[7]/C
                            (rising edge-triggered cell FDRE clocked by clk_100MHz  {rise@0.000ns fall@5.000ns period=10.000ns})
  Destination:            counter_reg[23]/R
                            (rising edge-triggered cell FDRE clocked by clk_100MHz  {rise@0.000ns fall@5.000ns period=10.000ns})
  Path Group:             clk_100MHz
  Path Type:              Setup (Max at Slow Process Corner)
  Requirement:            10.000ns  (clk_100MHz rise@10.000ns - clk_100MHz rise@0.000ns)
  Data Path Delay:        3.283ns  (logic 0.589ns (17.942%)  route 2.694ns (82.058%))
  Logic Levels:           2  (LUT4=1 LUT6=1)
  Clock Path Skew:        -0.030ns (DCD - SCD + CPR)
    Destination Clock Delay (DCD):    4.595ns = ( 14.595 - 10.000 ) 
    Source Clock Delay      (SCD):    4.876ns
    Clock Pessimism Removal (CPR):    0.250ns
  Clock Uncertainty:      0.035ns  ((TSJ^2 + TIJ^2)^1/2 + DJ) / 2 + PE
    Total System Jitter     (TSJ):    0.071ns
    Total Input Jitter      (TIJ):    0.000ns
    Discrete Jitter          (DJ):    0.000ns
    Phase Error              (PE):    0.000ns

    Location             Delay type                Incr(ns)  Path(ns)    Netlist Resource(s)
  -------------------------------------------------------------------    -------------------
                         (clock clk_100MHz rise edge)
                                                      0.000     0.000 r  
    W19                                               0.000     0.000 r  clk (IN)
                         net (fo=0)                   0.000     0.000    clk
    W19                  IBUF (Prop_ibuf_I_O)         1.483     1.483 r  clk_IBUF_inst/O
                         net (fo=1, routed)           1.709     3.192    clk_IBUF
    BUFGCTRL_X0Y0        BUFG (Prop_bufg_I_O)         0.081     3.273 r  clk_IBUF_BUFG_inst/O
                         net (fo=27, routed)          1.603     4.876    clk_IBUF_BUFG
    SLICE_X1Y161         FDRE                                         r  counter_reg[7]/C
  -------------------------------------------------------------------    -------------------
    SLICE_X1Y161         FDRE (Prop_fdre_C_Q)         0.379     5.255 f  counter_reg[7]/Q
                         net (fo=2, routed)           0.699     5.954    counter_reg_n_0_[7]
    SLICE_X0Y161         LUT4 (Prop_lut4_I1_O)        0.105     6.059 f  counter[25]_i_6/O
                         net (fo=1, routed)           0.843     6.902    counter[25]_i_6_n_0
    SLICE_X0Y162         LUT6 (Prop_lut6_I2_O)        0.105     7.007 r  counter[25]_i_3/O
                         net (fo=26, routed)          1.152     8.159    counter[25]_i_1_n_0
    SLICE_X1Y165         FDRE                                         r  counter_reg[23]/R
  -------------------------------------------------------------------    -------------------

                         (clock clk_100MHz rise edge)
                                                     10.000    10.000 r  
    W19                                               0.000    10.000 r  clk (IN)
                         net (fo=0)                   0.000    10.000    clk
    W19                  IBUF (Prop_ibuf_I_O)         1.416    11.416 r  clk_IBUF_inst/O
                         net (fo=1, routed)           1.620    13.036    clk_IBUF
    BUFGCTRL_X0Y0        BUFG (Prop_bufg_I_O)         0.077    13.113 r  clk_IBUF_BUFG_inst/O
                         net (fo=27, routed)          1.482    14.595    clk_IBUF_BUFG
    SLICE_X1Y165         FDRE                                         r  counter_reg[23]/C
                         clock pessimism              0.250    14.846    
                         clock uncertainty           -0.035    14.810    
    SLICE_X1Y165         FDRE (Setup_fdre_C_R)       -0.352    14.458    counter_reg[23]
  -------------------------------------------------------------------
                         required time                         14.458    
                         arrival time                          -8.159    
  -------------------------------------------------------------------
                         slack                                  6.300    

Slack (MET) :             6.300ns  (required time - arrival time)
  Source:                 counter_reg[7]/C
                            (rising edge-triggered cell FDRE clocked by clk_100MHz  {rise@0.000ns fall@5.000ns period=10.000ns})
  Destination:            counter_reg[24]/R
                            (rising edge-triggered cell FDRE clocked by clk_100MHz  {rise@0.000ns fall@5.000ns period=10.000ns})
  Path Group:             clk_100MHz
  Path Type:              Setup (Max at Slow Process Corner)
  Requirement:            10.000ns  (clk_100MHz rise@10.000ns - clk_100MHz rise@0.000ns)
  Data Path Delay:        3.283ns  (logic 0.589ns (17.942%)  route 2.694ns (82.058%))
  Logic Levels:           2  (LUT4=1 LUT6=1)
  Clock Path Skew:        -0.030ns (DCD - SCD + CPR)
    Destination Clock Delay (DCD):    4.595ns = ( 14.595 - 10.000 ) 
    Source Clock Delay      (SCD):    4.876ns
    Clock Pessimism Removal (CPR):    0.250ns
  Clock Uncertainty:      0.035ns  ((TSJ^2 + TIJ^2)^1/2 + DJ) / 2 + PE
    Total System Jitter     (TSJ):    0.071ns
    Total Input Jitter      (TIJ):    0.000ns
    Discrete Jitter          (DJ):    0.000ns
    Phase Error              (PE):    0.000ns

    Location             Delay type                Incr(ns)  Path(ns)    Netlist Resource(s)
  -------------------------------------------------------------------    -------------------
                         (clock clk_100MHz rise edge)
                                                      0.000     0.000 r  
    W19                                               0.000     0.000 r  clk (IN)
                         net (fo=0)                   0.000     0.000    clk
    W19                  IBUF (Prop_ibuf_I_O)         1.483     1.483 r  clk_IBUF_inst/O
                         net (fo=1, routed)           1.709     3.192    clk_IBUF
    BUFGCTRL_X0Y0        BUFG (Prop_bufg_I_O)         0.081     3.273 r  clk_IBUF_BUFG_inst/O
                         net (fo=27, routed)          1.603     4.876    clk_IBUF_BUFG
    SLICE_X1Y161         FDRE                                         r  counter_reg[7]/C
  -------------------------------------------------------------------    -------------------
    SLICE_X1Y161         FDRE (Prop_fdre_C_Q)         0.379     5.255 f  counter_reg[7]/Q
                         net (fo=2, routed)           0.699     5.954    counter_reg_n_0_[7]
    SLICE_X0Y161         LUT4 (Prop_lut4_I1_O)        0.105     6.059 f  counter[25]_i_6/O
                         net (fo=1, routed)           0.843     6.902    counter[25]_i_6_n_0
    SLICE_X0Y162         LUT6 (Prop_lut6_I2_O)        0.105     7.007 r  counter[25]_i_3/O
                         net (fo=26, routed)          1.152     8.159    counter[25]_i_1_n_0
    SLICE_X1Y165         FDRE                                         r  counter_reg[24]/R
  -------------------------------------------------------------------    -------------------

                         (clock clk_100MHz rise edge)
                                                     10.000    10.000 r  
    W19                                               0.000    10.000 r  clk (IN)
                         net (fo=0)                   0.000    10.000    clk
    W19                  IBUF (Prop_ibuf_I_O)         1.416    11.416 r  clk_IBUF_inst/O
                         net (fo=1, routed)           1.620    13.036    clk_IBUF
    BUFGCTRL_X0Y0        BUFG (Prop_bufg_I_O)         0.077    13.113 r  clk_IBUF_BUFG_inst/O
                         net (fo=27, routed)          1.482    14.595    clk_IBUF_BUFG
    SLICE_X1Y165         FDRE                                         r  counter_reg[24]/C
                         clock pessimism              0.250    14.846    
                         clock uncertainty           -0.035    14.810    
    SLICE_X1Y165         FDRE (Setup_fdre_C_R)       -0.352    14.458    counter_reg[24]
  -------------------------------------------------------------------
                         required time                         14.458    
                         arrival time                          -8.159    
  -------------------------------------------------------------------
                         slack                                  6.300    

Slack (MET) :             6.418ns  (required time - arrival time)
  Source:                 counter_reg[7]/C
                            (rising edge-triggered cell FDRE clocked by clk_100MHz  {rise@0.000ns fall@5.000ns period=10.000ns})
  Destination:            counter_reg[17]/R
                            (rising edge-triggered cell FDRE clocked by clk_100MHz  {rise@0.000ns fall@5.000ns period=10.000ns})
  Path Group:             clk_100MHz
  Path Type:              Setup (Max at Slow Process Corner)
  Requirement:            10.000ns  (clk_100MHz rise@10.000ns - clk_100MHz rise@0.000ns)
  Data Path Delay:        3.166ns  (logic 0.589ns (18.607%)  route 2.577ns (81.393%))
  Logic Levels:           2  (LUT4=1 LUT6=1)
  Clock Path Skew:        -0.029ns (DCD - SCD + CPR)
    Destination Clock Delay (DCD):    4.596ns = ( 14.596 - 10.000 ) 
    Source Clock Delay      (SCD):    4.876ns
    Clock Pessimism Removal (CPR):    0.250ns
  Clock Uncertainty:      0.035ns  ((TSJ^2 + TIJ^2)^1/2 + DJ) / 2 + PE
    Total System Jitter     (TSJ):    0.071ns
    Total Input Jitter      (TIJ):    0.000ns
    Discrete Jitter          (DJ):    0.000ns
    Phase Error              (PE):    0.000ns

    Location             Delay type                Incr(ns)  Path(ns)    Netlist Resource(s)
  -------------------------------------------------------------------    -------------------
                         (clock clk_100MHz rise edge)
                                                      0.000     0.000 r  
    W19                                               0.000     0.000 r  clk (IN)
                         net (fo=0)                   0.000     0.000    clk
    W19                  IBUF (Prop_ibuf_I_O)         1.483     1.483 r  clk_IBUF_inst/O
                         net (fo=1, routed)           1.709     3.192    clk_IBUF
    BUFGCTRL_X0Y0        BUFG (Prop_bufg_I_O)         0.081     3.273 r  clk_IBUF_BUFG_inst/O
                         net (fo=27, routed)          1.603     4.876    clk_IBUF_BUFG
    SLICE_X1Y161         FDRE                                         r  counter_reg[7]/C
  -------------------------------------------------------------------    -------------------
    SLICE_X1Y161         FDRE (Prop_fdre_C_Q)         0.379     5.255 f  counter_reg[7]/Q
                         net (fo=2, routed)           0.699     5.954    counter_reg_n_0_[7]
    SLICE_X0Y161         LUT4 (Prop_lut4_I1_O)        0.105     6.059 f  counter[25]_i_6/O
                         net (fo=1, routed)           0.843     6.902    counter[25]_i_6_n_0
    SLICE_X0Y162         LUT6 (Prop_lut6_I2_O)        0.105     7.007 r  counter[25]_i_3/O
                         net (fo=26, routed)          1.035     8.041    counter[25]_i_1_n_0
    SLICE_X1Y164         FDRE                                         r  counter_reg[17]/R
  -------------------------------------------------------------------    -------------------

                         (clock clk_100MHz rise edge)
                                                     10.000    10.000 r  
    W19                                               0.000    10.000 r  clk (IN)
                         net (fo=0)                   0.000    10.000    clk
    W19                  IBUF (Prop_ibuf_I_O)         1.416    11.416 r  clk_IBUF_inst/O
                         net (fo=1, routed)           1.620    13.036    clk_IBUF
    BUFGCTRL_X0Y0        BUFG (Prop_bufg_I_O)         0.077    13.113 r  clk_IBUF_BUFG_inst/O
                         net (fo=27, routed)          1.483    14.596    clk_IBUF_BUFG
    SLICE_X1Y164         FDRE                                         r  counter_reg[17]/C
                         clock pessimism              0.250    14.847    
                         clock uncertainty           -0.035    14.811    
    SLICE_X1Y164         FDRE (Setup_fdre_C_R)       -0.352    14.459    counter_reg[17]
  -------------------------------------------------------------------
                         required time                         14.459    
                         arrival time                          -8.041    
  -------------------------------------------------------------------
                         slack                                  6.418    

Slack (MET) :             6.418ns  (required time - arrival time)
  Source:                 counter_reg[7]/C
                            (rising edge-triggered cell FDRE clocked by clk_100MHz  {rise@0.000ns fall@5.000ns period=10.000ns})
  Destination:            counter_reg[18]/R
                            (rising edge-triggered cell FDRE clocked by clk_100MHz  {rise@0.000ns fall@5.000ns period=10.000ns})
  Path Group:             clk_100MHz
  Path Type:              Setup (Max at Slow Process Corner)
  Requirement:            10.000ns  (clk_100MHz rise@10.000ns - clk_100MHz rise@0.000ns)
  Data Path Delay:        3.166ns  (logic 0.589ns (18.607%)  route 2.577ns (81.393%))
  Logic Levels:           2  (LUT4=1 LUT6=1)
  Clock Path Skew:        -0.029ns (DCD - SCD + CPR)
    Destination Clock Delay (DCD):    4.596ns = ( 14.596 - 10.000 ) 
    Source Clock Delay      (SCD):    4.876ns
    Clock Pessimism Removal (CPR):    0.250ns
  Clock Uncertainty:      0.035ns  ((TSJ^2 + TIJ^2)^1/2 + DJ) / 2 + PE
    Total System Jitter     (TSJ):    0.071ns
    Total Input Jitter      (TIJ):    0.000ns
    Discrete Jitter          (DJ):    0.000ns
    Phase Error              (PE):    0.000ns

    Location             Delay type                Incr(ns)  Path(ns)    Netlist Resource(s)
  -------------------------------------------------------------------    -------------------
                         (clock clk_100MHz rise edge)
                                                      0.000     0.000 r  
    W19                                               0.000     0.000 r  clk (IN)
                         net (fo=0)                   0.000     0.000    clk
    W19                  IBUF (Prop_ibuf_I_O)         1.483     1.483 r  clk_IBUF_inst/O
                         net (fo=1, routed)           1.709     3.192    clk_IBUF
    BUFGCTRL_X0Y0        BUFG (Prop_bufg_I_O)         0.081     3.273 r  clk_IBUF_BUFG_inst/O
                         net (fo=27, routed)          1.603     4.876    clk_IBUF_BUFG
    SLICE_X1Y161         FDRE                                         r  counter_reg[7]/C
  -------------------------------------------------------------------    -------------------
    SLICE_X1Y161         FDRE (Prop_fdre_C_Q)         0.379     5.255 f  counter_reg[7]/Q
                         net (fo=2, routed)           0.699     5.954    counter_reg_n_0_[7]
    SLICE_X0Y161         LUT4 (Prop_lut4_I1_O)        0.105     6.059 f  counter[25]_i_6/O
                         net (fo=1, routed)           0.843     6.902    counter[25]_i_6_n_0
    SLICE_X0Y162         LUT6 (Prop_lut6_I2_O)        0.105     7.007 r  counter[25]_i_3/O
                         net (fo=26, routed)          1.035     8.041    counter[25]_i_1_n_0
    SLICE_X1Y164         FDRE                                         r  counter_reg[18]/R
  -------------------------------------------------------------------    -------------------

                         (clock clk_100MHz rise edge)
                                                     10.000    10.000 r  
    W19                                               0.000    10.000 r  clk (IN)
                         net (fo=0)                   0.000    10.000    clk
    W19                  IBUF (Prop_ibuf_I_O)         1.416    11.416 r  clk_IBUF_inst/O
                         net (fo=1, routed)           1.620    13.036    clk_IBUF
    BUFGCTRL_X0Y0        BUFG (Prop_bufg_I_O)         0.077    13.113 r  clk_IBUF_BUFG_inst/O
                         net (fo=27, routed)          1.483    14.596    clk_IBUF_BUFG
    SLICE_X1Y164         FDRE                                         r  counter_reg[18]/C
                         clock pessimism              0.250    14.847    
                         clock uncertainty           -0.035    14.811    
    SLICE_X1Y164         FDRE (Setup_fdre_C_R)       -0.352    14.459    counter_reg[18]
  -------------------------------------------------------------------
                         required time                         14.459    
                         arrival time                          -8.041    
  -------------------------------------------------------------------
                         slack                                  6.418    

Slack (MET) :             6.418ns  (required time - arrival time)
  Source:                 counter_reg[7]/C
                            (rising edge-triggered cell FDRE clocked by clk_100MHz  {rise@0.000ns fall@5.000ns period=10.000ns})
  Destination:            counter_reg[19]/R
                            (rising edge-triggered cell FDRE clocked by clk_100MHz  {rise@0.000ns fall@5.000ns period=10.000ns})
  Path Group:             clk_100MHz
  Path Type:              Setup (Max at Slow Process Corner)
  Requirement:            10.000ns  (clk_100MHz rise@10.000ns - clk_100MHz rise@0.000ns)
  Data Path Delay:        3.166ns  (logic 0.589ns (18.607%)  route 2.577ns (81.393%))
  Logic Levels:           2  (LUT4=1 LUT6=1)
  Clock Path Skew:        -0.029ns (DCD - SCD + CPR)
    Destination Clock Delay (DCD):    4.596ns = ( 14.596 - 10.000 ) 
    Source Clock Delay      (SCD):    4.876ns
    Clock Pessimism Removal (CPR):    0.250ns
  Clock Uncertainty:      0.035ns  ((TSJ^2 + TIJ^2)^1/2 + DJ) / 2 + PE
    Total System Jitter     (TSJ):    0.071ns
    Total Input Jitter      (TIJ):    0.000ns
    Discrete Jitter          (DJ):    0.000ns
    Phase Error              (PE):    0.000ns

    Location             Delay type                Incr(ns)  Path(ns)    Netlist Resource(s)
  -------------------------------------------------------------------    -------------------
                         (clock clk_100MHz rise edge)
                                                      0.000     0.000 r  
    W19                                               0.000     0.000 r  clk (IN)
                         net (fo=0)                   0.000     0.000    clk
    W19                  IBUF (Prop_ibuf_I_O)         1.483     1.483 r  clk_IBUF_inst/O
                         net (fo=1, routed)           1.709     3.192    clk_IBUF
    BUFGCTRL_X0Y0        BUFG (Prop_bufg_I_O)         0.081     3.273 r  clk_IBUF_BUFG_inst/O
                         net (fo=27, routed)          1.603     4.876    clk_IBUF_BUFG
    SLICE_X1Y161         FDRE                                         r  counter_reg[7]/C
  -------------------------------------------------------------------    -------------------
    SLICE_X1Y161         FDRE (Prop_fdre_C_Q)         0.379     5.255 f  counter_reg[7]/Q
                         net (fo=2, routed)           0.699     5.954    counter_reg_n_0_[7]
    SLICE_X0Y161         LUT4 (Prop_lut4_I1_O)        0.105     6.059 f  counter[25]_i_6/O
                         net (fo=1, routed)           0.843     6.902    counter[25]_i_6_n_0
    SLICE_X0Y162         LUT6 (Prop_lut6_I2_O)        0.105     7.007 r  counter[25]_i_3/O
                         net (fo=26, routed)          1.035     8.041    counter[25]_i_1_n_0
    SLICE_X1Y164         FDRE                                         r  counter_reg[19]/R
  -------------------------------------------------------------------    -------------------

                         (clock clk_100MHz rise edge)
                                                     10.000    10.000 r  
    W19                                               0.000    10.000 r  clk (IN)
                         net (fo=0)                   0.000    10.000    clk
    W19                  IBUF (Prop_ibuf_I_O)         1.416    11.416 r  clk_IBUF_inst/O
                         net (fo=1, routed)           1.620    13.036    clk_IBUF
    BUFGCTRL_X0Y0        BUFG (Prop_bufg_I_O)         0.077    13.113 r  clk_IBUF_BUFG_inst/O
                         net (fo=27, routed)          1.483    14.596    clk_IBUF_BUFG
    SLICE_X1Y164         FDRE                                         r  counter_reg[19]/C
                         clock pessimism              0.250    14.847    
                         clock uncertainty           -0.035    14.811    
    SLICE_X1Y164         FDRE (Setup_fdre_C_R)       -0.352    14.459    counter_reg[19]
  -------------------------------------------------------------------
                         required time                         14.459    
                         arrival time                          -8.041    
  -------------------------------------------------------------------
                         slack                                  6.418    

Slack (MET) :             6.418ns  (required time - arrival time)
  Source:                 counter_reg[7]/C
                            (rising edge-triggered cell FDRE clocked by clk_100MHz  {rise@0.000ns fall@5.000ns period=10.000ns})
  Destination:            counter_reg[20]/R
                            (rising edge-triggered cell FDRE clocked by clk_100MHz  {rise@0.000ns fall@5.000ns period=10.000ns})
  Path Group:             clk_100MHz
  Path Type:              Setup (Max at Slow Process Corner)
  Requirement:            10.000ns  (clk_100MHz rise@10.000ns - clk_100MHz rise@0.000ns)
  Data Path Delay:        3.166ns  (logic 0.589ns (18.607%)  route 2.577ns (81.393%))
  Logic Levels:           2  (LUT4=1 LUT6=1)
  Clock Path Skew:        -0.029ns (DCD - SCD + CPR)
    Destination Clock Delay (DCD):    4.596ns = ( 14.596 - 10.000 ) 
    Source Clock Delay      (SCD):    4.876ns
    Clock Pessimism Removal (CPR):    0.250ns
  Clock Uncertainty:      0.035ns  ((TSJ^2 + TIJ^2)^1/2 + DJ) / 2 + PE
    Total System Jitter     (TSJ):    0.071ns
    Total Input Jitter      (TIJ):    0.000ns
    Discrete Jitter          (DJ):    0.000ns
    Phase Error              (PE):    0.000ns

    Location             Delay type                Incr(ns)  Path(ns)    Netlist Resource(s)
  -------------------------------------------------------------------    -------------------
                         (clock clk_100MHz rise edge)
                                                      0.000     0.000 r  
    W19                                               0.000     0.000 r  clk (IN)
                         net (fo=0)                   0.000     0.000    clk
    W19                  IBUF (Prop_ibuf_I_O)         1.483     1.483 r  clk_IBUF_inst/O
                         net (fo=1, routed)           1.709     3.192    clk_IBUF
    BUFGCTRL_X0Y0        BUFG (Prop_bufg_I_O)         0.081     3.273 r  clk_IBUF_BUFG_inst/O
                         net (fo=27, routed)          1.603     4.876    clk_IBUF_BUFG
    SLICE_X1Y161         FDRE                                         r  counter_reg[7]/C
  -------------------------------------------------------------------    -------------------
    SLICE_X1Y161         FDRE (Prop_fdre_C_Q)         0.379     5.255 f  counter_reg[7]/Q
                         net (fo=2, routed)           0.699     5.954    counter_reg_n_0_[7]
    SLICE_X0Y161         LUT4 (Prop_lut4_I1_O)        0.105     6.059 f  counter[25]_i_6/O
                         net (fo=1, routed)           0.843     6.902    counter[25]_i_6_n_0
    SLICE_X0Y162         LUT6 (Prop_lut6_I2_O)        0.105     7.007 r  counter[25]_i_3/O
                         net (fo=26, routed)          1.035     8.041    counter[25]_i_1_n_0
    SLICE_X1Y164         FDRE                                         r  counter_reg[20]/R
  -------------------------------------------------------------------    -------------------

                         (clock clk_100MHz rise edge)
                                                     10.000    10.000 r  
    W19                                               0.000    10.000 r  clk (IN)
                         net (fo=0)                   0.000    10.000    clk
    W19                  IBUF (Prop_ibuf_I_O)         1.416    11.416 r  clk_IBUF_inst/O
                         net (fo=1, routed)           1.620    13.036    clk_IBUF
    BUFGCTRL_X0Y0        BUFG (Prop_bufg_I_O)         0.077    13.113 r  clk_IBUF_BUFG_inst/O
                         net (fo=27, routed)          1.483    14.596    clk_IBUF_BUFG
    SLICE_X1Y164         FDRE                                         r  counter_reg[20]/C
                         clock pessimism              0.250    14.847    
                         clock uncertainty           -0.035    14.811    
    SLICE_X1Y164         FDRE (Setup_fdre_C_R)       -0.352    14.459    counter_reg[20]
  -------------------------------------------------------------------
                         required time                         14.459    
                         arrival time                          -8.041    
  -------------------------------------------------------------------
                         slack                                  6.418    

Slack (MET) :             6.536ns  (required time - arrival time)
  Source:                 counter_reg[7]/C
                            (rising edge-triggered cell FDRE clocked by clk_100MHz  {rise@0.000ns fall@5.000ns period=10.000ns})
  Destination:            counter_reg[13]/R
                            (rising edge-triggered cell FDRE clocked by clk_100MHz  {rise@0.000ns fall@5.000ns period=10.000ns})
  Path Group:             clk_100MHz
  Path Type:              Setup (Max at Slow Process Corner)
  Requirement:            10.000ns  (clk_100MHz rise@10.000ns - clk_100MHz rise@0.000ns)
  Data Path Delay:        3.048ns  (logic 0.589ns (19.322%)  route 2.459ns (80.678%))
  Logic Levels:           2  (LUT4=1 LUT6=1)
  Clock Path Skew:        -0.028ns (DCD - SCD + CPR)
    Destination Clock Delay (DCD):    4.597ns = ( 14.597 - 10.000 ) 
    Source Clock Delay      (SCD):    4.876ns
    Clock Pessimism Removal (CPR):    0.250ns
  Clock Uncertainty:      0.035ns  ((TSJ^2 + TIJ^2)^1/2 + DJ) / 2 + PE
    Total System Jitter     (TSJ):    0.071ns
    Total Input Jitter      (TIJ):    0.000ns
    Discrete Jitter          (DJ):    0.000ns
    Phase Error              (PE):    0.000ns

    Location             Delay type                Incr(ns)  Path(ns)    Netlist Resource(s)
  -------------------------------------------------------------------    -------------------
                         (clock clk_100MHz rise edge)
                                                      0.000     0.000 r  
    W19                                               0.000     0.000 r  clk (IN)
                         net (fo=0)                   0.000     0.000    clk
    W19                  IBUF (Prop_ibuf_I_O)         1.483     1.483 r  clk_IBUF_inst/O
                         net (fo=1, routed)           1.709     3.192    clk_IBUF
    BUFGCTRL_X0Y0        BUFG (Prop_bufg_I_O)         0.081     3.273 r  clk_IBUF_BUFG_inst/O
                         net (fo=27, routed)          1.603     4.876    clk_IBUF_BUFG
    SLICE_X1Y161         FDRE                                         r  counter_reg[7]/C
  -------------------------------------------------------------------    -------------------
    SLICE_X1Y161         FDRE (Prop_fdre_C_Q)         0.379     5.255 f  counter_reg[7]/Q
                         net (fo=2, routed)           0.699     5.954    counter_reg_n_0_[7]
    SLICE_X0Y161         LUT4 (Prop_lut4_I1_O)        0.105     6.059 f  counter[25]_i_6/O
                         net (fo=1, routed)           0.843     6.902    counter[25]_i_6_n_0
    SLICE_X0Y162         LUT6 (Prop_lut6_I2_O)        0.105     7.007 r  counter[25]_i_3/O
                         net (fo=26, routed)          0.917     7.924    counter[25]_i_1_n_0
    SLICE_X1Y163         FDRE                                         r  counter_reg[13]/R
  -------------------------------------------------------------------    -------------------

                         (clock clk_100MHz rise edge)
                                                     10.000    10.000 r  
    W19                                               0.000    10.000 r  clk (IN)
                         net (fo=0)                   0.000    10.000    clk
    W19                  IBUF (Prop_ibuf_I_O)         1.416    11.416 r  clk_IBUF_inst/O
                         net (fo=1, routed)           1.620    13.036    clk_IBUF
    BUFGCTRL_X0Y0        BUFG (Prop_bufg_I_O)         0.077    13.113 r  clk_IBUF_BUFG_inst/O
                         net (fo=27, routed)          1.484    14.597    clk_IBUF_BUFG
    SLICE_X1Y163         FDRE                                         r  counter_reg[13]/C
                         clock pessimism              0.250    14.848    
                         clock uncertainty           -0.035    14.812    
    SLICE_X1Y163         FDRE (Setup_fdre_C_R)       -0.352    14.460    counter_reg[13]
  -------------------------------------------------------------------
                         required time                         14.460    
                         arrival time                          -7.924    
  -------------------------------------------------------------------
                         slack                                  6.536    





Min Delay Paths
--------------------------------------------------------------------------------------
Slack (MET) :             0.259ns  (arrival time - required time)
  Source:                 counter_reg[4]/C
                            (rising edge-triggered cell FDRE clocked by clk_100MHz  {rise@0.000ns fall@5.000ns period=10.000ns})
  Destination:            counter_reg[4]/D
                            (rising edge-triggered cell FDRE clocked by clk_100MHz  {rise@0.000ns fall@5.000ns period=10.000ns})
  Path Group:             clk_100MHz
  Path Type:              Hold (Min at Fast Process Corner)
  Requirement:            0.000ns  (clk_100MHz rise@0.000ns - clk_100MHz rise@0.000ns)
  Data Path Delay:        0.364ns  (logic 0.249ns (68.491%)  route 0.115ns (31.509%))
  Logic Levels:           1  (CARRY4=1)
  Clock Path Skew:        0.000ns (DCD - SCD - CPR)
    Destination Clock Delay (DCD):    2.188ns
    Source Clock Delay      (SCD):    1.665ns
    Clock Pessimism Removal (CPR):    0.523ns

    Location             Delay type                Incr(ns)  Path(ns)    Netlist Resource(s)
  -------------------------------------------------------------------    -------------------
                         (clock clk_100MHz rise edge)
                                                      0.000     0.000 r  
    W19                                               0.000     0.000 r  clk (IN)
                         net (fo=0)                   0.000     0.000    clk
    W19                  IBUF (Prop_ibuf_I_O)         0.319     0.319 r  clk_IBUF_inst/O
                         net (fo=1, routed)           0.640     0.959    clk_IBUF
    BUFGCTRL_X0Y0        BUFG (Prop_bufg_I_O)         0.026     0.985 r  clk_IBUF_BUFG_inst/O
                         net (fo=27, routed)          0.680     1.665    clk_IBUF_BUFG
    SLICE_X1Y160         FDRE                                         r  counter_reg[4]/C
  -------------------------------------------------------------------    -------------------
    SLICE_X1Y160         FDRE (Prop_fdre_C_Q)         0.141     1.806 r  counter_reg[4]/Q
                         net (fo=2, routed)           0.115     1.921    counter_reg_n_0_[4]
    SLICE_X1Y160         CARRY4 (Prop_carry4_S[3]_O[3])
                                                      0.108     2.029 r  counter_reg[4]_i_1/O[3]
                         net (fo=1, routed)           0.000     2.029    data0[4]
    SLICE_X1Y160         FDRE                                         r  counter_reg[4]/D
  -------------------------------------------------------------------    -------------------

                         (clock clk_100MHz rise edge)
                                                      0.000     0.000 r  
    W19                                               0.000     0.000 r  clk (IN)
                         net (fo=0)                   0.000     0.000    clk
    W19                  IBUF (Prop_ibuf_I_O)         0.508     0.508 r  clk_IBUF_inst/O
                         net (fo=1, routed)           0.695     1.202    clk_IBUF
    BUFGCTRL_X0Y0        BUFG (Prop_bufg_I_O)         0.029     1.231 r  clk_IBUF_BUFG_inst/O
                         net (fo=27, routed)          0.957     2.188    clk_IBUF_BUFG
    SLICE_X1Y160         FDRE                                         r  counter_reg[4]/C
                         clock pessimism             -0.523     1.665    
    SLICE_X1Y160         FDRE (Hold_fdre_C_D)         0.105     1.770    counter_reg[4]
  -------------------------------------------------------------------
                         required time                         -1.770    
                         arrival time                           2.029    
  -------------------------------------------------------------------
                         slack                                  0.259    

Slack (MET) :             0.261ns  (arrival time - required time)
  Source:                 counter_reg[12]/C
                            (rising edge-triggered cell FDRE clocked by clk_100MHz  {rise@0.000ns fall@5.000ns period=10.000ns})
  Destination:            counter_reg[12]/D
                            (rising edge-triggered cell FDRE clocked by clk_100MHz  {rise@0.000ns fall@5.000ns period=10.000ns})
  Path Group:             clk_100MHz
  Path Type:              Hold (Min at Fast Process Corner)
  Requirement:            0.000ns  (clk_100MHz rise@0.000ns - clk_100MHz rise@0.000ns)
  Data Path Delay:        0.366ns  (logic 0.249ns (68.030%)  route 0.117ns (31.970%))
  Logic Levels:           1  (CARRY4=1)
  Clock Path Skew:        0.000ns (DCD - SCD - CPR)
    Destination Clock Delay (DCD):    2.186ns
    Source Clock Delay      (SCD):    1.664ns
    Clock Pessimism Removal (CPR):    0.522ns

    Location             Delay type                Incr(ns)  Path(ns)    Netlist Resource(s)
  -------------------------------------------------------------------    -------------------
                         (clock clk_100MHz rise edge)
                                                      0.000     0.000 r  
    W19                                               0.000     0.000 r  clk (IN)
                         net (fo=0)                   0.000     0.000    clk
    W19                  IBUF (Prop_ibuf_I_O)         0.319     0.319 r  clk_IBUF_inst/O
                         net (fo=1, routed)           0.640     0.959    clk_IBUF
    BUFGCTRL_X0Y0        BUFG (Prop_bufg_I_O)         0.026     0.985 r  clk_IBUF_BUFG_inst/O
                         net (fo=27, routed)          0.679     1.664    clk_IBUF_BUFG
    SLICE_X1Y162         FDRE                                         r  counter_reg[12]/C
  -------------------------------------------------------------------    -------------------
    SLICE_X1Y162         FDRE (Prop_fdre_C_Q)         0.141     1.805 r  counter_reg[12]/Q
                         net (fo=2, routed)           0.117     1.922    counter_reg_n_0_[12]
    SLICE_X1Y162         CARRY4 (Prop_carry4_S[3]_O[3])
                                                      0.108     2.030 r  counter_reg[12]_i_1/O[3]
                         net (fo=1, routed)           0.000     2.030    data0[12]
    SLICE_X1Y162         FDRE                                         r  counter_reg[12]/D
  -------------------------------------------------------------------    -------------------

                         (clock clk_100MHz rise edge)
                                                      0.000     0.000 r  
    W19                                               0.000     0.000 r  clk (IN)
                         net (fo=0)                   0.000     0.000    clk
    W19                  IBUF (Prop_ibuf_I_O)         0.508     0.508 r  clk_IBUF_inst/O
                         net (fo=1, routed)           0.695     1.202    clk_IBUF
    BUFGCTRL_X0Y0        BUFG (Prop_bufg_I_O)         0.029     1.231 r  clk_IBUF_BUFG_inst/O
                         net (fo=27, routed)          0.955     2.186    clk_IBUF_BUFG
    SLICE_X1Y162         FDRE                                         r  counter_reg[12]/C
                         clock pessimism             -0.522     1.664    
    SLICE_X1Y162         FDRE (Hold_fdre_C_D)         0.105     1.769    counter_reg[12]
  -------------------------------------------------------------------
                         required time                         -1.769    
                         arrival time                           2.030    
  -------------------------------------------------------------------
                         slack                                  0.261    

Slack (MET) :             0.261ns  (arrival time - required time)
  Source:                 counter_reg[16]/C
                            (rising edge-triggered cell FDRE clocked by clk_100MHz  {rise@0.000ns fall@5.000ns period=10.000ns})
  Destination:            counter_reg[16]/D
                            (rising edge-triggered cell FDRE clocked by clk_100MHz  {rise@0.000ns fall@5.000ns period=10.000ns})
  Path Group:             clk_100MHz
  Path Type:              Hold (Min at Fast Process Corner)
  Requirement:            0.000ns  (clk_100MHz rise@0.000ns - clk_100MHz rise@0.000ns)
  Data Path Delay:        0.366ns  (logic 0.249ns (68.030%)  route 0.117ns (31.970%))
  Logic Levels:           1  (CARRY4=1)
  Clock Path Skew:        0.000ns (DCD - SCD - CPR)
    Destination Clock Delay (DCD):    2.185ns
    Source Clock Delay      (SCD):    1.663ns
    Clock Pessimism Removal (CPR):    0.522ns

    Location             Delay type                Incr(ns)  Path(ns)    Netlist Resource(s)
  -------------------------------------------------------------------    -------------------
                         (clock clk_100MHz rise edge)
                                                      0.000     0.000 r  
    W19                                               0.000     0.000 r  clk (IN)
                         net (fo=0)                   0.000     0.000    clk
    W19                  IBUF (Prop_ibuf_I_O)         0.319     0.319 r  clk_IBUF_inst/O
                         net (fo=1, routed)           0.640     0.959    clk_IBUF
    BUFGCTRL_X0Y0        BUFG (Prop_bufg_I_O)         0.026     0.985 r  clk_IBUF_BUFG_inst/O
                         net (fo=27, routed)          0.678     1.663    clk_IBUF_BUFG
    SLICE_X1Y163         FDRE                                         r  counter_reg[16]/C
  -------------------------------------------------------------------    -------------------
    SLICE_X1Y163         FDRE (Prop_fdre_C_Q)         0.141     1.804 r  counter_reg[16]/Q
                         net (fo=2, routed)           0.117     1.921    counter_reg_n_0_[16]
    SLICE_X1Y163         CARRY4 (Prop_carry4_S[3]_O[3])
                                                      0.108     2.029 r  counter_reg[16]_i_1/O[3]
                         net (fo=1, routed)           0.000     2.029    data0[16]
    SLICE_X1Y163         FDRE                                         r  counter_reg[16]/D
  -------------------------------------------------------------------    -------------------

                         (clock clk_100MHz rise edge)
                                                      0.000     0.000 r  
    W19                                               0.000     0.000 r  clk (IN)
                         net (fo=0)                   0.000     0.000    clk
    W19                  IBUF (Prop_ibuf_I_O)         0.508     0.508 r  clk_IBUF_inst/O
                         net (fo=1, routed)           0.695     1.202    clk_IBUF
    BUFGCTRL_X0Y0        BUFG (Prop_bufg_I_O)         0.029     1.231 r  clk_IBUF_BUFG_inst/O
                         net (fo=27, routed)          0.954     2.185    clk_IBUF_BUFG
    SLICE_X1Y163         FDRE                                         r  counter_reg[16]/C
                         clock pessimism             -0.522     1.663    
    SLICE_X1Y163         FDRE (Hold_fdre_C_D)         0.105     1.768    counter_reg[16]
  -------------------------------------------------------------------
                         required time                         -1.768    
                         arrival time                           2.029    
  -------------------------------------------------------------------
                         slack                                  0.261    

Slack (MET) :             0.261ns  (arrival time - required time)
  Source:                 counter_reg[20]/C
                            (rising edge-triggered cell FDRE clocked by clk_100MHz  {rise@0.000ns fall@5.000ns period=10.000ns})
  Destination:            counter_reg[20]/D
                            (rising edge-triggered cell FDRE clocked by clk_100MHz  {rise@0.000ns fall@5.000ns period=10.000ns})
  Path Group:             clk_100MHz
  Path Type:              Hold (Min at Fast Process Corner)
  Requirement:            0.000ns  (clk_100MHz rise@0.000ns - clk_100MHz rise@0.000ns)
  Data Path Delay:        0.366ns  (logic 0.249ns (68.030%)  route 0.117ns (31.970%))
  Logic Levels:           1  (CARRY4=1)
  Clock Path Skew:        0.000ns (DCD - SCD - CPR)
    Destination Clock Delay (DCD):    2.185ns
    Source Clock Delay      (SCD):    1.663ns
    Clock Pessimism Removal (CPR):    0.522ns

    Location             Delay type                Incr(ns)  Path(ns)    Netlist Resource(s)
  -------------------------------------------------------------------    -------------------
                         (clock clk_100MHz rise edge)
                                                      0.000     0.000 r  
    W19                                               0.000     0.000 r  clk (IN)
                         net (fo=0)                   0.000     0.000    clk
    W19                  IBUF (Prop_ibuf_I_O)         0.319     0.319 r  clk_IBUF_inst/O
                         net (fo=1, routed)           0.640     0.959    clk_IBUF
    BUFGCTRL_X0Y0        BUFG (Prop_bufg_I_O)         0.026     0.985 r  clk_IBUF_BUFG_inst/O
                         net (fo=27, routed)          0.678     1.663    clk_IBUF_BUFG
    SLICE_X1Y164         FDRE                                         r  counter_reg[20]/C
  -------------------------------------------------------------------    -------------------
    SLICE_X1Y164         FDRE (Prop_fdre_C_Q)         0.141     1.804 r  counter_reg[20]/Q
                         net (fo=2, routed)           0.117     1.921    counter_reg_n_0_[20]
    SLICE_X1Y164         CARRY4 (Prop_carry4_S[3]_O[3])
                                                      0.108     2.029 r  counter_reg[20]_i_1/O[3]
                         net (fo=1, routed)           0.000     2.029    data0[20]
    SLICE_X1Y164         FDRE                                         r  counter_reg[20]/D
  -------------------------------------------------------------------    -------------------

                         (clock clk_100MHz rise edge)
                                                      0.000     0.000 r  
    W19                                               0.000     0.000 r  clk (IN)
                         net (fo=0)                   0.000     0.000    clk
    W19                  IBUF (Prop_ibuf_I_O)         0.508     0.508 r  clk_IBUF_inst/O
                         net (fo=1, routed)           0.695     1.202    clk_IBUF
    BUFGCTRL_X0Y0        BUFG (Prop_bufg_I_O)         0.029     1.231 r  clk_IBUF_BUFG_inst/O
                         net (fo=27, routed)          0.954     2.185    clk_IBUF_BUFG
    SLICE_X1Y164         FDRE                                         r  counter_reg[20]/C
                         clock pessimism             -0.522     1.663    
    SLICE_X1Y164         FDRE (Hold_fdre_C_D)         0.105     1.768    counter_reg[20]
  -------------------------------------------------------------------
                         required time                         -1.768    
                         arrival time                           2.029    
  -------------------------------------------------------------------
                         slack                                  0.261    

Slack (MET) :             0.261ns  (arrival time - required time)
  Source:                 counter_reg[24]/C
                            (rising edge-triggered cell FDRE clocked by clk_100MHz  {rise@0.000ns fall@5.000ns period=10.000ns})
  Destination:            counter_reg[24]/D
                            (rising edge-triggered cell FDRE clocked by clk_100MHz  {rise@0.000ns fall@5.000ns period=10.000ns})
  Path Group:             clk_100MHz
  Path Type:              Hold (Min at Fast Process Corner)
  Requirement:            0.000ns  (clk_100MHz rise@0.000ns - clk_100MHz rise@0.000ns)
  Data Path Delay:        0.366ns  (logic 0.249ns (68.030%)  route 0.117ns (31.970%))
  Logic Levels:           1  (CARRY4=1)
  Clock Path Skew:        0.000ns (DCD - SCD - CPR)
    Destination Clock Delay (DCD):    2.184ns
    Source Clock Delay      (SCD):    1.663ns
    Clock Pessimism Removal (CPR):    0.521ns

    Location             Delay type                Incr(ns)  Path(ns)    Netlist Resource(s)
  -------------------------------------------------------------------    -------------------
                         (clock clk_100MHz rise edge)
                                                      0.000     0.000 r  
    W19                                               0.000     0.000 r  clk (IN)
                         net (fo=0)                   0.000     0.000    clk
    W19                  IBUF (Prop_ibuf_I_O)         0.319     0.319 r  clk_IBUF_inst/O
                         net (fo=1, routed)           0.640     0.959    clk_IBUF
    BUFGCTRL_X0Y0        BUFG (Prop_bufg_I_O)         0.026     0.985 r  clk_IBUF_BUFG_inst/O
                         net (fo=27, routed)          0.678     1.663    clk_IBUF_BUFG
    SLICE_X1Y165         FDRE                                         r  counter_reg[24]/C
  -------------------------------------------------------------------    -------------------
    SLICE_X1Y165         FDRE (Prop_fdre_C_Q)         0.141     1.804 r  counter_reg[24]/Q
                         net (fo=2, routed)           0.117     1.921    counter_reg_n_0_[24]
    SLICE_X1Y165         CARRY4 (Prop_carry4_S[3]_O[3])
                                                      0.108     2.029 r  counter_reg[24]_i_1/O[3]
                         net (fo=1, routed)           0.000     2.029    data0[24]
    SLICE_X1Y165         FDRE                                         r  counter_reg[24]/D
  -------------------------------------------------------------------    -------------------

                         (clock clk_100MHz rise edge)
                                                      0.000     0.000 r  
    W19                                               0.000     0.000 r  clk (IN)
                         net (fo=0)                   0.000     0.000    clk
    W19                  IBUF (Prop_ibuf_I_O)         0.508     0.508 r  clk_IBUF_inst/O
                         net (fo=1, routed)           0.695     1.202    clk_IBUF
    BUFGCTRL_X0Y0        BUFG (Prop_bufg_I_O)         0.029     1.231 r  clk_IBUF_BUFG_inst/O
                         net (fo=27, routed)          0.953     2.184    clk_IBUF_BUFG
    SLICE_X1Y165         FDRE                                         r  counter_reg[24]/C
                         clock pessimism             -0.521     1.663    
    SLICE_X1Y165         FDRE (Hold_fdre_C_D)         0.105     1.768    counter_reg[24]
  -------------------------------------------------------------------
                         required time                         -1.768    
                         arrival time                           2.029    
  -------------------------------------------------------------------
                         slack                                  0.261    

Slack (MET) :             0.261ns  (arrival time - required time)
  Source:                 counter_reg[8]/C
                            (rising edge-triggered cell FDRE clocked by clk_100MHz  {rise@0.000ns fall@5.000ns period=10.000ns})
  Destination:            counter_reg[8]/D
                            (rising edge-triggered cell FDRE clocked by clk_100MHz  {rise@0.000ns fall@5.000ns period=10.000ns})
  Path Group:             clk_100MHz
  Path Type:              Hold (Min at Fast Process Corner)
  Requirement:            0.000ns  (clk_100MHz rise@0.000ns - clk_100MHz rise@0.000ns)
  Data Path Delay:        0.366ns  (logic 0.249ns (68.030%)  route 0.117ns (31.970%))
  Logic Levels:           1  (CARRY4=1)
  Clock Path Skew:        0.000ns (DCD - SCD - CPR)
    Destination Clock Delay (DCD):    2.188ns
    Source Clock Delay      (SCD):    1.665ns
    Clock Pessimism Removal (CPR):    0.523ns

    Location             Delay type                Incr(ns)  Path(ns)    Netlist Resource(s)
  -------------------------------------------------------------------    -------------------
                         (clock clk_100MHz rise edge)
                                                      0.000     0.000 r  
    W19                                               0.000     0.000 r  clk (IN)
                         net (fo=0)                   0.000     0.000    clk
    W19                  IBUF (Prop_ibuf_I_O)         0.319     0.319 r  clk_IBUF_inst/O
                         net (fo=1, routed)           0.640     0.959    clk_IBUF
    BUFGCTRL_X0Y0        BUFG (Prop_bufg_I_O)         0.026     0.985 r  clk_IBUF_BUFG_inst/O
                         net (fo=27, routed)          0.680     1.665    clk_IBUF_BUFG
    SLICE_X1Y161         FDRE                                         r  counter_reg[8]/C
  -------------------------------------------------------------------    -------------------
    SLICE_X1Y161         FDRE (Prop_fdre_C_Q)         0.141     1.806 r  counter_reg[8]/Q
                         net (fo=2, routed)           0.117     1.923    counter_reg_n_0_[8]
    SLICE_X1Y161         CARRY4 (Prop_carry4_S[3]_O[3])
                                                      0.108     2.031 r  counter_reg[8]_i_1/O[3]
                         net (fo=1, routed)           0.000     2.031    data0[8]
    SLICE_X1Y161         FDRE                                         r  counter_reg[8]/D
  -------------------------------------------------------------------    -------------------

                         (clock clk_100MHz rise edge)
                                                      0.000     0.000 r  
    W19                                               0.000     0.000 r  clk (IN)
                         net (fo=0)                   0.000     0.000    clk
    W19                  IBUF (Prop_ibuf_I_O)         0.508     0.508 r  clk_IBUF_inst/O
                         net (fo=1, routed)           0.695     1.202    clk_IBUF
    BUFGCTRL_X0Y0        BUFG (Prop_bufg_I_O)         0.029     1.231 r  clk_IBUF_BUFG_inst/O
                         net (fo=27, routed)          0.957     2.188    clk_IBUF_BUFG
    SLICE_X1Y161         FDRE                                         r  counter_reg[8]/C
                         clock pessimism             -0.523     1.665    
    SLICE_X1Y161         FDRE (Hold_fdre_C_D)         0.105     1.770    counter_reg[8]
  -------------------------------------------------------------------
                         required time                         -1.770    
                         arrival time                           2.031    
  -------------------------------------------------------------------
                         slack                                  0.261    

Slack (MET) :             0.264ns  (arrival time - required time)
  Source:                 counter_reg[7]/C
                            (rising edge-triggered cell FDRE clocked by clk_100MHz  {rise@0.000ns fall@5.000ns period=10.000ns})
  Destination:            counter_reg[7]/D
                            (rising edge-triggered cell FDRE clocked by clk_100MHz  {rise@0.000ns fall@5.000ns period=10.000ns})
  Path Group:             clk_100MHz
  Path Type:              Hold (Min at Fast Process Corner)
  Requirement:            0.000ns  (clk_100MHz rise@0.000ns - clk_100MHz rise@0.000ns)
  Data Path Delay:        0.369ns  (logic 0.252ns (68.309%)  route 0.117ns (31.691%))
  Logic Levels:           1  (CARRY4=1)
  Clock Path Skew:        0.000ns (DCD - SCD - CPR)
    Destination Clock Delay (DCD):    2.188ns
    Source Clock Delay      (SCD):    1.665ns
    Clock Pessimism Removal (CPR):    0.523ns

    Location             Delay type                Incr(ns)  Path(ns)    Netlist Resource(s)
  -------------------------------------------------------------------    -------------------
                         (clock clk_100MHz rise edge)
                                                      0.000     0.000 r  
    W19                                               0.000     0.000 r  clk (IN)
                         net (fo=0)                   0.000     0.000    clk
    W19                  IBUF (Prop_ibuf_I_O)         0.319     0.319 r  clk_IBUF_inst/O
                         net (fo=1, routed)           0.640     0.959    clk_IBUF
    BUFGCTRL_X0Y0        BUFG (Prop_bufg_I_O)         0.026     0.985 r  clk_IBUF_BUFG_inst/O
                         net (fo=27, routed)          0.680     1.665    clk_IBUF_BUFG
    SLICE_X1Y161         FDRE                                         r  counter_reg[7]/C
  -------------------------------------------------------------------    -------------------
    SLICE_X1Y161         FDRE (Prop_fdre_C_Q)         0.141     1.806 r  counter_reg[7]/Q
                         net (fo=2, routed)           0.117     1.923    counter_reg_n_0_[7]
    SLICE_X1Y161         CARRY4 (Prop_carry4_S[2]_O[2])
                                                      0.111     2.034 r  counter_reg[8]_i_1/O[2]
                         net (fo=1, routed)           0.000     2.034    data0[7]
    SLICE_X1Y161         FDRE                                         r  counter_reg[7]/D
  -------------------------------------------------------------------    -------------------

                         (clock clk_100MHz rise edge)
                                                      0.000     0.000 r  
    W19                                               0.000     0.000 r  clk (IN)
                         net (fo=0)                   0.000     0.000    clk
    W19                  IBUF (Prop_ibuf_I_O)         0.508     0.508 r  clk_IBUF_inst/O
                         net (fo=1, routed)           0.695     1.202    clk_IBUF
    BUFGCTRL_X0Y0        BUFG (Prop_bufg_I_O)         0.029     1.231 r  clk_IBUF_BUFG_inst/O
                         net (fo=27, routed)          0.957     2.188    clk_IBUF_BUFG
    SLICE_X1Y161         FDRE                                         r  counter_reg[7]/C
                         clock pessimism             -0.523     1.665    
    SLICE_X1Y161         FDRE (Hold_fdre_C_D)         0.105     1.770    counter_reg[7]
  -------------------------------------------------------------------
                         required time                         -1.770    
                         arrival time                           2.034    
  -------------------------------------------------------------------
                         slack                                  0.264    

Slack (MET) :             0.265ns  (arrival time - required time)
  Source:                 counter_reg[11]/C
                            (rising edge-triggered cell FDRE clocked by clk_100MHz  {rise@0.000ns fall@5.000ns period=10.000ns})
  Destination:            counter_reg[11]/D
                            (rising edge-triggered cell FDRE clocked by clk_100MHz  {rise@0.000ns fall@5.000ns period=10.000ns})
  Path Group:             clk_100MHz
  Path Type:              Hold (Min at Fast Process Corner)
  Requirement:            0.000ns  (clk_100MHz rise@0.000ns - clk_100MHz rise@0.000ns)
  Data Path Delay:        0.370ns  (logic 0.252ns (68.193%)  route 0.118ns (31.807%))
  Logic Levels:           1  (CARRY4=1)
  Clock Path Skew:        0.000ns (DCD - SCD - CPR)
    Destination Clock Delay (DCD):    2.186ns
    Source Clock Delay      (SCD):    1.664ns
    Clock Pessimism Removal (CPR):    0.522ns

    Location             Delay type                Incr(ns)  Path(ns)    Netlist Resource(s)
  -------------------------------------------------------------------    -------------------
                         (clock clk_100MHz rise edge)
                                                      0.000     0.000 r  
    W19                                               0.000     0.000 r  clk (IN)
                         net (fo=0)                   0.000     0.000    clk
    W19                  IBUF (Prop_ibuf_I_O)         0.319     0.319 r  clk_IBUF_inst/O
                         net (fo=1, routed)           0.640     0.959    clk_IBUF
    BUFGCTRL_X0Y0        BUFG (Prop_bufg_I_O)         0.026     0.985 r  clk_IBUF_BUFG_inst/O
                         net (fo=27, routed)          0.679     1.664    clk_IBUF_BUFG
    SLICE_X1Y162         FDRE                                         r  counter_reg[11]/C
  -------------------------------------------------------------------    -------------------
    SLICE_X1Y162         FDRE (Prop_fdre_C_Q)         0.141     1.805 r  counter_reg[11]/Q
                         net (fo=2, routed)           0.118     1.923    counter_reg_n_0_[11]
    SLICE_X1Y162         CARRY4 (Prop_carry4_S[2]_O[2])
                                                      0.111     2.034 r  counter_reg[12]_i_1/O[2]
                         net (fo=1, routed)           0.000     2.034    data0[11]
    SLICE_X1Y162         FDRE                                         r  counter_reg[11]/D
  -------------------------------------------------------------------    -------------------

                         (clock clk_100MHz rise edge)
                                                      0.000     0.000 r  
    W19                                               0.000     0.000 r  clk (IN)
                         net (fo=0)                   0.000     0.000    clk
    W19                  IBUF (Prop_ibuf_I_O)         0.508     0.508 r  clk_IBUF_inst/O
                         net (fo=1, routed)           0.695     1.202    clk_IBUF
    BUFGCTRL_X0Y0        BUFG (Prop_bufg_I_O)         0.029     1.231 r  clk_IBUF_BUFG_inst/O
                         net (fo=27, routed)          0.955     2.186    clk_IBUF_BUFG
    SLICE_X1Y162         FDRE                                         r  counter_reg[11]/C
                         clock pessimism             -0.522     1.664    
    SLICE_X1Y162         FDRE (Hold_fdre_C_D)         0.105     1.769    counter_reg[11]
  -------------------------------------------------------------------
                         required time                         -1.769    
                         arrival time                           2.034    
  -------------------------------------------------------------------
                         slack                                  0.265    

Slack (MET) :             0.265ns  (arrival time - required time)
  Source:                 counter_reg[15]/C
                            (rising edge-triggered cell FDRE clocked by clk_100MHz  {rise@0.000ns fall@5.000ns period=10.000ns})
  Destination:            counter_reg[15]/D
                            (rising edge-triggered cell FDRE clocked by clk_100MHz  {rise@0.000ns fall@5.000ns period=10.000ns})
  Path Group:             clk_100MHz
  Path Type:              Hold (Min at Fast Process Corner)
  Requirement:            0.000ns  (clk_100MHz rise@0.000ns - clk_100MHz rise@0.000ns)
  Data Path Delay:        0.370ns  (logic 0.252ns (68.193%)  route 0.118ns (31.807%))
  Logic Levels:           1  (CARRY4=1)
  Clock Path Skew:        0.000ns (DCD - SCD - CPR)
    Destination Clock Delay (DCD):    2.185ns
    Source Clock Delay      (SCD):    1.663ns
    Clock Pessimism Removal (CPR):    0.522ns

    Location             Delay type                Incr(ns)  Path(ns)    Netlist Resource(s)
  -------------------------------------------------------------------    -------------------
                         (clock clk_100MHz rise edge)
                                                      0.000     0.000 r  
    W19                                               0.000     0.000 r  clk (IN)
                         net (fo=0)                   0.000     0.000    clk
    W19                  IBUF (Prop_ibuf_I_O)         0.319     0.319 r  clk_IBUF_inst/O
                         net (fo=1, routed)           0.640     0.959    clk_IBUF
    BUFGCTRL_X0Y0        BUFG (Prop_bufg_I_O)         0.026     0.985 r  clk_IBUF_BUFG_inst/O
                         net (fo=27, routed)          0.678     1.663    clk_IBUF_BUFG
    SLICE_X1Y163         FDRE                                         r  counter_reg[15]/C
  -------------------------------------------------------------------    -------------------
    SLICE_X1Y163         FDRE (Prop_fdre_C_Q)         0.141     1.804 r  counter_reg[15]/Q
                         net (fo=2, routed)           0.118     1.922    counter_reg_n_0_[15]
    SLICE_X1Y163         CARRY4 (Prop_carry4_S[2]_O[2])
                                                      0.111     2.033 r  counter_reg[16]_i_1/O[2]
                         net (fo=1, routed)           0.000     2.033    data0[15]
    SLICE_X1Y163         FDRE                                         r  counter_reg[15]/D
  -------------------------------------------------------------------    -------------------

                         (clock clk_100MHz rise edge)
                                                      0.000     0.000 r  
    W19                                               0.000     0.000 r  clk (IN)
                         net (fo=0)                   0.000     0.000    clk
    W19                  IBUF (Prop_ibuf_I_O)         0.508     0.508 r  clk_IBUF_inst/O
                         net (fo=1, routed)           0.695     1.202    clk_IBUF
    BUFGCTRL_X0Y0        BUFG (Prop_bufg_I_O)         0.029     1.231 r  clk_IBUF_BUFG_inst/O
                         net (fo=27, routed)          0.954     2.185    clk_IBUF_BUFG
    SLICE_X1Y163         FDRE                                         r  counter_reg[15]/C
                         clock pessimism             -0.522     1.663    
    SLICE_X1Y163         FDRE (Hold_fdre_C_D)         0.105     1.768    counter_reg[15]
  -------------------------------------------------------------------
                         required time                         -1.768    
                         arrival time                           2.033    
  -------------------------------------------------------------------
                         slack                                  0.265    

Slack (MET) :             0.265ns  (arrival time - required time)
  Source:                 counter_reg[19]/C
                            (rising edge-triggered cell FDRE clocked by clk_100MHz  {rise@0.000ns fall@5.000ns period=10.000ns})
  Destination:            counter_reg[19]/D
                            (rising edge-triggered cell FDRE clocked by clk_100MHz  {rise@0.000ns fall@5.000ns period=10.000ns})
  Path Group:             clk_100MHz
  Path Type:              Hold (Min at Fast Process Corner)
  Requirement:            0.000ns  (clk_100MHz rise@0.000ns - clk_100MHz rise@0.000ns)
  Data Path Delay:        0.370ns  (logic 0.252ns (68.193%)  route 0.118ns (31.807%))
  Logic Levels:           1  (CARRY4=1)
  Clock Path Skew:        0.000ns (DCD - SCD - CPR)
    Destination Clock Delay (DCD):    2.185ns
    Source Clock Delay      (SCD):    1.663ns
    Clock Pessimism Removal (CPR):    0.522ns

    Location             Delay type                Incr(ns)  Path(ns)    Netlist Resource(s)
  -------------------------------------------------------------------    -------------------
                         (clock clk_100MHz rise edge)
                                                      0.000     0.000 r  
    W19                                               0.000     0.000 r  clk (IN)
                         net (fo=0)                   0.000     0.000    clk
    W19                  IBUF (Prop_ibuf_I_O)         0.319     0.319 r  clk_IBUF_inst/O
                         net (fo=1, routed)           0.640     0.959    clk_IBUF
    BUFGCTRL_X0Y0        BUFG (Prop_bufg_I_O)         0.026     0.985 r  clk_IBUF_BUFG_inst/O
                         net (fo=27, routed)          0.678     1.663    clk_IBUF_BUFG
    SLICE_X1Y164         FDRE                                         r  counter_reg[19]/C
  -------------------------------------------------------------------    -------------------
    SLICE_X1Y164         FDRE (Prop_fdre_C_Q)         0.141     1.804 r  counter_reg[19]/Q
                         net (fo=2, routed)           0.118     1.922    counter_reg_n_0_[19]
    SLICE_X1Y164         CARRY4 (Prop_carry4_S[2]_O[2])
                                                      0.111     2.033 r  counter_reg[20]_i_1/O[2]
                         net (fo=1, routed)           0.000     2.033    data0[19]
    SLICE_X1Y164         FDRE                                         r  counter_reg[19]/D
  -------------------------------------------------------------------    -------------------

                         (clock clk_100MHz rise edge)
                                                      0.000     0.000 r  
    W19                                               0.000     0.000 r  clk (IN)
                         net (fo=0)                   0.000     0.000    clk
    W19                  IBUF (Prop_ibuf_I_O)         0.508     0.508 r  clk_IBUF_inst/O
                         net (fo=1, routed)           0.695     1.202    clk_IBUF
    BUFGCTRL_X0Y0        BUFG (Prop_bufg_I_O)         0.029     1.231 r  clk_IBUF_BUFG_inst/O
                         net (fo=27, routed)          0.954     2.185    clk_IBUF_BUFG
    SLICE_X1Y164         FDRE                                         r  counter_reg[19]/C
                         clock pessimism             -0.522     1.663    
    SLICE_X1Y164         FDRE (Hold_fdre_C_D)         0.105     1.768    counter_reg[19]
  -------------------------------------------------------------------
                         required time                         -1.768    
                         arrival time                           2.033    
  -------------------------------------------------------------------
                         slack                                  0.265    





Pulse Width Checks
--------------------------------------------------------------------------------------
Clock Name:         clk_100MHz
Waveform(ns):       { 0.000 5.000 }
Period(ns):         10.000
Sources:            { clk }

Check Type        Corner  Lib Pin  Reference Pin  Required(ns)  Actual(ns)  Slack(ns)  Location       Pin
Min Period        n/a     BUFG/I   n/a            1.592         10.000      8.408      BUFGCTRL_X0Y0  clk_IBUF_BUFG_inst/I
Min Period        n/a     FDRE/C   n/a            1.000         10.000      9.000      SLICE_X0Y161   counter_reg[0]/C
Min Period        n/a     FDRE/C   n/a            1.000         10.000      9.000      SLICE_X1Y162   counter_reg[10]/C
Min Period        n/a     FDRE/C   n/a            1.000         10.000      9.000      SLICE_X1Y162   counter_reg[11]/C
Min Period        n/a     FDRE/C   n/a            1.000         10.000      9.000      SLICE_X1Y162   counter_reg[12]/C
Min Period        n/a     FDRE/C   n/a            1.000         10.000      9.000      SLICE_X1Y163   counter_reg[13]/C
Min Period        n/a     FDRE/C   n/a            1.000         10.000      9.000      SLICE_X1Y163   counter_reg[14]/C
Min Period        n/a     FDRE/C   n/a            1.000         10.000      9.000      SLICE_X1Y163   counter_reg[15]/C
Min Period        n/a     FDRE/C   n/a            1.000         10.000      9.000      SLICE_X1Y163   counter_reg[16]/C
Min Period        n/a     FDRE/C   n/a            1.000         10.000      9.000      SLICE_X1Y164   counter_reg[17]/C
Low Pulse Width   Slow    FDRE/C   n/a            0.500         5.000       4.500      SLICE_X0Y161   counter_reg[0]/C
Low Pulse Width   Fast    FDRE/C   n/a            0.500         5.000       4.500      SLICE_X0Y161   counter_reg[0]/C
Low Pulse Width   Slow    FDRE/C   n/a            0.500         5.000       4.500      SLICE_X1Y162   counter_reg[10]/C
Low Pulse Width   Slow    FDRE/C   n/a            0.500         5.000       4.500      SLICE_X1Y162   counter_reg[11]/C
Low Pulse Width   Slow    FDRE/C   n/a            0.500         5.000       4.500      SLICE_X1Y162   counter_reg[12]/C
Low Pulse Width   Slow    FDRE/C   n/a            0.500         5.000       4.500      SLICE_X1Y163   counter_reg[13]/C
Low Pulse Width   Slow    FDRE/C   n/a            0.500         5.000       4.500      SLICE_X1Y163   counter_reg[14]/C
Low Pulse Width   Slow    FDRE/C   n/a            0.500         5.000       4.500      SLICE_X1Y163   counter_reg[15]/C
Low Pulse Width   Slow    FDRE/C   n/a            0.500         5.000       4.500      SLICE_X1Y163   counter_reg[16]/C
Low Pulse Width   Slow    FDRE/C   n/a            0.500         5.000       4.500      SLICE_X1Y160   counter_reg[1]/C
High Pulse Width  Fast    FDRE/C   n/a            0.500         5.000       4.500      SLICE_X1Y162   counter_reg[10]/C
High Pulse Width  Fast    FDRE/C   n/a            0.500         5.000       4.500      SLICE_X1Y162   counter_reg[11]/C
High Pulse Width  Fast    FDRE/C   n/a            0.500         5.000       4.500      SLICE_X1Y162   counter_reg[12]/C
High Pulse Width  Fast    FDRE/C   n/a            0.500         5.000       4.500      SLICE_X1Y163   counter_reg[13]/C
High Pulse Width  Fast    FDRE/C   n/a            0.500         5.000       4.500      SLICE_X1Y163   counter_reg[14]/C
High Pulse Width  Fast    FDRE/C   n/a            0.500         5.000       4.500      SLICE_X1Y163   counter_reg[15]/C
High Pulse Width  Fast    FDRE/C   n/a            0.500         5.000       4.500      SLICE_X1Y163   counter_reg[16]/C
High Pulse Width  Fast    FDRE/C   n/a            0.500         5.000       4.500      SLICE_X1Y164   counter_reg[17]/C
High Pulse Width  Fast    FDRE/C   n/a            0.500         5.000       4.500      SLICE_X1Y164   counter_reg[18]/C
High Pulse Width  Fast    FDRE/C   n/a            0.500         5.000       4.500      SLICE_X1Y164   counter_reg[19]/C



