Component: Arm Compiler for Embedded 6.19 Tool: armlink [5e73cb00]

==============================================================================

Section Cross References

    system_stm32h7xx.o(.ARM.exidx.text.SystemInit) refers to system_stm32h7xx.o(.text.SystemInit) for [Anonymous Symbol]
    system_stm32h7xx.o(.text.SystemCoreClockUpdate) refers to system_stm32h7xx.o(.rodata.D1CorePrescTable) for D1CorePrescTable
    system_stm32h7xx.o(.text.SystemCoreClockUpdate) refers to system_stm32h7xx.o(.data..L_MergedGlobals) for [Anonymous Symbol]
    system_stm32h7xx.o(.ARM.exidx.text.SystemCoreClockUpdate) refers to system_stm32h7xx.o(.text.SystemCoreClockUpdate) for [Anonymous Symbol]
    system_stm32h7xx.o(.ARM.exidx.text.ExitRun0Mode) refers to system_stm32h7xx.o(.text.ExitRun0Mode) for [Anonymous Symbol]
    stm32h7xx_hal.o(.text.HAL_Init) refers to stm32h7xx_hal_cortex.o(.text.HAL_NVIC_SetPriorityGrouping) for HAL_NVIC_SetPriorityGrouping
    stm32h7xx_hal.o(.text.HAL_Init) refers to stm32h7xx_hal_rcc.o(.text.HAL_RCC_GetSysClockFreq) for HAL_RCC_GetSysClockFreq
    stm32h7xx_hal.o(.text.HAL_Init) refers to stm32h7xx_hal.o(.text.HAL_InitTick) for HAL_InitTick
    stm32h7xx_hal.o(.text.HAL_Init) refers to stm32h7xx_hal.o(.text.HAL_MspInit) for HAL_MspInit
    stm32h7xx_hal.o(.text.HAL_Init) refers to system_stm32h7xx.o(.rodata.D1CorePrescTable) for D1CorePrescTable
    stm32h7xx_hal.o(.text.HAL_Init) refers to system_stm32h7xx.o(.data..L_MergedGlobals) for SystemCoreClock
    stm32h7xx_hal.o(.ARM.exidx.text.HAL_Init) refers to stm32h7xx_hal.o(.text.HAL_Init) for [Anonymous Symbol]
    stm32h7xx_hal.o(.text.HAL_InitTick) refers to stm32h7xx_hal_cortex.o(.text.HAL_SYSTICK_Config) for HAL_SYSTICK_Config
    stm32h7xx_hal.o(.text.HAL_InitTick) refers to stm32h7xx_hal_cortex.o(.text.HAL_NVIC_SetPriority) for HAL_NVIC_SetPriority
    stm32h7xx_hal.o(.text.HAL_InitTick) refers to stm32h7xx_hal.o(.data..L_MergedGlobals) for [Anonymous Symbol]
    stm32h7xx_hal.o(.text.HAL_InitTick) refers to system_stm32h7xx.o(.data..L_MergedGlobals) for SystemCoreClock
    stm32h7xx_hal.o(.ARM.exidx.text.HAL_InitTick) refers to stm32h7xx_hal.o(.text.HAL_InitTick) for [Anonymous Symbol]
    stm32h7xx_hal.o(.ARM.exidx.text.HAL_MspInit) refers to stm32h7xx_hal.o(.text.HAL_MspInit) for [Anonymous Symbol]
    stm32h7xx_hal.o(.text.HAL_DeInit) refers to stm32h7xx_hal.o(.text.HAL_MspDeInit) for HAL_MspDeInit
    stm32h7xx_hal.o(.ARM.exidx.text.HAL_DeInit) refers to stm32h7xx_hal.o(.text.HAL_DeInit) for [Anonymous Symbol]
    stm32h7xx_hal.o(.ARM.exidx.text.HAL_MspDeInit) refers to stm32h7xx_hal.o(.text.HAL_MspDeInit) for [Anonymous Symbol]
    stm32h7xx_hal.o(.text.HAL_IncTick) refers to stm32h7xx_hal.o(.data..L_MergedGlobals) for [Anonymous Symbol]
    stm32h7xx_hal.o(.text.HAL_IncTick) refers to stm32h7xx_hal.o(.bss.uwTick) for uwTick
    stm32h7xx_hal.o(.ARM.exidx.text.HAL_IncTick) refers to stm32h7xx_hal.o(.text.HAL_IncTick) for [Anonymous Symbol]
    stm32h7xx_hal.o(.text.HAL_GetTick) refers to stm32h7xx_hal.o(.bss.uwTick) for uwTick
    stm32h7xx_hal.o(.ARM.exidx.text.HAL_GetTick) refers to stm32h7xx_hal.o(.text.HAL_GetTick) for [Anonymous Symbol]
    stm32h7xx_hal.o(.text.HAL_GetTickPrio) refers to stm32h7xx_hal.o(.data..L_MergedGlobals) for [Anonymous Symbol]
    stm32h7xx_hal.o(.ARM.exidx.text.HAL_GetTickPrio) refers to stm32h7xx_hal.o(.text.HAL_GetTickPrio) for [Anonymous Symbol]
    stm32h7xx_hal.o(.text.HAL_SetTickFreq) refers to main.o(.text.assert_failed) for assert_failed
    stm32h7xx_hal.o(.text.HAL_SetTickFreq) refers to stm32h7xx_hal.o(.text.HAL_InitTick) for HAL_InitTick
    stm32h7xx_hal.o(.text.HAL_SetTickFreq) refers to stm32h7xx_hal.o(.rodata.str1.1) for [Anonymous Symbol]
    stm32h7xx_hal.o(.text.HAL_SetTickFreq) refers to stm32h7xx_hal.o(.data..L_MergedGlobals) for [Anonymous Symbol]
    stm32h7xx_hal.o(.ARM.exidx.text.HAL_SetTickFreq) refers to stm32h7xx_hal.o(.text.HAL_SetTickFreq) for [Anonymous Symbol]
    stm32h7xx_hal.o(.text.HAL_GetTickFreq) refers to stm32h7xx_hal.o(.data..L_MergedGlobals) for [Anonymous Symbol]
    stm32h7xx_hal.o(.ARM.exidx.text.HAL_GetTickFreq) refers to stm32h7xx_hal.o(.text.HAL_GetTickFreq) for [Anonymous Symbol]
    stm32h7xx_hal.o(.text.HAL_Delay) refers to stm32h7xx_hal.o(.text.HAL_GetTick) for HAL_GetTick
    stm32h7xx_hal.o(.text.HAL_Delay) refers to stm32h7xx_hal.o(.data..L_MergedGlobals) for [Anonymous Symbol]
    stm32h7xx_hal.o(.ARM.exidx.text.HAL_Delay) refers to stm32h7xx_hal.o(.text.HAL_Delay) for [Anonymous Symbol]
    stm32h7xx_hal.o(.text.HAL_SuspendTick) refers to stm32h7xx_hal.o(.text.OUTLINED_FUNCTION_2) for OUTLINED_FUNCTION_2
    stm32h7xx_hal.o(.ARM.exidx.text.HAL_SuspendTick) refers to stm32h7xx_hal.o(.text.HAL_SuspendTick) for [Anonymous Symbol]
    stm32h7xx_hal.o(.text.HAL_ResumeTick) refers to stm32h7xx_hal.o(.text.OUTLINED_FUNCTION_4) for OUTLINED_FUNCTION_4
[...]
    MODE2_RESOURCE_SUBTITLE                  0x08008ffc   Data          21  main.o(.rodata.MODE2_RESOURCE_SUBTITLE)
    [Anonymous Symbol]                       0x08008ffc   Section        0  main.o(.rodata.MODE2_RESOURCE_SUBTITLE)
    MODE3_RESOURCE_SUBTITLE                  0x08009011   Data          19  main.o(.rodata.MODE3_RESOURCE_SUBTITLE)
    [Anonymous Symbol]                       0x08009011   Section        0  main.o(.rodata.MODE3_RESOURCE_SUBTITLE)
    MODE4_RESOURCE_SUBTITLE                  0x08009024   Data          15  main.o(.rodata.MODE4_RESOURCE_SUBTITLE)
    [Anonymous Symbol]                       0x08009024   Section        0  main.o(.rodata.MODE4_RESOURCE_SUBTITLE)
    MODE5_RESOURCE_SUBTITLE                  0x08009033   Data          21  main.o(.rodata.MODE5_RESOURCE_SUBTITLE)
    [Anonymous Symbol]                       0x08009033   Section        0  main.o(.rodata.MODE5_RESOURCE_SUBTITLE)
    MODE6_RESOURCE_SUBTITLE                  0x08009048   Data          17  main.o(.rodata.MODE6_RESOURCE_SUBTITLE)
    [Anonymous Symbol]                       0x08009048   Section        0  main.o(.rodata.MODE6_RESOURCE_SUBTITLE)
    MODE7_RESOURCE_SUBTITLE                  0x08009059   Data          15  main.o(.rodata.MODE7_RESOURCE_SUBTITLE)
    [Anonymous Symbol]                       0x08009059   Section        0  main.o(.rodata.MODE7_RESOURCE_SUBTITLE)
    MODE8_RESOURCE_SUBTITLE                  0x08009068   Data          18  main.o(.rodata.MODE8_RESOURCE_SUBTITLE)
    [Anonymous Symbol]                       0x08009068   Section        0  main.o(.rodata.MODE8_RESOURCE_SUBTITLE)
    MODE9_RESOURCE_SUBTITLE                  0x0800907a   Data          15  main.o(.rodata.MODE9_RESOURCE_SUBTITLE)
    [Anonymous Symbol]                       0x0800907a   Section        0  main.o(.rodata.MODE9_RESOURCE_SUBTITLE)
    MODEA_RESOURCE_SUBTITLE                  0x08009089   Data          15  main.o(.rodata.MODEA_RESOURCE_SUBTITLE)
    [Anonymous Symbol]                       0x08009089   Section        0  main.o(.rodata.MODEA_RESOURCE_SUBTITLE)
    MODEB_RESOURCE_SUBTITLE                  0x08009098   Data          17  main.o(.rodata.MODEB_RESOURCE_SUBTITLE)
    [Anonymous Symbol]                       0x08009098   Section        0  main.o(.rodata.MODEB_RESOURCE_SUBTITLE)
    MODEC_RESOURCE_SUBTITLE                  0x080090a9   Data          15  main.o(.rodata.MODEC_RESOURCE_SUBTITLE)
    [Anonymous Symbol]                       0x080090a9   Section        0  main.o(.rodata.MODEC_RESOURCE_SUBTITLE)
    [Anonymous Symbol]                       0x0800c038   Section        0  stm32h7xx_hal_ltdc.o(.rodata.cst32)
    get_frequency_name.freq_names            0x0800c058   Data         112  main.o(.rodata.get_frequency_name.freq_names)
    [Anonymous Symbol]                       0x0800c058   Section        0  main.o(.rodata.get_frequency_name.freq_names)
    mode_ui_config_table                     0x0800c0c8   Data         260  main.o(.rodata.mode_ui_config_table)
    [Anonymous Symbol]                       0x0800c0c8   Section        0  main.o(.rodata.mode_ui_config_table)
    [Anonymous Symbol]                       0x0800c1cc   Section        0  stm32h7xx_hal_cortex.o(.rodata.str1.1)
    [Anonymous Symbol]                       0x0800c20b   Section        0  stm32h7xx_hal_gpio.o(.rodata.str1.1)
    [Anonymous Symbol]                       0x0800c248   Section        0  stm32h7xx_hal_ltdc.o(.rodata.str1.1)
    [Anonymous Symbol]                       0x0800c285   Section        0  stm32h7xx_hal_rcc.o(.rodata.str1.1)
    [Anonymous Symbol]                       0x0800c2c1   Section        0  stm32h7xx_hal_spi.o(.rodata.str1.1)
    [Anonymous Symbol]                       0x0800c2fd   Section        0  stm32h7xx_hal_dma.o(.rodata.str1.1)
    [Anonymous Symbol]                       0x0800c339   Section        0  stm32h7xx_hal_rcc_ex.o(.rodata.str1.1)
    [Anonymous Symbol]                       0x0800c378   Section        0  stm32h7xx_ll_fmc.o(.rodata.str1.1)
    [Anonymous Symbol]                       0x0800c3b3   Section        0  main.o(.rodata.str1.1)
    [Anonymous Symbol]                       0x24000000   Section        0  system_stm32h7xx.o(.data..L_MergedGlobals)
    [Anonymous Symbol]                       0x24000008   Section        0  stm32h7xx_hal.o(.data..L_MergedGlobals)
    UpdateKeyLedState.state                  0x24000010   Data          11  main.o(.data.UpdateKeyLedState.state)
    [Anonymous Symbol]                       0x24000010   Section        0  main.o(.data.UpdateKeyLedState.state)
    g_text_color                             0x2400001c   Data           4  lcd_ltdc.o(.data.g_text_color)
    [Anonymous Symbol]                       0x2400001c   Section        0  lcd_ltdc.o(.data.g_text_color)
    spi1_dma_done                            0x24000020   Data           1  spi_master.o(.bss..L_MergedGlobals)
    [Anonymous Symbol]                       0x24000020   Section        0  spi_master.o(.bss..L_MergedGlobals)
    spi1_dma_status                          0x24000021   Data           1  spi_master.o(.bss..L_MergedGlobals)
    last_spi_status                          0x240000a0   Data           1  main.o(.bss..L_MergedGlobals)
    [Anonymous Symbol]                       0x240000a0   Section        0  main.o(.bss..L_MergedGlobals)
    current_clk_sel                          0x240000a1   Data           1  main.o(.bss..L_MergedGlobals)
    current_mode                             0x240000a2   Data           1  main.o(.bss..L_MergedGlobals)
    payload_bytes.3                          0x240000a3   Data           1  main.o(.bss..L_MergedGlobals)
    current_key_led_mask                     0x240000a4   Data           1  main.o(.bss..L_MergedGlobals)
    LCD_Display_Update.ui_cache_valid        0x240000a5   Data           1  main.o(.bss..L_MergedGlobals)
    LCD_Display_Update.prev_mode             0x240000a6   Data           1  main.o(.bss..L_MergedGlobals)
    LCD_Display_Update.prev_clk_sel          0x240000a7   Data           1  main.o(.bss..L_MergedGlobals)
    LCD_Display_Update.prev_spi_status       0x240000a8   Data           1  main.o(.bss..L_MergedGlobals)
    LCD_Display_Update.prev_key_led_mask     0x240000a9   Data           1  main.o(.bss..L_MergedGlobals)
    rx_word0                                 0x240000aa   Data           2  main.o(.bss..L_MergedGlobals)
    rx_word1                                 0x240000ac   Data           2  main.o(.bss..L_MergedGlobals)
    rx_word2                                 0x240000ae   Data           2  main.o(.bss..L_MergedGlobals)
    current_xc7a_pio                         0x240000b0   Data           2  main.o(.bss..L_MergedGlobals)
    current_fmcu_pi                          0x240000b2   Data           2  main.o(.bss..L_MergedGlobals)
    LCD_Display_Update.prev_rx_word0         0x240000b4   Data           2  main.o(.bss..L_MergedGlobals)
    LCD_Display_Update.prev_rx_word1         0x240000b6   Data           2  main.o(.bss..L_MergedGlobals)
    LCD_Display_Update.prev_rx_word2         0x240000b8   Data           2  main.o(.bss..L_MergedGlobals)
    LCD_Display_Update.prev_fmcu_pi          0x240000ba   Data           2  main.o(.bss..L_MergedGlobals)
    LCD_Display_Update.prev_xc7a_pio         0x240000bc   Data           2  main.o(.bss..L_MergedGlobals)
    frame_count                              0x240000c0   Data           4  main.o(.bss..L_MergedGlobals)
    current_xc7a_po                          0x240000c4   Data           4  main.o(.bss..L_MergedGlobals)
    LCD_Display_Update.prev_xc7a_po          0x240000c8   Data           4  main.o(.bss..L_MergedGlobals)
    payload_nibbles                          0x240000cc   Data           8  main.o(.bss..L_MergedGlobals)
    spi_tx_buf                               0x240000e0   Data          32  main.o(.bss..L_MergedGlobals)
    g_back_color                             0x24000100   Data           4  lcd_ltdc.o(.bss.g_back_color)
    [Anonymous Symbol]                       0x24000100   Section        0  lcd_ltdc.o(.bss.g_back_color)
    g_hsdram                                 0x240001ac   Data          52  bsp_fmc_sdram.o(.bss.g_hsdram)
    [Anonymous Symbol]                       0x240001ac   Section        0  bsp_fmc_sdram.o(.bss.g_hsdram)
    spi_rx_buf                               0x240002e0   Data          32  main.o(.bss.spi_rx_buf)
    [Anonymous Symbol]                       0x240002e0   Section        0  main.o(.bss.spi_rx_buf)
    STACK                                    0x24000308   Section     1024  startup_stm32h743xx.o(STACK)

    Global Symbols

    Symbol Name                              Value     Ov Type        Size  Object(Section)

    BuildAttributes$$THM_ISAv4$E$P$D$K$B$S$7EM$VFPv5_D16$PE$PLD8$A:L22UL41UL21$X:L11$S22US41US21$IEEE1$IW$~IW$USESV6$~STKCKD$USESV7$~SHL$OSPACE$ROPI$EBA8$MICROLIB$REQ8$PRES8$EABIv2 0x00000000   Number         0  anon$$obj.o ABSOLUTE
    _printf_a                                0x00000000   Number         0  printfstubs.o ABSOLUTE
    _printf_c                                0x00000000   Number         0  printfstubs.o ABSOLUTE
    _printf_charcount                        0x00000000   Number         0  printfstubs.o ABSOLUTE
    _printf_d                                0x00000000   Number         0  printfstubs.o ABSOLUTE
    _printf_e                                0x00000000   Number         0  printfstubs.o ABSOLUTE
    _printf_f                                0x00000000   Number         0  printfstubs.o ABSOLUTE
    _printf_flags                            0x00000000   Number         0  printfstubs.o ABSOLUTE
    _printf_fp_dec                           0x00000000   Number         0  printfstubs.o ABSOLUTE
    _printf_fp_hex                           0x00000000   Number         0  printfstubs.o ABSOLUTE
    _printf_g                                0x00000000   Number         0  printfstubs.o ABSOLUTE
    _printf_i                                0x00000000   Number         0  printfstubs.o ABSOLUTE
    _printf_int_dec                          0x00000000   Number         0  printfstubs.o ABSOLUTE
    _printf_l                                0x00000000   Number         0  printfstubs.o ABSOLUTE
    _printf_lc                               0x00000000   Number         0  printfstubs.o ABSOLUTE
    _printf_ll                               0x00000000   Number         0  printfstubs.o ABSOLUTE
    _printf_lld                              0x00000000   Number         0  printfstubs.o ABSOLUTE
    _printf_lli                              0x00000000   Number         0  printfstubs.o ABSOLUTE
    _printf_llo                              0x00000000   Number         0  printfstubs.o ABSOLUTE
    _printf_llu                              0x00000000   Number         0  printfstubs.o ABSOLUTE
    _printf_llx                              0x00000000   Number         0  printfstubs.o ABSOLUTE
    _printf_longlong_dec                     0x00000000   Number         0  printfstubs.o ABSOLUTE
    _printf_longlong_hex                     0x00000000   Number         0  printfstubs.o ABSOLUTE
    _printf_longlong_oct                     0x00000000   Number         0  printfstubs.o ABSOLUTE
    _printf_ls                               0x00000000   Number         0  printfstubs.o ABSOLUTE
    _printf_mbtowc                           0x00000000   Number         0  printfstubs.o ABSOLUTE
    _printf_n                                0x00000000   Number         0  printfstubs.o ABSOLUTE
    _printf_o                                0x00000000   Number         0  printfstubs.o ABSOLUTE
    _printf_p                                0x00000000   Number         0  printfstubs.o ABSOLUTE
    _printf_percent                          0x00000000   Number         0  printfstubs.o ABSOLUTE
    _printf_pre_padding                      0x00000000   Number         0  printfstubs.o ABSOLUTE
    _printf_return_value                     0x00000000   Number         0  printfstubs.o ABSOLUTE
    _printf_s                                0x00000000   Number         0  printfstubs.o ABSOLUTE
    _printf_sizespec                         0x00000000   Number         0  printfstubs.o ABSOLUTE
    _printf_str                              0x00000000   Number         0  printfstubs.o ABSOLUTE
    _printf_truncate_signed                  0x00000000   Number         0  printfstubs.o ABSOLUTE
    _printf_truncate_unsigned                0x00000000   Number         0  printfstubs.o ABSOLUTE
    _printf_u                                0x00000000   Number         0  printfstubs.o ABSOLUTE
    _printf_wc                               0x00000000   Number         0  printfstubs.o ABSOLUTE
    _printf_wctomb                           0x00000000   Number         0  printfstubs.o ABSOLUTE
    _printf_widthprec                        0x00000000   Number         0  printfstubs.o ABSOLUTE
    _printf_x                                0x00000000   Number         0  printfstubs.o ABSOLUTE
    __cpp_initialize__aeabi_                  - Undefined Weak Reference
    __cxa_finalize                            - Undefined Weak Reference
    __decompress                              - Undefined Weak Reference
    _clock_init                               - Undefined Weak Reference
    _microlib_exit                            - Undefined Weak Reference
    __Vectors_Size                           0x00000298   Number         0  startup_stm32h743xx.o ABSOLUTE
    __Vectors                                0x08000000   Data           4  startup_stm32h743xx.o(RESET)
    __Vectors_End                            0x08000298   Data           0  startup_stm32h743xx.o(RESET)
    __main                                   0x08000299   Thumb Code     0  entry.o(.ARM.Collect$$$$00000000)
    _main_stk                                0x08000299   Thumb Code     0  entry2.o(.ARM.Collect$$$$00000001)
    _main_scatterload                        0x0800029d   Thumb Code     0  entry5.o(.ARM.Collect$$$$00000004)
    __main_after_scatterload                 0x080002a1   Thumb Code     0  entry5.o(.ARM.Collect$$$$00000004)
    _main_clock                              0x080002a1   Thumb Code     0  entry7b.o(.ARM.Collect$$$$00000008)
    _main_cpp_init                           0x080002a1   Thumb Code     0  entry8b.o(.ARM.Collect$$$$0000000A)
    _main_init                               0x080002a1   Thumb Code     0  entry9a.o(.ARM.Collect$$$$0000000B)
    __rt_final_cpp                           0x080002a9   Thumb Code     0  entry10a.o(.ARM.Collect$$$$0000000D)
    __rt_final_exit                          0x080002a9   Thumb Code     0  entry11a.o(.ARM.Collect$$$$0000000F)
    Reset_Handler                            0x080002ad   Thumb Code    12  startup_stm32h743xx.o(.text)
    NMI_Handler                              0x080002b9   Thumb Code     2  startup_stm32h743xx.o(.text)
    HardFault_Handler                        0x080002bb   Thumb Code     2  startup_stm32h743xx.o(.text)
    MemManage_Handler                        0x080002bd   Thumb Code     2  startup_stm32h743xx.o(.text)
    BusFault_Handler                         0x080002bf   Thumb Code     2  startup_stm32h743xx.o(.text)
    UsageFault_Handler                       0x080002c1   Thumb Code     2  startup_stm32h743xx.o(.text)
    SVC_Handler                              0x080002c3   Thumb Code     2  startup_stm32h743xx.o(.text)
    DebugMon_Handler                         0x080002c5   Thumb Code     2  startup_stm32h743xx.o(.text)
    PendSV_Handler                           0x080002c7   Thumb Code     2  startup_stm32h743xx.o(.text)
    ADC3_IRQHandler                          0x080002cb   Thumb Code     0  startup_stm32h743xx.o(.text)
    ADC_IRQHandler                           0x080002cb   Thumb Code     0  startup_stm32h743xx.o(.text)
    BDMA_Channel0_IRQHandler                 0x080002cb   Thumb Code     0  startup_stm32h743xx.o(.text)
    BDMA_Channel1_IRQHandler                 0x080002cb   Thumb Code     0  startup_stm32h743xx.o(.text)
    BDMA_Channel2_IRQHandler                 0x080002cb   Thumb Code     0  startup_stm32h743xx.o(.text)
    BDMA_Channel3_IRQHandler                 0x080002cb   Thumb Code     0  startup_stm32h743xx.o(.text)
    BDMA_Channel4_IRQHandler                 0x080002cb   Thumb Code     0  startup_stm32h743xx.o(.text)
    BDMA_Channel5_IRQHandler                 0x080002cb   Thumb Code     0  startup_stm32h743xx.o(.text)
    BDMA_Channel6_IRQHandler                 0x080002cb   Thumb Code     0  startup_stm32h743xx.o(.text)
    BDMA_Channel7_IRQHandler                 0x080002cb   Thumb Code     0  startup_stm32h743xx.o(.text)
    CEC_IRQHandler                           0x080002cb   Thumb Code     0  startup_stm32h743xx.o(.text)
    COMP1_IRQHandler                         0x080002cb   Thumb Code     0  startup_stm32h743xx.o(.text)
    CRS_IRQHandler                           0x080002cb   Thumb Code     0  startup_stm32h743xx.o(.text)
    DCMI_IRQHandler                          0x080002cb   Thumb Code     0  startup_stm32h743xx.o(.text)
    DFSDM1_FLT0_IRQHandler                   0x080002cb   Thumb Code     0  startup_stm32h743xx.o(.text)
    DFSDM1_FLT1_IRQHandler                   0x080002cb   Thumb Code     0  startup_stm32h743xx.o(.text)
    DFSDM1_FLT2_IRQHandler                   0x080002cb   Thumb Code     0  startup_stm32h743xx.o(.text)
    DFSDM1_FLT3_IRQHandler                   0x080002cb   Thumb Code     0  startup_stm32h743xx.o(.text)
    DMA1_Stream2_IRQHandler                  0x080002cb   Thumb Code     0  startup_stm32h743xx.o(.text)
    DMA1_Stream3_IRQHandler                  0x080002cb   Thumb Code     0  startup_stm32h743xx.o(.text)
    DMA1_Stream4_IRQHandler                  0x080002cb   Thumb Code     0  startup_stm32h743xx.o(.text)
    DMA1_Stream5_IRQHandler                  0x080002cb   Thumb Code     0  startup_stm32h743xx.o(.text)
    DMA1_Stream6_IRQHandler                  0x080002cb   Thumb Code     0  startup_stm32h743xx.o(.text)
    DMA1_Stream7_IRQHandler                  0x080002cb   Thumb Code     0  startup_stm32h743xx.o(.text)
    DMA2D_IRQHandler                         0x080002cb   Thumb Code     0  startup_stm32h743xx.o(.text)
    DMA2_Stream0_IRQHandler                  0x080002cb   Thumb Code     0  startup_stm32h743xx.o(.text)
    DMA2_Stream1_IRQHandler                  0x080002cb   Thumb Code     0  startup_stm32h743xx.o(.text)
    DMA2_Stream2_IRQHandler                  0x080002cb   Thumb Code     0  startup_stm32h743xx.o(.text)
    DMA2_Stream3_IRQHandler                  0x080002cb   Thumb Code     0  startup_stm32h743xx.o(.text)
    DMA2_Stream4_IRQHandler                  0x080002cb   Thumb Code     0  startup_stm32h743xx.o(.text)
    DMA2_Stream5_IRQHandler                  0x080002cb   Thumb Code     0  startup_stm32h743xx.o(.text)
    DMA2_Stream6_IRQHandler                  0x080002cb   Thumb Code     0  startup_stm32h743xx.o(.text)
    DMA2_Stream7_IRQHandler                  0x080002cb   Thumb Code     0  startup_stm32h743xx.o(.text)
    DMAMUX1_OVR_IRQHandler                   0x080002cb   Thumb Code     0  startup_stm32h743xx.o(.text)
    DMAMUX2_OVR_IRQHandler                   0x080002cb   Thumb Code     0  startup_stm32h743xx.o(.text)
    ECC_IRQHandler                           0x080002cb   Thumb Code     0  startup_stm32h743xx.o(.text)
    ETH_IRQHandler                           0x080002cb   Thumb Code     0  startup_stm32h743xx.o(.text)
    ETH_WKUP_IRQHandler                      0x080002cb   Thumb Code     0  startup_stm32h743xx.o(.text)
    EXTI0_IRQHandler                         0x080002cb   Thumb Code     0  startup_stm32h743xx.o(.text)
    EXTI15_10_IRQHandler                     0x080002cb   Thumb Code     0  startup_stm32h743xx.o(.text)
    EXTI1_IRQHandler                         0x080002cb   Thumb Code     0  startup_stm32h743xx.o(.text)
    EXTI2_IRQHandler                         0x080002cb   Thumb Code     0  startup_stm32h743xx.o(.text)
    EXTI3_IRQHandler                         0x080002cb   Thumb Code     0  startup_stm32h743xx.o(.text)
    EXTI4_IRQHandler                         0x080002cb   Thumb Code     0  startup_stm32h743xx.o(.text)
    EXTI9_5_IRQHandler                       0x080002cb   Thumb Code     0  startup_stm32h743xx.o(.text)
    FDCAN1_IT0_IRQHandler                    0x080002cb   Thumb Code     0  startup_stm32h743xx.o(.text)
    FDCAN1_IT1_IRQHandler                    0x080002cb   Thumb Code     0  startup_stm32h743xx.o(.text)
    FDCAN2_IT0_IRQHandler                    0x080002cb   Thumb Code     0  startup_stm32h743xx.o(.text)
    FDCAN2_IT1_IRQHandler                    0x080002cb   Thumb Code     0  startup_stm32h743xx.o(.text)
    FDCAN_CAL_IRQHandler                     0x080002cb   Thumb Code     0  startup_stm32h743xx.o(.text)
    FLASH_IRQHandler                         0x080002cb   Thumb Code     0  startup_stm32h743xx.o(.text)
    FMC_IRQHandler                           0x080002cb   Thumb Code     0  startup_stm32h743xx.o(.text)
    FPU_IRQHandler                           0x080002cb   Thumb Code     0  startup_stm32h743xx.o(.text)
    HRTIM1_FLT_IRQHandler                    0x080002cb   Thumb Code     0  startup_stm32h743xx.o(.text)
    HRTIM1_Master_IRQHandler                 0x080002cb   Thumb Code     0  startup_stm32h743xx.o(.text)
    HRTIM1_TIMA_IRQHandler                   0x080002cb   Thumb Code     0  startup_stm32h743xx.o(.text)
    HRTIM1_TIMB_IRQHandler                   0x080002cb   Thumb Code     0  startup_stm32h743xx.o(.text)
    HRTIM1_TIMC_IRQHandler                   0x080002cb   Thumb Code     0  startup_stm32h743xx.o(.text)
    HRTIM1_TIMD_IRQHandler                   0x080002cb   Thumb Code     0  startup_stm32h743xx.o(.text)
    HRTIM1_TIME_IRQHandler                   0x080002cb   Thumb Code     0  startup_stm32h743xx.o(.text)
    HSEM1_IRQHandler                         0x080002cb   Thumb Code     0  startup_stm32h743xx.o(.text)
    I2C1_ER_IRQHandler                       0x080002cb   Thumb Code     0  startup_stm32h743xx.o(.text)
    I2C1_EV_IRQHandler                       0x080002cb   Thumb Code     0  startup_stm32h743xx.o(.text)
    I2C2_ER_IRQHandler                       0x080002cb   Thumb Code     0  startup_stm32h743xx.o(.text)
    I2C2_EV_IRQHandler                       0x080002cb   Thumb Code     0  startup_stm32h743xx.o(.text)
    I2C3_ER_IRQHandler                       0x080002cb   Thumb Code     0  startup_stm32h743xx.o(.text)
    I2C3_EV_IRQHandler                       0x080002cb   Thumb Code     0  startup_stm32h743xx.o(.text)
    I2C4_ER_IRQHandler                       0x080002cb   Thumb Code     0  startup_stm32h743xx.o(.text)
    I2C4_EV_IRQHandler                       0x080002cb   Thumb Code     0  startup_stm32h743xx.o(.text)
    JPEG_IRQHandler                          0x080002cb   Thumb Code     0  startup_stm32h743xx.o(.text)
    LPTIM1_IRQHandler                        0x080002cb   Thumb Code     0  startup_stm32h743xx.o(.text)
    LPTIM2_IRQHandler                        0x080002cb   Thumb Code     0  startup_stm32h743xx.o(.text)
    LPTIM3_IRQHandler                        0x080002cb   Thumb Code     0  startup_stm32h743xx.o(.text)
    LPTIM4_IRQHandler                        0x080002cb   Thumb Code     0  startup_stm32h743xx.o(.text)
    LPTIM5_IRQHandler                        0x080002cb   Thumb Code     0  startup_stm32h743xx.o(.text)
    LPUART1_IRQHandler                       0x080002cb   Thumb Code     0  startup_stm32h743xx.o(.text)
    LTDC_ER_IRQHandler                       0x080002cb   Thumb Code     0  startup_stm32h743xx.o(.text)
    LTDC_IRQHandler                          0x080002cb   Thumb Code     0  startup_stm32h743xx.o(.text)
    MDIOS_IRQHandler                         0x080002cb   Thumb Code     0  startup_stm32h743xx.o(.text)
    MDIOS_WKUP_IRQHandler                    0x080002cb   Thumb Code     0  startup_stm32h743xx.o(.text)
    MDMA_IRQHandler                          0x080002cb   Thumb Code     0  startup_stm32h743xx.o(.text)
    OTG_FS_EP1_IN_IRQHandler                 0x080002cb   Thumb Code     0  startup_stm32h743xx.o(.text)
    OTG_FS_EP1_OUT_IRQHandler                0x080002cb   Thumb Code     0  startup_stm32h743xx.o(.text)
    OTG_FS_IRQHandler                        0x080002cb   Thumb Code     0  startup_stm32h743xx.o(.text)
    OTG_FS_WKUP_IRQHandler                   0x080002cb   Thumb Code     0  startup_stm32h743xx.o(.text)
    OTG_HS_EP1_IN_IRQHandler                 0x080002cb   Thumb Code     0  startup_stm32h743xx.o(.text)
    OTG_HS_EP1_OUT_IRQHandler                0x080002cb   Thumb Code     0  startup_stm32h743xx.o(.text)
    OTG_HS_IRQHandler                        0x080002cb   Thumb Code     0  startup_stm32h743xx.o(.text)
    OTG_HS_WKUP_IRQHandler                   0x080002cb   Thumb Code     0  startup_stm32h743xx.o(.text)
    PVD_AVD_IRQHandler                       0x080002cb   Thumb Code     0  startup_stm32h743xx.o(.text)
    QUADSPI_IRQHandler                       0x080002cb   Thumb Code     0  startup_stm32h743xx.o(.text)
    RCC_IRQHandler                           0x080002cb   Thumb Code     0  startup_stm32h743xx.o(.text)
    RNG_IRQHandler                           0x080002cb   Thumb Code     0  startup_stm32h743xx.o(.text)
    RTC_Alarm_IRQHandler                     0x080002cb   Thumb Code     0  startup_stm32h743xx.o(.text)
    RTC_WKUP_IRQHandler                      0x080002cb   Thumb Code     0  startup_stm32h743xx.o(.text)
    SAI1_IRQHandler                          0x080002cb   Thumb Code     0  startup_stm32h743xx.o(.text)
    SAI2_IRQHandler                          0x080002cb   Thumb Code     0  startup_stm32h743xx.o(.text)
    SAI3_IRQHandler                          0x080002cb   Thumb Code     0  startup_stm32h743xx.o(.text)
    SAI4_IRQHandler                          0x080002cb   Thumb Code     0  startup_stm32h743xx.o(.text)
    SDMMC1_IRQHandler                        0x080002cb   Thumb Code     0  startup_stm32h743xx.o(.text)
    SDMMC2_IRQHandler                        0x080002cb   Thumb Code     0  startup_stm32h743xx.o(.text)
    SPDIF_RX_IRQHandler                      0x080002cb   Thumb Code     0  startup_stm32h743xx.o(.text)
    SPI2_IRQHandler                          0x080002cb   Thumb Code     0  startup_stm32h743xx.o(.text)
    SPI3_IRQHandler                          0x080002cb   Thumb Code     0  startup_stm32h743xx.o(.text)
    SPI4_IRQHandler                          0x080002cb   Thumb Code     0  startup_stm32h743xx.o(.text)
    SPI5_IRQHandler                          0x080002cb   Thumb Code     0  startup_stm32h743xx.o(.text)
    SPI6_IRQHandler                          0x080002cb   Thumb Code     0  startup_stm32h743xx.o(.text)
    SWPMI1_IRQHandler                        0x080002cb   Thumb Code     0  startup_stm32h743xx.o(.text)
    TAMP_STAMP_IRQHandler                    0x080002cb   Thumb Code     0  startup_stm32h743xx.o(.text)
    TIM15_IRQHandler                         0x080002cb   Thumb Code     0  startup_stm32h743xx.o(.text)
    TIM16_IRQHandler                         0x080002cb   Thumb Code     0  startup_stm32h743xx.o(.text)
    TIM17_IRQHandler                         0x080002cb   Thumb Code     0  startup_stm32h743xx.o(.text)
    TIM1_BRK_IRQHandler                      0x080002cb   Thumb Code     0  startup_stm32h743xx.o(.text)
    TIM1_CC_IRQHandler                       0x080002cb   Thumb Code     0  startup_stm32h743xx.o(.text)
    TIM1_TRG_COM_IRQHandler                  0x080002cb   Thumb Code     0  startup_stm32h743xx.o(.text)
    TIM1_UP_IRQHandler                       0x080002cb   Thumb Code     0  startup_stm32h743xx.o(.text)
    TIM2_IRQHandler                          0x080002cb   Thumb Code     0  startup_stm32h743xx.o(.text)
    TIM3_IRQHandler                          0x080002cb   Thumb Code     0  startup_stm32h743xx.o(.text)
    TIM4_IRQHandler                          0x080002cb   Thumb Code     0  startup_stm32h743xx.o(.text)
    TIM5_IRQHandler                          0x080002cb   Thumb Code     0  startup_stm32h743xx.o(.text)
    TIM6_DAC_IRQHandler                      0x080002cb   Thumb Code     0  startup_stm32h743xx.o(.text)
    TIM7_IRQHandler                          0x080002cb   Thumb Code     0  startup_stm32h743xx.o(.text)
    TIM8_BRK_TIM12_IRQHandler                0x080002cb   Thumb Code     0  startup_stm32h743xx.o(.text)
    TIM8_CC_IRQHandler                       0x080002cb   Thumb Code     0  startup_stm32h743xx.o(.text)
    TIM8_TRG_COM_TIM14_IRQHandler            0x080002cb   Thumb Code     0  startup_stm32h743xx.o(.text)
    TIM8_UP_TIM13_IRQHandler                 0x080002cb   Thumb Code     0  startup_stm32h743xx.o(.text)
    UART4_IRQHandler                         0x080002cb   Thumb Code     0  startup_stm32h743xx.o(.text)
    UART5_IRQHandler                         0x080002cb   Thumb Code     0  startup_stm32h743xx.o(.text)
    UART7_IRQHandler                         0x080002cb   Thumb Code     0  startup_stm32h743xx.o(.text)
    UART8_IRQHandler                         0x080002cb   Thumb Code     0  startup_stm32h743xx.o(.text)
    USART1_IRQHandler                        0x080002cb   Thumb Code     0  startup_stm32h743xx.o(.text)
    USART2_IRQHandler                        0x080002cb   Thumb Code     0  startup_stm32h743xx.o(.text)
    USART3_IRQHandler                        0x080002cb   Thumb Code     0  startup_stm32h743xx.o(.text)
    USART6_IRQHandler                        0x080002cb   Thumb Code     0  startup_stm32h743xx.o(.text)
    WAKEUP_PIN_IRQHandler                    0x080002cb   Thumb Code     0  startup_stm32h743xx.o(.text)
    WWDG_IRQHandler                          0x080002cb   Thumb Code     0  startup_stm32h743xx.o(.text)
    __aeabi_memcpy                           0x080002d9   Thumb Code    36  memcpya.o(.text)
    __aeabi_memcpy4                          0x080002d9   Thumb Code     0  memcpya.o(.text)
    __aeabi_memcpy8                          0x080002d9   Thumb Code     0  memcpya.o(.text)
    __aeabi_memset                           0x080002fd   Thumb Code    14  memseta.o(.text)
    __aeabi_memset4                          0x080002fd   Thumb Code     0  memseta.o(.text)
    __aeabi_memset8                          0x080002fd   Thumb Code     0  memseta.o(.text)
    __aeabi_memclr                           0x0800030b   Thumb Code     4  memseta.o(.text)
    __aeabi_memclr4                          0x0800030b   Thumb Code     0  memseta.o(.text)
    __aeabi_memclr8                          0x0800030b   Thumb Code     0  memseta.o(.text)
    _memset$wrapper                          0x0800030f   Thumb Code    18  memseta.o(.text)
    strlen                                   0x08000321   Thumb Code    14  strlen.o(.text)
    __aeabi_uidiv                            0x0800032f   Thumb Code     0  uidiv.o(.text)
    __aeabi_uidivmod                         0x0800032f   Thumb Code    44  uidiv.o(.text)
    __aeabi_uldivmod                         0x0800035b   Thumb Code    98  uldiv.o(.text)
    __I$use$fp                               0x080003bd   Thumb Code     0  iusefp.o(.text)
    __aeabi_dadd                             0x080003bd   Thumb Code   322  dadd.o(.text)
    __aeabi_dsub                             0x080004ff   Thumb Code     6  dadd.o(.text)
    __aeabi_drsub                            0x08000505   Thumb Code     6  dadd.o(.text)
    __aeabi_dmul                             0x0800050b   Thumb Code   228  dmul.o(.text)
    __aeabi_ddiv                             0x080005ef   Thumb Code   222  ddiv.o(.text)
    __aeabi_d2ulz                            0x080006cd   Thumb Code    48  dfixul.o(.text)
    __aeabi_cdrcmple                         0x080006fd   Thumb Code    48  cdrcmple.o(.text)
    __scatterload                            0x0800072d   Thumb Code    28  init.o(.text)
    __scatterload_rt2                        0x0800072d   Thumb Code     0  init.o(.text)
    __aeabi_llsl                             0x08000751   Thumb Code    30  llshl.o(.text)
    _ll_shift_l                              0x08000751   Thumb Code     0  llshl.o(.text)
    __aeabi_llsr                             0x0800076f   Thumb Code    32  llushr.o(.text)
    _ll_ushift_r                             0x0800076f   Thumb Code     0  llushr.o(.text)
    __aeabi_lasr                             0x0800078f   Thumb Code    36  llsshr.o(.text)
    _ll_sshift_r                             0x0800078f   Thumb Code     0  llsshr.o(.text)
    _double_round                            0x080007b3   Thumb Code    30  depilogue.o(.text)
    _double_epilogue                         0x080007d1   Thumb Code   156  depilogue.o(.text)
    BSP_UI_IO_Init                           0x0800086d   Thumb Code    30  bsp_ui_io_expander.o(.text.BSP_UI_IO_Init)
    BSP_UI_IO_InitKeyLeds                    0x080008cd   Thumb Code    26  bsp_ui_io_expander.o(.text.BSP_UI_IO_InitKeyLeds)
    BSP_UI_IO_Write16                        0x080008e7   Thumb Code    28  bsp_ui_io_expander.o(.text.BSP_UI_IO_Write16)
    BSP_UI_IO_WriteKeyLeds                   0x08000903   Thumb Code    12  bsp_ui_io_expander.o(.text.BSP_UI_IO_WriteKeyLeds)
    CPU_CACHE_Enable                         0x08000911   Thumb Code   124  main.o(.text.CPU_CACHE_Enable)
    DMA1_Stream0_IRQHandler                  0x08000991   Thumb Code     8  spi_master.o(.text.DMA1_Stream0_IRQHandler)
    DMA1_Stream1_IRQHandler                  0x0800099d   Thumb Code     8  spi_master.o(.text.DMA1_Stream1_IRQHandler)
    Error_Handler                            0x08000d59   Thumb Code     4  main.o(.text.Error_Handler)
    ExitRun0Mode                             0x08000d5d   Thumb Code     2  system_stm32h7xx.o(.text.ExitRun0Mode)
    FMCU_PI_Init                             0x08000d5f   Thumb Code    18  gpio.o(.text.FMCU_PI_Init)
    FMCU_PI_Write                            0x08000d71   Thumb Code     4  gpio.o(.text.FMCU_PI_Write)
    FMC_SDRAM_Init                           0x08000d75   Thumb Code   364  stm32h7xx_ll_fmc.o(.text.FMC_SDRAM_Init)
    FMC_SDRAM_ProgramRefreshRate             0x08000ee1   Thumb Code    56  stm32h7xx_ll_fmc.o(.text.FMC_SDRAM_ProgramRefreshRate)
    FMC_SDRAM_SendCommand                    0x08000f19   Thumb Code   136  stm32h7xx_ll_fmc.o(.text.FMC_SDRAM_SendCommand)
    FMC_SDRAM_Timing_Init                    0x08000fa5   Thumb Code   292  stm32h7xx_ll_fmc.o(.text.FMC_SDRAM_Timing_Init)
    HAL_DMA_Abort                            0x080010e1   Thumb Code   688  stm32h7xx_hal_dma.o(.text.HAL_DMA_Abort)
    HAL_DMA_Abort_IT                         0x080013c5   Thumb Code   372  stm32h7xx_hal_dma.o(.text.HAL_DMA_Abort_IT)
    HAL_DMA_GetError                         0x08001599   Thumb Code     4  stm32h7xx_hal_dma.o(.text.HAL_DMA_GetError)
    HAL_DMA_IRQHandler                       0x0800159d   Thumb Code  1288  stm32h7xx_hal_dma.o(.text.HAL_DMA_IRQHandler)
    HAL_DMA_Init                             0x08001b05   Thumb Code  1304  stm32h7xx_hal_dma.o(.text.HAL_DMA_Init)
    HAL_DMA_Start_IT                         0x0800202d   Thumb Code   476  stm32h7xx_hal_dma.o(.text.HAL_DMA_Start_IT)
    HAL_Delay                                0x0800226d   Thumb Code    32  stm32h7xx_hal.o(.text.HAL_Delay)
    HAL_EnableCompensationCell               0x0800228d   Thumb Code     8  stm32h7xx_hal.o(.text.HAL_EnableCompensationCell)
    HAL_GPIO_Init                            0x08002299   Thumb Code   580  stm32h7xx_hal_gpio.o(.text.HAL_GPIO_Init)
    HAL_GPIO_WritePin                        0x080024f5   Thumb Code    44  stm32h7xx_hal_gpio.o(.text.HAL_GPIO_WritePin)
    HAL_GetREVID                             0x08002525   Thumb Code     8  stm32h7xx_hal.o(.text.HAL_GetREVID)
    HAL_GetTick                              0x08002531   Thumb Code     8  stm32h7xx_hal.o(.text.HAL_GetTick)
    HAL_IncTick                              0x08002539   Thumb Code    16  stm32h7xx_hal.o(.text.HAL_IncTick)
    HAL_Init                                 0x0800254d   Thumb Code    72  stm32h7xx_hal.o(.text.HAL_Init)
    HAL_InitTick                             0x080025a1   Thumb Code    64  stm32h7xx_hal.o(.text.HAL_InitTick)
    HAL_LTDC_ConfigLayer                     0x080025e9   Thumb Code   244  stm32h7xx_hal_ltdc.o(.text.HAL_LTDC_ConfigLayer)
    HAL_LTDC_Init                            0x080026dd   Thumb Code   392  stm32h7xx_hal_ltdc.o(.text.HAL_LTDC_Init)
    HAL_LTDC_MspInit                         0x0800286d   Thumb Code     2  stm32h7xx_hal_ltdc.o(.text.HAL_LTDC_MspInit)
    HAL_MPU_ConfigRegion                     0x08002871   Thumb Code   244  stm32h7xx_hal_cortex.o(.text.HAL_MPU_ConfigRegion)
    HAL_MPU_Disable                          0x08002969   Thumb Code    20  stm32h7xx_hal_cortex.o(.text.HAL_MPU_Disable)
    HAL_MPU_Enable                           0x0800297d   Thumb Code    20  stm32h7xx_hal_cortex.o(.text.HAL_MPU_Enable)
    HAL_MspInit                              0x08002995   Thumb Code     2  stm32h7xx_hal.o(.text.HAL_MspInit)
    HAL_NVIC_EnableIRQ                       0x08002999   Thumb Code    36  stm32h7xx_hal_cortex.o(.text.HAL_NVIC_EnableIRQ)
    HAL_NVIC_SetPriority                     0x080029c1   Thumb Code   104  stm32h7xx_hal_cortex.o(.text.HAL_NVIC_SetPriority)
    HAL_NVIC_SetPriorityGrouping             0x08002a2d   Thumb Code    40  stm32h7xx_hal_cortex.o(.text.HAL_NVIC_SetPriorityGrouping)
    HAL_RCCEx_PeriphCLKConfig                0x08002a61   Thumb Code  2860  stm32h7xx_hal_rcc_ex.o(.text.HAL_RCCEx_PeriphCLKConfig)
    HAL_RCC_ClockConfig                      0x080035a1   Thumb Code   844  stm32h7xx_hal_rcc.o(.text.HAL_RCC_ClockConfig)
    HAL_RCC_GetSysClockFreq                  0x08003949   Thumb Code   248  stm32h7xx_hal_rcc.o(.text.HAL_RCC_GetSysClockFreq)
    HAL_RCC_OscConfig                        0x08003a41   Thumb Code  1648  stm32h7xx_hal_rcc.o(.text.HAL_RCC_OscConfig)
    HAL_SDRAM_Init                           0x080040b5   Thumb Code    76  stm32h7xx_hal_sdram.o(.text.HAL_SDRAM_Init)
    HAL_SDRAM_MspInit                        0x08004105   Thumb Code     2  stm32h7xx_hal_sdram.o(.text.HAL_SDRAM_MspInit)
    HAL_SDRAM_ProgramRefreshRate             0x08004107   Thumb Code    46  stm32h7xx_hal_sdram.o(.text.HAL_SDRAM_ProgramRefreshRate)
    HAL_SDRAM_SendCommand                    0x08004135   Thumb Code    58  stm32h7xx_hal_sdram.o(.text.HAL_SDRAM_SendCommand)
    HAL_SPI_Abort                            0x08004171   Thumb Code   232  stm32h7xx_hal_spi.o(.text.HAL_SPI_Abort)
    HAL_SPI_ErrorCallback                    0x0800425d   Thumb Code    20  spi_master.o(.text.HAL_SPI_ErrorCallback)
    HAL_SPI_IRQHandler                       0x08004279   Thumb Code   512  stm32h7xx_hal_spi.o(.text.HAL_SPI_IRQHandler)
    HAL_SPI_Init                             0x0800447d   Thumb Code  1048  stm32h7xx_hal_spi.o(.text.HAL_SPI_Init)
    HAL_SPI_MspInit                          0x080048ad   Thumb Code     2  stm32h7xx_hal_spi.o(.text.HAL_SPI_MspInit)
    HAL_SPI_RxCpltCallback                   0x080048af   Thumb Code     2  stm32h7xx_hal_spi.o(.text.HAL_SPI_RxCpltCallback)
    HAL_SPI_SuspendCallback                  0x080048b1   Thumb Code     2  stm32h7xx_hal_spi.o(.text.HAL_SPI_SuspendCallback)
    HAL_SPI_TransmitReceive_DMA              0x080048b5   Thumb Code   416  stm32h7xx_hal_spi.o(.text.HAL_SPI_TransmitReceive_DMA)
    HAL_SPI_TxCpltCallback                   0x08004a65   Thumb Code     2  stm32h7xx_hal_spi.o(.text.HAL_SPI_TxCpltCallback)
    HAL_SPI_TxRxCpltCallback                 0x08004a69   Thumb Code    24  spi_master.o(.text.HAL_SPI_TxRxCpltCallback)
    HAL_SPI_TxRxHalfCpltCallback             0x08004a89   Thumb Code     2  stm32h7xx_hal_spi.o(.text.HAL_SPI_TxRxHalfCpltCallback)
    HAL_SYSTICK_Config                       0x08004a8d   Thumb Code    32  stm32h7xx_hal_cortex.o(.text.HAL_SYSTICK_Config)
    KEY_LED_WriteMask                        0x08004ab5   Thumb Code     4  gpio.o(.text.KEY_LED_WriteMask)
    LCD_Clear                                0x08004b2d   Thumb Code    32  lcd_ltdc.o(.text.LCD_Clear)
    LCD_DrawLine                             0x080050b5   Thumb Code   132  lcd_ltdc.o(.text.LCD_DrawLine)
    LCD_DrawPoint                            0x080060b9   Thumb Code    48  lcd_ltdc.o(.text.LCD_DrawPoint)
    LCD_DrawRectangle                        0x080060ed   Thumb Code    68  lcd_ltdc.o(.text.LCD_DrawRectangle)
    LCD_DrawRoundedRect                      0x08006131   Thumb Code   364  lcd_ltdc.o(.text.LCD_DrawRoundedRect)
    LCD_Fill                                 0x080064d1   Thumb Code    52  lcd_ltdc.o(.text.LCD_Fill)
    LCD_FillRounded                          0x08006505   Thumb Code   304  lcd_ltdc.o(.text.LCD_FillRounded)
    LCD_RGB_BacklightOff                     0x0800663d   Thumb Code    12  bsp_lcd_rgb.o(.text.LCD_RGB_BacklightOff)
    LCD_RGB_BacklightOn                      0x08006649   Thumb Code    12  bsp_lcd_rgb.o(.text.LCD_RGB_BacklightOn)
    LCD_RGB_Init                             0x08006659   Thumb Code   812  bsp_lcd_rgb.o(.text.LCD_RGB_Init)
    LCD_Refresh                              0x08006aad   Thumb Code     8  lcd_ltdc.o(.text.LCD_Refresh)
    LCD_RefreshRect                          0x08006ab9   Thumb Code   100  lcd_ltdc.o(.text.LCD_RefreshRect)
    LCD_SetBackColor                         0x08006b21   Thumb Code     8  lcd_ltdc.o(.text.LCD_SetBackColor)
    LCD_SetTextColor                         0x08006b2d   Thumb Code     8  lcd_ltdc.o(.text.LCD_SetTextColor)
    LCD_ShowChar                             0x08006b39   Thumb Code   208  lcd_ltdc.o(.text.LCD_ShowChar)
    LCD_ShowChinese                          0x08006c19   Thumb Code   408  lcd_ltdc.o(.text.LCD_ShowChinese)
    LCD_ShowString                           0x08006df9   Thumb Code    56  lcd_ltdc.o(.text.LCD_ShowString)
    MPU_Config                               0x08006f39   Thumb Code    96  main.o(.text.MPU_Config)
    MX_GPIO_Init                             0x08006fad   Thumb Code   164  gpio.o(.text.MX_GPIO_Init)
    SPI1_IRQHandler                          0x08007761   Thumb Code     8  spi_master.o(.text.SPI1_IRQHandler)
    SPI1_Master_Init                         0x0800779d   Thumb Code   444  spi_master.o(.text.SPI1_Master_Init)
    SPI1_SendReceive                         0x08007971   Thumb Code   212  spi_master.o(.text.SPI1_SendReceive)
    SysTick_Handler                          0x08007be9   Thumb Code     4  main.o(.text.SysTick_Handler)
    SystemClock_Config                       0x08007bed   Thumb Code   272  main.o(.text.SystemClock_Config)
    SystemInit                               0x08007d09   Thumb Code   168  system_stm32h7xx.o(.text.SystemInit)
    assert_failed                            0x08007dd9   Thumb Code     2  main.o(.text.assert_failed)
    bsp_InitExtSDRAM                         0x08007ddd   Thumb Code   420  bsp_fmc_sdram.o(.text.bsp_InitExtSDRAM)
    bsp_TestExtSDRAM_Block                   0x08007f95   Thumb Code    62  bsp_fmc_sdram.o(.text.bsp_TestExtSDRAM_Block)
    get_mode_name                            0x08007fd5   Thumb Code    16  main.o(.text.get_mode_name)
    get_mode_short_name                      0x0800801d   Thumb Code    24  main.o(.text.get_mode_short_name)
    main                                     0x08008075   Thumb Code   880  main.o(.text.main)
    __0snprintf                              0x08008539   Thumb Code    48  printfa.o(i.__0snprintf)
    __1snprintf                              0x08008539   Thumb Code     0  printfa.o(i.__0snprintf)
    __2snprintf                              0x08008539   Thumb Code     0  printfa.o(i.__0snprintf)
    __c89snprintf                            0x08008539   Thumb Code     0  printfa.o(i.__0snprintf)
    snprintf                                 0x08008539   Thumb Code     0  printfa.o(i.__0snprintf)
    __0vsnprintf                             0x0800856d   Thumb Code    46  printfa.o(i.__0vsnprintf)
    __1vsnprintf                             0x0800856d   Thumb Code     0  printfa.o(i.__0vsnprintf)
    __2vsnprintf                             0x0800856d   Thumb Code     0  printfa.o(i.__0vsnprintf)
    __c89vsnprintf                           0x0800856d   Thumb Code     0  printfa.o(i.__0vsnprintf)
    vsnprintf                                0x0800856d   Thumb Code     0  printfa.o(i.__0vsnprintf)
    __scatterload_copy                       0x080085a1   Thumb Code    14  handlers.o(i.__scatterload_copy)
    __scatterload_null                       0x080085af   Thumb Code     2  handlers.o(i.__scatterload_null)
    __scatterload_zeroinit                   0x080085b1   Thumb Code    14  handlers.o(i.__scatterload_zeroinit)
    D1CorePrescTable                         0x08008f90   Data          16  system_stm32h7xx.o(.rodata.D1CorePrescTable)
    asc2_1206                                0x080090b8   Data        1140  lcd_ltdc.o(.rodata.asc2_1206)
    asc2_1608                                0x0800952c   Data        1520  lcd_ltdc.o(.rodata.asc2_1608)
    asc2_2412                                0x08009b1c   Data        3420  lcd_ltdc.o(.rodata.asc2_2412)
    asc2_3216                                0x0800a878   Data        6080  lcd_ltdc.o(.rodata.asc2_3216)
    tfont12                                  0x0800c529   Data          52  lcd_ltdc.o(.rodata.tfont12)
    tfont16                                  0x0800c55d   Data        3366  lcd_ltdc.o(.rodata.tfont16)
    tfont24                                  0x0800d283   Data         148  lcd_ltdc.o(.rodata.tfont24)
    tfont32                                  0x0800d317   Data       12870  lcd_ltdc.o(.rodata.tfont32)
    Region$$Table$$Base                      0x08010560   Number         0  anon$$obj.o(Region$$Table)
    Region$$Table$$Limit                     0x08010580   Number         0  anon$$obj.o(Region$$Table)
    SystemCoreClock                          0x24000000   Data           4  system_stm32h7xx.o(.data..L_MergedGlobals)
    SystemD2Clock                            0x24000004   Data           4  system_stm32h7xx.o(.data..L_MergedGlobals)
    uwTickFreq                               0x24000008   Data           1  stm32h7xx_hal.o(.data..L_MergedGlobals)
    uwTickPrio                               0x2400000c   Data           4  stm32h7xx_hal.o(.data..L_MergedGlobals)
    hdma_spi1_rx                             0x24000024   Data         120  spi_master.o(.bss..L_MergedGlobals)
    g_hltdc                                  0x24000104   Data         168  bsp_lcd_rgb.o(.bss.g_hltdc)
    hdma_spi1_tx                             0x240001e0   Data         120  spi_master.o(.bss.hdma_spi1_tx)
    hspi1                                    0x24000258   Data         136  spi_master.o(.bss.hspi1)
    uwTick                                   0x24000300   Data           4  stm32h7xx_hal.o(.bss.uwTick)
    __initial_sp                             0x24000708   Data           0  startup_stm32h743xx.o(STACK)



==============================================================================

Memory Map of the image

  Image Entry point : 0x08000299

  Load Region LR_IROM1 (Base: 0x08000000, Size: 0x000105a0, Max: 0x00020000, ABSOLUTE)

    Execution Region ER_IROM1 (Exec base: 0x08000000, Load base: 0x08000000, Size: 0x00010580, Max: 0x00020000, ABSOLUTE)

    Exec Addr    Load Addr    Size         Type   Attr      Idx    E Section Name        Object

    0x08000000   0x08000000   0x00000298   Data   RO         1324    RESET               startup_stm32h743xx.o
    0x08000298   0x08000298   0x00000000   Code   RO         1500  * .ARM.Collect$$$$00000000  mc_w.l(entry.o)
    0x08000298   0x08000298   0x00000004   Code   RO         1772    .ARM.Collect$$$$00000001  mc_w.l(entry2.o)
    0x0800029c   0x0800029c   0x00000004   Code   RO         1775    .ARM.Collect$$$$00000004  mc_w.l(entry5.o)
    0x080002a0   0x080002a0   0x00000000   Code   RO         1777    .ARM.Collect$$$$00000008  mc_w.l(entry7b.o)
    0x080002a0   0x080002a0   0x00000000   Code   RO         1779    .ARM.Collect$$$$0000000A  mc_w.l(entry8b.o)
    0x080002a0   0x080002a0   0x00000008   Code   RO         1780    .ARM.Collect$$$$0000000B  mc_w.l(entry9a.o)
    0x080002a8   0x080002a8   0x00000000   Code   RO         1782    .ARM.Collect$$$$0000000D  mc_w.l(entry10a.o)
    0x080002a8   0x080002a8   0x00000000   Code   RO         1784    .ARM.Collect$$$$0000000F  mc_w.l(entry11a.o)
    0x080002a8   0x080002a8   0x00000004   Code   RO         1773    .ARM.Collect$$$$00002712  mc_w.l(entry2.o)
    0x080002ac   0x080002ac   0x0000002c   Code   RO         1325    .text               startup_stm32h743xx.o
    0x080002d8   0x080002d8   0x00000024   Code   RO         1503    .text               mc_w.l(memcpya.o)
    0x080002fc   0x080002fc   0x00000024   Code   RO         1505    .text               mc_w.l(memseta.o)
    0x08000320   0x08000320   0x0000000e   Code   RO         1507    .text               mc_w.l(strlen.o)
    0x0800032e   0x0800032e   0x0000002c   Code   RO         1800    .text               mc_w.l(uidiv.o)
    0x0800035a   0x0800035a   0x00000062   Code   RO         1802    .text               mc_w.l(uldiv.o)
    0x080003bc   0x080003bc   0x00000000   Code   RO         1804    .text               mc_w.l(iusefp.o)
    0x080003bc   0x080003bc   0x0000014e   Code   RO         1805    .text               mf_w.l(dadd.o)
    0x0800050a   0x0800050a   0x000000e4   Code   RO         1807    .text               mf_w.l(dmul.o)
    0x080005ee   0x080005ee   0x000000de   Code   RO         1809    .text               mf_w.l(ddiv.o)
    0x080006cc   0x080006cc   0x00000030   Code   RO         1811    .text               mf_w.l(dfixul.o)
    0x080006fc   0x080006fc   0x00000030   Code   RO         1813    .text               mf_w.l(cdrcmple.o)
    0x0800072c   0x0800072c   0x00000024   Code   RO         1815    .text               mc_w.l(init.o)
    0x08000750   0x08000750   0x0000001e   Code   RO         1818    .text               mc_w.l(llshl.o)
    0x0800076e   0x0800076e   0x00000020   Code   RO         1820    .text               mc_w.l(llushr.o)
    0x0800078e   0x0800078e   0x00000024   Code   RO         1822    .text               mc_w.l(llsshr.o)
    0x080007b2   0x080007b2   0x000000ba   Code   RO         1825    .text               mf_w.l(depilogue.o)
    0x0800086c   0x0800086c   0x0000001e   Code   RO         1157    .text.BSP_UI_IO_Init  bsp_ui_io_expander.o
    0x0800088a   0x0800088a   0x00000002   PAD
    0x0800088c   0x0800088c   0x00000040   Code   RO         1159    .text.BSP_UI_IO_InitBus  bsp_ui_io_expander.o
    0x080008cc   0x080008cc   0x0000001a   Code   RO         1165    .text.BSP_UI_IO_InitKeyLeds  bsp_ui_io_expander.o
    0x080008e6   0x080008e6   0x0000001c   Code   RO         1163    .text.BSP_UI_IO_Write16  bsp_ui_io_expander.o
    0x08000902   0x08000902   0x0000000c   Code   RO         1167    .text.BSP_UI_IO_WriteKeyLeds  bsp_ui_io_expander.o
    0x0800090e   0x0800090e   0x00000002   PAD
    0x08000910   0x08000910   0x00000080   Code   RO         1336    .text.CPU_CACHE_Enable  main.o
    0x08000990   0x08000990   0x0000000c   Code   RO         1300    .text.DMA1_Stream0_IRQHandler  spi_master.o
    0x0800099c   0x0800099c   0x0000000c   Code   RO         1302    .text.DMA1_Stream1_IRQHandler  spi_master.o
    0x080009a8   0x080009a8   0x000000dc   Code   RO          739    .text.DMA_CalcBaseAndBitshift  stm32h7xx_hal_dma.o
    0x08000a84   0x08000a84   0x0000008c   Code   RO          741    .text.DMA_CalcDMAMUXChannelBaseAndMask  stm32h7xx_hal_dma.o
    0x08000b10   0x08000b10   0x00000064   Code   RO          743    .text.DMA_CalcDMAMUXRequestGenBaseAndMask  stm32h7xx_hal_dma.o
    0x08000b74   0x08000b74   0x000001e4   Code   RO          749    .text.DMA_SetConfig  stm32h7xx_hal_dma.o
    0x08000d58   0x08000d58   0x00000004   Code   RO         1348    .text.Error_Handler  main.o
    0x08000d5c   0x08000d5c   0x00000002   Code   RO            6    .text.ExitRun0Mode  system_stm32h7xx.o
    0x08000d5e   0x08000d5e   0x00000012   Code   RO         1189    .text.FMCU_PI_Init  gpio.o
    0x08000d70   0x08000d70   0x00000004   Code   RO         1193    .text.FMCU_PI_Write  gpio.o
    0x08000d74   0x08000d74   0x0000016c   Code   RO         1005    .text.FMC_SDRAM_Init  stm32h7xx_ll_fmc.o
    0x08000ee0   0x08000ee0   0x00000038   Code   RO         1017    .text.FMC_SDRAM_ProgramRefreshRate  stm32h7xx_ll_fmc.o
    0x08000f18   0x08000f18   0x0000008c   Code   RO         1015    .text.FMC_SDRAM_SendCommand  stm32h7xx_ll_fmc.o
    0x08000fa4   0x08000fa4   0x0000013c   Code   RO         1007    .text.FMC_SDRAM_Timing_Init  stm32h7xx_ll_fmc.o
    0x080010e0   0x080010e0   0x000002e4   Code   RO          753    .text.HAL_DMA_Abort  stm32h7xx_hal_dma.o
    0x080013c4   0x080013c4   0x000001d4   Code   RO          755    .text.HAL_DMA_Abort_IT  stm32h7xx_hal_dma.o
    0x08001598   0x08001598   0x00000004   Code   RO          767    .text.HAL_DMA_GetError  stm32h7xx_hal_dma.o
    0x0800159c   0x0800159c   0x00000568   Code   RO          759    .text.HAL_DMA_IRQHandler  stm32h7xx_hal_dma.o
    0x08001b04   0x08001b04   0x00000528   Code   RO          737    .text.HAL_DMA_Init  stm32h7xx_hal_dma.o
    0x0800202c   0x0800202c   0x00000240   Code   RO          751    .text.HAL_DMA_Start_IT  stm32h7xx_hal_dma.o
    0x0800226c   0x0800226c   0x00000020   Code   RO           38    .text.HAL_Delay     stm32h7xx_hal.o
    0x0800228c   0x0800228c   0x0000000c   Code   RO           76    .text.HAL_EnableCompensationCell  stm32h7xx_hal.o
    0x08002298   0x08002298   0x0000025c   Code   RO          194    .text.HAL_GPIO_Init  stm32h7xx_hal_gpio.o
    0x080024f4   0x080024f4   0x00000030   Code   RO          200    .text.HAL_GPIO_WritePin  stm32h7xx_hal_gpio.o
    0x08002524   0x08002524   0x0000000c   Code   RO           46    .text.HAL_GetREVID  stm32h7xx_hal.o
    0x08002530   0x08002530   0x00000008   Code   RO           30    .text.HAL_GetTick   stm32h7xx_hal.o
    0x08002538   0x08002538   0x00000014   Code   RO           28    .text.HAL_IncTick   stm32h7xx_hal.o
    0x0800254c   0x0800254c   0x00000054   Code   RO           18    .text.HAL_Init      stm32h7xx_hal.o
    0x080025a0   0x080025a0   0x00000048   Code   RO           20    .text.HAL_InitTick  stm32h7xx_hal.o
    0x080025e8   0x080025e8   0x000000f4   Code   RO          235    .text.HAL_LTDC_ConfigLayer  stm32h7xx_hal_ltdc.o
    0x080026dc   0x080026dc   0x00000190   Code   RO          219    .text.HAL_LTDC_Init  stm32h7xx_hal_ltdc.o
    0x0800286c   0x0800286c   0x00000002   Code   RO          221    .text.HAL_LTDC_MspInit  stm32h7xx_hal_ltdc.o
    0x0800286e   0x0800286e   0x00000002   PAD
    0x08002870   0x08002870   0x000000f8   Code   RO          157    .text.HAL_MPU_ConfigRegion  stm32h7xx_hal_cortex.o
    0x08002968   0x08002968   0x00000014   Code   RO          149    .text.HAL_MPU_Disable  stm32h7xx_hal_cortex.o
    0x0800297c   0x0800297c   0x00000018   Code   RO          151    .text.HAL_MPU_Enable  stm32h7xx_hal_cortex.o
    0x08002994   0x08002994   0x00000002   Code   RO           22    .text.HAL_MspInit   stm32h7xx_hal.o
    0x08002996   0x08002996   0x00000002   PAD
    0x08002998   0x08002998   0x00000028   Code   RO          139    .text.HAL_NVIC_EnableIRQ  stm32h7xx_hal_cortex.o
    0x080029c0   0x080029c0   0x0000006c   Code   RO          137    .text.HAL_NVIC_SetPriority  stm32h7xx_hal_cortex.o
    0x08002a2c   0x08002a2c   0x00000034   Code   RO          135    .text.HAL_NVIC_SetPriorityGrouping  stm32h7xx_hal_cortex.o
    0x08002a60   0x08002a60   0x00000b40   Code   RO          802    .text.HAL_RCCEx_PeriphCLKConfig  stm32h7xx_hal_rcc_ex.o
    0x080035a0   0x080035a0   0x000003a8   Code   RO          452    .text.HAL_RCC_ClockConfig  stm32h7xx_hal_rcc.o
    0x08003948   0x08003948   0x000000f8   Code   RO          454    .text.HAL_RCC_GetSysClockFreq  stm32h7xx_hal_rcc.o
    0x08003a40   0x08003a40   0x00000674   Code   RO          450    .text.HAL_RCC_OscConfig  stm32h7xx_hal_rcc.o
    0x080040b4   0x080040b4   0x00000050   Code   RO          909    .text.HAL_SDRAM_Init  stm32h7xx_hal_sdram.o
    0x08004104   0x08004104   0x00000002   Code   RO          911    .text.HAL_SDRAM_MspInit  stm32h7xx_hal_sdram.o
    0x08004106   0x08004106   0x0000002e   Code   RO          953    .text.HAL_SDRAM_ProgramRefreshRate  stm32h7xx_hal_sdram.o
    0x08004134   0x08004134   0x0000003a   Code   RO          951    .text.HAL_SDRAM_SendCommand  stm32h7xx_hal_sdram.o
    0x0800416e   0x0800416e   0x00000002   PAD
    0x08004170   0x08004170   0x000000ec   Code   RO          565    .text.HAL_SPI_Abort  stm32h7xx_hal_spi.o
    0x0800425c   0x0800425c   0x0000001c   Code   RO         1308    .text.HAL_SPI_ErrorCallback  spi_master.o
    0x08004278   0x08004278   0x00000204   Code   RO          583    .text.HAL_SPI_IRQHandler  stm32h7xx_hal_spi.o
    0x0800447c   0x0800447c   0x00000430   Code   RO          509    .text.HAL_SPI_Init  stm32h7xx_hal_spi.o
    0x080048ac   0x080048ac   0x00000002   Code   RO          511    .text.HAL_SPI_MspInit  stm32h7xx_hal_spi.o
    0x080048ae   0x080048ae   0x00000002   Code   RO          591    .text.HAL_SPI_RxCpltCallback  stm32h7xx_hal_spi.o
    0x080048b0   0x080048b0   0x00000002   Code   RO          585    .text.HAL_SPI_SuspendCallback  stm32h7xx_hal_spi.o
    0x080048b2   0x080048b2   0x00000002   PAD
    0x080048b4   0x080048b4   0x000001b0   Code   RO          559    .text.HAL_SPI_TransmitReceive_DMA  stm32h7xx_hal_spi.o
    0x08004a64   0x08004a64   0x00000002   Code   RO          593    .text.HAL_SPI_TxCpltCallback  stm32h7xx_hal_spi.o
    0x08004a66   0x08004a66   0x00000002   PAD
    0x08004a68   0x08004a68   0x00000020   Code   RO         1306    .text.HAL_SPI_TxRxCpltCallback  spi_master.o
    0x08004a88   0x08004a88   0x00000002   Code   RO          601    .text.HAL_SPI_TxRxHalfCpltCallback  stm32h7xx_hal_spi.o
    0x08004a8a   0x08004a8a   0x00000002   PAD
    0x08004a8c   0x08004a8c   0x00000028   Code   RO          147    .text.HAL_SYSTICK_Config  stm32h7xx_hal_cortex.o
    0x08004ab4   0x08004ab4   0x00000004   Code   RO         1191    .text.KEY_LED_WriteMask  gpio.o
    0x08004ab8   0x08004ab8   0x00000020   Code   RO         1356    .text.KeyLedState_Commit  main.o
    0x08004ad8   0x08004ad8   0x00000020   Code   RO         1354    .text.KeyLedState_Reset  main.o
    0x08004af8   0x08004af8   0x00000034   Code   RO         1246    .text.LCD_CleanDCacheRegion  lcd_ltdc.o
    0x08004b2c   0x08004b2c   0x00000028   Code   RO         1242    .text.LCD_Clear     lcd_ltdc.o
    0x08004b54   0x08004b54   0x00000036   Code   RO         1404    .text.LCD_ClearCardContent  main.o
    0x08004b8a   0x08004b8a   0x00000002   PAD
    0x08004b8c   0x08004b8c   0x00000440   Code   RO         1340    .text.LCD_Display_Update  main.o
    0x08004fcc   0x08004fcc   0x00000080   Code   RO         1400    .text.LCD_DrawBitStrip  main.o
    0x0800504c   0x0800504c   0x00000068   Code   RO         1402    .text.LCD_DrawCard  main.o
    0x080050b4   0x080050b4   0x00000084   Code   RO         1250    .text.LCD_DrawLine  lcd_ltdc.o
    0x08005138   0x08005138   0x000000dc   Code   RO         1388    .text.LCD_DrawMode0LedView  main.o
    0x08005214   0x08005214   0x00000064   Code   RO         1362    .text.LCD_DrawMode0View  main.o
    0x08005278   0x08005278   0x0000009c   Code   RO         1364    .text.LCD_DrawMode1View  main.o
    0x08005314   0x08005314   0x000000e4   Code   RO         1366    .text.LCD_DrawMode2View  main.o
    0x080053f8   0x080053f8   0x00000118   Code   RO         1368    .text.LCD_DrawMode3View  main.o
    0x08005510   0x08005510   0x000000d0   Code   RO         1370    .text.LCD_DrawMode4View  main.o
    0x080055e0   0x080055e0   0x000000d8   Code   RO         1372    .text.LCD_DrawMode5View  main.o
    0x080056b8   0x080056b8   0x0000020c   Code   RO         1374    .text.LCD_DrawMode6View  main.o
    0x080058c4   0x080058c4   0x000002a8   Code   RO         1376    .text.LCD_DrawMode7View  main.o
    0x08005b6c   0x08005b6c   0x00000124   Code   RO         1378    .text.LCD_DrawMode8View  main.o
    0x08005c90   0x08005c90   0x00000264   Code   RO         1380    .text.LCD_DrawMode9View  main.o
    0x08005ef4   0x08005ef4   0x00000120   Code   RO         1382    .text.LCD_DrawModeAView  main.o
    0x08006014   0x08006014   0x00000044   Code   RO         1384    .text.LCD_DrawModeBView  main.o
    0x08006058   0x08006058   0x00000060   Code   RO         1386    .text.LCD_DrawModeCView  main.o
    0x080060b8   0x080060b8   0x00000034   Code   RO         1248    .text.LCD_DrawPoint  lcd_ltdc.o
    0x080060ec   0x080060ec   0x00000044   Code   RO         1252    .text.LCD_DrawRectangle  lcd_ltdc.o
    0x08006130   0x08006130   0x00000170   Code   RO         1258    .text.LCD_DrawRoundedRect  lcd_ltdc.o
    0x080062a0   0x080062a0   0x0000001a   Code   RO         1392    .text.LCD_DrawSegmentH  main.o
    0x080062ba   0x080062ba   0x0000001a   Code   RO         1394    .text.LCD_DrawSegmentV  main.o
    0x080062d4   0x080062d4   0x00000164   Code   RO         1390    .text.LCD_DrawSevenSegDigit  main.o
    0x08006438   0x08006438   0x00000098   Code   RO         1398    .text.LCD_DrawValuePanelCN  main.o
    0x080064d0   0x080064d0   0x00000034   Code   RO         1254    .text.LCD_Fill      lcd_ltdc.o
    0x08006504   0x08006504   0x00000138   Code   RO         1256    .text.LCD_FillRounded  lcd_ltdc.o
    0x0800663c   0x0800663c   0x0000000c   Code   RO         1116    .text.LCD_RGB_BacklightOff  bsp_lcd_rgb.o
    0x08006648   0x08006648   0x00000010   Code   RO         1114    .text.LCD_RGB_BacklightOn  bsp_lcd_rgb.o
    0x08006658   0x08006658   0x00000384   Code   RO         1112    .text.LCD_RGB_Init  bsp_lcd_rgb.o
    0x080069dc   0x080069dc   0x00000028   Code   RO         1126    .text.LCD_RGB_PanelDelayUS  bsp_lcd_rgb.o
    0x08006a04   0x08006a04   0x00000040   Code   RO         1124    .text.LCD_RGB_PanelWriteByte  bsp_lcd_rgb.o
    0x08006a44   0x08006a44   0x00000024   Code   RO         1118    .text.LCD_RGB_PanelWriteCmd  bsp_lcd_rgb.o
    0x08006a68   0x08006a68   0x00000028   Code   RO         1122    .text.LCD_RGB_PanelWriteData  bsp_lcd_rgb.o
    0x08006a90   0x08006a90   0x0000001a   Code   RO         1120    .text.LCD_RGB_PanelWriteRegData  bsp_lcd_rgb.o
    0x08006aaa   0x08006aaa   0x00000002   PAD
    0x08006aac   0x08006aac   0x0000000c   Code   RO         1272    .text.LCD_Refresh   lcd_ltdc.o
    0x08006ab8   0x08006ab8   0x00000068   Code   RO         1274    .text.LCD_RefreshRect  lcd_ltdc.o
    0x08006b20   0x08006b20   0x0000000c   Code   RO         1268    .text.LCD_SetBackColor  lcd_ltdc.o
    0x08006b2c   0x08006b2c   0x0000000c   Code   RO         1270    .text.LCD_SetTextColor  lcd_ltdc.o
    0x08006b38   0x08006b38   0x000000e0   Code   RO         1260    .text.LCD_ShowChar  lcd_ltdc.o
    0x08006c18   0x08006c18   0x000001a8   Code   RO         1264    .text.LCD_ShowChinese  lcd_ltdc.o
    0x08006dc0   0x08006dc0   0x00000038   Code   RO         1396    .text.LCD_ShowFormatted  main.o
    0x08006df8   0x08006df8   0x00000038   Code   RO         1262    .text.LCD_ShowString  lcd_ltdc.o
    0x08006e30   0x08006e30   0x00000108   Code   RO          237    .text.LTDC_SetConfig  stm32h7xx_hal_ltdc.o
    0x08006f38   0x08006f38   0x00000074   Code   RO         1334    .text.MPU_Config    main.o
    0x08006fac   0x08006fac   0x000000a8   Code   RO         1185    .text.MX_GPIO_Init  gpio.o
    0x08007054   0x08007054   0x0000000a   Code   RO          299    .text.OUTLINED_FUNCTION_0  stm32h7xx_hal_ltdc.o
    0x0800705e   0x0800705e   0x0000000c   Code   RO          476    .text.OUTLINED_FUNCTION_0  stm32h7xx_hal_rcc.o
    0x0800706a   0x0800706a   0x00000020   Code   RO          769    .text.OUTLINED_FUNCTION_0  stm32h7xx_hal_dma.o
    0x0800708a   0x0800708a   0x00000010   Code   RO          858    .text.OUTLINED_FUNCTION_0  stm32h7xx_hal_rcc_ex.o
    0x0800709a   0x0800709a   0x00000018   Code   RO         1023    .text.OUTLINED_FUNCTION_0  stm32h7xx_ll_fmc.o
    0x080070b2   0x080070b2   0x00000008   Code   RO         1101    .text.OUTLINED_FUNCTION_0  bsp_fmc_sdram.o
    0x080070ba   0x080070ba   0x00000010   Code   RO         1128    .text.OUTLINED_FUNCTION_0  bsp_lcd_rgb.o
    0x080070ca   0x080070ca   0x00000008   Code   RO         1195    .text.OUTLINED_FUNCTION_0  gpio.o
    0x080070d2   0x080070d2   0x0000000a   Code   RO         1310    .text.OUTLINED_FUNCTION_0  spi_master.o
    0x080070dc   0x080070dc   0x00000008   Code   RO         1406    .text.OUTLINED_FUNCTION_0  main.o
    0x080070e4   0x080070e4   0x00000006   Code   RO          478    .text.OUTLINED_FUNCTION_1  stm32h7xx_hal_rcc.o
    0x080070ea   0x080070ea   0x0000000e   Code   RO          609    .text.OUTLINED_FUNCTION_1  stm32h7xx_hal_spi.o
    0x080070f8   0x080070f8   0x0000000e   Code   RO          771    .text.OUTLINED_FUNCTION_1  stm32h7xx_hal_dma.o
    0x08007106   0x08007106   0x00000010   Code   RO         1130    .text.OUTLINED_FUNCTION_1  bsp_lcd_rgb.o
    0x08007116   0x08007116   0x00000010   Code   RO         1408    .text.OUTLINED_FUNCTION_1  main.o
    0x08007126   0x08007126   0x00000008   Code   RO          496    .text.OUTLINED_FUNCTION_10  stm32h7xx_hal_rcc.o
    0x0800712e   0x0800712e   0x0000000a   Code   RO          627    .text.OUTLINED_FUNCTION_10  stm32h7xx_hal_spi.o
    0x08007138   0x08007138   0x00000006   Code   RO          789    .text.OUTLINED_FUNCTION_10  stm32h7xx_hal_dma.o
    0x0800713e   0x0800713e   0x0000000a   Code   RO          878    .text.OUTLINED_FUNCTION_10  stm32h7xx_hal_rcc_ex.o
    0x08007148   0x08007148   0x00000006   Code   RO         1426    .text.OUTLINED_FUNCTION_10  main.o
    0x0800714e   0x0800714e   0x0000000e   Code   RO          629    .text.OUTLINED_FUNCTION_11  stm32h7xx_hal_spi.o
    0x0800715c   0x0800715c   0x0000000e   Code   RO          791    .text.OUTLINED_FUNCTION_11  stm32h7xx_hal_dma.o
    0x0800716a   0x0800716a   0x0000000a   Code   RO          880    .text.OUTLINED_FUNCTION_11  stm32h7xx_hal_rcc_ex.o
    0x08007174   0x08007174   0x0000000a   Code   RO         1428    .text.OUTLINED_FUNCTION_11  main.o
    0x0800717e   0x0800717e   0x0000001a   Code   RO          323    .text.OUTLINED_FUNCTION_12  stm32h7xx_hal_ltdc.o
    0x08007198   0x08007198   0x0000000a   Code   RO          882    .text.OUTLINED_FUNCTION_12  stm32h7xx_hal_rcc_ex.o
    0x080071a2   0x080071a2   0x0000000e   Code   RO         1430    .text.OUTLINED_FUNCTION_12  main.o
    0x080071b0   0x080071b0   0x00000016   Code   RO          633    .text.OUTLINED_FUNCTION_13  stm32h7xx_hal_spi.o
    0x080071c6   0x080071c6   0x0000000a   Code   RO         1432    .text.OUTLINED_FUNCTION_13  main.o
    0x080071d0   0x080071d0   0x00000008   Code   RO          635    .text.OUTLINED_FUNCTION_14  stm32h7xx_hal_spi.o
    0x080071d8   0x080071d8   0x0000000a   Code   RO          886    .text.OUTLINED_FUNCTION_14  stm32h7xx_hal_rcc_ex.o
    0x080071e2   0x080071e2   0x0000000e   Code   RO         1434    .text.OUTLINED_FUNCTION_14  main.o
    0x080071f0   0x080071f0   0x00000008   Code   RO          637    .text.OUTLINED_FUNCTION_15  stm32h7xx_hal_spi.o
    0x080071f8   0x080071f8   0x00000006   Code   RO         1436    .text.OUTLINED_FUNCTION_15  main.o
    0x080071fe   0x080071fe   0x00000014   Code   RO          639    .text.OUTLINED_FUNCTION_16  stm32h7xx_hal_spi.o
    0x08007212   0x08007212   0x00000008   Code   RO          890    .text.OUTLINED_FUNCTION_16  stm32h7xx_hal_rcc_ex.o
    0x0800721a   0x0800721a   0x00000008   Code   RO          641    .text.OUTLINED_FUNCTION_17  stm32h7xx_hal_spi.o
    0x08007222   0x08007222   0x0000000a   Code   RO          892    .text.OUTLINED_FUNCTION_17  stm32h7xx_hal_rcc_ex.o
    0x0800722c   0x0800722c   0x00000008   Code   RO          894    .text.OUTLINED_FUNCTION_18  stm32h7xx_hal_rcc_ex.o
    0x08007234   0x08007234   0x0000000a   Code   RO          337    .text.OUTLINED_FUNCTION_19  stm32h7xx_hal_ltdc.o
    0x0800723e   0x0800723e   0x0000000a   Code   RO          896    .text.OUTLINED_FUNCTION_19  stm32h7xx_hal_rcc_ex.o
    0x08007248   0x08007248   0x0000000a   Code   RO          183    .text.OUTLINED_FUNCTION_2  stm32h7xx_hal_cortex.o
    0x08007252   0x08007252   0x00000016   Code   RO          480    .text.OUTLINED_FUNCTION_2  stm32h7xx_hal_rcc.o
    0x08007268   0x08007268   0x00000012   Code   RO          773    .text.OUTLINED_FUNCTION_2  stm32h7xx_hal_dma.o
    0x0800727a   0x0800727a   0x0000000a   Code   RO          862    .text.OUTLINED_FUNCTION_2  stm32h7xx_hal_rcc_ex.o
    0x08007284   0x08007284   0x0000000c   Code   RO         1132    .text.OUTLINED_FUNCTION_2  bsp_lcd_rgb.o
    0x08007290   0x08007290   0x0000000e   Code   RO         1410    .text.OUTLINED_FUNCTION_2  main.o
    0x0800729e   0x0800729e   0x0000000a   Code   RO          339    .text.OUTLINED_FUNCTION_20  stm32h7xx_hal_ltdc.o
    0x080072a8   0x080072a8   0x0000000a   Code   RO          647    .text.OUTLINED_FUNCTION_20  stm32h7xx_hal_spi.o
    0x080072b2   0x080072b2   0x00000006   Code   RO          898    .text.OUTLINED_FUNCTION_20  stm32h7xx_hal_rcc_ex.o
    0x080072b8   0x080072b8   0x0000000c   Code   RO          655    .text.OUTLINED_FUNCTION_24  stm32h7xx_hal_spi.o
    0x080072c4   0x080072c4   0x00000012   Code   RO          657    .text.OUTLINED_FUNCTION_25  stm32h7xx_hal_spi.o
    0x080072d6   0x080072d6   0x0000000a   Code   RO          120    .text.OUTLINED_FUNCTION_3  stm32h7xx_hal.o
    0x080072e0   0x080072e0   0x00000008   Code   RO          482    .text.OUTLINED_FUNCTION_3  stm32h7xx_hal_rcc.o
    0x080072e8   0x080072e8   0x0000000c   Code   RO          775    .text.OUTLINED_FUNCTION_3  stm32h7xx_hal_dma.o
    0x080072f4   0x080072f4   0x0000000a   Code   RO          864    .text.OUTLINED_FUNCTION_3  stm32h7xx_hal_rcc_ex.o
    0x080072fe   0x080072fe   0x00000008   Code   RO          967    .text.OUTLINED_FUNCTION_3  stm32h7xx_hal_sdram.o
    0x08007306   0x08007306   0x00000010   Code   RO         1412    .text.OUTLINED_FUNCTION_3  main.o
    0x08007316   0x08007316   0x00000006   Code   RO          673    .text.OUTLINED_FUNCTION_33  stm32h7xx_hal_spi.o
    0x0800731c   0x0800731c   0x0000000e   Code   RO          675    .text.OUTLINED_FUNCTION_34  stm32h7xx_hal_spi.o
    0x0800732a   0x0800732a   0x0000000e   Code   RO          677    .text.OUTLINED_FUNCTION_35  stm32h7xx_hal_spi.o
    0x08007338   0x08007338   0x0000000c   Code   RO          307    .text.OUTLINED_FUNCTION_4  stm32h7xx_hal_ltdc.o
    0x08007344   0x08007344   0x00000010   Code   RO          484    .text.OUTLINED_FUNCTION_4  stm32h7xx_hal_rcc.o
    0x08007354   0x08007354   0x00000010   Code   RO          777    .text.OUTLINED_FUNCTION_4  stm32h7xx_hal_dma.o
    0x08007364   0x08007364   0x0000000e   Code   RO         1031    .text.OUTLINED_FUNCTION_4  stm32h7xx_ll_fmc.o
    0x08007372   0x08007372   0x00000010   Code   RO         1414    .text.OUTLINED_FUNCTION_4  main.o
    0x08007382   0x08007382   0x00000010   Code   RO          486    .text.OUTLINED_FUNCTION_5  stm32h7xx_hal_rcc.o
    0x08007392   0x08007392   0x00000010   Code   RO          779    .text.OUTLINED_FUNCTION_5  stm32h7xx_hal_dma.o
    0x080073a2   0x080073a2   0x0000000a   Code   RO         1416    .text.OUTLINED_FUNCTION_5  main.o
    0x080073ac   0x080073ac   0x0000000e   Code   RO          488    .text.OUTLINED_FUNCTION_6  stm32h7xx_hal_rcc.o
    0x080073ba   0x080073ba   0x0000000e   Code   RO          781    .text.OUTLINED_FUNCTION_6  stm32h7xx_hal_dma.o
    0x080073c8   0x080073c8   0x00000032   Code   RO          870    .text.OUTLINED_FUNCTION_6  stm32h7xx_hal_rcc_ex.o
    0x080073fa   0x080073fa   0x00000012   Code   RO         1418    .text.OUTLINED_FUNCTION_6  main.o
    0x0800740c   0x0800740c   0x0000000e   Code   RO          490    .text.OUTLINED_FUNCTION_7  stm32h7xx_hal_rcc.o
    0x0800741a   0x0800741a   0x0000000c   Code   RO          621    .text.OUTLINED_FUNCTION_7  stm32h7xx_hal_spi.o
    0x08007426   0x08007426   0x0000000e   Code   RO          783    .text.OUTLINED_FUNCTION_7  stm32h7xx_hal_dma.o
    0x08007434   0x08007434   0x00000008   Code   RO         1420    .text.OUTLINED_FUNCTION_7  main.o
    0x0800743c   0x0800743c   0x0000000e   Code   RO          492    .text.OUTLINED_FUNCTION_8  stm32h7xx_hal_rcc.o
    0x0800744a   0x0800744a   0x0000000a   Code   RO          874    .text.OUTLINED_FUNCTION_8  stm32h7xx_hal_rcc_ex.o
    0x08007454   0x08007454   0x00000008   Code   RO         1422    .text.OUTLINED_FUNCTION_8  main.o
    0x0800745c   0x0800745c   0x00000008   Code   RO          494    .text.OUTLINED_FUNCTION_9  stm32h7xx_hal_rcc.o
    0x08007464   0x08007464   0x00000006   Code   RO          625    .text.OUTLINED_FUNCTION_9  stm32h7xx_hal_spi.o
    0x0800746a   0x0800746a   0x00000008   Code   RO          787    .text.OUTLINED_FUNCTION_9  stm32h7xx_hal_dma.o
    0x08007472   0x08007472   0x0000000a   Code   RO          876    .text.OUTLINED_FUNCTION_9  stm32h7xx_hal_rcc_ex.o
    0x0800747c   0x0800747c   0x0000000e   Code   RO         1424    .text.OUTLINED_FUNCTION_9  main.o
    0x0800748a   0x0800748a   0x00000002   PAD
    0x0800748c   0x0800748c   0x00000158   Code   RO          804    .text.RCCEx_PLL2_Config  stm32h7xx_hal_rcc_ex.o
    0x080075e4   0x080075e4   0x00000160   Code   RO          806    .text.RCCEx_PLL3_Config  stm32h7xx_hal_rcc_ex.o
    0x08007744   0x08007744   0x0000001a   Code   RO         1244    .text.RGB888_to_RGB565  lcd_ltdc.o
    0x0800775e   0x0800775e   0x00000002   PAD
    0x08007760   0x08007760   0x00000008   Code   RO         1304    .text.SPI1_IRQHandler  spi_master.o
    0x08007768   0x08007768   0x00000034   Code   RO         1298    .text.SPI1_InvalidateDCacheRegion  spi_master.o
    0x0800779c   0x0800779c   0x000001d4   Code   RO         1294    .text.SPI1_Master_Init  spi_master.o
    0x08007970   0x08007970   0x000000e4   Code   RO         1296    .text.SPI1_SendReceive  spi_master.o
    0x08007a54   0x08007a54   0x00000068   Code   RO          567    .text.SPI_AbortTransfer  stm32h7xx_hal_spi.o
    0x08007abc   0x08007abc   0x000000cc   Code   RO          519    .text.SPI_CloseTransfer  stm32h7xx_hal_spi.o
    0x08007b88   0x08007b88   0x00000016   Code   RO          595    .text.SPI_DMAAbortOnError  stm32h7xx_hal_spi.o
    0x08007b9e   0x08007b9e   0x00000020   Code   RO          551    .text.SPI_DMAError  stm32h7xx_hal_spi.o
    0x08007bbe   0x08007bbe   0x00000006   Code   RO          561    .text.SPI_DMAHalfTransmitReceiveCplt  stm32h7xx_hal_spi.o
    0x08007bc4   0x08007bc4   0x00000024   Code   RO          563    .text.SPI_DMATransmitReceiveCplt  stm32h7xx_hal_spi.o
    0x08007be8   0x08007be8   0x00000004   Code   RO         1350    .text.SysTick_Handler  main.o
    0x08007bec   0x08007bec   0x0000011c   Code   RO         1338    .text.SystemClock_Config  main.o
    0x08007d08   0x08007d08   0x000000d0   Code   RO            2    .text.SystemInit    system_stm32h7xx.o
    0x08007dd8   0x08007dd8   0x00000002   Code   RO         1352    .text.assert_failed  main.o
    0x08007dda   0x08007dda   0x00000002   PAD
    0x08007ddc   0x08007ddc   0x000001b8   Code   RO         1097    .text.bsp_InitExtSDRAM  bsp_fmc_sdram.o
    0x08007f94   0x08007f94   0x0000003e   Code   RO         1099    .text.bsp_TestExtSDRAM_Block  bsp_fmc_sdram.o
    0x08007fd2   0x08007fd2   0x00000002   PAD
    0x08007fd4   0x08007fd4   0x00000048   Code   RO         1342    .text.get_mode_name  main.o
    0x0800801c   0x0800801c   0x00000028   Code   RO         1344    .text.get_mode_short_name  main.o
    0x08008044   0x08008044   0x00000030   Code   RO         1360    .text.get_mode_ui_config  main.o
    0x08008074   0x08008074   0x000003b0   Code   RO         1332    .text.main          main.o
    0x08008424   0x08008424   0x0000000a   Code   RO         1358    .text.mode_shows_key_led_strip  main.o
    0x0800842e   0x0800842e   0x00000018   Code   RO         1171    .text.ui_i2c_delay  bsp_ui_io_expander.o
    0x08008446   0x08008446   0x00000002   PAD
    0x08008448   0x08008448   0x00000044   Code   RO         1173    .text.ui_i2c_send_byte  bsp_ui_io_expander.o
    0x0800848c   0x0800848c   0x00000024   Code   RO         1169    .text.ui_i2c_stop   bsp_ui_io_expander.o
    0x080084b0   0x080084b0   0x00000028   Code   RO         1175    .text.ui_i2c_wait_ack  bsp_ui_io_expander.o
    0x080084d8   0x080084d8   0x00000060   Code   RO         1161    .text.ui_i2c_write_reg  bsp_ui_io_expander.o
    0x08008538   0x08008538   0x00000034   Code   RO         1745    i.__0snprintf       mc_w.l(printfa.o)
    0x0800856c   0x0800856c   0x00000034   Code   RO         1749    i.__0vsnprintf      mc_w.l(printfa.o)
    0x080085a0   0x080085a0   0x0000000e   Code   RO         1829    i.__scatterload_copy  mc_w.l(handlers.o)
    0x080085ae   0x080085ae   0x00000002   Code   RO         1830    i.__scatterload_null  mc_w.l(handlers.o)
    0x080085b0   0x080085b0   0x0000000e   Code   RO         1831    i.__scatterload_zeroinit  mc_w.l(handlers.o)
    0x080085be   0x080085be   0x00000002   PAD
    0x080085c0   0x080085c0   0x00000184   Code   RO         1751    i._fp_digits        mc_w.l(printfa.o)
    0x08008744   0x08008744   0x000006dc   Code   RO         1752    i._printf_core      mc_w.l(printfa.o)
    0x08008e20   0x08008e20   0x00000024   Code   RO         1753    i._printf_post_padding  mc_w.l(printfa.o)
    0x08008e44   0x08008e44   0x0000002e   Code   RO         1754    i._printf_pre_padding  mc_w.l(printfa.o)
    0x08008e72   0x08008e72   0x00000016   Code   RO         1755    i._snputc           mc_w.l(printfa.o)
    0x08008e88   0x08008e88   0x00000006   Data   RO         1472    .rodata.CH_CODE     main.o
    0x08008e8e   0x08008e8e   0x00000006   Data   RO         1479    .rodata.CH_CONTROL  main.o
    0x08008e94   0x08008e94   0x00000008   Data   RO         1480    .rodata.CH_CONTROL_KEYS  main.o
    0x08008e9c   0x08008e9c   0x00000008   Data   RO         1475    .rodata.CH_COUNT    main.o
    0x08008ea4   0x08008ea4   0x0000000a   Data   RO         1490    .rodata.CH_CUR_MODE  main.o
    0x08008eae   0x08008eae   0x00000008   Data   RO         1461    .rodata.CH_DECODED_VALUE  main.o
    0x08008eb6   0x08008eb6   0x00000008   Data   RO         1456    .rodata.CH_DIGITS   main.o
    0x08008ebe   0x08008ebe   0x00000006   Data   RO         1467    .rodata.CH_DIRECTION  main.o
    0x08008ec4   0x08008ec4   0x0000000a   Data   RO         1484    .rodata.CH_EXPERIMENT_VIEW  main.o
    0x08008ece   0x08008ece   0x00000006   Data   RO         1489    .rodata.CH_FREQ     main.o
    0x08008ed4   0x08008ed4   0x00000008   Data   RO         1460    .rodata.CH_INPUT_BITS  main.o
    0x08008edc   0x08008edc   0x00000008   Data   RO         1459    .rodata.CH_KEY_CHAIN  main.o
    0x08008ee4   0x08008ee4   0x0000000a   Data   RO         1463    .rodata.CH_LAST_EVENT  main.o
    0x08008eee   0x08008eee   0x0000000a   Data   RO         1471    .rodata.CH_LCD_OUTPUT  main.o
    0x08008ef8   0x08008ef8   0x00000007   Data   RO         1457    .rodata.CH_LED_GROUP  main.o
    0x08008eff   0x08008eff   0x00000006   Data   RO         1464    .rodata.CH_LEFT     main.o
    0x08008f05   0x08008f05   0x00000006   Data   RO         1486    .rodata.CH_LINK     main.o
    0x08008f0b   0x08008f0b   0x00000006   Data   RO         1488    .rodata.CH_LINK_DISCONNECT  main.o
    0x08008f11   0x08008f11   0x00000006   Data   RO         1481    .rodata.CH_OUTPUT   main.o
    0x08008f17   0x08008f17   0x0000000e   Data   RO         1483    .rodata.CH_PANEL_TITLE  main.o
    0x08008f25   0x08008f25   0x00000006   Data   RO         1474    .rodata.CH_PARAM    main.o
    0x08008f2b   0x08008f2b   0x00000009   Data   RO         1469    .rodata.CH_PIO_STATUS  main.o
    0x08008f34   0x08008f34   0x00000006   Data   RO         1487    .rodata.CH_READY    main.o
    0x08008f3a   0x08008f3a   0x00000008   Data   RO         1466    .rodata.CH_REGISTER  main.o
    0x08008f42   0x08008f42   0x00000006   Data   RO         1458    .rodata.CH_RESULT   main.o
    0x08008f48   0x08008f48   0x00000006   Data   RO         1465    .rodata.CH_RIGHT    main.o
    0x08008f4e   0x08008f4e   0x00000006   Data   RO         1476    .rodata.CH_RUN      main.o
    0x08008f54   0x08008f54   0x0000000a   Data   RO         1485    .rodata.CH_RUN_STATUS  main.o
    0x08008f5e   0x08008f5e   0x00000006   Data   RO         1473    .rodata.CH_SCAN     main.o
    0x08008f64   0x08008f64   0x00000008   Data   RO         1462    .rodata.CH_SEG_PATTERN  main.o
    0x08008f6c   0x08008f6c   0x00000006   Data   RO         1477    .rodata.CH_SET      main.o
    0x08008f72   0x08008f72   0x0000000a   Data   RO         1468    .rodata.CH_SHIFT_PATH  main.o
    0x08008f7c   0x08008f7c   0x00000008   Data   RO         1470    .rodata.CH_SINGLE_PULSE  main.o
    0x08008f84   0x08008f84   0x00000006   Data   RO         1482    .rodata.CH_STATUS   main.o
    0x08008f8a   0x08008f8a   0x00000006   Data   RO         1478    .rodata.CH_TIME     main.o
    0x08008f90   0x08008f90   0x00000010   Data   RO            8    .rodata.D1CorePrescTable  system_stm32h7xx.o
    0x08008fa0   0x08008fa0   0x00000001   Data   RO         1135    .rodata.LCD_RGB_InitPanelRegisters.reg_b0  bsp_lcd_rgb.o
    0x08008fa1   0x08008fa1   0x00000003   Data   RO         1136    .rodata.LCD_RGB_InitPanelRegisters.reg_b1  bsp_lcd_rgb.o
    0x08008fa4   0x08008fa4   0x00000002   Data   RO         1137    .rodata.LCD_RGB_InitPanelRegisters.reg_b2  bsp_lcd_rgb.o
    0x08008fa6   0x08008fa6   0x00000001   Data   RO         1138    .rodata.LCD_RGB_InitPanelRegisters.reg_b3  bsp_lcd_rgb.o
    0x08008fa7   0x08008fa7   0x00000001   Data   RO         1139    .rodata.LCD_RGB_InitPanelRegisters.reg_b4  bsp_lcd_rgb.o
    0x08008fa8   0x08008fa8   0x00000005   Data   RO         1140    .rodata.LCD_RGB_InitPanelRegisters.reg_b5  bsp_lcd_rgb.o
    0x08008fad   0x08008fad   0x00000006   Data   RO         1141    .rodata.LCD_RGB_InitPanelRegisters.reg_b6  bsp_lcd_rgb.o
    0x08008fb3   0x08008fb3   0x00000002   Data   RO         1142    .rodata.LCD_RGB_InitPanelRegisters.reg_c0  bsp_lcd_rgb.o
    0x08008fb5   0x08008fb5   0x00000005   Data   RO         1143    .rodata.LCD_RGB_InitPanelRegisters.reg_c3  bsp_lcd_rgb.o
    0x08008fba   0x08008fba   0x00000006   Data   RO         1144    .rodata.LCD_RGB_InitPanelRegisters.reg_c4  bsp_lcd_rgb.o
    0x08008fc0   0x08008fc0   0x00000001   Data   RO         1145    .rodata.LCD_RGB_InitPanelRegisters.reg_c5  bsp_lcd_rgb.o
    0x08008fc1   0x08008fc1   0x00000003   Data   RO         1146    .rodata.LCD_RGB_InitPanelRegisters.reg_c6  bsp_lcd_rgb.o
    0x08008fc4   0x08008fc4   0x00000009   Data   RO         1147    .rodata.LCD_RGB_InitPanelRegisters.reg_d0  bsp_lcd_rgb.o
    0x08008fcd   0x08008fcd   0x00000009   Data   RO         1148    .rodata.LCD_RGB_InitPanelRegisters.reg_d1  bsp_lcd_rgb.o
    0x08008fd6   0x08008fd6   0x00000013   Data   RO         1443    .rodata.MODE0_RESOURCE_SUBTITLE  main.o
    0x08008fe9   0x08008fe9   0x00000013   Data   RO         1444    .rodata.MODE1_RESOURCE_SUBTITLE  main.o
    0x08008ffc   0x08008ffc   0x00000015   Data   RO         1445    .rodata.MODE2_RESOURCE_SUBTITLE  main.o
    0x08009011   0x08009011   0x00000013   Data   RO         1446    .rodata.MODE3_RESOURCE_SUBTITLE  main.o
    0x08009024   0x08009024   0x0000000f   Data   RO         1447    .rodata.MODE4_RESOURCE_SUBTITLE  main.o
    0x08009033   0x08009033   0x00000015   Data   RO         1448    .rodata.MODE5_RESOURCE_SUBTITLE  main.o
    0x08009048   0x08009048   0x00000011   Data   RO         1449    .rodata.MODE6_RESOURCE_SUBTITLE  main.o
    0x08009059   0x08009059   0x0000000f   Data   RO         1450    .rodata.MODE7_RESOURCE_SUBTITLE  main.o
    0x08009068   0x08009068   0x00000012   Data   RO         1451    .rodata.MODE8_RESOURCE_SUBTITLE  main.o
    0x0800907a   0x0800907a   0x0000000f   Data   RO         1452    .rodata.MODE9_RESOURCE_SUBTITLE  main.o
    0x08009089   0x08009089   0x0000000f   Data   RO         1453    .rodata.MODEA_RESOURCE_SUBTITLE  main.o
    0x08009098   0x08009098   0x00000011   Data   RO         1454    .rodata.MODEB_RESOURCE_SUBTITLE  main.o
    0x080090a9   0x080090a9   0x0000000f   Data   RO         1455    .rodata.MODEC_RESOURCE_SUBTITLE  main.o
    0x080090b8   0x080090b8   0x00000474   Data   RO         1276    .rodata.asc2_1206   lcd_ltdc.o
    0x0800952c   0x0800952c   0x000005f0   Data   RO         1277    .rodata.asc2_1608   lcd_ltdc.o
    0x08009b1c   0x08009b1c   0x00000d5c   Data   RO         1278    .rodata.asc2_2412   lcd_ltdc.o
    0x0800a878   0x0800a878   0x000017c0   Data   RO         1279    .rodata.asc2_3216   lcd_ltdc.o
    0x0800c038   0x0800c038   0x00000020   Data   RO          344    .rodata.cst32       stm32h7xx_hal_ltdc.o
    0x0800c058   0x0800c058   0x00000070   Data   RO         1440    .rodata.get_frequency_name.freq_names  main.o
    0x0800c0c8   0x0800c0c8   0x00000104   Data   RO         1442    .rodata.mode_ui_config_table  main.o
    0x0800c1cc   0x0800c1cc   0x0000003f   Data   RO          185    .rodata.str1.1      stm32h7xx_hal_cortex.o
    0x0800c20b   0x0800c20b   0x0000003d   Data   RO          210    .rodata.str1.1      stm32h7xx_hal_gpio.o
    0x0800c248   0x0800c248   0x0000003d   Data   RO          343    .rodata.str1.1      stm32h7xx_hal_ltdc.o
    0x0800c285   0x0800c285   0x0000003c   Data   RO          500    .rodata.str1.1      stm32h7xx_hal_rcc.o
    0x0800c2c1   0x0800c2c1   0x0000003c   Data   RO          679    .rodata.str1.1      stm32h7xx_hal_spi.o
    0x0800c2fd   0x0800c2fd   0x0000003c   Data   RO          793    .rodata.str1.1      stm32h7xx_hal_dma.o
    0x0800c339   0x0800c339   0x0000003f   Data   RO          900    .rodata.str1.1      stm32h7xx_hal_rcc_ex.o
    0x0800c378   0x0800c378   0x0000003b   Data   RO         1033    .rodata.str1.1      stm32h7xx_ll_fmc.o
    0x0800c3b3   0x0800c3b3   0x00000176   Data   RO         1439    .rodata.str1.1      main.o
    0x0800c529   0x0800c529   0x00000034   Data   RO         1280    .rodata.tfont12     lcd_ltdc.o
    0x0800c55d   0x0800c55d   0x00000d26   Data   RO         1281    .rodata.tfont16     lcd_ltdc.o
    0x0800d283   0x0800d283   0x00000094   Data   RO         1282    .rodata.tfont24     lcd_ltdc.o
    0x0800d317   0x0800d317   0x00003246   Data   RO         1283    .rodata.tfont32     lcd_ltdc.o
    0x0801055d   0x0801055d   0x00000003   PAD
    0x08010560   0x08010560   0x00000020   Data   RO         1828    Region$$Table       anon$$obj.o


    Execution Region RW_IRAM1 (Exec base: 0x20000000, Load base: 0x08010580, Size: 0x00000000, Max: 0x00020000, ABSOLUTE)

    **** No section assigned to this execution region ****


    Execution Region RW_IRAM2 (Exec base: 0x24000000, Load base: 0x08010580, Size: 0x00000708, Max: 0x00080000, ABSOLUTE)

    Exec Addr    Load Addr    Size         Type   Attr      Idx    E Section Name        Object

    0x24000000   0x08010580   0x00000008   Data   RW            9    .data..L_MergedGlobals  system_stm32h7xx.o
    0x24000008   0x08010588   0x00000008   Data   RW          126    .data..L_MergedGlobals  stm32h7xx_hal.o
    0x24000010   0x08010590   0x0000000b   Data   RW         1441    .data.UpdateKeyLedState.state  main.o
    0x2400001b   0x0801059b   0x00000001   PAD
    0x2400001c   0x0801059c   0x00000004   Data   RW         1284    .data.g_text_color  lcd_ltdc.o
    0x24000020        -       0x0000007c   Zero   RW         1314    .bss..L_MergedGlobals  spi_master.o
    0x2400009c   0x080105a0   0x00000004   PAD
    0x240000a0        -       0x00000060   Zero   RW         1492    .bss..L_MergedGlobals  main.o
    0x24000100        -       0x00000004   Zero   RW         1285    .bss.g_back_color   lcd_ltdc.o
    0x24000104        -       0x000000a8   Zero   RW         1134    .bss.g_hltdc        bsp_lcd_rgb.o
    0x240001ac        -       0x00000034   Zero   RW         1103    .bss.g_hsdram       bsp_fmc_sdram.o
    0x240001e0        -       0x00000078   Zero   RW         1313    .bss.hdma_spi1_tx   spi_master.o
    0x24000258        -       0x00000088   Zero   RW         1312    .bss.hspi1          spi_master.o
    0x240002e0        -       0x00000020   Zero   RW         1438    .bss.spi_rx_buf     main.o
    0x24000300        -       0x00000004   Zero   RW          124    .bss.uwTick         stm32h7xx_hal.o
    0x24000304   0x080105a0   0x00000004   PAD
    0x24000308        -       0x00000400   Zero   RW         1322    STACK               startup_stm32h743xx.o


==============================================================================

Image component sizes


      Code (inc. data)   RO Data    RW Data    ZI Data      Debug   Object Name

       510         20          0          0         52       7321   bsp_fmc_sdram.o
      1178        108         54          0        168       9745   bsp_lcd_rgb.o
       424         16          0          0          0       5289   bsp_ui_io_expander.o
       202          4          0          0          0       3349   gpio.o
      1946         88      28596          4          4      13148   lcd_ltdc.o
      7862       1088       1236         11        128      37152   main.o
       850         68          0          0        380      14286   spi_master.o
        44         12        664          0       1024        944   startup_stm32h743xx.o
       252         32          0          8          4      15615   stm32h7xx_hal.o
       542         36         63          0          0      13173   stm32h7xx_hal_cortex.o
      5600        696         60          0          0      15780   stm32h7xx_hal_dma.o
       652         28         61          0          0       7558   stm32h7xx_hal_gpio.o
       978         16         93          0          0      15910   stm32h7xx_hal_ltdc.o
      2974        136         60          0          0      12647   stm32h7xx_hal_rcc.o
      3764        302         63          0          0      19237   stm32h7xx_hal_rcc_ex.o
       194          4          0          0          0      12794   stm32h7xx_hal_sdram.o
      2866         60         60          0          0      23630   stm32h7xx_hal_spi.o
       914         28         59          0          0      10318   stm32h7xx_ll_fmc.o
       210         40         16          8          0       6087   system_stm32h7xx.o

    ----------------------------------------------------------------------
     31992       2782      31120         32       1768     243983   Object Totals
         0          0         32          0          0          0   (incl. Generated)
        30          0          3          1          8          0   (incl. Padding)

    ----------------------------------------------------------------------

      Code (inc. data)   RO Data    RW Data    ZI Data      Debug   Library Member Name

         0          0          0          0          0          0   entry.o
         0          0          0          0          0          0   entry10a.o
         0          0          0          0          0          0   entry11a.o
         8          4          0          0          0          0   entry2.o
         4          0          0          0          0          0   entry5.o
         0          0          0          0          0          0   entry7b.o
         0          0          0          0          0          0   entry8b.o
         8          4          0          0          0          0   entry9a.o
        30          0          0          0          0          0   handlers.o
        36          8          0          0          0         68   init.o
         0          0          0          0          0          0   iusefp.o
        30          0          0          0          0         68   llshl.o
        36          0          0          0          0         68   llsshr.o
        32          0          0          0          0         68   llushr.o
        36          0          0          0          0         68   memcpya.o
        36          0          0          0          0        108   memseta.o
      2352         90          0          0          0        604   printfa.o
        14          0          0          0          0         68   strlen.o
        44          0          0          0          0         80   uidiv.o
        98          0          0          0          0         92   uldiv.o
        48          0          0          0          0         68   cdrcmple.o
       334          0          0          0          0        148   dadd.o
       222          0          0          0          0        100   ddiv.o
       186          0          0          0          0        176   depilogue.o
        48          0          0          0          0         68   dfixul.o
       228          0          0          0          0         96   dmul.o

    ----------------------------------------------------------------------
      3832        106          0          0          0       1948   Library Totals
         2          0          0          0          0          0   (incl. Padding)

    ----------------------------------------------------------------------

      Code (inc. data)   RO Data    RW Data    ZI Data      Debug   Library Name

      2764        106          0          0          0       1292   mc_w.l
      1066          0          0          0          0        656   mf_w.l

    ----------------------------------------------------------------------
      3832        106          0          0          0       1948   Library Totals

    ----------------------------------------------------------------------

==============================================================================


      Code (inc. data)   RO Data    RW Data    ZI Data      Debug   

     35824       2888      31120         32       1768     244807   Grand Totals
     35824       2888      31120         32       1768     244807   ELF Image Totals
     35824       2888      31120         32          0          0   ROM Totals

==============================================================================

    Total RO  Size (Code + RO Data)                66944 (  65.38kB)
    Total RW  Size (RW Data + ZI Data)              1800 (   1.76kB)
    Total ROM Size (Code + RO Data + RW Data)      66976 (  65.41kB)

==============================================================================

