Component: ARM Compiler 5.05 update 1 (build 106) Tool: armlink [4d0efa]

==============================================================================

Section Cross References

    startup_stm32h743xx.o(STACK) refers (Special) to heapauxi.o(.text) for __use_two_region_memory
    startup_stm32h743xx.o(HEAP) refers (Special) to heapauxi.o(.text) for __use_two_region_memory
    startup_stm32h743xx.o(RESET) refers (Special) to heapauxi.o(.text) for __use_two_region_memory
    startup_stm32h743xx.o(RESET) refers to startup_stm32h743xx.o(STACK) for __initial_sp
    startup_stm32h743xx.o(RESET) refers to startup_stm32h743xx.o(.text) for Reset_Handler
    startup_stm32h743xx.o(RESET) refers to stm32h7xx_it.o(i.NMI_Handler) for NMI_Handler
    startup_stm32h743xx.o(RESET) refers to stm32h7xx_it.o(i.HardFault_Handler) for HardFault_Handler
    startup_stm32h743xx.o(RESET) refers to stm32h7xx_it.o(i.MemManage_Handler) for MemManage_Handler
    startup_stm32h743xx.o(RESET) refers to stm32h7xx_it.o(i.BusFault_Handler) for BusFault_Handler
    startup_stm32h743xx.o(RESET) refers to stm32h7xx_it.o(i.UsageFault_Handler) for UsageFault_Handler
    startup_stm32h743xx.o(RESET) refers to port.o(.emb_text) for SVC_Handler
    startup_stm32h743xx.o(RESET) refers to stm32h7xx_it.o(i.DebugMon_Handler) for DebugMon_Handler
    startup_stm32h743xx.o(RESET) refers to stm32h7xx_it.o(i.SysTick_Handler) for SysTick_Handler
    startup_stm32h743xx.o(RESET) refers to stm32h7xx_it.o(i.DMA1_Stream0_IRQHandler) for DMA1_Stream0_IRQHandler
    startup_stm32h743xx.o(RESET) refers to stm32h7xx_it.o(i.SPI4_IRQHandler) for SPI4_IRQHandler
    startup_stm32h743xx.o(RESET) refers to stm32h7xx_it.o(i.OTG_FS_IRQHandler) for OTG_FS_IRQHandler
    startup_stm32h743xx.o(.text) refers (Special) to heapauxi.o(.text) for __use_two_region_memory
    startup_stm32h743xx.o(.text) refers to system_stm32h7xx.o(i.SystemInit) for SystemInit
    startup_stm32h743xx.o(.text) refers to __main.o(!!!main) for __main
    startup_stm32h743xx.o(.text) refers to startup_stm32h743xx.o(HEAP) for Heap_Mem
    startup_stm32h743xx.o(.text) refers to startup_stm32h743xx.o(STACK) for Stack_Mem
    fpga_config.o(i.BSP_Jtag_GetHalOps) refers to fpga_config.o(.bss) for .bss
    fpga_config.o(i.BSP_Jtag_GetHalOps) refers to fpga_config.o(i.BSP_Jtag_SetTms) for BSP_Jtag_SetTms
    fpga_config.o(i.BSP_Jtag_GetHalOps) refers to fpga_config.o(i.BSP_Jtag_SetTck) for BSP_Jtag_SetTck
    fpga_config.o(i.BSP_Jtag_GetHalOps) refers to fpga_config.o(i.BSP_Jtag_SetTdi) for BSP_Jtag_SetTdi
    fpga_config.o(i.BSP_Jtag_GetHalOps) refers to fpga_config.o(i.BSP_Jtag_ReadTdo) for BSP_Jtag_ReadTdo
    fpga_config.o(i.Bridge_Command) refers to fpga_config.o(i.Bridge_CommandFrame) for Bridge_CommandFrame
    fpga_config.o(i.Bridge_CommandFrame) refers to fpga_config.o(i.Bridge_ShiftFrame) for Bridge_ShiftFrame
    fpga_config.o(i.Bridge_CommandFrame) refers to fpga_config.o(i.Bridge_LogFrame) for Bridge_LogFrame
    fpga_config.o(i.Bridge_LogFrame) refers to _printf_pad.o(.text) for _printf_pre_padding
    fpga_config.o(i.Bridge_LogFrame) refers to _printf_percent.o(.ARM.Collect$$_printf_percent$$00000000) for _printf_percent
    fpga_config.o(i.Bridge_LogFrame) refers to _printf_x.o(.ARM.Collect$$_printf_percent$$0000000C) for _printf_x
    fpga_config.o(i.Bridge_LogFrame) refers to _printf_s.o(.ARM.Collect$$_printf_percent$$00000014) for _printf_s
    fpga_config.o(i.Bridge_LogFrame) refers to _printf_hex_int.o(.text) for _printf_longlong_hex
    fpga_config.o(i.Bridge_LogFrame) refers to _printf_str.o(.text) for _printf_str
    fpga_config.o(i.Bridge_LogFrame) refers to rt_memclr_w.o(.text) for __aeabi_memclr4
    fpga_config.o(i.Bridge_LogFrame) refers to __2snprintf.o(.text) for __2snprintf
    fpga_config.o(i.Bridge_LogFrame) refers to usbd_cdc_if.o(i.CDC_Transmit_FS) for CDC_Transmit_FS
    fpga_config.o(i.Bridge_ReadStatusEx) refers to fpga_config.o(i.Bridge_CommandFrame) for Bridge_CommandFrame
    fpga_config.o(i.Bridge_SetCs) refers to fpga_config.o(i.Bridge_Command) for Bridge_Command
    fpga_config.o(i.Bridge_ShiftFrame) refers to fpga_config.o(i.Jtag_GotoState) for Jtag_GotoState
    fpga_config.o(i.Bridge_ShiftFrame) refers to fpga_config.o(i.Jtag_ShiftRawOrder) for Jtag_ShiftRawOrder
    fpga_config.o(i.Bridge_Xfer8) refers to fpga_config.o(i.Bridge_Command) for Bridge_Command
    fpga_config.o(i.FPGA_Check_Config_Cmd) refers to usbd_cdc_if.o(i.CDC_Transmit_FS) for CDC_Transmit_FS
    fpga_config.o(i.FPGA_Check_Config_Cmd) refers to fpga_config.o(.data) for .data
    fpga_config.o(i.FPGA_Delay_NS) refers to lludivv7m.o(.text) for __aeabi_uldivmod
    fpga_config.o(i.FPGA_Delay_NS) refers to fpga_config.o(.data) for .data
    fpga_config.o(i.FPGA_Delay_NS) refers to system_stm32h7xx.o(.data) for SystemCoreClock
    fpga_config.o(i.FPGA_Reset) refers to stm32h7xx_hal_gpio.o(i.HAL_GPIO_WritePin) for HAL_GPIO_WritePin
[...]
    strcmp                                   0x08001231   Thumb Code   104  strcmpv7m_pel.o(.text)
    _sys_exit                                0x08001299   Thumb Code     8  sys_exit.o(.text)
    __I$use$semihosting                      0x080012a5   Thumb Code     0  use_no_semi.o(.text)
    __use_no_semihosting_swi                 0x080012a5   Thumb Code     2  use_no_semi.o(.text)
    __semihosting_library_function           0x080012a7   Thumb Code     0  indicate_semi.o(.text)
    _btod_d2e                                0x080012a7   Thumb Code    62  btod.o(CL$$btod_d2e)
    _d2e_denorm_low                          0x080012e5   Thumb Code    70  btod.o(CL$$btod_d2e_denorm_low)
    _d2e_norm_op1                            0x0800132b   Thumb Code    96  btod.o(CL$$btod_d2e_norm_op1)
    __btod_div_common                        0x0800138b   Thumb Code   696  btod.o(CL$$btod_div_common)
    _e2e                                     0x080016c3   Thumb Code   198  btod.o(CL$$btod_e2e)
    _btod_ediv                               0x08001789   Thumb Code    40  btod.o(CL$$btod_ediv)
    _btod_emul                               0x080017b1   Thumb Code    40  btod.o(CL$$btod_emul)
    __btod_mult_common                       0x080017d9   Thumb Code   580  btod.o(CL$$btod_mult_common)
    BSP_Jtag_GetHalOps                       0x08001a1d   Thumb Code    20  fpga_config.o(i.BSP_Jtag_GetHalOps)
    BusFault_Handler                         0x08001cbd   Thumb Code     2  stm32h7xx_it.o(i.BusFault_Handler)
    CDC_Transmit_FS                          0x08001d11   Thumb Code    38  usbd_cdc_if.o(i.CDC_Transmit_FS)
    DMA1_Stream0_IRQHandler                  0x08001d3d   Thumb Code     6  stm32h7xx_it.o(i.DMA1_Stream0_IRQHandler)
    DebugMon_Handler                         0x08002181   Thumb Code     2  stm32h7xx_it.o(i.DebugMon_Handler)
    Error_Handler                            0x08002183   Thumb Code     4  main.o(i.Error_Handler)
    FMC_SDRAM_Init                           0x08002187   Thumb Code   106  stm32h7xx_ll_fmc.o(i.FMC_SDRAM_Init)
    FMC_SDRAM_ProgramRefreshRate             0x080021f1   Thumb Code    18  stm32h7xx_ll_fmc.o(i.FMC_SDRAM_ProgramRefreshRate)
    FMC_SDRAM_SendCommand                    0x08002203   Thumb Code    38  stm32h7xx_ll_fmc.o(i.FMC_SDRAM_SendCommand)
    FMC_SDRAM_Timing_Init                    0x08002229   Thumb Code   164  stm32h7xx_ll_fmc.o(i.FMC_SDRAM_Timing_Init)
    FPGAConfigDefaultTask                    0x080022d9   Thumb Code   346  fpgaconfigdefaulttask.o(i.FPGAConfigDefaultTask)
    FPGA_Check_Config_Cmd                    0x080025c5   Thumb Code    90  fpga_config.o(i.FPGA_Check_Config_Cmd)
    FPGA_Reset                               0x08002649   Thumb Code    48  fpga_config.o(i.FPGA_Reset)
    FPGA_Send_Bin_From_SDRAM                 0x08002681   Thumb Code   328  fpga_config.o(i.FPGA_Send_Bin_From_SDRAM)
    FPGA_Switch_Mode                         0x08002951   Thumb Code   100  fpga_config.o(i.FPGA_Switch_Mode)
    HAL_DMA_Abort                            0x08002ab5   Thumb Code   836  stm32h7xx_hal_dma.o(i.HAL_DMA_Abort)
    HAL_DMA_Abort_IT                         0x08002e15   Thumb Code   602  stm32h7xx_hal_dma.o(i.HAL_DMA_Abort_IT)
    HAL_DMA_DeInit                           0x08003099   Thumb Code   446  stm32h7xx_hal_dma.o(i.HAL_DMA_DeInit)
    HAL_DMA_GetError                         0x08003281   Thumb Code     4  stm32h7xx_hal_dma.o(i.HAL_DMA_GetError)
    HAL_DMA_IRQHandler                       0x08003285   Thumb Code  1756  stm32h7xx_hal_dma.o(i.HAL_DMA_IRQHandler)
    HAL_DMA_Init                             0x0800396d   Thumb Code   926  stm32h7xx_hal_dma.o(i.HAL_DMA_Init)
    HAL_DMA_Start_IT                         0x08003d31   Thumb Code   628  stm32h7xx_hal_dma.o(i.HAL_DMA_Start_IT)
    HAL_Delay                                0x08003fcd   Thumb Code    32  stm32h7xx_hal.o(i.HAL_Delay)
    HAL_GPIO_DeInit                          0x080040dd   Thumb Code   324  stm32h7xx_hal_gpio.o(i.HAL_GPIO_DeInit)
    HAL_GPIO_Init                            0x0800424d   Thumb Code   506  stm32h7xx_hal_gpio.o(i.HAL_GPIO_Init)
    HAL_GPIO_ReadPin                         0x08004479   Thumb Code    10  stm32h7xx_hal_gpio.o(i.HAL_GPIO_ReadPin)
    HAL_GPIO_WritePin                        0x08004483   Thumb Code    10  stm32h7xx_hal_gpio.o(i.HAL_GPIO_WritePin)
    HAL_GetREVID                             0x0800448d   Thumb Code     8  stm32h7xx_hal.o(i.HAL_GetREVID)
    HAL_GetTick                              0x08004499   Thumb Code     6  stm32h7xx_hal.o(i.HAL_GetTick)
    HAL_IncTick                              0x080044a5   Thumb Code    12  stm32h7xx_hal.o(i.HAL_IncTick)
    HAL_Init                                 0x080044b5   Thumb Code    74  stm32h7xx_hal.o(i.HAL_Init)
    HAL_InitTick                             0x08004511   Thumb Code    56  stm32h7xx_hal.o(i.HAL_InitTick)
    HAL_MPU_ConfigRegion                     0x08004551   Thumb Code    86  stm32h7xx_hal_cortex.o(i.HAL_MPU_ConfigRegion)
    HAL_MPU_Disable                          0x080045ad   Thumb Code    24  stm32h7xx_hal_cortex.o(i.HAL_MPU_Disable)
    HAL_MPU_Enable                           0x080045c9   Thumb Code    30  stm32h7xx_hal_cortex.o(i.HAL_MPU_Enable)
    HAL_MspInit                              0x080045ed   Thumb Code    32  stm32h7xx_hal_msp.o(i.HAL_MspInit)
    HAL_NVIC_DisableIRQ                      0x08004611   Thumb Code    34  stm32h7xx_hal_cortex.o(i.HAL_NVIC_DisableIRQ)
    HAL_NVIC_EnableIRQ                       0x08004633   Thumb Code    26  stm32h7xx_hal_cortex.o(i.HAL_NVIC_EnableIRQ)
    HAL_NVIC_SetPriority                     0x0800464d   Thumb Code    60  stm32h7xx_hal_cortex.o(i.HAL_NVIC_SetPriority)
    HAL_NVIC_SetPriorityGrouping             0x0800468d   Thumb Code    28  stm32h7xx_hal_cortex.o(i.HAL_NVIC_SetPriorityGrouping)
    HAL_PCDEx_ActivateLPM                    0x080046b1   Thumb Code    34  stm32h7xx_hal_pcd_ex.o(i.HAL_PCDEx_ActivateLPM)
    HAL_PCDEx_LPM_Callback                   0x080046d9   Thumb Code     2  stm32h7xx_hal_pcd_ex.o(i.HAL_PCDEx_LPM_Callback)
    HAL_PCDEx_SetRxFiFo                      0x080046db   Thumb Code     8  stm32h7xx_hal_pcd_ex.o(i.HAL_PCDEx_SetRxFiFo)
    HAL_PCDEx_SetTxFiFo                      0x080046e3   Thumb Code    70  stm32h7xx_hal_pcd_ex.o(i.HAL_PCDEx_SetTxFiFo)
    HAL_PCD_ConnectCallback                  0x08004729   Thumb Code     8  usbd_conf.o(i.HAL_PCD_ConnectCallback)
    HAL_PCD_DataInStageCallback              0x08004731   Thumb Code    18  usbd_conf.o(i.HAL_PCD_DataInStageCallback)
    HAL_PCD_DataOutStageCallback             0x08004743   Thumb Code    20  usbd_conf.o(i.HAL_PCD_DataOutStageCallback)
    HAL_PCD_DisconnectCallback               0x08004757   Thumb Code     8  usbd_conf.o(i.HAL_PCD_DisconnectCallback)
    HAL_PCD_EP_Abort                         0x0800475f   Thumb Code    30  stm32h7xx_hal_pcd.o(i.HAL_PCD_EP_Abort)
    HAL_PCD_EP_Close                         0x0800477d   Thumb Code    74  stm32h7xx_hal_pcd.o(i.HAL_PCD_EP_Close)
    HAL_PCD_EP_ClrStall                      0x080047c7   Thumb Code    90  stm32h7xx_hal_pcd.o(i.HAL_PCD_EP_ClrStall)
    HAL_PCD_EP_GetRxCount                    0x08004821   Thumb Code    18  stm32h7xx_hal_pcd.o(i.HAL_PCD_EP_GetRxCount)
    HAL_PCD_EP_Open                          0x08004833   Thumb Code    94  stm32h7xx_hal_pcd.o(i.HAL_PCD_EP_Open)
    HAL_PCD_EP_Receive                       0x08004891   Thumb Code    52  stm32h7xx_hal_pcd.o(i.HAL_PCD_EP_Receive)
    HAL_PCD_EP_SetStall                      0x080048c5   Thumb Code   114  stm32h7xx_hal_pcd.o(i.HAL_PCD_EP_SetStall)
    HAL_PCD_EP_Transmit                      0x08004937   Thumb Code    52  stm32h7xx_hal_pcd.o(i.HAL_PCD_EP_Transmit)
    HAL_PCD_IRQHandler                       0x0800496d   Thumb Code  1428  stm32h7xx_hal_pcd.o(i.HAL_PCD_IRQHandler)
    HAL_PCD_ISOINIncompleteCallback          0x08004f01   Thumb Code     8  usbd_conf.o(i.HAL_PCD_ISOINIncompleteCallback)
    HAL_PCD_ISOOUTIncompleteCallback         0x08004f09   Thumb Code     8  usbd_conf.o(i.HAL_PCD_ISOOUTIncompleteCallback)
    HAL_PCD_Init                             0x08004f11   Thumb Code   204  stm32h7xx_hal_pcd.o(i.HAL_PCD_Init)
    HAL_PCD_MspInit                          0x08004fdd   Thumb Code   148  usbd_conf.o(i.HAL_PCD_MspInit)
    HAL_PCD_ResetCallback                    0x0800507d   Thumb Code    44  usbd_conf.o(i.HAL_PCD_ResetCallback)
    HAL_PCD_ResumeCallback                   0x080050a9   Thumb Code     8  usbd_conf.o(i.HAL_PCD_ResumeCallback)
    HAL_PCD_SOFCallback                      0x080050b1   Thumb Code     8  usbd_conf.o(i.HAL_PCD_SOFCallback)
    HAL_PCD_SetAddress                       0x080050b9   Thumb Code    38  stm32h7xx_hal_pcd.o(i.HAL_PCD_SetAddress)
    HAL_PCD_SetupStageCallback               0x080050df   Thumb Code    14  usbd_conf.o(i.HAL_PCD_SetupStageCallback)
    HAL_PCD_Start                            0x080050ed   Thumb Code    66  stm32h7xx_hal_pcd.o(i.HAL_PCD_Start)
    HAL_PCD_SuspendCallback                  0x08005131   Thumb Code    44  usbd_conf.o(i.HAL_PCD_SuspendCallback)
    HAL_PWREx_ConfigSupply                   0x08005161   Thumb Code    78  stm32h7xx_hal_pwr_ex.o(i.HAL_PWREx_ConfigSupply)
    HAL_PWREx_EnableUSBVoltageDetector       0x080051b5   Thumb Code    12  stm32h7xx_hal_pwr_ex.o(i.HAL_PWREx_EnableUSBVoltageDetector)
    HAL_RCCEx_PeriphCLKConfig                0x080051c5   Thumb Code  2472  stm32h7xx_hal_rcc_ex.o(i.HAL_RCCEx_PeriphCLKConfig)
    HAL_RCC_ClockConfig                      0x08005b71   Thumb Code   580  stm32h7xx_hal_rcc.o(i.HAL_RCC_ClockConfig)
    HAL_RCC_GetHCLKFreq                      0x08005dcd   Thumb Code    52  stm32h7xx_hal_rcc.o(i.HAL_RCC_GetHCLKFreq)
    HAL_RCC_GetSysClockFreq                  0x08005e11   Thumb Code   278  stm32h7xx_hal_rcc.o(i.HAL_RCC_GetSysClockFreq)
    HAL_RCC_OscConfig                        0x08005f49   Thumb Code  1410  stm32h7xx_hal_rcc.o(i.HAL_RCC_OscConfig)
    HAL_SDRAM_GetState                       0x080064cb   Thumb Code     6  stm32h7xx_hal_sdram.o(i.HAL_SDRAM_GetState)
    HAL_SDRAM_Init                           0x080064d1   Thumb Code    76  stm32h7xx_hal_sdram.o(i.HAL_SDRAM_Init)
    HAL_SDRAM_MspInit                        0x08006521   Thumb Code     4  fmc.o(i.HAL_SDRAM_MspInit)
    HAL_SDRAM_ProgramRefreshRate             0x08006525   Thumb Code    46  stm32h7xx_hal_sdram.o(i.HAL_SDRAM_ProgramRefreshRate)
    HAL_SDRAM_SendCommand                    0x08006555   Thumb Code    60  stm32h7xx_hal_sdram.o(i.HAL_SDRAM_SendCommand)
    HAL_SPI_Abort                            0x08006591   Thumb Code   288  stm32h7xx_hal_spi.o(i.HAL_SPI_Abort)
    HAL_SPI_DeInit                           0x080066b5   Thumb Code    48  stm32h7xx_hal_spi.o(i.HAL_SPI_DeInit)
    HAL_SPI_ErrorCallback                    0x080066e5   Thumb Code     2  stm32h7xx_hal_spi.o(i.HAL_SPI_ErrorCallback)
    HAL_SPI_GetState                         0x080066e7   Thumb Code     6  stm32h7xx_hal_spi.o(i.HAL_SPI_GetState)
    HAL_SPI_IRQHandler                       0x080066ed   Thumb Code   544  stm32h7xx_hal_spi.o(i.HAL_SPI_IRQHandler)
    HAL_SPI_Init                             0x08006911   Thumb Code   366  stm32h7xx_hal_spi.o(i.HAL_SPI_Init)
    HAL_SPI_MspDeInit                        0x08006a8d   Thumb Code    48  spi.o(i.HAL_SPI_MspDeInit)
    HAL_SPI_MspInit                          0x08006ac9   Thumb Code   178  spi.o(i.HAL_SPI_MspInit)
    HAL_SPI_RxCpltCallback                   0x08006b91   Thumb Code     2  stm32h7xx_hal_spi.o(i.HAL_SPI_RxCpltCallback)
    HAL_SPI_SuspendCallback                  0x08006b93   Thumb Code     2  stm32h7xx_hal_spi.o(i.HAL_SPI_SuspendCallback)
    HAL_SPI_Transmit_DMA                     0x08006b95   Thumb Code   362  stm32h7xx_hal_spi.o(i.HAL_SPI_Transmit_DMA)
    HAL_SPI_TxCpltCallback                   0x08006d0d   Thumb Code     2  stm32h7xx_hal_spi.o(i.HAL_SPI_TxCpltCallback)
    HAL_SPI_TxHalfCpltCallback               0x08006d0f   Thumb Code     2  stm32h7xx_hal_spi.o(i.HAL_SPI_TxHalfCpltCallback)
    HAL_SPI_TxRxCpltCallback                 0x08006d11   Thumb Code     2  stm32h7xx_hal_spi.o(i.HAL_SPI_TxRxCpltCallback)
    HAL_SYSTICK_Config                       0x08006d13   Thumb Code    38  stm32h7xx_hal_cortex.o(i.HAL_SYSTICK_Config)
    HardFault_Handler                        0x08006d39   Thumb Code     2  stm32h7xx_it.o(i.HardFault_Handler)
    Jtag_ConfigureFromSdram                  0x08007039   Thumb Code    34  fpga_config.o(i.Jtag_ConfigureFromSdram)
    Jtag_GotoState                           0x0800707d   Thumb Code    58  fpga_config.o(i.Jtag_GotoState)
    Jtag_Init                                0x080070c1   Thumb Code    36  fpga_config.o(i.Jtag_Init)
    Jtag_Reset                               0x080070e9   Thumb Code    28  fpga_config.o(i.Jtag_Reset)
    Jtag_RunClocks                           0x08007105   Thumb Code    42  fpga_config.o(i.Jtag_RunClocks)
    Jtag_WriteInstruction                    0x080072c9   Thumb Code    56  fpga_config.o(i.Jtag_WriteInstruction)
    MX_DMA_Init                              0x08007301   Thumb Code    40  dma.o(i.MX_DMA_Init)
    MX_FMC_Init                              0x0800732d   Thumb Code    98  fmc.o(i.MX_FMC_Init)
    MX_FREERTOS_Init                         0x08007399   Thumb Code    30  freertos.o(i.MX_FREERTOS_Init)
    MX_GPIO_Init                             0x080073c1   Thumb Code   180  gpio.o(i.MX_GPIO_Init)
    MX_SPI4_Init                             0x08007481   Thumb Code    86  spi.o(i.MX_SPI4_Init)
    MX_USB_DEVICE_Init                       0x080074e1   Thumb Code    66  usb_device.o(i.MX_USB_DEVICE_Init)
    MemManage_Handler                        0x08007535   Thumb Code     2  stm32h7xx_it.o(i.MemManage_Handler)
    NMI_Handler                              0x08007537   Thumb Code     2  stm32h7xx_it.o(i.NMI_Handler)
    OTG_FS_IRQHandler                        0x08007539   Thumb Code     6  stm32h7xx_it.o(i.OTG_FS_IRQHandler)
    SDRAM_Bin_Cache_Reset                    0x080078f5   Thumb Code    10  sdram.o(i.SDRAM_Bin_Cache_Reset)
    SDRAM_Init_Sequence                      0x08007905   Thumb Code   158  sdram.o(i.SDRAM_Init_Sequence)
    SDRAM_WriteBuffer                        0x08007a59   Thumb Code    86  sdram.o(i.SDRAM_WriteBuffer)
    SPI4_IRQHandler                          0x08007ab9   Thumb Code     6  stm32h7xx_it.o(i.SPI4_IRQHandler)
    SysTick_Handler                          0x08007c77   Thumb Code    24  stm32h7xx_it.o(i.SysTick_Handler)
    SystemClock_Config                       0x08007c91   Thumb Code   216  main.o(i.SystemClock_Config)
    SystemInit                               0x08007d75   Thumb Code   180  system_stm32h7xx.o(i.SystemInit)
    USBD_CDC_GetDeviceQualifierDescriptor    0x08007fcd   Thumb Code     8  usbd_cdc.o(i.USBD_CDC_GetDeviceQualifierDescriptor)
    USBD_CDC_ReceivePacket                   0x080081b5   Thumb Code    50  usbd_cdc.o(i.USBD_CDC_ReceivePacket)
    USBD_CDC_RegisterInterface               0x080081ed   Thumb Code    22  usbd_cdc.o(i.USBD_CDC_RegisterInterface)
    USBD_CDC_SetRxBuffer                     0x08008203   Thumb Code    26  usbd_cdc.o(i.USBD_CDC_SetRxBuffer)
    USBD_CDC_SetTxBuffer                     0x0800821d   Thumb Code    30  usbd_cdc.o(i.USBD_CDC_SetTxBuffer)
    USBD_CDC_TransmitPacket                  0x08008309   Thumb Code    76  usbd_cdc.o(i.USBD_CDC_TransmitPacket)
    USBD_ClrClassConfig                      0x08008359   Thumb Code    20  usbd_core.o(i.USBD_ClrClassConfig)
    USBD_CoreFindEP                          0x0800836d   Thumb Code     4  usbd_core.o(i.USBD_CoreFindEP)
    USBD_CoreFindIF                          0x08008371   Thumb Code     4  usbd_core.o(i.USBD_CoreFindIF)
    USBD_CtlContinueRx                       0x08008375   Thumb Code    16  usbd_ioreq.o(i.USBD_CtlContinueRx)
    USBD_CtlContinueSendData                 0x08008385   Thumb Code    16  usbd_ioreq.o(i.USBD_CtlContinueSendData)
    USBD_CtlError                            0x08008395   Thumb Code    22  usbd_ctlreq.o(i.USBD_CtlError)
    USBD_CtlPrepareRx                        0x080083ab   Thumb Code    30  usbd_ioreq.o(i.USBD_CtlPrepareRx)
    USBD_CtlReceiveStatus                    0x080083c9   Thumb Code    22  usbd_ioreq.o(i.USBD_CtlReceiveStatus)
    USBD_CtlSendData                         0x080083df   Thumb Code    26  usbd_ioreq.o(i.USBD_CtlSendData)
    USBD_CtlSendStatus                       0x080083f9   Thumb Code    22  usbd_ioreq.o(i.USBD_CtlSendStatus)
    USBD_FS_ConfigStrDescriptor              0x08008411   Thumb Code    16  usbd_desc.o(i.USBD_FS_ConfigStrDescriptor)
    USBD_FS_DeviceDescriptor                 0x08008431   Thumb Code     8  usbd_desc.o(i.USBD_FS_DeviceDescriptor)
    USBD_FS_InterfaceStrDescriptor           0x0800843d   Thumb Code    16  usbd_desc.o(i.USBD_FS_InterfaceStrDescriptor)
    USBD_FS_LangIDStrDescriptor              0x08008461   Thumb Code     8  usbd_desc.o(i.USBD_FS_LangIDStrDescriptor)
    USBD_FS_ManufacturerStrDescriptor        0x0800846d   Thumb Code    16  usbd_desc.o(i.USBD_FS_ManufacturerStrDescriptor)
    USBD_FS_ProductStrDescriptor             0x08008495   Thumb Code    16  usbd_desc.o(i.USBD_FS_ProductStrDescriptor)
    USBD_FS_SerialStrDescriptor              0x080084c1   Thumb Code    50  usbd_desc.o(i.USBD_FS_SerialStrDescriptor)
    USBD_GetEpDesc                           0x080085f7   Thumb Code    58  usbd_core.o(i.USBD_GetEpDesc)
    USBD_GetNextDesc                         0x08008645   Thumb Code    14  usbd_core.o(i.USBD_GetNextDesc)
    USBD_GetString                           0x08008653   Thumb Code    78  usbd_ctlreq.o(i.USBD_GetString)
    USBD_Get_USB_Status                      0x080086a1   Thumb Code    24  usbd_conf.o(i.USBD_Get_USB_Status)
    USBD_Init                                0x080086b9   Thumb Code    38  usbd_core.o(i.USBD_Init)
    USBD_LL_ClearStallEP                     0x080086df   Thumb Code    18  usbd_conf.o(i.USBD_LL_ClearStallEP)
    USBD_LL_CloseEP                          0x080086f1   Thumb Code    18  usbd_conf.o(i.USBD_LL_CloseEP)
    USBD_LL_DataInStage                      0x08008703   Thumb Code   184  usbd_core.o(i.USBD_LL_DataInStage)
    USBD_LL_DataOutStage                     0x080087bb   Thumb Code   144  usbd_core.o(i.USBD_LL_DataOutStage)
    USBD_LL_DevConnected                     0x0800884b   Thumb Code     4  usbd_core.o(i.USBD_LL_DevConnected)
    USBD_LL_DevDisconnected                  0x0800884f   Thumb Code    32  usbd_core.o(i.USBD_LL_DevDisconnected)
    USBD_LL_GetRxDataSize                    0x0800886f   Thumb Code     8  usbd_conf.o(i.USBD_LL_GetRxDataSize)
    USBD_LL_Init                             0x08008879   Thumb Code    90  usbd_conf.o(i.USBD_LL_Init)
    USBD_LL_IsStallEP                        0x080088dd   Thumb Code    30  usbd_conf.o(i.USBD_LL_IsStallEP)
    USBD_LL_IsoINIncomplete                  0x080088fb   Thumb Code    40  usbd_core.o(i.USBD_LL_IsoINIncomplete)
    USBD_LL_IsoOUTIncomplete                 0x08008923   Thumb Code    40  usbd_core.o(i.USBD_LL_IsoOUTIncomplete)
    USBD_LL_OpenEP                           0x0800894b   Thumb Code    24  usbd_conf.o(i.USBD_LL_OpenEP)
    USBD_LL_PrepareReceive                   0x08008963   Thumb Code    18  usbd_conf.o(i.USBD_LL_PrepareReceive)
    USBD_LL_Reset                            0x08008975   Thumb Code    94  usbd_core.o(i.USBD_LL_Reset)
    USBD_LL_Resume                           0x080089d3   Thumb Code    20  usbd_core.o(i.USBD_LL_Resume)
    USBD_LL_SOF                              0x080089e7   Thumb Code    26  usbd_core.o(i.USBD_LL_SOF)
    USBD_LL_SetSpeed                         0x08008a01   Thumb Code     6  usbd_core.o(i.USBD_LL_SetSpeed)
    USBD_LL_SetUSBAddress                    0x08008a07   Thumb Code    18  usbd_conf.o(i.USBD_LL_SetUSBAddress)
    USBD_LL_SetupStage                       0x08008a19   Thumb Code    96  usbd_core.o(i.USBD_LL_SetupStage)
    USBD_LL_StallEP                          0x08008a79   Thumb Code    18  usbd_conf.o(i.USBD_LL_StallEP)
    USBD_LL_Start                            0x08008a8b   Thumb Code    18  usbd_conf.o(i.USBD_LL_Start)
    USBD_LL_Suspend                          0x08008a9d   Thumb Code    26  usbd_core.o(i.USBD_LL_Suspend)
    USBD_LL_Transmit                         0x08008ab7   Thumb Code    18  usbd_conf.o(i.USBD_LL_Transmit)
    USBD_ParseSetupRequest                   0x08008ac9   Thumb Code    42  usbd_ctlreq.o(i.USBD_ParseSetupRequest)
    USBD_RegisterClass                       0x08008af3   Thumb Code    58  usbd_core.o(i.USBD_RegisterClass)
    USBD_SetClassConfig                      0x08008b2d   Thumb Code    20  usbd_core.o(i.USBD_SetClassConfig)
    USBD_Start                               0x08008bfd   Thumb Code     4  usbd_core.o(i.USBD_Start)
    USBD_StdDevReq                           0x08008c01   Thumb Code   302  usbd_ctlreq.o(i.USBD_StdDevReq)
    USBD_StdEPReq                            0x08008d2f   Thumb Code   356  usbd_ctlreq.o(i.USBD_StdEPReq)
    USBD_StdItfReq                           0x08008e93   Thumb Code   116  usbd_ctlreq.o(i.USBD_StdItfReq)
    USBD_static_free                         0x08008f07   Thumb Code     2  usbd_conf.o(i.USBD_static_free)
    USBD_static_malloc                       0x08008f09   Thumb Code     4  usbd_conf.o(i.USBD_static_malloc)
    USB_ActivateEndpoint                     0x08008f11   Thumb Code   124  stm32h7xx_ll_usb.o(i.USB_ActivateEndpoint)
    USB_ActivateSetup                        0x08008f91   Thumb Code    28  stm32h7xx_ll_usb.o(i.USB_ActivateSetup)
    USB_CDC_Recv_Callback                    0x08008fad   Thumb Code   220  fpgaconfigdefaulttask.o(i.USB_CDC_Recv_Callback)
    USB_CoreInit                             0x08009125   Thumb Code   142  stm32h7xx_ll_usb.o(i.USB_CoreInit)
    USB_DeactivateEndpoint                   0x080091f9   Thumb Code   194  stm32h7xx_ll_usb.o(i.USB_DeactivateEndpoint)
    USB_DevConnect                           0x080092c5   Thumb Code    28  stm32h7xx_ll_usb.o(i.USB_DevConnect)
    USB_DevDisconnect                        0x080092e1   Thumb Code    28  stm32h7xx_ll_usb.o(i.USB_DevDisconnect)
    USB_DevInit                              0x080092fd   Thumb Code   354  stm32h7xx_ll_usb.o(i.USB_DevInit)
    USB_DisableGlobalInt                     0x08009469   Thumb Code    12  stm32h7xx_ll_usb.o(i.USB_DisableGlobalInt)
    USB_EP0_OutStart                         0x08009475   Thumb Code    84  stm32h7xx_ll_usb.o(i.USB_EP0_OutStart)
    USB_EPClearStall                         0x080094cd   Thumb Code    88  stm32h7xx_ll_usb.o(i.USB_EPClearStall)
    USB_EPSetStall                           0x08009525   Thumb Code    88  stm32h7xx_ll_usb.o(i.USB_EPSetStall)
    USB_EPStartXfer                          0x0800957d   Thumb Code   566  stm32h7xx_ll_usb.o(i.USB_EPStartXfer)
    USB_EPStopXfer                           0x080097b9   Thumb Code   158  stm32h7xx_ll_usb.o(i.USB_EPStopXfer)
    USB_EnableGlobalInt                      0x08009857   Thumb Code    12  stm32h7xx_ll_usb.o(i.USB_EnableGlobalInt)
    USB_FlushRxFifo                          0x08009863   Thumb Code    56  stm32h7xx_ll_usb.o(i.USB_FlushRxFifo)
    USB_FlushTxFifo                          0x0800989b   Thumb Code    60  stm32h7xx_ll_usb.o(i.USB_FlushTxFifo)
    USB_GetDevSpeed                          0x080098d7   Thumb Code    26  stm32h7xx_ll_usb.o(i.USB_GetDevSpeed)
    USB_GetMode                              0x080098f1   Thumb Code     8  stm32h7xx_ll_usb.o(i.USB_GetMode)
    USB_ReadDevAllInEpInterrupt              0x080098f9   Thumb Code    14  stm32h7xx_ll_usb.o(i.USB_ReadDevAllInEpInterrupt)
    USB_ReadDevAllOutEpInterrupt             0x08009907   Thumb Code    14  stm32h7xx_ll_usb.o(i.USB_ReadDevAllOutEpInterrupt)
    USB_ReadDevInEPInterrupt                 0x08009915   Thumb Code    36  stm32h7xx_ll_usb.o(i.USB_ReadDevInEPInterrupt)
    USB_ReadDevOutEPInterrupt                0x08009939   Thumb Code    16  stm32h7xx_ll_usb.o(i.USB_ReadDevOutEPInterrupt)
    USB_ReadInterrupts                       0x08009949   Thumb Code     8  stm32h7xx_ll_usb.o(i.USB_ReadInterrupts)
    USB_ReadPacket                           0x08009951   Thumb Code    64  stm32h7xx_ll_usb.o(i.USB_ReadPacket)
    USB_SetCurrentMode                       0x08009991   Thumb Code    94  stm32h7xx_ll_usb.o(i.USB_SetCurrentMode)
    USB_SetDevAddress                        0x080099ef   Thumb Code    34  stm32h7xx_ll_usb.o(i.USB_SetDevAddress)
    USB_SetTurnaroundTime                    0x08009a11   Thumb Code   158  stm32h7xx_ll_usb.o(i.USB_SetTurnaroundTime)
    USB_WritePacket                          0x08009af9   Thumb Code    40  stm32h7xx_ll_usb.o(i.USB_WritePacket)
    UsageFault_Handler                       0x08009b21   Thumb Code     2  stm32h7xx_it.o(i.UsageFault_Handler)
    __ARM_fpclassify                         0x08009b23   Thumb Code    48  fpclassify.o(i.__ARM_fpclassify)
    _is_digit                                0x08009b75   Thumb Code    14  __printf_wp.o(i._is_digit)
    main                                     0x08009b83   Thumb Code   114  main.o(i.main)
    osDelay                                  0x08009c03   Thumb Code    14  cmsis_os.o(i.osDelay)
    osKernelStart                            0x08009c11   Thumb Code    10  cmsis_os.o(i.osKernelStart)
    osThreadCreate                           0x08009c1b   Thumb Code    84  cmsis_os.o(i.osThreadCreate)
    pvPortMalloc                             0x08009fc5   Thumb Code   216  heap_4.o(i.pvPortMalloc)
    pxPortInitialiseStack                    0x0800a0a1   Thumb Code    42  port.o(i.pxPortInitialiseStack)
    spi_flash_erase_sector                   0x0800a0d1   Thumb Code   118  fpga_config.o(i.spi_flash_erase_sector)
    spi_flash_init                           0x0800a149   Thumb Code   218  fpga_config.o(i.spi_flash_init)
    spi_flash_program_full                   0x0800a305   Thumb Code  1872  fpga_config.o(i.spi_flash_program_full)
    spi_flash_program_page                   0x0800ab55   Thumb Code   164  fpga_config.o(i.spi_flash_program_page)
    uxListRemove                             0x0800aed9   Thumb Code    38  list.o(i.uxListRemove)
    vApplicationGetIdleTaskMemory            0x0800af01   Thumb Code    18  freertos.o(i.vApplicationGetIdleTaskMemory)
    vListInitialise                          0x0800af19   Thumb Code    22  list.o(i.vListInitialise)
    vListInitialiseItem                      0x0800af2f   Thumb Code     6  list.o(i.vListInitialiseItem)
    vListInsert                              0x0800af35   Thumb Code    48  list.o(i.vListInsert)
    vListInsertEnd                           0x0800af65   Thumb Code    24  list.o(i.vListInsertEnd)
    vPortEnterCritical                       0x0800af7d   Thumb Code    54  port.o(i.vPortEnterCritical)
    vPortExitCritical                        0x0800afbd   Thumb Code    34  port.o(i.vPortExitCritical)
    vPortFree                                0x0800afe5   Thumb Code    94  heap_4.o(i.vPortFree)
    vPortSetupTimerInterrupt                 0x0800b049   Thumb Code    32  port.o(i.vPortSetupTimerInterrupt)
    vTaskDelay                               0x0800b06d   Thumb Code    66  tasks.o(i.vTaskDelay)
    vTaskStartScheduler                      0x0800b0b9   Thumb Code    90  tasks.o(i.vTaskStartScheduler)
    vTaskSuspendAll                          0x0800b125   Thumb Code    10  tasks.o(i.vTaskSuspendAll)
    vTaskSwitchContext                       0x0800b135   Thumb Code    82  tasks.o(i.vTaskSwitchContext)
    xPortStartScheduler                      0x0800b191   Thumb Code   222  port.o(i.xPortStartScheduler)
    xPortSysTickHandler                      0x0800b285   Thumb Code    38  port.o(i.xPortSysTickHandler)
    xTaskCreate                              0x0800b2b1   Thumb Code    90  tasks.o(i.xTaskCreate)
    xTaskCreateStatic                        0x0800b30b   Thumb Code    86  tasks.o(i.xTaskCreateStatic)
    xTaskGetSchedulerState                   0x0800b361   Thumb Code    22  tasks.o(i.xTaskGetSchedulerState)
    xTaskIncrementTick                       0x0800b37d   Thumb Code   194  tasks.o(i.xTaskIncrementTick)
    xTaskResumeAll                           0x0800b449   Thumb Code   184  tasks.o(i.xTaskResumeAll)
    _get_lc_numeric                          0x0800b50d   Thumb Code    44  lc_numeric_c.o(locale$$code)
    _fp_init                                 0x0800b539   Thumb Code    10  fpinit.o(x$fpl$fpinit)
    __fplib_config_fpu_vfp                   0x0800b541   Thumb Code     0  fpinit.o(x$fpl$fpinit)
    __fplib_config_pureend_doubles           0x0800b541   Thumb Code     0  fpinit.o(x$fpl$fpinit)
    _printf_fp_dec                           0x0800b543   Thumb Code     4  printf1.o(x$fpl$printf1)
    __I$use$fp                               0x0800b546   Number         0  usenofp.o(x$fpl$usenofp)
    g_spi_bridge_bin                         0x0800b546   Data       484148  fpga_config.o(.constdata)
    D1CorePrescTable                         0x08081aa0   Data          16  system_stm32h7xx.o(.constdata)
    Region$$Table$$Base                      0x08081c24   Number         0  anon$$obj.o(Region$$Table)
    Region$$Table$$Limit                     0x08081c44   Number         0  anon$$obj.o(Region$$Table)
    g_fpga_state                             0x24000000   Data           1  fpga_config.o(.data)
    g_fpga_config_start                      0x24000001   Data           1  fpga_config.o(.data)
    INIT_STATE                               0x24000002   Data           1  fpga_config.o(.data)
    PROG_STATE                               0x24000003   Data           1  fpga_config.o(.data)
    DONE_STATE                               0x24000004   Data           1  fpga_config.o(.data)
    send_total                               0x2400000c   Data           4  fpga_config.o(.data)
    g_sdram_recv_state                       0x24000010   Data           1  sdram.o(.data)
    g_sdram_bin_offset                       0x24000014   Data           4  sdram.o(.data)
    FPGAConfigTaskHandle                     0x24000018   Data           4  freertos.o(.data)
    uwTickFreq                               0x24000024   Data           1  stm32h7xx_hal.o(.data)
    uwTickPrio                               0x24000028   Data           4  stm32h7xx_hal.o(.data)
    uwTick                                   0x2400002c   Data           4  stm32h7xx_hal.o(.data)
    SystemCoreClock                          0x24000030   Data           4  system_stm32h7xx.o(.data)
    SystemD2Clock                            0x24000034   Data           4  system_stm32h7xx.o(.data)
    pxCurrentTCB                             0x24000038   Data           4  tasks.o(.data)
    FS_Desc                                  0x240000a0   Data          32  usbd_desc.o(.data)
    USBD_LangIDDesc                          0x240000c0   Data           4  usbd_desc.o(.data)
    USBD_FS_DeviceDesc                       0x240000c4   Data          18  usbd_desc.o(.data)
    USBD_StringSerial                        0x240000d8   Data          26  usbd_desc.o(.data)
    USBD_Interface_fops_FS                   0x240000f4   Data          20  usbd_cdc_if.o(.data)
    USBD_CDC                                 0x24000160   Data          56  usbd_cdc.o(.data)
    g_usb_recv_flag                          0x24000198   Data           1  fpgaconfigdefaulttask.o(.data)
    g_fpgamode                               0x2400019a   Data           1  fpgaconfigdefaulttask.o(.data)
    g_wait_mode_flag                         0x2400019b   Data           1  fpgaconfigdefaulttask.o(.data)
    jtag_hal_ops                             0x240011ac   Data          16  fpga_config.o(.bss)
    hsdram1                                  0x24001410   Data          52  fmc.o(.bss)
    hspi4                                    0x24001444   Data         136  spi.o(.bss)
    hdma_spi4_tx                             0x240014cc   Data         120  spi.o(.bss)
    hUsbDeviceFS                             0x24005234   Data         732  usb_device.o(.bss)
    USBD_StrDesc                             0x24005510   Data         512  usbd_desc.o(.bss)
    UserRxBufferFS                           0x24005710   Data        2048  usbd_cdc_if.o(.bss)
    UserTxBufferFS                           0x24005f10   Data        2048  usbd_cdc_if.o(.bss)
    hpcd_USB_OTG_FS                          0x24006930   Data        1252  usbd_conf.o(.bss)
    __libspace_start                         0x24006e94   Data          96  libspace.o(.bss)
    __temporary_stack_top$libspace           0x24006ef4   Data           0  libspace.o(.bss)



==============================================================================

Memory Map of the image

  Image Entry point : 0x08000299

  Load Region LR_IROM1 (Base: 0x08000000, Size: 0x00081e08, Max: 0x00200000, ABSOLUTE, COMPRESSED[0x00081d24])

    Execution Region ER_IROM1 (Exec base: 0x08000000, Load base: 0x08000000, Size: 0x00081c60, Max: 0x00200000, ABSOLUTE)

    Exec Addr    Load Addr    Size         Type   Attr      Idx    E Section Name        Object

    0x08000000   0x08000000   0x00000298   Data   RO            3    RESET               startup_stm32h743xx.o
    0x08000298   0x08000298   0x00000008   Code   RO         6923  * !!!main             c_w.l(__main.o)
    0x080002a0   0x080002a0   0x00000034   Code   RO         7154    !!!scatter          c_w.l(__scatter.o)
    0x080002d4   0x080002d4   0x0000005a   Code   RO         7152    !!dczerorl2         c_w.l(__dczerorl2.o)
    0x0800032e   0x0800032e   0x00000002   PAD
    0x08000330   0x08000330   0x0000001c   Code   RO         7156    !!handler_zi        c_w.l(__scatter_zi.o)
    0x0800034c   0x0800034c   0x00000000   Code   RO         6904    .ARM.Collect$$_printf_percent$$00000000  c_w.l(_printf_percent.o)
    0x0800034c   0x0800034c   0x00000006   Code   RO         6903    .ARM.Collect$$_printf_percent$$00000003  c_w.l(_printf_f.o)
    0x08000352   0x08000352   0x00000006   Code   RO         6902    .ARM.Collect$$_printf_percent$$0000000A  c_w.l(_printf_u.o)
    0x08000358   0x08000358   0x00000006   Code   RO         6901    .ARM.Collect$$_printf_percent$$0000000C  c_w.l(_printf_x.o)
    0x0800035e   0x0800035e   0x00000006   Code   RO         6900    .ARM.Collect$$_printf_percent$$00000014  c_w.l(_printf_s.o)
    0x08000364   0x08000364   0x00000004   Code   RO         6944    .ARM.Collect$$_printf_percent$$00000017  c_w.l(_printf_percent_end.o)
    0x08000368   0x08000368   0x00000002   Code   RO         7026    .ARM.Collect$$libinit$$00000000  c_w.l(libinit.o)
    0x0800036a   0x0800036a   0x00000004   Code   RO         7027    .ARM.Collect$$libinit$$00000001  c_w.l(libinit2.o)
    0x0800036e   0x0800036e   0x00000000   Code   RO         7030    .ARM.Collect$$libinit$$00000004  c_w.l(libinit2.o)
    0x0800036e   0x0800036e   0x00000000   Code   RO         7033    .ARM.Collect$$libinit$$0000000A  c_w.l(libinit2.o)
    0x0800036e   0x0800036e   0x00000000   Code   RO         7035    .ARM.Collect$$libinit$$0000000C  c_w.l(libinit2.o)
    0x0800036e   0x0800036e   0x00000000   Code   RO         7037    .ARM.Collect$$libinit$$0000000E  c_w.l(libinit2.o)
    0x0800036e   0x0800036e   0x00000006   Code   RO         7038    .ARM.Collect$$libinit$$0000000F  c_w.l(libinit2.o)
    0x08000374   0x08000374   0x00000000   Code   RO         7040    .ARM.Collect$$libinit$$00000011  c_w.l(libinit2.o)
    0x08000374   0x08000374   0x00000000   Code   RO         7042    .ARM.Collect$$libinit$$00000013  c_w.l(libinit2.o)
    0x08000374   0x08000374   0x00000000   Code   RO         7044    .ARM.Collect$$libinit$$00000015  c_w.l(libinit2.o)
    0x08000374   0x08000374   0x0000000a   Code   RO         7045    .ARM.Collect$$libinit$$00000016  c_w.l(libinit2.o)
    0x0800037e   0x0800037e   0x00000000   Code   RO         7046    .ARM.Collect$$libinit$$00000017  c_w.l(libinit2.o)
    0x0800037e   0x0800037e   0x00000000   Code   RO         7048    .ARM.Collect$$libinit$$00000019  c_w.l(libinit2.o)
    0x0800037e   0x0800037e   0x00000000   Code   RO         7050    .ARM.Collect$$libinit$$0000001B  c_w.l(libinit2.o)
    0x0800037e   0x0800037e   0x00000000   Code   RO         7052    .ARM.Collect$$libinit$$0000001D  c_w.l(libinit2.o)
    0x0800037e   0x0800037e   0x00000000   Code   RO         7054    .ARM.Collect$$libinit$$0000001F  c_w.l(libinit2.o)
    0x0800037e   0x0800037e   0x00000000   Code   RO         7056    .ARM.Collect$$libinit$$00000021  c_w.l(libinit2.o)
    0x0800037e   0x0800037e   0x00000000   Code   RO         7058    .ARM.Collect$$libinit$$00000023  c_w.l(libinit2.o)
    0x0800037e   0x0800037e   0x00000000   Code   RO         7060    .ARM.Collect$$libinit$$00000025  c_w.l(libinit2.o)
    0x0800037e   0x0800037e   0x00000000   Code   RO         7064    .ARM.Collect$$libinit$$0000002C  c_w.l(libinit2.o)
    0x0800037e   0x0800037e   0x00000000   Code   RO         7066    .ARM.Collect$$libinit$$0000002E  c_w.l(libinit2.o)
    0x0800037e   0x0800037e   0x00000000   Code   RO         7068    .ARM.Collect$$libinit$$00000030  c_w.l(libinit2.o)
    0x0800037e   0x0800037e   0x00000000   Code   RO         7070    .ARM.Collect$$libinit$$00000032  c_w.l(libinit2.o)
    0x0800037e   0x0800037e   0x00000002   Code   RO         7071    .ARM.Collect$$libinit$$00000033  c_w.l(libinit2.o)
    0x08000380   0x08000380   0x00000002   Code   RO         7118    .ARM.Collect$$libshutdown$$00000000  c_w.l(libshutdown.o)
    0x08000382   0x08000382   0x00000000   Code   RO         7137    .ARM.Collect$$libshutdown$$00000003  c_w.l(libshutdown2.o)
    0x08000382   0x08000382   0x00000000   Code   RO         7140    .ARM.Collect$$libshutdown$$00000006  c_w.l(libshutdown2.o)
    0x08000382   0x08000382   0x00000000   Code   RO         7143    .ARM.Collect$$libshutdown$$00000009  c_w.l(libshutdown2.o)
    0x08000382   0x08000382   0x00000000   Code   RO         7145    .ARM.Collect$$libshutdown$$0000000B  c_w.l(libshutdown2.o)
    0x08000382   0x08000382   0x00000000   Code   RO         7148    .ARM.Collect$$libshutdown$$0000000E  c_w.l(libshutdown2.o)
    0x08000382   0x08000382   0x00000002   Code   RO         7149    .ARM.Collect$$libshutdown$$0000000F  c_w.l(libshutdown2.o)
    0x08000384   0x08000384   0x00000000   Code   RO         6927    .ARM.Collect$$rtentry$$00000000  c_w.l(__rtentry.o)
    0x08000384   0x08000384   0x00000000   Code   RO         6948    .ARM.Collect$$rtentry$$00000002  c_w.l(__rtentry2.o)
    0x08000384   0x08000384   0x00000006   Code   RO         6960    .ARM.Collect$$rtentry$$00000004  c_w.l(__rtentry4.o)
    0x0800038a   0x0800038a   0x00000000   Code   RO         6950    .ARM.Collect$$rtentry$$00000009  c_w.l(__rtentry2.o)
    0x0800038a   0x0800038a   0x00000004   Code   RO         6951    .ARM.Collect$$rtentry$$0000000A  c_w.l(__rtentry2.o)
    0x0800038e   0x0800038e   0x00000000   Code   RO         6953    .ARM.Collect$$rtentry$$0000000C  c_w.l(__rtentry2.o)
    0x0800038e   0x0800038e   0x00000008   Code   RO         6954    .ARM.Collect$$rtentry$$0000000D  c_w.l(__rtentry2.o)
    0x08000396   0x08000396   0x00000002   Code   RO         7072    .ARM.Collect$$rtexit$$00000000  c_w.l(rtexit.o)
    0x08000398   0x08000398   0x00000000   Code   RO         7087    .ARM.Collect$$rtexit$$00000002  c_w.l(rtexit2.o)
    0x08000398   0x08000398   0x00000004   Code   RO         7088    .ARM.Collect$$rtexit$$00000003  c_w.l(rtexit2.o)
    0x0800039c   0x0800039c   0x00000006   Code   RO         7089    .ARM.Collect$$rtexit$$00000004  c_w.l(rtexit2.o)
    0x080003a2   0x080003a2   0x00000002   PAD
    0x080003a4   0x080003a4   0x000000be   Code   RO         5889    .emb_text           port.o
    0x08000462   0x08000462   0x00000002   PAD
    0x08000464   0x08000464   0x00000040   Code   RO            4    .text               startup_stm32h743xx.o
    0x080004a4   0x080004a4   0x00000038   Code   RO         6847    .text               c_w.l(__2snprintf.o)
    0x080004dc   0x080004dc   0x0000004e   Code   RO         6853    .text               c_w.l(_printf_pad.o)
    0x0800052a   0x0800052a   0x00000052   Code   RO         6855    .text               c_w.l(_printf_str.o)
    0x0800057c   0x0800057c   0x00000078   Code   RO         6857    .text               c_w.l(_printf_dec.o)
    0x080005f4   0x080005f4   0x00000058   Code   RO         6862    .text               c_w.l(_printf_hex_int.o)
    0x0800064c   0x0800064c   0x00000138   Code   RO         6892    .text               c_w.l(__printf_flags_wp.o)
    0x08000784   0x08000784   0x00000058   Code   RO         6905    .text               c_w.l(memcmp.o)
    0x080007dc   0x080007dc   0x0000003e   Code   RO         6907    .text               c_w.l(strlen.o)
    0x0800081a   0x0800081a   0x0000008a   Code   RO         6909    .text               c_w.l(rt_memcpy_v6.o)
    0x080008a4   0x080008a4   0x00000084   Code   RO         6911    .text               c_w.l(rt_memmove_v6.o)
    0x08000928   0x08000928   0x00000064   Code   RO         6913    .text               c_w.l(rt_memcpy_w.o)
    0x0800098c   0x0800098c   0x00000044   Code   RO         6917    .text               c_w.l(rt_memclr.o)
    0x080009d0   0x080009d0   0x0000004e   Code   RO         6919    .text               c_w.l(rt_memclr_w.o)
    0x08000a1e   0x08000a1e   0x00000006   Code   RO         6921    .text               c_w.l(heapauxi.o)
    0x08000a24   0x08000a24   0x000000b2   Code   RO         6932    .text               c_w.l(_printf_intcommon.o)
    0x08000ad6   0x08000ad6   0x0000041a   Code   RO         6934    .text               c_w.l(_printf_fp_dec.o)
    0x08000ef0   0x08000ef0   0x00000030   Code   RO         6936    .text               c_w.l(_printf_char_common.o)
    0x08000f20   0x08000f20   0x0000000a   Code   RO         6938    .text               c_w.l(_sputc.o)
    0x08000f2a   0x08000f2a   0x00000010   Code   RO         6940    .text               c_w.l(_snputc.o)
    0x08000f3a   0x08000f3a   0x0000002c   Code   RO         6942    .text               c_w.l(_printf_char.o)
    0x08000f66   0x08000f66   0x0000007a   Code   RO         6945    .text               c_w.l(rt_memmove_w.o)
    0x08000fe0   0x08000fe0   0x00000008   Code   RO         6967    .text               c_w.l(rt_locale_intlibspace.o)
    0x08000fe8   0x08000fe8   0x0000008a   Code   RO         6969    .text               c_w.l(lludiv10.o)
    0x08001072   0x08001072   0x00000002   PAD
    0x08001074   0x08001074   0x00000080   Code   RO         6971    .text               c_w.l(_printf_fp_infnan.o)
    0x080010f4   0x080010f4   0x000000dc   Code   RO         6975    .text               c_w.l(bigflt0.o)
    0x080011d0   0x080011d0   0x00000008   Code   RO         7008    .text               c_w.l(libspace.o)
    0x080011d8   0x080011d8   0x0000004a   Code   RO         7011    .text               c_w.l(sys_stackheap_outer.o)
    0x08001222   0x08001222   0x0000000c   Code   RO         7013    .text               c_w.l(exit.o)
    0x0800122e   0x0800122e   0x00000002   PAD
    0x08001230   0x08001230   0x00000068   Code   RO         7019    .text               c_w.l(strcmpv7m_pel.o)
    0x08001298   0x08001298   0x0000000c   Code   RO         7084    .text               c_w.l(sys_exit.o)
    0x080012a4   0x080012a4   0x00000002   Code   RO         7105    .text               c_w.l(use_no_semi.o)
    0x080012a6   0x080012a6   0x00000000   Code   RO         7107    .text               c_w.l(indicate_semi.o)
    0x080012a6   0x080012a6   0x0000003e   Code   RO         6978    CL$$btod_d2e        c_w.l(btod.o)
    0x080012e4   0x080012e4   0x00000046   Code   RO         6980    CL$$btod_d2e_denorm_low  c_w.l(btod.o)
    0x0800132a   0x0800132a   0x00000060   Code   RO         6979    CL$$btod_d2e_norm_op1  c_w.l(btod.o)
    0x0800138a   0x0800138a   0x00000338   Code   RO         6988    CL$$btod_div_common  c_w.l(btod.o)
    0x080016c2   0x080016c2   0x000000c6   Code   RO         6985    CL$$btod_e2e        c_w.l(btod.o)
    0x08001788   0x08001788   0x00000028   Code   RO         6982    CL$$btod_ediv       c_w.l(btod.o)
    0x080017b0   0x080017b0   0x00000028   Code   RO         6981    CL$$btod_emul       c_w.l(btod.o)
    0x080017d8   0x080017d8   0x00000244   Code   RO         6987    CL$$btod_mult_common  c_w.l(btod.o)
    0x08001a1c   0x08001a1c   0x00000028   Code   RO           13    i.BSP_Jtag_GetHalOps  fpga_config.o
    0x08001a44   0x08001a44   0x00000010   Code   RO           14    i.BSP_Jtag_ReadTdo  fpga_config.o
    0x08001a54   0x08001a54   0x00000018   Code   RO           15    i.BSP_Jtag_SetTck   fpga_config.o
    0x08001a6c   0x08001a6c   0x00000018   Code   RO           16    i.BSP_Jtag_SetTdi   fpga_config.o
    0x08001a84   0x08001a84   0x00000018   Code   RO           17    i.BSP_Jtag_SetTms   fpga_config.o
    0x08001a9c   0x08001a9c   0x00000026   Code   RO           18    i.Bridge_Command    fpga_config.o
    0x08001ac2   0x08001ac2   0x00000002   PAD
    0x08001ac4   0x08001ac4   0x000000e8   Code   RO           19    i.Bridge_CommandFrame  fpga_config.o
    0x08001bac   0x08001bac   0x00000080   Code   RO           20    i.Bridge_LogFrame   fpga_config.o
    0x08001c2c   0x08001c2c   0x0000002a   Code   RO           21    i.Bridge_ReadStatusEx  fpga_config.o
    0x08001c56   0x08001c56   0x00000012   Code   RO           22    i.Bridge_SetCs      fpga_config.o
    0x08001c68   0x08001c68   0x00000040   Code   RO           23    i.Bridge_ShiftFrame  fpga_config.o
    0x08001ca8   0x08001ca8   0x00000014   Code   RO           24    i.Bridge_Xfer8      fpga_config.o
    0x08001cbc   0x08001cbc   0x00000002   Code   RO          822    i.BusFault_Handler  stm32h7xx_it.o
    0x08001cbe   0x08001cbe   0x00000004   Code   RO         6095    i.CDC_Control_FS    usbd_cdc_if.o
    0x08001cc2   0x08001cc2   0x00000004   Code   RO         6096    i.CDC_DeInit_FS     usbd_cdc_if.o
    0x08001cc6   0x08001cc6   0x00000002   PAD
    0x08001cc8   0x08001cc8   0x00000024   Code   RO         6097    i.CDC_Init_FS       usbd_cdc_if.o
    0x08001cec   0x08001cec   0x00000020   Code   RO         6098    i.CDC_Receive_FS    usbd_cdc_if.o
    0x08001d0c   0x08001d0c   0x00000004   Code   RO         6099    i.CDC_TransmitCplt_FS  usbd_cdc_if.o
    0x08001d10   0x08001d10   0x0000002c   Code   RO         6100    i.CDC_Transmit_FS   usbd_cdc_if.o
    0x08001d3c   0x08001d3c   0x0000000c   Code   RO          823    i.DMA1_Stream0_IRQHandler  stm32h7xx_it.o
    0x08001d48   0x08001d48   0x000000b4   Code   RO         2179    i.DMA_CalcBaseAndBitshift  stm32h7xx_hal_dma.o
    0x08001dfc   0x08001dfc   0x0000009c   Code   RO         2180    i.DMA_CalcDMAMUXChannelBaseAndMask  stm32h7xx_hal_dma.o
    0x08001e98   0x08001e98   0x00000074   Code   RO         2181    i.DMA_CalcDMAMUXRequestGenBaseAndMask  stm32h7xx_hal_dma.o
    0x08001f0c   0x08001f0c   0x00000054   Code   RO         2182    i.DMA_CheckFifoParam  stm32h7xx_hal_dma.o
    0x08001f60   0x08001f60   0x00000220   Code   RO         2183    i.DMA_SetConfig     stm32h7xx_hal_dma.o
    0x08002180   0x08002180   0x00000002   Code   RO          824    i.DebugMon_Handler  stm32h7xx_it.o
    0x08002182   0x08002182   0x00000004   Code   RO          559    i.Error_Handler     main.o
    0x08002186   0x08002186   0x0000006a   Code   RO         3964    i.FMC_SDRAM_Init    stm32h7xx_ll_fmc.o
    0x080021f0   0x080021f0   0x00000012   Code   RO         3965    i.FMC_SDRAM_ProgramRefreshRate  stm32h7xx_ll_fmc.o
    0x08002202   0x08002202   0x00000026   Code   RO         3966    i.FMC_SDRAM_SendCommand  stm32h7xx_ll_fmc.o
    0x08002228   0x08002228   0x000000b0   Code   RO         3968    i.FMC_SDRAM_Timing_Init  stm32h7xx_ll_fmc.o
    0x080022d8   0x080022d8   0x000002ec   Code   RO         6798    i.FPGAConfigDefaultTask  fpgaconfigdefaulttask.o
    0x080025c4   0x080025c4   0x00000084   Code   RO           25    i.FPGA_Check_Config_Cmd  fpga_config.o
    0x08002648   0x08002648   0x00000038   Code   RO           27    i.FPGA_Reset        fpga_config.o
    0x08002680   0x08002680   0x000002d0   Code   RO           28    i.FPGA_Send_Bin_From_SDRAM  fpga_config.o
    0x08002950   0x08002950   0x00000070   Code   RO           29    i.FPGA_Switch_Mode  fpga_config.o
    0x080029c0   0x080029c0   0x0000009c   Code   RO           30    i.FPGA_Wait_DONE_High  fpga_config.o
    0x08002a5c   0x08002a5c   0x00000058   Code   RO           31    i.FPGA_Wait_InitB_Ready  fpga_config.o
    0x08002ab4   0x08002ab4   0x00000360   Code   RO         2184    i.HAL_DMA_Abort     stm32h7xx_hal_dma.o
    0x08002e14   0x08002e14   0x00000284   Code   RO         2185    i.HAL_DMA_Abort_IT  stm32h7xx_hal_dma.o
    0x08003098   0x08003098   0x000001e8   Code   RO         2186    i.HAL_DMA_DeInit    stm32h7xx_hal_dma.o
    0x08003280   0x08003280   0x00000004   Code   RO         2187    i.HAL_DMA_GetError  stm32h7xx_hal_dma.o
    0x08003284   0x08003284   0x000006e8   Code   RO         2189    i.HAL_DMA_IRQHandler  stm32h7xx_hal_dma.o
    0x0800396c   0x0800396c   0x000003c4   Code   RO         2190    i.HAL_DMA_Init      stm32h7xx_hal_dma.o
    0x08003d30   0x08003d30   0x0000029c   Code   RO         2194    i.HAL_DMA_Start_IT  stm32h7xx_hal_dma.o
    0x08003fcc   0x08003fcc   0x00000024   Code   RO         3046    i.HAL_Delay         stm32h7xx_hal.o
    0x08003ff0   0x08003ff0   0x000000ec   Code   RO          714    i.HAL_FMC_MspInit   fmc.o
    0x080040dc   0x080040dc   0x00000170   Code   RO         2029    i.HAL_GPIO_DeInit   stm32h7xx_hal_gpio.o
    0x0800424c   0x0800424c   0x0000022c   Code   RO         2032    i.HAL_GPIO_Init     stm32h7xx_hal_gpio.o
    0x08004478   0x08004478   0x0000000a   Code   RO         2034    i.HAL_GPIO_ReadPin  stm32h7xx_hal_gpio.o
    0x08004482   0x08004482   0x0000000a   Code   RO         2036    i.HAL_GPIO_WritePin  stm32h7xx_hal_gpio.o
    0x0800448c   0x0800448c   0x0000000c   Code   RO         3057    i.HAL_GetREVID      stm32h7xx_hal.o
    0x08004498   0x08004498   0x0000000c   Code   RO         3058    i.HAL_GetTick       stm32h7xx_hal.o
    0x080044a4   0x080044a4   0x00000010   Code   RO         3064    i.HAL_IncTick       stm32h7xx_hal.o
    0x080044b4   0x080044b4   0x0000005c   Code   RO         3065    i.HAL_Init          stm32h7xx_hal.o
    0x08004510   0x08004510   0x00000040   Code   RO         3066    i.HAL_InitTick      stm32h7xx_hal.o
    0x08004550   0x08004550   0x0000005c   Code   RO         2887    i.HAL_MPU_ConfigRegion  stm32h7xx_hal_cortex.o
    0x080045ac   0x080045ac   0x0000001c   Code   RO         2888    i.HAL_MPU_Disable   stm32h7xx_hal_cortex.o
    0x080045c8   0x080045c8   0x00000024   Code   RO         2890    i.HAL_MPU_Enable    stm32h7xx_hal_cortex.o
    0x080045ec   0x080045ec   0x00000024   Code   RO          904    i.HAL_MspInit       stm32h7xx_hal_msp.o
    0x08004610   0x08004610   0x00000022   Code   RO         2893    i.HAL_NVIC_DisableIRQ  stm32h7xx_hal_cortex.o
    0x08004632   0x08004632   0x0000001a   Code   RO         2894    i.HAL_NVIC_EnableIRQ  stm32h7xx_hal_cortex.o
    0x0800464c   0x0800464c   0x00000040   Code   RO         2900    i.HAL_NVIC_SetPriority  stm32h7xx_hal_cortex.o
    0x0800468c   0x0800468c   0x00000024   Code   RO         2901    i.HAL_NVIC_SetPriorityGrouping  stm32h7xx_hal_cortex.o
    0x080046b0   0x080046b0   0x00000028   Code   RO         1161    i.HAL_PCDEx_ActivateLPM  stm32h7xx_hal_pcd_ex.o
    0x080046d8   0x080046d8   0x00000002   Code   RO         1166    i.HAL_PCDEx_LPM_Callback  stm32h7xx_hal_pcd_ex.o
    0x080046da   0x080046da   0x00000008   Code   RO         1167    i.HAL_PCDEx_SetRxFiFo  stm32h7xx_hal_pcd_ex.o
    0x080046e2   0x080046e2   0x00000046   Code   RO         1168    i.HAL_PCDEx_SetTxFiFo  stm32h7xx_hal_pcd_ex.o
    0x08004728   0x08004728   0x00000008   Code   RO         6168    i.HAL_PCD_ConnectCallback  usbd_conf.o
    0x08004730   0x08004730   0x00000012   Code   RO         6169    i.HAL_PCD_DataInStageCallback  usbd_conf.o
    0x08004742   0x08004742   0x00000014   Code   RO         6170    i.HAL_PCD_DataOutStageCallback  usbd_conf.o
    0x08004756   0x08004756   0x00000008   Code   RO         6171    i.HAL_PCD_DisconnectCallback  usbd_conf.o
    0x0800475e   0x0800475e   0x0000001e   Code   RO          937    i.HAL_PCD_EP_Abort  stm32h7xx_hal_pcd.o
    0x0800477c   0x0800477c   0x0000004a   Code   RO          938    i.HAL_PCD_EP_Close  stm32h7xx_hal_pcd.o
    0x080047c6   0x080047c6   0x0000005a   Code   RO          939    i.HAL_PCD_EP_ClrStall  stm32h7xx_hal_pcd.o
    0x08004820   0x08004820   0x00000012   Code   RO          941    i.HAL_PCD_EP_GetRxCount  stm32h7xx_hal_pcd.o
    0x08004832   0x08004832   0x0000005e   Code   RO          942    i.HAL_PCD_EP_Open   stm32h7xx_hal_pcd.o
    0x08004890   0x08004890   0x00000034   Code   RO          943    i.HAL_PCD_EP_Receive  stm32h7xx_hal_pcd.o
    0x080048c4   0x080048c4   0x00000072   Code   RO          944    i.HAL_PCD_EP_SetStall  stm32h7xx_hal_pcd.o
    0x08004936   0x08004936   0x00000034   Code   RO          945    i.HAL_PCD_EP_Transmit  stm32h7xx_hal_pcd.o
    0x0800496a   0x0800496a   0x00000002   PAD
    0x0800496c   0x0800496c   0x00000594   Code   RO          947    i.HAL_PCD_IRQHandler  stm32h7xx_hal_pcd.o
    0x08004f00   0x08004f00   0x00000008   Code   RO         6172    i.HAL_PCD_ISOINIncompleteCallback  usbd_conf.o
    0x08004f08   0x08004f08   0x00000008   Code   RO         6173    i.HAL_PCD_ISOOUTIncompleteCallback  usbd_conf.o
    0x08004f10   0x08004f10   0x000000cc   Code   RO          950    i.HAL_PCD_Init      stm32h7xx_hal_pcd.o
    0x08004fdc   0x08004fdc   0x000000a0   Code   RO         6175    i.HAL_PCD_MspInit   usbd_conf.o
    0x0800507c   0x0800507c   0x0000002c   Code   RO         6176    i.HAL_PCD_ResetCallback  usbd_conf.o
    0x080050a8   0x080050a8   0x00000008   Code   RO         6177    i.HAL_PCD_ResumeCallback  usbd_conf.o
    0x080050b0   0x080050b0   0x00000008   Code   RO         6178    i.HAL_PCD_SOFCallback  usbd_conf.o
    0x080050b8   0x080050b8   0x00000026   Code   RO          956    i.HAL_PCD_SetAddress  stm32h7xx_hal_pcd.o
    0x080050de   0x080050de   0x0000000e   Code   RO         6179    i.HAL_PCD_SetupStageCallback  usbd_conf.o
    0x080050ec   0x080050ec   0x00000042   Code   RO          959    i.HAL_PCD_Start     stm32h7xx_hal_pcd.o
    0x0800512e   0x0800512e   0x00000002   PAD
    0x08005130   0x08005130   0x00000030   Code   RO         6180    i.HAL_PCD_SuspendCallback  usbd_conf.o
    0x08005160   0x08005160   0x00000054   Code   RO         2633    i.HAL_PWREx_ConfigSupply  stm32h7xx_hal_pwr_ex.o
    0x080051b4   0x080051b4   0x00000010   Code   RO         2650    i.HAL_PWREx_EnableUSBVoltageDetector  stm32h7xx_hal_pwr_ex.o
    0x080051c4   0x080051c4   0x000009ac   Code   RO         1662    i.HAL_RCCEx_PeriphCLKConfig  stm32h7xx_hal_rcc_ex.o
    0x08005b70   0x08005b70   0x0000025c   Code   RO         1538    i.HAL_RCC_ClockConfig  stm32h7xx_hal_rcc.o
    0x08005dcc   0x08005dcc   0x00000044   Code   RO         1543    i.HAL_RCC_GetHCLKFreq  stm32h7xx_hal_rcc.o
    0x08005e10   0x08005e10   0x00000138   Code   RO         1547    i.HAL_RCC_GetSysClockFreq  stm32h7xx_hal_rcc.o
    0x08005f48   0x08005f48   0x00000582   Code   RO         1550    i.HAL_RCC_OscConfig  stm32h7xx_hal_rcc.o
    0x080064ca   0x080064ca   0x00000006   Code   RO         4103    i.HAL_SDRAM_GetState  stm32h7xx_hal_sdram.o
    0x080064d0   0x080064d0   0x00000050   Code   RO         4105    i.HAL_SDRAM_Init    stm32h7xx_hal_sdram.o
    0x08006520   0x08006520   0x00000004   Code   RO          716    i.HAL_SDRAM_MspInit  fmc.o
    0x08006524   0x08006524   0x0000002e   Code   RO         4108    i.HAL_SDRAM_ProgramRefreshRate  stm32h7xx_hal_sdram.o
    0x08006552   0x08006552   0x00000002   PAD
    0x08006554   0x08006554   0x0000003c   Code   RO         4114    i.HAL_SDRAM_SendCommand  stm32h7xx_hal_sdram.o
    0x08006590   0x08006590   0x00000124   Code   RO         4270    i.HAL_SPI_Abort     stm32h7xx_hal_spi.o
    0x080066b4   0x080066b4   0x00000030   Code   RO         4276    i.HAL_SPI_DeInit    stm32h7xx_hal_spi.o
    0x080066e4   0x080066e4   0x00000002   Code   RO         4277    i.HAL_SPI_ErrorCallback  stm32h7xx_hal_spi.o
    0x080066e6   0x080066e6   0x00000006   Code   RO         4279    i.HAL_SPI_GetState  stm32h7xx_hal_spi.o
    0x080066ec   0x080066ec   0x00000224   Code   RO         4280    i.HAL_SPI_IRQHandler  stm32h7xx_hal_spi.o
    0x08006910   0x08006910   0x0000017c   Code   RO         4281    i.HAL_SPI_Init      stm32h7xx_hal_spi.o
    0x08006a8c   0x08006a8c   0x0000003c   Code   RO          780    i.HAL_SPI_MspDeInit  spi.o
    0x08006ac8   0x08006ac8   0x000000c8   Code   RO          781    i.HAL_SPI_MspInit   spi.o
    0x08006b90   0x08006b90   0x00000002   Code   RO         4287    i.HAL_SPI_RxCpltCallback  stm32h7xx_hal_spi.o
    0x08006b92   0x08006b92   0x00000002   Code   RO         4289    i.HAL_SPI_SuspendCallback  stm32h7xx_hal_spi.o
    0x08006b94   0x08006b94   0x00000178   Code   RO         4294    i.HAL_SPI_Transmit_DMA  stm32h7xx_hal_spi.o
    0x08006d0c   0x08006d0c   0x00000002   Code   RO         4296    i.HAL_SPI_TxCpltCallback  stm32h7xx_hal_spi.o
    0x08006d0e   0x08006d0e   0x00000002   Code   RO         4297    i.HAL_SPI_TxHalfCpltCallback  stm32h7xx_hal_spi.o
    0x08006d10   0x08006d10   0x00000002   Code   RO         4298    i.HAL_SPI_TxRxCpltCallback  stm32h7xx_hal_spi.o
    0x08006d12   0x08006d12   0x00000026   Code   RO         2905    i.HAL_SYSTICK_Config  stm32h7xx_hal_cortex.o
    0x08006d38   0x08006d38   0x00000002   Code   RO          825    i.HardFault_Handler  stm32h7xx_it.o
    0x08006d3a   0x08006d3a   0x00000002   PAD
    0x08006d3c   0x08006d3c   0x00000038   Code   RO         6008    i.IntToUnicode      usbd_desc.o
    0x08006d74   0x08006d74   0x000002c4   Code   RO           32    i.Jtag_ConfigureFromBuffer  fpga_config.o
    0x08007038   0x08007038   0x00000044   Code   RO           33    i.Jtag_ConfigureFromSdram  fpga_config.o
    0x0800707c   0x0800707c   0x00000044   Code   RO           34    i.Jtag_GotoState    fpga_config.o
    0x080070c0   0x080070c0   0x00000028   Code   RO           35    i.Jtag_Init         fpga_config.o
    0x080070e8   0x080070e8   0x0000001c   Code   RO           37    i.Jtag_Reset        fpga_config.o
    0x08007104   0x08007104   0x0000002a   Code   RO           38    i.Jtag_RunClocks    fpga_config.o
    0x0800712e   0x0800712e   0x00000002   PAD
    0x08007130   0x08007130   0x000000a8   Code   RO           39    i.Jtag_ShiftCfgInFast  fpga_config.o
    0x080071d8   0x080071d8   0x000000c8   Code   RO           40    i.Jtag_ShiftRawOrder  fpga_config.o
    0x080072a0   0x080072a0   0x00000028   Code   RO           41    i.Jtag_Tick         fpga_config.o
    0x080072c8   0x080072c8   0x00000038   Code   RO           43    i.Jtag_WriteInstruction  fpga_config.o
    0x08007300   0x08007300   0x0000002c   Code   RO          690    i.MX_DMA_Init       dma.o
    0x0800732c   0x0800732c   0x0000006c   Code   RO          717    i.MX_FMC_Init       fmc.o
    0x08007398   0x08007398   0x00000028   Code   RO          638    i.MX_FREERTOS_Init  freertos.o
    0x080073c0   0x080073c0   0x000000c0   Code   RO          609    i.MX_GPIO_Init      gpio.o
    0x08007480   0x08007480   0x00000060   Code   RO          782    i.MX_SPI4_Init      spi.o
    0x080074e0   0x080074e0   0x00000054   Code   RO         5969    i.MX_USB_DEVICE_Init  usb_device.o
    0x08007534   0x08007534   0x00000002   Code   RO          826    i.MemManage_Handler  stm32h7xx_it.o
    0x08007536   0x08007536   0x00000002   Code   RO          827    i.NMI_Handler       stm32h7xx_it.o
    0x08007538   0x08007538   0x0000000c   Code   RO          828    i.OTG_FS_IRQHandler  stm32h7xx_it.o
    0x08007544   0x08007544   0x000000cc   Code   RO          962    i.PCD_EP_OutXfrComplete_int  stm32h7xx_hal_pcd.o
    0x08007610   0x08007610   0x000000a2   Code   RO          963    i.PCD_WriteEmptyTxFifo  stm32h7xx_hal_pcd.o
    0x080076b2   0x080076b2   0x00000002   PAD
    0x080076b4   0x080076b4   0x00000120   Code   RO         1665    i.RCCEx_PLL2_Config  stm32h7xx_hal_rcc_ex.o
    0x080077d4   0x080077d4   0x00000120   Code   RO         1666    i.RCCEx_PLL3_Config  stm32h7xx_hal_rcc_ex.o
    0x080078f4   0x080078f4   0x00000010   Code   RO          505    i.SDRAM_Bin_Cache_Reset  sdram.o
    0x08007904   0x08007904   0x000000a4   Code   RO          506    i.SDRAM_Init_Sequence  sdram.o
    0x080079a8   0x080079a8   0x000000b0   Code   RO         6799    i.SDRAM_Process_Data_Block  fpgaconfigdefaulttask.o
    0x08007a58   0x08007a58   0x00000060   Code   RO          509    i.SDRAM_WriteBuffer  sdram.o
    0x08007ab8   0x08007ab8   0x0000000c   Code   RO          829    i.SPI4_IRQHandler   stm32h7xx_it.o
    0x08007ac4   0x08007ac4   0x00000074   Code   RO         4300    i.SPI_AbortTransfer  stm32h7xx_hal_spi.o
    0x08007b38   0x08007b38   0x000000bc   Code   RO         4301    i.SPI_CloseTransfer  stm32h7xx_hal_spi.o
    0x08007bf4   0x08007bf4   0x0000001a   Code   RO         4302    i.SPI_DMAAbortOnError  stm32h7xx_hal_spi.o
    0x08007c0e   0x08007c0e   0x0000002c   Code   RO         4303    i.SPI_DMAError      stm32h7xx_hal_spi.o
    0x08007c3a   0x08007c3a   0x0000000a   Code   RO         4305    i.SPI_DMAHalfTransmitCplt  stm32h7xx_hal_spi.o
    0x08007c44   0x08007c44   0x00000028   Code   RO         4309    i.SPI_DMATransmitCplt  stm32h7xx_hal_spi.o
    0x08007c6c   0x08007c6c   0x0000000a   Code   RO         6542    i.SWAPBYTE          usbd_ctlreq.o
    0x08007c76   0x08007c76   0x00000018   Code   RO          830    i.SysTick_Handler   stm32h7xx_it.o
    0x08007c8e   0x08007c8e   0x00000002   PAD
    0x08007c90   0x08007c90   0x000000e4   Code   RO          560    i.SystemClock_Config  main.o
    0x08007d74   0x08007d74   0x000000dc   Code   RO         4636    i.SystemInit        system_stm32h7xx.o
    0x08007e50   0x08007e50   0x00000076   Code   RO         6688    i.USBD_CDC_DataIn   usbd_cdc.o
    0x08007ec6   0x08007ec6   0x0000003c   Code   RO         6689    i.USBD_CDC_DataOut  usbd_cdc.o
    0x08007f02   0x08007f02   0x00000002   PAD
    0x08007f04   0x08007f04   0x00000090   Code   RO         6690    i.USBD_CDC_DeInit   usbd_cdc.o
    0x08007f94   0x08007f94   0x00000036   Code   RO         6691    i.USBD_CDC_EP0_RxReady  usbd_cdc.o
    0x08007fca   0x08007fca   0x00000002   PAD
    0x08007fcc   0x08007fcc   0x0000000c   Code   RO         6692    i.USBD_CDC_GetDeviceQualifierDescriptor  usbd_cdc.o
    0x08007fd8   0x08007fd8   0x00000040   Code   RO         6693    i.USBD_CDC_GetFSCfgDesc  usbd_cdc.o
    0x08008018   0x08008018   0x00000040   Code   RO         6694    i.USBD_CDC_GetHSCfgDesc  usbd_cdc.o
    0x08008058   0x08008058   0x00000040   Code   RO         6695    i.USBD_CDC_GetOtherSpeedCfgDesc  usbd_cdc.o
    0x08008098   0x08008098   0x0000011c   Code   RO         6696    i.USBD_CDC_Init     usbd_cdc.o
    0x080081b4   0x080081b4   0x00000038   Code   RO         6697    i.USBD_CDC_ReceivePacket  usbd_cdc.o
    0x080081ec   0x080081ec   0x00000016   Code   RO         6698    i.USBD_CDC_RegisterInterface  usbd_cdc.o
    0x08008202   0x08008202   0x0000001a   Code   RO         6699    i.USBD_CDC_SetRxBuffer  usbd_cdc.o
    0x0800821c   0x0800821c   0x0000001e   Code   RO         6700    i.USBD_CDC_SetTxBuffer  usbd_cdc.o
    0x0800823a   0x0800823a   0x000000ce   Code   RO         6701    i.USBD_CDC_Setup    usbd_cdc.o
    0x08008308   0x08008308   0x00000050   Code   RO         6702    i.USBD_CDC_TransmitPacket  usbd_cdc.o
    0x08008358   0x08008358   0x00000014   Code   RO         6379    i.USBD_ClrClassConfig  usbd_core.o
    0x0800836c   0x0800836c   0x00000004   Code   RO         6380    i.USBD_CoreFindEP   usbd_core.o
    0x08008370   0x08008370   0x00000004   Code   RO         6381    i.USBD_CoreFindIF   usbd_core.o
    0x08008374   0x08008374   0x00000010   Code   RO         6624    i.USBD_CtlContinueRx  usbd_ioreq.o
    0x08008384   0x08008384   0x00000010   Code   RO         6625    i.USBD_CtlContinueSendData  usbd_ioreq.o
    0x08008394   0x08008394   0x00000016   Code   RO         6543    i.USBD_CtlError     usbd_ctlreq.o
    0x080083aa   0x080083aa   0x0000001e   Code   RO         6626    i.USBD_CtlPrepareRx  usbd_ioreq.o
    0x080083c8   0x080083c8   0x00000016   Code   RO         6627    i.USBD_CtlReceiveStatus  usbd_ioreq.o
    0x080083de   0x080083de   0x0000001a   Code   RO         6628    i.USBD_CtlSendData  usbd_ioreq.o
    0x080083f8   0x080083f8   0x00000016   Code   RO         6629    i.USBD_CtlSendStatus  usbd_ioreq.o
    0x0800840e   0x0800840e   0x00000002   PAD
    0x08008410   0x08008410   0x00000020   Code   RO         6009    i.USBD_FS_ConfigStrDescriptor  usbd_desc.o
    0x08008430   0x08008430   0x0000000c   Code   RO         6010    i.USBD_FS_DeviceDescriptor  usbd_desc.o
    0x0800843c   0x0800843c   0x00000024   Code   RO         6011    i.USBD_FS_InterfaceStrDescriptor  usbd_desc.o
    0x08008460   0x08008460   0x0000000c   Code   RO         6012    i.USBD_FS_LangIDStrDescriptor  usbd_desc.o
    0x0800846c   0x0800846c   0x00000028   Code   RO         6013    i.USBD_FS_ManufacturerStrDescriptor  usbd_desc.o
    0x08008494   0x08008494   0x0000002c   Code   RO         6014    i.USBD_FS_ProductStrDescriptor  usbd_desc.o
    0x080084c0   0x080084c0   0x0000003c   Code   RO         6015    i.USBD_FS_SerialStrDescriptor  usbd_desc.o
    0x080084fc   0x080084fc   0x000000fa   Code   RO         6544    i.USBD_GetDescriptor  usbd_ctlreq.o
    0x080085f6   0x080085f6   0x0000003a   Code   RO         6383    i.USBD_GetEpDesc    usbd_core.o
    0x08008630   0x08008630   0x00000014   Code   RO         6545    i.USBD_GetLen       usbd_ctlreq.o
    0x08008644   0x08008644   0x0000000e   Code   RO         6384    i.USBD_GetNextDesc  usbd_core.o
    0x08008652   0x08008652   0x0000004e   Code   RO         6546    i.USBD_GetString    usbd_ctlreq.o
    0x080086a0   0x080086a0   0x00000018   Code   RO         6181    i.USBD_Get_USB_Status  usbd_conf.o
    0x080086b8   0x080086b8   0x00000026   Code   RO         6385    i.USBD_Init         usbd_core.o
    0x080086de   0x080086de   0x00000012   Code   RO         6182    i.USBD_LL_ClearStallEP  usbd_conf.o
    0x080086f0   0x080086f0   0x00000012   Code   RO         6183    i.USBD_LL_CloseEP   usbd_conf.o
    0x08008702   0x08008702   0x000000b8   Code   RO         6386    i.USBD_LL_DataInStage  usbd_core.o
    0x080087ba   0x080087ba   0x00000090   Code   RO         6387    i.USBD_LL_DataOutStage  usbd_core.o
    0x0800884a   0x0800884a   0x00000004   Code   RO         6388    i.USBD_LL_DevConnected  usbd_core.o
    0x0800884e   0x0800884e   0x00000020   Code   RO         6389    i.USBD_LL_DevDisconnected  usbd_core.o
    0x0800886e   0x0800886e   0x00000008   Code   RO         6187    i.USBD_LL_GetRxDataSize  usbd_conf.o
    0x08008876   0x08008876   0x00000002   PAD
    0x08008878   0x08008878   0x00000064   Code   RO         6188    i.USBD_LL_Init      usbd_conf.o
    0x080088dc   0x080088dc   0x0000001e   Code   RO         6189    i.USBD_LL_IsStallEP  usbd_conf.o
    0x080088fa   0x080088fa   0x00000028   Code   RO         6390    i.USBD_LL_IsoINIncomplete  usbd_core.o
    0x08008922   0x08008922   0x00000028   Code   RO         6391    i.USBD_LL_IsoOUTIncomplete  usbd_core.o
    0x0800894a   0x0800894a   0x00000018   Code   RO         6190    i.USBD_LL_OpenEP    usbd_conf.o
    0x08008962   0x08008962   0x00000012   Code   RO         6191    i.USBD_LL_PrepareReceive  usbd_conf.o
    0x08008974   0x08008974   0x0000005e   Code   RO         6392    i.USBD_LL_Reset     usbd_core.o
    0x080089d2   0x080089d2   0x00000014   Code   RO         6393    i.USBD_LL_Resume    usbd_core.o
    0x080089e6   0x080089e6   0x0000001a   Code   RO         6394    i.USBD_LL_SOF       usbd_core.o
    0x08008a00   0x08008a00   0x00000006   Code   RO         6395    i.USBD_LL_SetSpeed  usbd_core.o
    0x08008a06   0x08008a06   0x00000012   Code   RO         6192    i.USBD_LL_SetUSBAddress  usbd_conf.o
    0x08008a18   0x08008a18   0x00000060   Code   RO         6396    i.USBD_LL_SetupStage  usbd_core.o
    0x08008a78   0x08008a78   0x00000012   Code   RO         6193    i.USBD_LL_StallEP   usbd_conf.o
    0x08008a8a   0x08008a8a   0x00000012   Code   RO         6194    i.USBD_LL_Start     usbd_conf.o
    0x08008a9c   0x08008a9c   0x0000001a   Code   RO         6397    i.USBD_LL_Suspend   usbd_core.o
    0x08008ab6   0x08008ab6   0x00000012   Code   RO         6196    i.USBD_LL_Transmit  usbd_conf.o
    0x08008ac8   0x08008ac8   0x0000002a   Code   RO         6547    i.USBD_ParseSetupRequest  usbd_ctlreq.o
    0x08008af2   0x08008af2   0x0000003a   Code   RO         6398    i.USBD_RegisterClass  usbd_core.o
    0x08008b2c   0x08008b2c   0x00000014   Code   RO         6400    i.USBD_SetClassConfig  usbd_core.o
    0x08008b40   0x08008b40   0x000000bc   Code   RO         6548    i.USBD_SetConfig    usbd_ctlreq.o
    0x08008bfc   0x08008bfc   0x00000004   Code   RO         6401    i.USBD_Start        usbd_core.o
    0x08008c00   0x08008c00   0x0000012e   Code   RO         6549    i.USBD_StdDevReq    usbd_ctlreq.o
    0x08008d2e   0x08008d2e   0x00000164   Code   RO         6550    i.USBD_StdEPReq     usbd_ctlreq.o
    0x08008e92   0x08008e92   0x00000074   Code   RO         6551    i.USBD_StdItfReq    usbd_ctlreq.o
    0x08008f06   0x08008f06   0x00000002   Code   RO         6197    i.USBD_static_free  usbd_conf.o
    0x08008f08   0x08008f08   0x00000008   Code   RO         6198    i.USBD_static_malloc  usbd_conf.o
    0x08008f10   0x08008f10   0x00000080   Code   RO         1233    i.USB_ActivateEndpoint  stm32h7xx_ll_usb.o
    0x08008f90   0x08008f90   0x0000001c   Code   RO         1235    i.USB_ActivateSetup  stm32h7xx_ll_usb.o
    0x08008fac   0x08008fac   0x00000178   Code   RO         6800    i.USB_CDC_Recv_Callback  fpgaconfigdefaulttask.o
    0x08009124   0x08009124   0x00000098   Code   RO         1237    i.USB_CoreInit      stm32h7xx_ll_usb.o
    0x080091bc   0x080091bc   0x0000003c   Code   RO         1238    i.USB_CoreReset     stm32h7xx_ll_usb.o
    0x080091f8   0x080091f8   0x000000cc   Code   RO         1241    i.USB_DeactivateEndpoint  stm32h7xx_ll_usb.o
    0x080092c4   0x080092c4   0x0000001c   Code   RO         1242    i.USB_DevConnect    stm32h7xx_ll_usb.o
    0x080092e0   0x080092e0   0x0000001c   Code   RO         1243    i.USB_DevDisconnect  stm32h7xx_ll_usb.o
    0x080092fc   0x080092fc   0x0000016c   Code   RO         1244    i.USB_DevInit       stm32h7xx_ll_usb.o
    0x08009468   0x08009468   0x0000000c   Code   RO         1245    i.USB_DisableGlobalInt  stm32h7xx_ll_usb.o
    0x08009474   0x08009474   0x00000058   Code   RO         1248    i.USB_EP0_OutStart  stm32h7xx_ll_usb.o
    0x080094cc   0x080094cc   0x00000058   Code   RO         1249    i.USB_EPClearStall  stm32h7xx_ll_usb.o
    0x08009524   0x08009524   0x00000058   Code   RO         1250    i.USB_EPSetStall    stm32h7xx_ll_usb.o
    0x0800957c   0x0800957c   0x0000023c   Code   RO         1251    i.USB_EPStartXfer   stm32h7xx_ll_usb.o
    0x080097b8   0x080097b8   0x0000009e   Code   RO         1252    i.USB_EPStopXfer    stm32h7xx_ll_usb.o
    0x08009856   0x08009856   0x0000000c   Code   RO         1253    i.USB_EnableGlobalInt  stm32h7xx_ll_usb.o
    0x08009862   0x08009862   0x00000038   Code   RO         1254    i.USB_FlushRxFifo   stm32h7xx_ll_usb.o
    0x0800989a   0x0800989a   0x0000003c   Code   RO         1255    i.USB_FlushTxFifo   stm32h7xx_ll_usb.o
    0x080098d6   0x080098d6   0x0000001a   Code   RO         1257    i.USB_GetDevSpeed   stm32h7xx_ll_usb.o
    0x080098f0   0x080098f0   0x00000008   Code   RO         1259    i.USB_GetMode       stm32h7xx_ll_usb.o
    0x080098f8   0x080098f8   0x0000000e   Code   RO         1267    i.USB_ReadDevAllInEpInterrupt  stm32h7xx_ll_usb.o
    0x08009906   0x08009906   0x0000000e   Code   RO         1268    i.USB_ReadDevAllOutEpInterrupt  stm32h7xx_ll_usb.o
    0x08009914   0x08009914   0x00000024   Code   RO         1269    i.USB_ReadDevInEPInterrupt  stm32h7xx_ll_usb.o
    0x08009938   0x08009938   0x00000010   Code   RO         1270    i.USB_ReadDevOutEPInterrupt  stm32h7xx_ll_usb.o
    0x08009948   0x08009948   0x00000008   Code   RO         1271    i.USB_ReadInterrupts  stm32h7xx_ll_usb.o
    0x08009950   0x08009950   0x00000040   Code   RO         1272    i.USB_ReadPacket    stm32h7xx_ll_usb.o
    0x08009990   0x08009990   0x0000005e   Code   RO         1274    i.USB_SetCurrentMode  stm32h7xx_ll_usb.o
    0x080099ee   0x080099ee   0x00000022   Code   RO         1275    i.USB_SetDevAddress  stm32h7xx_ll_usb.o
    0x08009a10   0x08009a10   0x000000e8   Code   RO         1277    i.USB_SetTurnaroundTime  stm32h7xx_ll_usb.o
    0x08009af8   0x08009af8   0x00000028   Code   RO         1280    i.USB_WritePacket   stm32h7xx_ll_usb.o
    0x08009b20   0x08009b20   0x00000002   Code   RO          831    i.UsageFault_Handler  stm32h7xx_it.o
    0x08009b22   0x08009b22   0x00000030   Code   RO         7006    i.__ARM_fpclassify  m_wv.l(fpclassify.o)
    0x08009b52   0x08009b52   0x00000022   Code   RO         2907    i.__NVIC_SetPriority  stm32h7xx_hal_cortex.o
    0x08009b74   0x08009b74   0x0000000e   Code   RO         6890    i._is_digit         c_w.l(__printf_wp.o)
    0x08009b82   0x08009b82   0x00000072   Code   RO          561    i.main              main.o
    0x08009bf4   0x08009bf4   0x0000000e   Code   RO         5455    i.makeFreeRtosPriority  cmsis_os.o
    0x08009c02   0x08009c02   0x0000000e   Code   RO         5457    i.osDelay           cmsis_os.o
    0x08009c10   0x08009c10   0x0000000a   Code   RO         5460    i.osKernelStart     cmsis_os.o
    0x08009c1a   0x08009c1a   0x00000054   Code   RO         5494    i.osThreadCreate    cmsis_os.o
    0x08009c6e   0x08009c6e   0x00000002   PAD
    0x08009c70   0x08009c70   0x00000070   Code   RO         5137    i.prvAddCurrentTaskToDelayedList  tasks.o
    0x08009ce0   0x08009ce0   0x000000d0   Code   RO         5138    i.prvAddNewTaskToReadyList  tasks.o
    0x08009db0   0x08009db0   0x00000034   Code   RO         5139    i.prvDeleteTCB      tasks.o
    0x08009de4   0x08009de4   0x00000050   Code   RO         5822    i.prvHeapInit       heap_4.o
    0x08009e34   0x08009e34   0x00000060   Code   RO         5140    i.prvIdleTask       tasks.o
    0x08009e94   0x08009e94   0x0000009a   Code   RO         5141    i.prvInitialiseNewTask  tasks.o
    0x08009f2e   0x08009f2e   0x00000002   PAD
    0x08009f30   0x08009f30   0x0000004c   Code   RO         5823    i.prvInsertBlockIntoFreeList  heap_4.o
    0x08009f7c   0x08009f7c   0x00000020   Code   RO         5142    i.prvResetNextTaskUnblockTime  tasks.o
    0x08009f9c   0x08009f9c   0x00000028   Code   RO         5890    i.prvTaskExitError  port.o
    0x08009fc4   0x08009fc4   0x000000dc   Code   RO         5824    i.pvPortMalloc      heap_4.o
    0x0800a0a0   0x0800a0a0   0x00000030   Code   RO         5891    i.pxPortInitialiseStack  port.o
    0x0800a0d0   0x0800a0d0   0x00000076   Code   RO           44    i.spi_flash_erase_sector  fpga_config.o
    0x0800a146   0x0800a146   0x00000002   PAD
    0x0800a148   0x0800a148   0x000001bc   Code   RO           45    i.spi_flash_init    fpga_config.o
    0x0800a304   0x0800a304   0x00000850   Code   RO           46    i.spi_flash_program_full  fpga_config.o
    0x0800ab54   0x0800ab54   0x000000a4   Code   RO           47    i.spi_flash_program_page  fpga_config.o
    0x0800abf8   0x0800abf8   0x00000084   Code   RO           48    i.spi_flash_read_buffer  fpga_config.o
    0x0800ac7c   0x0800ac7c   0x00000058   Code   RO           50    i.spi_flash_read_flag_status  fpga_config.o
    0x0800acd4   0x0800acd4   0x000000bc   Code   RO           51    i.spi_flash_read_jedec_id  fpga_config.o
    0x0800ad90   0x0800ad90   0x00000058   Code   RO           52    i.spi_flash_read_status  fpga_config.o
    0x0800ade8   0x0800ade8   0x0000005e   Code   RO           53    i.spi_flash_reset_memory  fpga_config.o
    0x0800ae46   0x0800ae46   0x00000032   Code   RO           54    i.spi_flash_wait_ready  fpga_config.o
    0x0800ae78   0x0800ae78   0x00000060   Code   RO           55    i.spi_flash_write_enable  fpga_config.o
    0x0800aed8   0x0800aed8   0x00000026   Code   RO         4773    i.uxListRemove      list.o
    0x0800aefe   0x0800aefe   0x00000002   PAD
    0x0800af00   0x0800af00   0x00000018   Code   RO          639    i.vApplicationGetIdleTaskMemory  freertos.o
    0x0800af18   0x0800af18   0x00000016   Code   RO         4774    i.vListInitialise   list.o
    0x0800af2e   0x0800af2e   0x00000006   Code   RO         4775    i.vListInitialiseItem  list.o
    0x0800af34   0x0800af34   0x00000030   Code   RO         4776    i.vListInsert       list.o
    0x0800af64   0x0800af64   0x00000018   Code   RO         4777    i.vListInsertEnd    list.o
    0x0800af7c   0x0800af7c   0x00000040   Code   RO         5893    i.vPortEnterCritical  port.o
    0x0800afbc   0x0800afbc   0x00000028   Code   RO         5894    i.vPortExitCritical  port.o
    0x0800afe4   0x0800afe4   0x00000064   Code   RO         5825    i.vPortFree         heap_4.o
    0x0800b048   0x0800b048   0x00000024   Code   RO         5895    i.vPortSetupTimerInterrupt  port.o
    0x0800b06c   0x0800b06c   0x0000004c   Code   RO         5151    i.vTaskDelay        tasks.o
    0x0800b0b8   0x0800b0b8   0x0000006c   Code   RO         5164    i.vTaskStartScheduler  tasks.o
    0x0800b124   0x0800b124   0x00000010   Code   RO         5166    i.vTaskSuspendAll   tasks.o
    0x0800b134   0x0800b134   0x0000005c   Code   RO         5167    i.vTaskSwitchContext  tasks.o
    0x0800b190   0x0800b190   0x000000f4   Code   RO         5897    i.xPortStartScheduler  port.o
    0x0800b284   0x0800b284   0x0000002c   Code   RO         5898    i.xPortSysTickHandler  port.o
    0x0800b2b0   0x0800b2b0   0x0000005a   Code   RO         5170    i.xTaskCreate       tasks.o
    0x0800b30a   0x0800b30a   0x00000056   Code   RO         5171    i.xTaskCreateStatic  tasks.o
    0x0800b360   0x0800b360   0x0000001c   Code   RO         5175    i.xTaskGetSchedulerState  tasks.o
    0x0800b37c   0x0800b37c   0x000000cc   Code   RO         5178    i.xTaskIncrementTick  tasks.o
    0x0800b448   0x0800b448   0x000000c4   Code   RO         5184    i.xTaskResumeAll    tasks.o
    0x0800b50c   0x0800b50c   0x0000002c   Code   RO         7001    locale$$code        c_w.l(lc_numeric_c.o)
    0x0800b538   0x0800b538   0x0000000a   Code   RO         7082    x$fpl$fpinit        fz_wv.l(fpinit.o)
    0x0800b542   0x0800b542   0x00000004   Code   RO         6925    x$fpl$printf1       fz_wv.l(printf1.o)
    0x0800b546   0x0800b546   0x00000000   Code   RO         7005    x$fpl$usenofp       fz_wv.l(usenofp.o)
    0x0800b546   0x0800b546   0x00076534   Data   RO           57    .constdata          fpga_config.o
    0x08081a7a   0x08081a7a   0x00000002   PAD
    0x08081a7c   0x08081a7c   0x0000001c   Data   RO          641    .constdata          freertos.o
    0x08081a98   0x08081a98   0x00000008   Data   RO         2196    .constdata          stm32h7xx_hal_dma.o
    0x08081aa0   0x08081aa0   0x00000010   Data   RO         4637    .constdata          system_stm32h7xx.o
    0x08081ab0   0x08081ab0   0x00000004   Data   RO         6802    .constdata          fpgaconfigdefaulttask.o
    0x08081ab4   0x08081ab4   0x00000028   Data   RO         6863    .constdata          c_w.l(_printf_hex_int.o)
    0x08081adc   0x08081adc   0x00000011   Data   RO         6893    .constdata          c_w.l(__printf_flags_wp.o)
    0x08081aed   0x08081aed   0x00000003   PAD
    0x08081af0   0x08081af0   0x00000094   Data   RO         6976    .constdata          c_w.l(bigflt0.o)
    0x08081b84   0x08081b84   0x0000008f   Data   RO           59    .conststring        fpga_config.o
    0x08081c13   0x08081c13   0x00000001   PAD
    0x08081c14   0x08081c14   0x0000000f   Data   RO          642    .conststring        freertos.o
    0x08081c23   0x08081c23   0x00000001   PAD
    0x08081c24   0x08081c24   0x00000020   Data   RO         7150    Region$$Table       anon$$obj.o
    0x08081c44   0x08081c44   0x0000001c   Data   RO         7000    locale$$data        c_w.l(lc_numeric_c.o)


    Execution Region RW_IRAM1 (Exec base: 0x20000000, Load base: 0x08081c60, Size: 0x00000000, Max: 0x00020000, ABSOLUTE)

    **** No section assigned to this execution region ****


    Execution Region RW_IRAM2 (Exec base: 0x24000000, Load base: 0x08081c60, Size: 0x000074f8, Max: 0x00080000, ABSOLUTE, COMPRESSED[0x000000c4])

    Exec Addr    Load Addr    Size         Type   Attr      Idx    E Section Name        Object

    0x24000000   COMPRESSED   0x00000010   Data   RW           60    .data               fpga_config.o
    0x24000010   COMPRESSED   0x00000008   Data   RW          510    .data               sdram.o
    0x24000018   COMPRESSED   0x00000004   Data   RW          643    .data               freertos.o
    0x2400001c   COMPRESSED   0x00000008   Data   RW          719    .data               fmc.o
    0x24000024   COMPRESSED   0x0000000c   Data   RW         3087    .data               stm32h7xx_hal.o
    0x24000030   COMPRESSED   0x00000008   Data   RW         4638    .data               system_stm32h7xx.o
    0x24000038   COMPRESSED   0x0000003c   Data   RW         5187    .data               tasks.o
    0x24000074   COMPRESSED   0x00000020   Data   RW         5831    .data               heap_4.o
    0x24000094   COMPRESSED   0x0000000c   Data   RW         5899    .data               port.o
    0x240000a0   COMPRESSED   0x00000020   Data   RW         6017    .data               usbd_desc.o
    0x240000c0   COMPRESSED   0x00000032   Data   RW         6018    .data               usbd_desc.o
    0x240000f2   COMPRESSED   0x00000002   PAD
    0x240000f4   COMPRESSED   0x00000014   Data   RW         6102    .data               usbd_cdc_if.o
    0x24000108   COMPRESSED   0x00000001   Data   RW         6552    .data               usbd_ctlreq.o
    0x24000109   COMPRESSED   0x00000003   PAD
    0x2400010c   COMPRESSED   0x00000053   Data   RW         6703    .data               usbd_cdc.o
    0x2400015f   COMPRESSED   0x00000001   PAD
    0x24000160   COMPRESSED   0x00000038   Data   RW         6704    .data               usbd_cdc.o
    0x24000198   COMPRESSED   0x00000010   Data   RW         6803    .data               fpgaconfigdefaulttask.o
    0x240001a8        -       0x00001014   Zero   RW           56    .bss                fpga_config.o
    0x240011bc        -       0x00000254   Zero   RW          640    .bss                freertos.o
    0x24001410        -       0x00000034   Zero   RW          718    .bss                fmc.o
    0x24001444        -       0x00000100   Zero   RW          783    .bss                spi.o
    0x24001544        -       0x000000f0   Zero   RW         5186    .bss                tasks.o
    0x24001634        -       0x00003c00   Zero   RW         5830    .bss                heap_4.o
    0x24005234        -       0x000002dc   Zero   RW         5970    .bss                usb_device.o
    0x24005510        -       0x00000200   Zero   RW         6016    .bss                usbd_desc.o
    0x24005710        -       0x00001000   Zero   RW         6101    .bss                usbd_cdc_if.o
    0x24006710        -       0x00000704   Zero   RW         6199    .bss                usbd_conf.o
    0x24006e14        -       0x00000080   Zero   RW         6801    .bss                fpgaconfigdefaulttask.o
    0x24006e94        -       0x00000060   Zero   RW         7009    .bss                c_w.l(libspace.o)
    0x24006ef4   COMPRESSED   0x00000004   PAD
    0x24006ef8        -       0x00000200   Zero   RW            2    HEAP                startup_stm32h743xx.o
    0x240070f8        -       0x00000400   Zero   RW            1    STACK               startup_stm32h743xx.o


==============================================================================

Image component sizes


      Code (inc. data)   RO Data    RW Data    ZI Data      Debug   Object Name

       122          0          0          0          0      23321   cmsis_os.o
        44          4          0          0          0        914   dma.o
         0          0          0          0          0      16884   event_groups.o
       348         38          0          8         52       2504   fmc.o
      6942       2492     484803         16       4116    1329189   fpga_config.o
      1300        576          4         16        128       3542   fpgaconfigdefaulttask.o
        64         16         43          4        596       6570   freertos.o
       192         12          0          0          0       1187   gpio.o
       476         24          0         32      15360       7379   heap_4.o
       138          0          0          0          0       3530   list.o
       346         12          0          0          0       2588   main.o
       706         74          0         12          0      11172   port.o
       276         22          0          8          0       3642   sdram.o
       356         44          0          0        256       2590   spi.o
        64         26        664          0       1536        852   startup_stm32h743xx.o
       232         44          0         12          0      23444   stm32h7xx_hal.o
       388         28          0          0          0      42199   stm32h7xx_hal_cortex.o
      6480        288          8          0          0      12058   stm32h7xx_hal_dma.o
       944         94          0          0          0       3701   stm32h7xx_hal_gpio.o
        36          4          0          0          0        966   stm32h7xx_hal_msp.o
      2626         16          0          0          0      12364   stm32h7xx_hal_pcd.o
       120          6          0          0          0       3135   stm32h7xx_hal_pcd_ex.o
       100         10          0          0          0       1334   stm32h7xx_hal_pwr_ex.o
      2394         82          0          0          0       5618   stm32h7xx_hal_rcc.o
      3052         52          0          0          0       5071   stm32h7xx_hal_rcc_ex.o
       192          4          0          0          0       3333   stm32h7xx_hal_sdram.o
      2086         36          0          0          0      12891   stm32h7xx_hal_spi.o
        72         18          0          0          0       4811   stm32h7xx_it.o
       338         12          0          0          0       4168   stm32h7xx_ll_fmc.o
      2712        118          0          0          0      21408   stm32h7xx_ll_usb.o
         0          0          0          0          0        392   stream_buffer.o
       220         40         16          8          0       1526   system_stm32h7xx.o
      1550        116          0         60        240      19459   tasks.o
        84         18          0          0        732        820   usb_device.o
      1284         40          0        139          0      13625   usbd_cdc.o
       124         26          0         20       4096       3993   usbd_cdc_if.o
       674         30          0          0       1796      16184   usbd_conf.o
       932          0          0          0          0      14711   usbd_core.o
      1384         22          0          1          0      14412   usbd_ctlreq.o
       292        106          0         82        512       6193   usbd_desc.o
       132          0          0          0          0       4400   usbd_ioreq.o

    ----------------------------------------------------------------------
     39858       4550     485574        424      29420    1668080   Object Totals
         0          0         32          0          0          0   (incl. Generated)
        36          0          4          6          0          0   (incl. Padding)

    ----------------------------------------------------------------------

      Code (inc. data)   RO Data    RW Data    ZI Data      Debug   Library Member Name

        56          6          0          0          0         88   __2snprintf.o
        90          0          0          0          0          0   __dczerorl2.o
         8          0          0          0          0         68   __main.o
       312          4         17          0          0         92   __printf_flags_wp.o
        14          0          0          0          0         68   __printf_wp.o
         0          0          0          0          0          0   __rtentry.o
        12          0          0          0          0          0   __rtentry2.o
         6          0          0          0          0          0   __rtentry4.o
        52          8          0          0          0          0   __scatter.o
        28          0          0          0          0          0   __scatter_zi.o
        44          0          0          0          0        108   _printf_char.o
        48          6          0          0          0         96   _printf_char_common.o
       120         16          0          0          0         92   _printf_dec.o
         6          0          0          0          0          0   _printf_f.o
      1050          0          0          0          0        216   _printf_fp_dec.o
       128         16          0          0          0         84   _printf_fp_infnan.o
        88          4         40          0          0         88   _printf_hex_int.o
       178          0          0          0          0         88   _printf_intcommon.o
        78          0          0          0          0        108   _printf_pad.o
         0          0          0          0          0          0   _printf_percent.o
         4          0          0          0          0          0   _printf_percent_end.o
         6          0          0          0          0          0   _printf_s.o
        82          0          0          0          0         80   _printf_str.o
         6          0          0          0          0          0   _printf_u.o
         6          0          0          0          0          0   _printf_x.o
        16          0          0          0          0         68   _snputc.o
        10          0          0          0          0         68   _sputc.o
       220          4        148          0          0         96   bigflt0.o
      1910        128          0          0          0        672   btod.o
        12          0          0          0          0         72   exit.o
         6          0          0          0          0        152   heapauxi.o
         0          0          0          0          0          0   indicate_semi.o
        44         10         28          0          0         76   lc_numeric_c.o
         2          0          0          0          0          0   libinit.o
        22          0          0          0          0          0   libinit2.o
         2          0          0          0          0          0   libshutdown.o
         2          0          0          0          0          0   libshutdown2.o
         8          4          0          0         96         68   libspace.o
       138          0          0          0          0         80   lludiv10.o
        88          0          0          0          0         76   memcmp.o
         8          4          0          0          0         68   rt_locale_intlibspace.o
        68          0          0          0          0         68   rt_memclr.o
        78          0          0          0          0         80   rt_memclr_w.o
       138          0          0          0          0         68   rt_memcpy_v6.o
       100          0          0          0          0         80   rt_memcpy_w.o
       132          0          0          0          0         68   rt_memmove_v6.o
       122          0          0          0          0         80   rt_memmove_w.o
         2          0          0          0          0          0   rtexit.o
        10          0          0          0          0          0   rtexit2.o
       104          0          0          0          0         68   strcmpv7m_pel.o
        62          0          0          0          0         76   strlen.o
        12          4          0          0          0         68   sys_exit.o
        74          0          0          0          0         80   sys_stackheap_outer.o
         2          0          0          0          0         68   use_no_semi.o
        10          0          0          0          0        116   fpinit.o
         4          0          0          0          0        116   printf1.o
         0          0          0          0          0          0   usenofp.o
        48          0          0          0          0        124   fpclassify.o

    ----------------------------------------------------------------------
      5884        214        236          0        100       3932   Library Totals
         8          0          3          0          4          0   (incl. Padding)

    ----------------------------------------------------------------------

      Code (inc. data)   RO Data    RW Data    ZI Data      Debug   Library Name

      5814        214        233          0         96       3576   c_w.l
        14          0          0          0          0        232   fz_wv.l
        48          0          0          0          0        124   m_wv.l

    ----------------------------------------------------------------------
      5884        214        236          0        100       3932   Library Totals

    ----------------------------------------------------------------------

==============================================================================


      Code (inc. data)   RO Data    RW Data    ZI Data      Debug   

     45742       4764     485810        424      29520    1639484   Grand Totals
     45742       4764     485810        196      29520    1639484   ELF Image Totals (compressed)
     45742       4764     485810        196          0          0   ROM Totals

==============================================================================

    Total RO  Size (Code + RO Data)               531552 ( 519.09kB)
    Total RW  Size (RW Data + ZI Data)             29944 (  29.24kB)
    Total ROM Size (Code + RO Data + RW Data)     531748 ( 519.29kB)

==============================================================================

