Component: ARM Compiler 5.05 update 1 (build 106) Tool: armlink [4d0efa]

==============================================================================

Section Cross References

    startup_stm32h743xx.o(STACK) refers (Special) to heapauxi.o(.text) for __use_two_region_memory
    startup_stm32h743xx.o(HEAP) refers (Special) to heapauxi.o(.text) for __use_two_region_memory
    startup_stm32h743xx.o(RESET) refers (Special) to heapauxi.o(.text) for __use_two_region_memory
    startup_stm32h743xx.o(RESET) refers to startup_stm32h743xx.o(STACK) for __initial_sp
    startup_stm32h743xx.o(RESET) refers to startup_stm32h743xx.o(.text) for Reset_Handler
    startup_stm32h743xx.o(RESET) refers to stm32h7xx_it.o(i.NMI_Handler) for NMI_Handler
    startup_stm32h743xx.o(RESET) refers to stm32h7xx_it.o(i.HardFault_Handler) for HardFault_Handler
    startup_stm32h743xx.o(RESET) refers to stm32h7xx_it.o(i.MemManage_Handler) for MemManage_Handler
    startup_stm32h743xx.o(RESET) refers to stm32h7xx_it.o(i.BusFault_Handler) for BusFault_Handler
    startup_stm32h743xx.o(RESET) refers to stm32h7xx_it.o(i.UsageFault_Handler) for UsageFault_Handler
    startup_stm32h743xx.o(RESET) refers to port.o(.emb_text) for SVC_Handler
    startup_stm32h743xx.o(RESET) refers to stm32h7xx_it.o(i.DebugMon_Handler) for DebugMon_Handler
    startup_stm32h743xx.o(RESET) refers to stm32h7xx_it.o(i.SysTick_Handler) for SysTick_Handler
    startup_stm32h743xx.o(RESET) refers to stm32h7xx_it.o(i.DMA1_Stream0_IRQHandler) for DMA1_Stream0_IRQHandler
    startup_stm32h743xx.o(RESET) refers to stm32h7xx_it.o(i.SPI4_IRQHandler) for SPI4_IRQHandler
    startup_stm32h743xx.o(RESET) refers to stm32h7xx_it.o(i.OTG_FS_IRQHandler) for OTG_FS_IRQHandler
    startup_stm32h743xx.o(.text) refers (Special) to heapauxi.o(.text) for __use_two_region_memory
    startup_stm32h743xx.o(.text) refers to system_stm32h7xx.o(i.SystemInit) for SystemInit
    startup_stm32h743xx.o(.text) refers to __main.o(!!!main) for __main
    startup_stm32h743xx.o(.text) refers to startup_stm32h743xx.o(HEAP) for Heap_Mem
    startup_stm32h743xx.o(.text) refers to startup_stm32h743xx.o(STACK) for Stack_Mem
    fpga_config.o(i.FPGA_Check_Config_Cmd) refers to usbd_cdc_if.o(i.CDC_Transmit_FS) for CDC_Transmit_FS
    fpga_config.o(i.FPGA_Check_Config_Cmd) refers to fpga_config.o(.data) for .data
    fpga_config.o(i.FPGA_Delay_NS) refers to lludivv7m.o(.text) for __aeabi_uldivmod
    fpga_config.o(i.FPGA_Delay_NS) refers to fpga_config.o(.data) for .data
    fpga_config.o(i.FPGA_Delay_NS) refers to system_stm32h7xx.o(.data) for SystemCoreClock
    fpga_config.o(i.FPGA_Reset) refers to stm32h7xx_hal_gpio.o(i.HAL_GPIO_WritePin) for HAL_GPIO_WritePin
    fpga_config.o(i.FPGA_Reset) refers to cmsis_os.o(i.osDelay) for osDelay
    fpga_config.o(i.FPGA_Reset) refers to fpga_config.o(.data) for .data
    fpga_config.o(i.FPGA_Send_Bin_From_SDRAM) refers to usbd_cdc_if.o(i.CDC_Transmit_FS) for CDC_Transmit_FS
    fpga_config.o(i.FPGA_Send_Bin_From_SDRAM) refers to fpga_config.o(i.FPGA_Reset) for FPGA_Reset
    fpga_config.o(i.FPGA_Send_Bin_From_SDRAM) refers to spi.o(i.MX_SPI4_Init) for MX_SPI4_Init
    fpga_config.o(i.FPGA_Send_Bin_From_SDRAM) refers to cmsis_os.o(i.osDelay) for osDelay
    fpga_config.o(i.FPGA_Send_Bin_From_SDRAM) refers to stm32h7xx_hal_gpio.o(i.HAL_GPIO_ReadPin) for HAL_GPIO_ReadPin
    fpga_config.o(i.FPGA_Send_Bin_From_SDRAM) refers to stm32h7xx_hal_spi.o(i.HAL_SPI_Transmit_DMA) for HAL_SPI_Transmit_DMA
    fpga_config.o(i.FPGA_Send_Bin_From_SDRAM) refers to stm32h7xx_hal_spi.o(i.HAL_SPI_Abort) for HAL_SPI_Abort
    fpga_config.o(i.FPGA_Send_Bin_From_SDRAM) refers to stm32h7xx_hal_spi.o(i.HAL_SPI_GetState) for HAL_SPI_GetState
    fpga_config.o(i.FPGA_Send_Bin_From_SDRAM) refers to rt_memclr_w.o(.text) for __aeabi_memclr4
    fpga_config.o(i.FPGA_Send_Bin_From_SDRAM) refers to fpga_config.o(i.FPGA_Wait_DONE_High) for FPGA_Wait_DONE_High
    fpga_config.o(i.FPGA_Send_Bin_From_SDRAM) refers to fpga_config.o(.data) for .data
    fpga_config.o(i.FPGA_Send_Bin_From_SDRAM) refers to spi.o(.bss) for hspi4
    fpga_config.o(i.FPGA_Wait_DONE_High) refers to stm32h7xx_hal_gpio.o(i.HAL_GPIO_ReadPin) for HAL_GPIO_ReadPin
    fpga_config.o(i.FPGA_Wait_DONE_High) refers to cmsis_os.o(i.osDelay) for osDelay
    fpga_config.o(i.FPGA_Wait_DONE_High) refers to tasks.o(i.xTaskResumeAll) for xTaskResumeAll
    fpga_config.o(i.FPGA_Wait_DONE_High) refers to usbd_cdc_if.o(i.CDC_Transmit_FS) for CDC_Transmit_FS
    fpga_config.o(i.FPGA_Wait_DONE_High) refers to fpga_config.o(.data) for .data
    sdram.o(i.SDRAM_Bin_Cache_Reset) refers to sdram.o(.data) for .data
    sdram.o(i.SDRAM_Init_Sequence) refers to stm32h7xx_hal_sdram.o(i.HAL_SDRAM_SendCommand) for HAL_SDRAM_SendCommand
    sdram.o(i.SDRAM_Init_Sequence) refers to main.o(i.Error_Handler) for Error_Handler
    sdram.o(i.SDRAM_Init_Sequence) refers to cmsis_os.o(i.osDelay) for osDelay
[...]
    MDIOS_IRQHandler                         0x08000473   Thumb Code     0  startup_stm32h743xx.o(.text)
    MDIOS_WKUP_IRQHandler                    0x08000473   Thumb Code     0  startup_stm32h743xx.o(.text)
    MDMA_IRQHandler                          0x08000473   Thumb Code     0  startup_stm32h743xx.o(.text)
    OTG_FS_EP1_IN_IRQHandler                 0x08000473   Thumb Code     0  startup_stm32h743xx.o(.text)
    OTG_FS_EP1_OUT_IRQHandler                0x08000473   Thumb Code     0  startup_stm32h743xx.o(.text)
    OTG_FS_WKUP_IRQHandler                   0x08000473   Thumb Code     0  startup_stm32h743xx.o(.text)
    OTG_HS_EP1_IN_IRQHandler                 0x08000473   Thumb Code     0  startup_stm32h743xx.o(.text)
    OTG_HS_EP1_OUT_IRQHandler                0x08000473   Thumb Code     0  startup_stm32h743xx.o(.text)
    OTG_HS_IRQHandler                        0x08000473   Thumb Code     0  startup_stm32h743xx.o(.text)
    OTG_HS_WKUP_IRQHandler                   0x08000473   Thumb Code     0  startup_stm32h743xx.o(.text)
    PVD_AVD_IRQHandler                       0x08000473   Thumb Code     0  startup_stm32h743xx.o(.text)
    QUADSPI_IRQHandler                       0x08000473   Thumb Code     0  startup_stm32h743xx.o(.text)
    RCC_IRQHandler                           0x08000473   Thumb Code     0  startup_stm32h743xx.o(.text)
    RNG_IRQHandler                           0x08000473   Thumb Code     0  startup_stm32h743xx.o(.text)
    RTC_Alarm_IRQHandler                     0x08000473   Thumb Code     0  startup_stm32h743xx.o(.text)
    RTC_WKUP_IRQHandler                      0x08000473   Thumb Code     0  startup_stm32h743xx.o(.text)
    SAI1_IRQHandler                          0x08000473   Thumb Code     0  startup_stm32h743xx.o(.text)
    SAI2_IRQHandler                          0x08000473   Thumb Code     0  startup_stm32h743xx.o(.text)
    SAI3_IRQHandler                          0x08000473   Thumb Code     0  startup_stm32h743xx.o(.text)
    SAI4_IRQHandler                          0x08000473   Thumb Code     0  startup_stm32h743xx.o(.text)
    SDMMC1_IRQHandler                        0x08000473   Thumb Code     0  startup_stm32h743xx.o(.text)
    SDMMC2_IRQHandler                        0x08000473   Thumb Code     0  startup_stm32h743xx.o(.text)
    SPDIF_RX_IRQHandler                      0x08000473   Thumb Code     0  startup_stm32h743xx.o(.text)
    SPI1_IRQHandler                          0x08000473   Thumb Code     0  startup_stm32h743xx.o(.text)
    SPI2_IRQHandler                          0x08000473   Thumb Code     0  startup_stm32h743xx.o(.text)
    SPI3_IRQHandler                          0x08000473   Thumb Code     0  startup_stm32h743xx.o(.text)
    SPI5_IRQHandler                          0x08000473   Thumb Code     0  startup_stm32h743xx.o(.text)
    SPI6_IRQHandler                          0x08000473   Thumb Code     0  startup_stm32h743xx.o(.text)
    SWPMI1_IRQHandler                        0x08000473   Thumb Code     0  startup_stm32h743xx.o(.text)
    TAMP_STAMP_IRQHandler                    0x08000473   Thumb Code     0  startup_stm32h743xx.o(.text)
    TIM15_IRQHandler                         0x08000473   Thumb Code     0  startup_stm32h743xx.o(.text)
    TIM16_IRQHandler                         0x08000473   Thumb Code     0  startup_stm32h743xx.o(.text)
    TIM17_IRQHandler                         0x08000473   Thumb Code     0  startup_stm32h743xx.o(.text)
    TIM1_BRK_IRQHandler                      0x08000473   Thumb Code     0  startup_stm32h743xx.o(.text)
    TIM1_CC_IRQHandler                       0x08000473   Thumb Code     0  startup_stm32h743xx.o(.text)
    TIM1_TRG_COM_IRQHandler                  0x08000473   Thumb Code     0  startup_stm32h743xx.o(.text)
    TIM1_UP_IRQHandler                       0x08000473   Thumb Code     0  startup_stm32h743xx.o(.text)
    TIM2_IRQHandler                          0x08000473   Thumb Code     0  startup_stm32h743xx.o(.text)
    TIM3_IRQHandler                          0x08000473   Thumb Code     0  startup_stm32h743xx.o(.text)
    TIM4_IRQHandler                          0x08000473   Thumb Code     0  startup_stm32h743xx.o(.text)
    TIM5_IRQHandler                          0x08000473   Thumb Code     0  startup_stm32h743xx.o(.text)
    TIM6_DAC_IRQHandler                      0x08000473   Thumb Code     0  startup_stm32h743xx.o(.text)
    TIM7_IRQHandler                          0x08000473   Thumb Code     0  startup_stm32h743xx.o(.text)
    TIM8_BRK_TIM12_IRQHandler                0x08000473   Thumb Code     0  startup_stm32h743xx.o(.text)
    TIM8_CC_IRQHandler                       0x08000473   Thumb Code     0  startup_stm32h743xx.o(.text)
    TIM8_TRG_COM_TIM14_IRQHandler            0x08000473   Thumb Code     0  startup_stm32h743xx.o(.text)
    TIM8_UP_TIM13_IRQHandler                 0x08000473   Thumb Code     0  startup_stm32h743xx.o(.text)
    UART4_IRQHandler                         0x08000473   Thumb Code     0  startup_stm32h743xx.o(.text)
    UART5_IRQHandler                         0x08000473   Thumb Code     0  startup_stm32h743xx.o(.text)
    UART7_IRQHandler                         0x08000473   Thumb Code     0  startup_stm32h743xx.o(.text)
    UART8_IRQHandler                         0x08000473   Thumb Code     0  startup_stm32h743xx.o(.text)
    USART1_IRQHandler                        0x08000473   Thumb Code     0  startup_stm32h743xx.o(.text)
    USART2_IRQHandler                        0x08000473   Thumb Code     0  startup_stm32h743xx.o(.text)
    USART3_IRQHandler                        0x08000473   Thumb Code     0  startup_stm32h743xx.o(.text)
    USART6_IRQHandler                        0x08000473   Thumb Code     0  startup_stm32h743xx.o(.text)
    WAKEUP_PIN_IRQHandler                    0x08000473   Thumb Code     0  startup_stm32h743xx.o(.text)
    WWDG_IRQHandler                          0x08000473   Thumb Code     0  startup_stm32h743xx.o(.text)
    __user_initial_stackheap                 0x08000475   Thumb Code     0  startup_stm32h743xx.o(.text)
    __2snprintf                              0x08000499   Thumb Code    50  __2snprintf.o(.text)
    _printf_pre_padding                      0x080004d1   Thumb Code    44  _printf_pad.o(.text)
    _printf_post_padding                     0x080004fd   Thumb Code    34  _printf_pad.o(.text)
    _printf_int_hex                          0x08000521   Thumb Code    84  _printf_hex_int.o(.text)
    _printf_longlong_hex                     0x08000521   Thumb Code     0  _printf_hex_int.o(.text)
    __printf                                 0x08000579   Thumb Code   308  __printf_flags_wp.o(.text)
    __aeabi_memcpy4                          0x080006b1   Thumb Code     0  rt_memcpy_w.o(.text)
    __aeabi_memcpy8                          0x080006b1   Thumb Code     0  rt_memcpy_w.o(.text)
    __rt_memcpy_w                            0x080006b1   Thumb Code   100  rt_memcpy_w.o(.text)
    _memcpy_lastbytes_aligned                0x080006f9   Thumb Code     0  rt_memcpy_w.o(.text)
    __aeabi_memclr4                          0x08000715   Thumb Code     0  rt_memclr_w.o(.text)
    __aeabi_memclr8                          0x08000715   Thumb Code     0  rt_memclr_w.o(.text)
    __rt_memclr_w                            0x08000715   Thumb Code    78  rt_memclr_w.o(.text)
    _memset_w                                0x08000719   Thumb Code     0  rt_memclr_w.o(.text)
    __use_two_region_memory                  0x08000763   Thumb Code     2  heapauxi.o(.text)
    __rt_heap_escrow$2region                 0x08000765   Thumb Code     2  heapauxi.o(.text)
    __rt_heap_expand$2region                 0x08000767   Thumb Code     2  heapauxi.o(.text)
    _printf_int_common                       0x08000769   Thumb Code   178  _printf_intcommon.o(.text)
    __lib_sel_fp_printf                      0x0800081b   Thumb Code     2  _printf_fp_dec.o(.text)
    _printf_fp_dec_real                      0x080009c9   Thumb Code   620  _printf_fp_dec.o(.text)
    _printf_char_common                      0x08000c3f   Thumb Code    32  _printf_char_common.o(.text)
    _sputc                                   0x08000c65   Thumb Code    10  _sputc.o(.text)
    _snputc                                  0x08000c6f   Thumb Code    16  _snputc.o(.text)
    __rt_locale                              0x08000c81   Thumb Code     8  rt_locale_intlibspace.o(.text)
    _ll_udiv10                               0x08000c89   Thumb Code   138  lludiv10.o(.text)
    _printf_fp_infnan                        0x08000d15   Thumb Code   112  _printf_fp_infnan.o(.text)
    _btod_etento                             0x08000d95   Thumb Code   216  bigflt0.o(.text)
    __user_libspace                          0x08000e71   Thumb Code     8  libspace.o(.text)
    __user_perproc_libspace                  0x08000e71   Thumb Code     0  libspace.o(.text)
    __user_perthread_libspace                0x08000e71   Thumb Code     0  libspace.o(.text)
    __user_setup_stackheap                   0x08000e79   Thumb Code    74  sys_stackheap_outer.o(.text)
    exit                                     0x08000ec3   Thumb Code    12  exit.o(.text)
    strcmp                                   0x08000ed1   Thumb Code   104  strcmpv7m_pel.o(.text)
    _sys_exit                                0x08000f39   Thumb Code     8  sys_exit.o(.text)
    __I$use$semihosting                      0x08000f45   Thumb Code     0  use_no_semi.o(.text)
    __use_no_semihosting_swi                 0x08000f45   Thumb Code     2  use_no_semi.o(.text)
    __semihosting_library_function           0x08000f47   Thumb Code     0  indicate_semi.o(.text)
    _btod_d2e                                0x08000f47   Thumb Code    62  btod.o(CL$$btod_d2e)
    _d2e_denorm_low                          0x08000f85   Thumb Code    70  btod.o(CL$$btod_d2e_denorm_low)
    _d2e_norm_op1                            0x08000fcb   Thumb Code    96  btod.o(CL$$btod_d2e_norm_op1)
    __btod_div_common                        0x0800102b   Thumb Code   696  btod.o(CL$$btod_div_common)
    _e2e                                     0x08001363   Thumb Code   198  btod.o(CL$$btod_e2e)
    _btod_ediv                               0x08001429   Thumb Code    40  btod.o(CL$$btod_ediv)
    _btod_emul                               0x08001451   Thumb Code    40  btod.o(CL$$btod_emul)
    __btod_mult_common                       0x08001479   Thumb Code   580  btod.o(CL$$btod_mult_common)
    BusFault_Handler                         0x080016bd   Thumb Code     2  stm32h7xx_it.o(i.BusFault_Handler)
    CDC_Transmit_FS                          0x08001711   Thumb Code    38  usbd_cdc_if.o(i.CDC_Transmit_FS)
    DMA1_Stream0_IRQHandler                  0x0800173d   Thumb Code     6  stm32h7xx_it.o(i.DMA1_Stream0_IRQHandler)
    DebugMon_Handler                         0x08001b81   Thumb Code     2  stm32h7xx_it.o(i.DebugMon_Handler)
    Error_Handler                            0x08001b83   Thumb Code     4  main.o(i.Error_Handler)
    FMC_SDRAM_Init                           0x08001b87   Thumb Code   106  stm32h7xx_ll_fmc.o(i.FMC_SDRAM_Init)
    FMC_SDRAM_ProgramRefreshRate             0x08001bf1   Thumb Code    18  stm32h7xx_ll_fmc.o(i.FMC_SDRAM_ProgramRefreshRate)
    FMC_SDRAM_SendCommand                    0x08001c03   Thumb Code    38  stm32h7xx_ll_fmc.o(i.FMC_SDRAM_SendCommand)
    FMC_SDRAM_Timing_Init                    0x08001c29   Thumb Code   164  stm32h7xx_ll_fmc.o(i.FMC_SDRAM_Timing_Init)
    FPGAConfigDefaultTask                    0x08001cd9   Thumb Code   358  fpgaconfigdefaulttask.o(i.FPGAConfigDefaultTask)
    FPGA_Check_Config_Cmd                    0x08001fad   Thumb Code    90  fpga_config.o(i.FPGA_Check_Config_Cmd)
    FPGA_Reset                               0x08002031   Thumb Code    48  fpga_config.o(i.FPGA_Reset)
    FPGA_Send_Bin_From_SDRAM                 0x08002069   Thumb Code   380  fpga_config.o(i.FPGA_Send_Bin_From_SDRAM)
    HAL_DMA_Abort                            0x08002409   Thumb Code   836  stm32h7xx_hal_dma.o(i.HAL_DMA_Abort)
    HAL_DMA_Abort_IT                         0x08002769   Thumb Code   602  stm32h7xx_hal_dma.o(i.HAL_DMA_Abort_IT)
    HAL_DMA_GetError                         0x080029ed   Thumb Code     4  stm32h7xx_hal_dma.o(i.HAL_DMA_GetError)
    HAL_DMA_IRQHandler                       0x080029f1   Thumb Code  1756  stm32h7xx_hal_dma.o(i.HAL_DMA_IRQHandler)
    HAL_DMA_Init                             0x080030d9   Thumb Code   926  stm32h7xx_hal_dma.o(i.HAL_DMA_Init)
    HAL_DMA_Start_IT                         0x0800349d   Thumb Code   628  stm32h7xx_hal_dma.o(i.HAL_DMA_Start_IT)
    HAL_Delay                                0x08003739   Thumb Code    32  stm32h7xx_hal.o(i.HAL_Delay)
    HAL_GPIO_Init                            0x08003849   Thumb Code   506  stm32h7xx_hal_gpio.o(i.HAL_GPIO_Init)
    HAL_GPIO_ReadPin                         0x08003a75   Thumb Code    10  stm32h7xx_hal_gpio.o(i.HAL_GPIO_ReadPin)
    HAL_GPIO_WritePin                        0x08003a7f   Thumb Code    10  stm32h7xx_hal_gpio.o(i.HAL_GPIO_WritePin)
    HAL_GetREVID                             0x08003a89   Thumb Code     8  stm32h7xx_hal.o(i.HAL_GetREVID)
    HAL_GetTick                              0x08003a95   Thumb Code     6  stm32h7xx_hal.o(i.HAL_GetTick)
    HAL_IncTick                              0x08003aa1   Thumb Code    12  stm32h7xx_hal.o(i.HAL_IncTick)
    HAL_Init                                 0x08003ab1   Thumb Code    74  stm32h7xx_hal.o(i.HAL_Init)
    HAL_InitTick                             0x08003b0d   Thumb Code    56  stm32h7xx_hal.o(i.HAL_InitTick)
    HAL_MPU_ConfigRegion                     0x08003b4d   Thumb Code    86  stm32h7xx_hal_cortex.o(i.HAL_MPU_ConfigRegion)
    HAL_MPU_Disable                          0x08003ba9   Thumb Code    24  stm32h7xx_hal_cortex.o(i.HAL_MPU_Disable)
    HAL_MPU_Enable                           0x08003bc5   Thumb Code    30  stm32h7xx_hal_cortex.o(i.HAL_MPU_Enable)
    HAL_MspInit                              0x08003be9   Thumb Code    32  stm32h7xx_hal_msp.o(i.HAL_MspInit)
    HAL_NVIC_EnableIRQ                       0x08003c0d   Thumb Code    26  stm32h7xx_hal_cortex.o(i.HAL_NVIC_EnableIRQ)
    HAL_NVIC_SetPriority                     0x08003c29   Thumb Code    60  stm32h7xx_hal_cortex.o(i.HAL_NVIC_SetPriority)
    HAL_NVIC_SetPriorityGrouping             0x08003c69   Thumb Code    28  stm32h7xx_hal_cortex.o(i.HAL_NVIC_SetPriorityGrouping)
    HAL_PCDEx_ActivateLPM                    0x08003c8d   Thumb Code    34  stm32h7xx_hal_pcd_ex.o(i.HAL_PCDEx_ActivateLPM)
    HAL_PCDEx_LPM_Callback                   0x08003cb5   Thumb Code     2  stm32h7xx_hal_pcd_ex.o(i.HAL_PCDEx_LPM_Callback)
    HAL_PCDEx_SetRxFiFo                      0x08003cb7   Thumb Code     8  stm32h7xx_hal_pcd_ex.o(i.HAL_PCDEx_SetRxFiFo)
    HAL_PCDEx_SetTxFiFo                      0x08003cbf   Thumb Code    70  stm32h7xx_hal_pcd_ex.o(i.HAL_PCDEx_SetTxFiFo)
    HAL_PCD_ConnectCallback                  0x08003d05   Thumb Code     8  usbd_conf.o(i.HAL_PCD_ConnectCallback)
    HAL_PCD_DataInStageCallback              0x08003d0d   Thumb Code    18  usbd_conf.o(i.HAL_PCD_DataInStageCallback)
    HAL_PCD_DataOutStageCallback             0x08003d1f   Thumb Code    20  usbd_conf.o(i.HAL_PCD_DataOutStageCallback)
    HAL_PCD_DisconnectCallback               0x08003d33   Thumb Code     8  usbd_conf.o(i.HAL_PCD_DisconnectCallback)
    HAL_PCD_EP_Abort                         0x08003d3b   Thumb Code    30  stm32h7xx_hal_pcd.o(i.HAL_PCD_EP_Abort)
    HAL_PCD_EP_Close                         0x08003d59   Thumb Code    74  stm32h7xx_hal_pcd.o(i.HAL_PCD_EP_Close)
    HAL_PCD_EP_ClrStall                      0x08003da3   Thumb Code    90  stm32h7xx_hal_pcd.o(i.HAL_PCD_EP_ClrStall)
    HAL_PCD_EP_GetRxCount                    0x08003dfd   Thumb Code    18  stm32h7xx_hal_pcd.o(i.HAL_PCD_EP_GetRxCount)
    HAL_PCD_EP_Open                          0x08003e0f   Thumb Code    94  stm32h7xx_hal_pcd.o(i.HAL_PCD_EP_Open)
    HAL_PCD_EP_Receive                       0x08003e6d   Thumb Code    52  stm32h7xx_hal_pcd.o(i.HAL_PCD_EP_Receive)
    HAL_PCD_EP_SetStall                      0x08003ea1   Thumb Code   114  stm32h7xx_hal_pcd.o(i.HAL_PCD_EP_SetStall)
    HAL_PCD_EP_Transmit                      0x08003f13   Thumb Code    52  stm32h7xx_hal_pcd.o(i.HAL_PCD_EP_Transmit)
    HAL_PCD_IRQHandler                       0x08003f49   Thumb Code  1428  stm32h7xx_hal_pcd.o(i.HAL_PCD_IRQHandler)
    HAL_PCD_ISOINIncompleteCallback          0x080044dd   Thumb Code     8  usbd_conf.o(i.HAL_PCD_ISOINIncompleteCallback)
    HAL_PCD_ISOOUTIncompleteCallback         0x080044e5   Thumb Code     8  usbd_conf.o(i.HAL_PCD_ISOOUTIncompleteCallback)
    HAL_PCD_Init                             0x080044ed   Thumb Code   204  stm32h7xx_hal_pcd.o(i.HAL_PCD_Init)
    HAL_PCD_MspInit                          0x080045b9   Thumb Code   148  usbd_conf.o(i.HAL_PCD_MspInit)
    HAL_PCD_ResetCallback                    0x08004659   Thumb Code    44  usbd_conf.o(i.HAL_PCD_ResetCallback)
    HAL_PCD_ResumeCallback                   0x08004685   Thumb Code     8  usbd_conf.o(i.HAL_PCD_ResumeCallback)
    HAL_PCD_SOFCallback                      0x0800468d   Thumb Code     8  usbd_conf.o(i.HAL_PCD_SOFCallback)
    HAL_PCD_SetAddress                       0x08004695   Thumb Code    38  stm32h7xx_hal_pcd.o(i.HAL_PCD_SetAddress)
    HAL_PCD_SetupStageCallback               0x080046bb   Thumb Code    14  usbd_conf.o(i.HAL_PCD_SetupStageCallback)
    HAL_PCD_Start                            0x080046c9   Thumb Code    66  stm32h7xx_hal_pcd.o(i.HAL_PCD_Start)
    HAL_PCD_SuspendCallback                  0x0800470d   Thumb Code    44  usbd_conf.o(i.HAL_PCD_SuspendCallback)
    HAL_PWREx_ConfigSupply                   0x0800473d   Thumb Code    78  stm32h7xx_hal_pwr_ex.o(i.HAL_PWREx_ConfigSupply)
    HAL_PWREx_EnableUSBVoltageDetector       0x08004791   Thumb Code    12  stm32h7xx_hal_pwr_ex.o(i.HAL_PWREx_EnableUSBVoltageDetector)
    HAL_RCCEx_PeriphCLKConfig                0x080047a1   Thumb Code  2472  stm32h7xx_hal_rcc_ex.o(i.HAL_RCCEx_PeriphCLKConfig)
    HAL_RCC_ClockConfig                      0x0800514d   Thumb Code   580  stm32h7xx_hal_rcc.o(i.HAL_RCC_ClockConfig)
    HAL_RCC_GetHCLKFreq                      0x080053a9   Thumb Code    52  stm32h7xx_hal_rcc.o(i.HAL_RCC_GetHCLKFreq)
    HAL_RCC_GetSysClockFreq                  0x080053ed   Thumb Code   278  stm32h7xx_hal_rcc.o(i.HAL_RCC_GetSysClockFreq)
    HAL_RCC_OscConfig                        0x08005525   Thumb Code  1410  stm32h7xx_hal_rcc.o(i.HAL_RCC_OscConfig)
    HAL_SDRAM_GetState                       0x08005aa7   Thumb Code     6  stm32h7xx_hal_sdram.o(i.HAL_SDRAM_GetState)
    HAL_SDRAM_Init                           0x08005aad   Thumb Code    76  stm32h7xx_hal_sdram.o(i.HAL_SDRAM_Init)
    HAL_SDRAM_MspInit                        0x08005afd   Thumb Code     4  fmc.o(i.HAL_SDRAM_MspInit)
    HAL_SDRAM_ProgramRefreshRate             0x08005b01   Thumb Code    46  stm32h7xx_hal_sdram.o(i.HAL_SDRAM_ProgramRefreshRate)
    HAL_SDRAM_SendCommand                    0x08005b31   Thumb Code    60  stm32h7xx_hal_sdram.o(i.HAL_SDRAM_SendCommand)
    HAL_SPI_Abort                            0x08005b6d   Thumb Code   288  stm32h7xx_hal_spi.o(i.HAL_SPI_Abort)
    HAL_SPI_ErrorCallback                    0x08005c91   Thumb Code     2  stm32h7xx_hal_spi.o(i.HAL_SPI_ErrorCallback)
    HAL_SPI_GetState                         0x08005c93   Thumb Code     6  stm32h7xx_hal_spi.o(i.HAL_SPI_GetState)
    HAL_SPI_IRQHandler                       0x08005c99   Thumb Code   544  stm32h7xx_hal_spi.o(i.HAL_SPI_IRQHandler)
    HAL_SPI_Init                             0x08005ebd   Thumb Code   366  stm32h7xx_hal_spi.o(i.HAL_SPI_Init)
    HAL_SPI_MspInit                          0x08006039   Thumb Code   178  spi.o(i.HAL_SPI_MspInit)
    HAL_SPI_RxCpltCallback                   0x08006101   Thumb Code     2  stm32h7xx_hal_spi.o(i.HAL_SPI_RxCpltCallback)
    HAL_SPI_SuspendCallback                  0x08006103   Thumb Code     2  stm32h7xx_hal_spi.o(i.HAL_SPI_SuspendCallback)
    HAL_SPI_Transmit_DMA                     0x08006105   Thumb Code   362  stm32h7xx_hal_spi.o(i.HAL_SPI_Transmit_DMA)
    HAL_SPI_TxCpltCallback                   0x0800627d   Thumb Code     2  stm32h7xx_hal_spi.o(i.HAL_SPI_TxCpltCallback)
    HAL_SPI_TxHalfCpltCallback               0x0800627f   Thumb Code     2  stm32h7xx_hal_spi.o(i.HAL_SPI_TxHalfCpltCallback)
    HAL_SPI_TxRxCpltCallback                 0x08006281   Thumb Code     2  stm32h7xx_hal_spi.o(i.HAL_SPI_TxRxCpltCallback)
    HAL_SYSTICK_Config                       0x08006283   Thumb Code    38  stm32h7xx_hal_cortex.o(i.HAL_SYSTICK_Config)
    HardFault_Handler                        0x080062a9   Thumb Code     2  stm32h7xx_it.o(i.HardFault_Handler)
    MX_DMA_Init                              0x080062e5   Thumb Code    40  dma.o(i.MX_DMA_Init)
    MX_FMC_Init                              0x08006311   Thumb Code    98  fmc.o(i.MX_FMC_Init)
    MX_FREERTOS_Init                         0x0800637d   Thumb Code    30  freertos.o(i.MX_FREERTOS_Init)
    MX_GPIO_Init                             0x080063a5   Thumb Code   180  gpio.o(i.MX_GPIO_Init)
    MX_SPI4_Init                             0x08006465   Thumb Code    86  spi.o(i.MX_SPI4_Init)
    MX_USB_DEVICE_Init                       0x080064c5   Thumb Code    66  usb_device.o(i.MX_USB_DEVICE_Init)
    MemManage_Handler                        0x08006519   Thumb Code     2  stm32h7xx_it.o(i.MemManage_Handler)
    NMI_Handler                              0x0800651b   Thumb Code     2  stm32h7xx_it.o(i.NMI_Handler)
    OTG_FS_IRQHandler                        0x0800651d   Thumb Code     6  stm32h7xx_it.o(i.OTG_FS_IRQHandler)
    SDRAM_Bin_Cache_Reset                    0x080068d9   Thumb Code    10  sdram.o(i.SDRAM_Bin_Cache_Reset)
    SDRAM_Init_Sequence                      0x080068e9   Thumb Code   158  sdram.o(i.SDRAM_Init_Sequence)
    SDRAM_WriteBuffer                        0x08006a15   Thumb Code    86  sdram.o(i.SDRAM_WriteBuffer)
    SPI4_IRQHandler                          0x08006a75   Thumb Code     6  stm32h7xx_it.o(i.SPI4_IRQHandler)
    SysTick_Handler                          0x08006c33   Thumb Code    24  stm32h7xx_it.o(i.SysTick_Handler)
    SystemClock_Config                       0x08006c4d   Thumb Code   216  main.o(i.SystemClock_Config)
    SystemInit                               0x08006d31   Thumb Code   180  system_stm32h7xx.o(i.SystemInit)
    USBD_CDC_GetDeviceQualifierDescriptor    0x08006f89   Thumb Code     8  usbd_cdc.o(i.USBD_CDC_GetDeviceQualifierDescriptor)
    USBD_CDC_ReceivePacket                   0x08007171   Thumb Code    50  usbd_cdc.o(i.USBD_CDC_ReceivePacket)
    USBD_CDC_RegisterInterface               0x080071a9   Thumb Code    22  usbd_cdc.o(i.USBD_CDC_RegisterInterface)
    USBD_CDC_SetRxBuffer                     0x080071bf   Thumb Code    26  usbd_cdc.o(i.USBD_CDC_SetRxBuffer)
    USBD_CDC_SetTxBuffer                     0x080071d9   Thumb Code    30  usbd_cdc.o(i.USBD_CDC_SetTxBuffer)
    USBD_CDC_TransmitPacket                  0x080072c5   Thumb Code    76  usbd_cdc.o(i.USBD_CDC_TransmitPacket)
    USBD_ClrClassConfig                      0x08007315   Thumb Code    20  usbd_core.o(i.USBD_ClrClassConfig)
    USBD_CoreFindEP                          0x08007329   Thumb Code     4  usbd_core.o(i.USBD_CoreFindEP)
    USBD_CoreFindIF                          0x0800732d   Thumb Code     4  usbd_core.o(i.USBD_CoreFindIF)
    USBD_CtlContinueRx                       0x08007331   Thumb Code    16  usbd_ioreq.o(i.USBD_CtlContinueRx)
    USBD_CtlContinueSendData                 0x08007341   Thumb Code    16  usbd_ioreq.o(i.USBD_CtlContinueSendData)
    USBD_CtlError                            0x08007351   Thumb Code    22  usbd_ctlreq.o(i.USBD_CtlError)
    USBD_CtlPrepareRx                        0x08007367   Thumb Code    30  usbd_ioreq.o(i.USBD_CtlPrepareRx)
    USBD_CtlReceiveStatus                    0x08007385   Thumb Code    22  usbd_ioreq.o(i.USBD_CtlReceiveStatus)
    USBD_CtlSendData                         0x0800739b   Thumb Code    26  usbd_ioreq.o(i.USBD_CtlSendData)
    USBD_CtlSendStatus                       0x080073b5   Thumb Code    22  usbd_ioreq.o(i.USBD_CtlSendStatus)
    USBD_FS_ConfigStrDescriptor              0x080073cd   Thumb Code    16  usbd_desc.o(i.USBD_FS_ConfigStrDescriptor)
    USBD_FS_DeviceDescriptor                 0x080073ed   Thumb Code     8  usbd_desc.o(i.USBD_FS_DeviceDescriptor)
    USBD_FS_InterfaceStrDescriptor           0x080073f9   Thumb Code    16  usbd_desc.o(i.USBD_FS_InterfaceStrDescriptor)
    USBD_FS_LangIDStrDescriptor              0x0800741d   Thumb Code     8  usbd_desc.o(i.USBD_FS_LangIDStrDescriptor)
    USBD_FS_ManufacturerStrDescriptor        0x08007429   Thumb Code    16  usbd_desc.o(i.USBD_FS_ManufacturerStrDescriptor)
    USBD_FS_ProductStrDescriptor             0x08007451   Thumb Code    16  usbd_desc.o(i.USBD_FS_ProductStrDescriptor)
    USBD_FS_SerialStrDescriptor              0x0800747d   Thumb Code    50  usbd_desc.o(i.USBD_FS_SerialStrDescriptor)
    USBD_GetEpDesc                           0x080075b3   Thumb Code    58  usbd_core.o(i.USBD_GetEpDesc)
    USBD_GetNextDesc                         0x08007601   Thumb Code    14  usbd_core.o(i.USBD_GetNextDesc)
    USBD_GetString                           0x0800760f   Thumb Code    78  usbd_ctlreq.o(i.USBD_GetString)
    USBD_Get_USB_Status                      0x0800765d   Thumb Code    24  usbd_conf.o(i.USBD_Get_USB_Status)
    USBD_Init                                0x08007675   Thumb Code    38  usbd_core.o(i.USBD_Init)
    USBD_LL_ClearStallEP                     0x0800769b   Thumb Code    18  usbd_conf.o(i.USBD_LL_ClearStallEP)
    USBD_LL_CloseEP                          0x080076ad   Thumb Code    18  usbd_conf.o(i.USBD_LL_CloseEP)
    USBD_LL_DataInStage                      0x080076bf   Thumb Code   184  usbd_core.o(i.USBD_LL_DataInStage)
    USBD_LL_DataOutStage                     0x08007777   Thumb Code   144  usbd_core.o(i.USBD_LL_DataOutStage)
    USBD_LL_DevConnected                     0x08007807   Thumb Code     4  usbd_core.o(i.USBD_LL_DevConnected)
    USBD_LL_DevDisconnected                  0x0800780b   Thumb Code    32  usbd_core.o(i.USBD_LL_DevDisconnected)
    USBD_LL_GetRxDataSize                    0x0800782b   Thumb Code     8  usbd_conf.o(i.USBD_LL_GetRxDataSize)
    USBD_LL_Init                             0x08007835   Thumb Code    90  usbd_conf.o(i.USBD_LL_Init)
    USBD_LL_IsStallEP                        0x08007899   Thumb Code    30  usbd_conf.o(i.USBD_LL_IsStallEP)
    USBD_LL_IsoINIncomplete                  0x080078b7   Thumb Code    40  usbd_core.o(i.USBD_LL_IsoINIncomplete)
    USBD_LL_IsoOUTIncomplete                 0x080078df   Thumb Code    40  usbd_core.o(i.USBD_LL_IsoOUTIncomplete)
    USBD_LL_OpenEP                           0x08007907   Thumb Code    24  usbd_conf.o(i.USBD_LL_OpenEP)
    USBD_LL_PrepareReceive                   0x0800791f   Thumb Code    18  usbd_conf.o(i.USBD_LL_PrepareReceive)
    USBD_LL_Reset                            0x08007931   Thumb Code    94  usbd_core.o(i.USBD_LL_Reset)
    USBD_LL_Resume                           0x0800798f   Thumb Code    20  usbd_core.o(i.USBD_LL_Resume)
    USBD_LL_SOF                              0x080079a3   Thumb Code    26  usbd_core.o(i.USBD_LL_SOF)
    USBD_LL_SetSpeed                         0x080079bd   Thumb Code     6  usbd_core.o(i.USBD_LL_SetSpeed)
    USBD_LL_SetUSBAddress                    0x080079c3   Thumb Code    18  usbd_conf.o(i.USBD_LL_SetUSBAddress)
    USBD_LL_SetupStage                       0x080079d5   Thumb Code    96  usbd_core.o(i.USBD_LL_SetupStage)
    USBD_LL_StallEP                          0x08007a35   Thumb Code    18  usbd_conf.o(i.USBD_LL_StallEP)
    USBD_LL_Start                            0x08007a47   Thumb Code    18  usbd_conf.o(i.USBD_LL_Start)
    USBD_LL_Suspend                          0x08007a59   Thumb Code    26  usbd_core.o(i.USBD_LL_Suspend)
    USBD_LL_Transmit                         0x08007a73   Thumb Code    18  usbd_conf.o(i.USBD_LL_Transmit)
    USBD_ParseSetupRequest                   0x08007a85   Thumb Code    42  usbd_ctlreq.o(i.USBD_ParseSetupRequest)
    USBD_RegisterClass                       0x08007aaf   Thumb Code    58  usbd_core.o(i.USBD_RegisterClass)
    USBD_SetClassConfig                      0x08007ae9   Thumb Code    20  usbd_core.o(i.USBD_SetClassConfig)
    USBD_Start                               0x08007bb9   Thumb Code     4  usbd_core.o(i.USBD_Start)
    USBD_StdDevReq                           0x08007bbd   Thumb Code   302  usbd_ctlreq.o(i.USBD_StdDevReq)
    USBD_StdEPReq                            0x08007ceb   Thumb Code   356  usbd_ctlreq.o(i.USBD_StdEPReq)
    USBD_StdItfReq                           0x08007e4f   Thumb Code   116  usbd_ctlreq.o(i.USBD_StdItfReq)
    USBD_static_free                         0x08007ec3   Thumb Code     2  usbd_conf.o(i.USBD_static_free)
    USBD_static_malloc                       0x08007ec5   Thumb Code     4  usbd_conf.o(i.USBD_static_malloc)
    USB_ActivateEndpoint                     0x08007ecd   Thumb Code   124  stm32h7xx_ll_usb.o(i.USB_ActivateEndpoint)
    USB_ActivateSetup                        0x08007f4d   Thumb Code    28  stm32h7xx_ll_usb.o(i.USB_ActivateSetup)
    USB_CDC_Recv_Callback                    0x08007f69   Thumb Code   112  fpgaconfigdefaulttask.o(i.USB_CDC_Recv_Callback)
    USB_CoreInit                             0x08008005   Thumb Code   142  stm32h7xx_ll_usb.o(i.USB_CoreInit)
    USB_DeactivateEndpoint                   0x080080d9   Thumb Code   194  stm32h7xx_ll_usb.o(i.USB_DeactivateEndpoint)
    USB_DevConnect                           0x080081a5   Thumb Code    28  stm32h7xx_ll_usb.o(i.USB_DevConnect)
    USB_DevDisconnect                        0x080081c1   Thumb Code    28  stm32h7xx_ll_usb.o(i.USB_DevDisconnect)
    USB_DevInit                              0x080081dd   Thumb Code   354  stm32h7xx_ll_usb.o(i.USB_DevInit)
    USB_DisableGlobalInt                     0x08008349   Thumb Code    12  stm32h7xx_ll_usb.o(i.USB_DisableGlobalInt)
    USB_EP0_OutStart                         0x08008355   Thumb Code    84  stm32h7xx_ll_usb.o(i.USB_EP0_OutStart)
    USB_EPClearStall                         0x080083ad   Thumb Code    88  stm32h7xx_ll_usb.o(i.USB_EPClearStall)
    USB_EPSetStall                           0x08008405   Thumb Code    88  stm32h7xx_ll_usb.o(i.USB_EPSetStall)
    USB_EPStartXfer                          0x0800845d   Thumb Code   566  stm32h7xx_ll_usb.o(i.USB_EPStartXfer)
    USB_EPStopXfer                           0x08008699   Thumb Code   158  stm32h7xx_ll_usb.o(i.USB_EPStopXfer)
    USB_EnableGlobalInt                      0x08008737   Thumb Code    12  stm32h7xx_ll_usb.o(i.USB_EnableGlobalInt)
    USB_FlushRxFifo                          0x08008743   Thumb Code    56  stm32h7xx_ll_usb.o(i.USB_FlushRxFifo)
    USB_FlushTxFifo                          0x0800877b   Thumb Code    60  stm32h7xx_ll_usb.o(i.USB_FlushTxFifo)
    USB_GetDevSpeed                          0x080087b7   Thumb Code    26  stm32h7xx_ll_usb.o(i.USB_GetDevSpeed)
    USB_GetMode                              0x080087d1   Thumb Code     8  stm32h7xx_ll_usb.o(i.USB_GetMode)
    USB_ReadDevAllInEpInterrupt              0x080087d9   Thumb Code    14  stm32h7xx_ll_usb.o(i.USB_ReadDevAllInEpInterrupt)
    USB_ReadDevAllOutEpInterrupt             0x080087e7   Thumb Code    14  stm32h7xx_ll_usb.o(i.USB_ReadDevAllOutEpInterrupt)
    USB_ReadDevInEPInterrupt                 0x080087f5   Thumb Code    36  stm32h7xx_ll_usb.o(i.USB_ReadDevInEPInterrupt)
    USB_ReadDevOutEPInterrupt                0x08008819   Thumb Code    16  stm32h7xx_ll_usb.o(i.USB_ReadDevOutEPInterrupt)
    USB_ReadInterrupts                       0x08008829   Thumb Code     8  stm32h7xx_ll_usb.o(i.USB_ReadInterrupts)
    USB_ReadPacket                           0x08008831   Thumb Code    64  stm32h7xx_ll_usb.o(i.USB_ReadPacket)
    USB_SetCurrentMode                       0x08008871   Thumb Code    94  stm32h7xx_ll_usb.o(i.USB_SetCurrentMode)
    USB_SetDevAddress                        0x080088cf   Thumb Code    34  stm32h7xx_ll_usb.o(i.USB_SetDevAddress)
    USB_SetTurnaroundTime                    0x080088f1   Thumb Code   158  stm32h7xx_ll_usb.o(i.USB_SetTurnaroundTime)
    USB_WritePacket                          0x080089d9   Thumb Code    40  stm32h7xx_ll_usb.o(i.USB_WritePacket)
    UsageFault_Handler                       0x08008a01   Thumb Code     2  stm32h7xx_it.o(i.UsageFault_Handler)
    __ARM_fpclassify                         0x08008a03   Thumb Code    48  fpclassify.o(i.__ARM_fpclassify)
    _is_digit                                0x08008a55   Thumb Code    14  __printf_wp.o(i._is_digit)
    main                                     0x08008a63   Thumb Code   114  main.o(i.main)
    osDelay                                  0x08008ae3   Thumb Code    14  cmsis_os.o(i.osDelay)
    osKernelStart                            0x08008af1   Thumb Code    10  cmsis_os.o(i.osKernelStart)
    osThreadCreate                           0x08008afb   Thumb Code    84  cmsis_os.o(i.osThreadCreate)
    pvPortMalloc                             0x08008ea5   Thumb Code   216  heap_4.o(i.pvPortMalloc)
    pxPortInitialiseStack                    0x08008f81   Thumb Code    42  port.o(i.pxPortInitialiseStack)
    uxListRemove                             0x08008fb1   Thumb Code    38  list.o(i.uxListRemove)
    vApplicationGetIdleTaskMemory            0x08008fd9   Thumb Code    18  freertos.o(i.vApplicationGetIdleTaskMemory)
    vListInitialise                          0x08008ff1   Thumb Code    22  list.o(i.vListInitialise)
    vListInitialiseItem                      0x08009007   Thumb Code     6  list.o(i.vListInitialiseItem)
    vListInsert                              0x0800900d   Thumb Code    48  list.o(i.vListInsert)
    vListInsertEnd                           0x0800903d   Thumb Code    24  list.o(i.vListInsertEnd)
    vPortEnterCritical                       0x08009055   Thumb Code    54  port.o(i.vPortEnterCritical)
    vPortExitCritical                        0x08009095   Thumb Code    34  port.o(i.vPortExitCritical)
    vPortFree                                0x080090bd   Thumb Code    94  heap_4.o(i.vPortFree)
    vPortSetupTimerInterrupt                 0x08009121   Thumb Code    32  port.o(i.vPortSetupTimerInterrupt)
    vTaskDelay                               0x08009145   Thumb Code    66  tasks.o(i.vTaskDelay)
    vTaskStartScheduler                      0x08009191   Thumb Code    90  tasks.o(i.vTaskStartScheduler)
    vTaskSuspendAll                          0x080091fd   Thumb Code    10  tasks.o(i.vTaskSuspendAll)
    vTaskSwitchContext                       0x0800920d   Thumb Code    82  tasks.o(i.vTaskSwitchContext)
    xPortStartScheduler                      0x08009269   Thumb Code   222  port.o(i.xPortStartScheduler)
    xPortSysTickHandler                      0x0800935d   Thumb Code    38  port.o(i.xPortSysTickHandler)
    xTaskCreate                              0x08009389   Thumb Code    90  tasks.o(i.xTaskCreate)
    xTaskCreateStatic                        0x080093e3   Thumb Code    86  tasks.o(i.xTaskCreateStatic)
    xTaskGetSchedulerState                   0x08009439   Thumb Code    22  tasks.o(i.xTaskGetSchedulerState)
    xTaskIncrementTick                       0x08009455   Thumb Code   194  tasks.o(i.xTaskIncrementTick)
    xTaskResumeAll                           0x08009521   Thumb Code   184  tasks.o(i.xTaskResumeAll)
    _get_lc_numeric                          0x080095e5   Thumb Code    44  lc_numeric_c.o(locale$$code)
    _fp_init                                 0x08009611   Thumb Code    10  fpinit.o(x$fpl$fpinit)
    __fplib_config_fpu_vfp                   0x08009619   Thumb Code     0  fpinit.o(x$fpl$fpinit)
    __fplib_config_pureend_doubles           0x08009619   Thumb Code     0  fpinit.o(x$fpl$fpinit)
    _printf_fp_dec                           0x0800961b   Thumb Code     4  printf1.o(x$fpl$printf1)
    __I$use$fp                               0x0800961e   Number         0  usenofp.o(x$fpl$usenofp)
    D1CorePrescTable                         0x08009644   Data          16  system_stm32h7xx.o(.constdata)
    Region$$Table$$Base                      0x08009734   Number         0  anon$$obj.o(Region$$Table)
    Region$$Table$$Limit                     0x08009754   Number         0  anon$$obj.o(Region$$Table)
    g_fpga_state                             0x24000000   Data           1  fpga_config.o(.data)
    g_fpga_config_start                      0x24000001   Data           1  fpga_config.o(.data)
    INIT_STATE                               0x24000002   Data           1  fpga_config.o(.data)
    PROG_STATE                               0x24000003   Data           1  fpga_config.o(.data)
    DONE_STATE                               0x24000004   Data           1  fpga_config.o(.data)
    send_total                               0x2400000c   Data           4  fpga_config.o(.data)
    g_sdram_recv_state                       0x24000010   Data           1  sdram.o(.data)
    g_sdram_bin_offset                       0x24000014   Data           4  sdram.o(.data)
    FPGAConfigTaskHandle                     0x24000018   Data           4  freertos.o(.data)
    uwTickFreq                               0x24000024   Data           1  stm32h7xx_hal.o(.data)
    uwTickPrio                               0x24000028   Data           4  stm32h7xx_hal.o(.data)
    uwTick                                   0x2400002c   Data           4  stm32h7xx_hal.o(.data)
    SystemCoreClock                          0x24000030   Data           4  system_stm32h7xx.o(.data)
    SystemD2Clock                            0x24000034   Data           4  system_stm32h7xx.o(.data)
    pxCurrentTCB                             0x24000038   Data           4  tasks.o(.data)
    FS_Desc                                  0x240000a0   Data          32  usbd_desc.o(.data)
    USBD_LangIDDesc                          0x240000c0   Data           4  usbd_desc.o(.data)
    USBD_FS_DeviceDesc                       0x240000c4   Data          18  usbd_desc.o(.data)
    USBD_StringSerial                        0x240000d8   Data          26  usbd_desc.o(.data)
    USBD_Interface_fops_FS                   0x240000f4   Data          20  usbd_cdc_if.o(.data)
    USBD_CDC                                 0x24000160   Data          56  usbd_cdc.o(.data)
    g_usb_recv_flag                          0x24000198   Data           1  fpgaconfigdefaulttask.o(.data)
    hsdram1                                  0x240003f4   Data          52  fmc.o(.bss)
    hspi4                                    0x24000428   Data         136  spi.o(.bss)
    hdma_spi4_tx                             0x240004b0   Data         120  spi.o(.bss)
    hUsbDeviceFS                             0x24004218   Data         732  usb_device.o(.bss)
    USBD_StrDesc                             0x240044f4   Data         512  usbd_desc.o(.bss)
    UserRxBufferFS                           0x240046f4   Data        2048  usbd_cdc_if.o(.bss)
    UserTxBufferFS                           0x24004ef4   Data        2048  usbd_cdc_if.o(.bss)
    hpcd_USB_OTG_FS                          0x24005914   Data        1252  usbd_conf.o(.bss)
    __libspace_start                         0x24005e78   Data          96  libspace.o(.bss)
    __temporary_stack_top$libspace           0x24005ed8   Data           0  libspace.o(.bss)



==============================================================================

Memory Map of the image

  Image Entry point : 0x08000299

  Load Region LR_IROM1 (Base: 0x08000000, Size: 0x00009910, Max: 0x00200000, ABSOLUTE, COMPRESSED[0x00009834])

    Execution Region ER_IROM1 (Exec base: 0x08000000, Load base: 0x08000000, Size: 0x00009770, Max: 0x00200000, ABSOLUTE)

    Exec Addr    Load Addr    Size         Type   Attr      Idx    E Section Name        Object

    0x08000000   0x08000000   0x00000298   Data   RO            3    RESET               startup_stm32h743xx.o
    0x08000298   0x08000298   0x00000008   Code   RO         6691  * !!!main             c_w.l(__main.o)
    0x080002a0   0x080002a0   0x00000034   Code   RO         6920    !!!scatter          c_w.l(__scatter.o)
    0x080002d4   0x080002d4   0x0000005a   Code   RO         6918    !!dczerorl2         c_w.l(__dczerorl2.o)
    0x0800032e   0x0800032e   0x00000002   PAD
    0x08000330   0x08000330   0x0000001c   Code   RO         6922    !!handler_zi        c_w.l(__scatter_zi.o)
    0x0800034c   0x0800034c   0x00000000   Code   RO         6680    .ARM.Collect$$_printf_percent$$00000000  c_w.l(_printf_percent.o)
    0x0800034c   0x0800034c   0x00000006   Code   RO         6679    .ARM.Collect$$_printf_percent$$00000003  c_w.l(_printf_f.o)
    0x08000352   0x08000352   0x00000006   Code   RO         6678    .ARM.Collect$$_printf_percent$$0000000C  c_w.l(_printf_x.o)
    0x08000358   0x08000358   0x00000004   Code   RO         6710    .ARM.Collect$$_printf_percent$$00000017  c_w.l(_printf_percent_end.o)
    0x0800035c   0x0800035c   0x00000002   Code   RO         6792    .ARM.Collect$$libinit$$00000000  c_w.l(libinit.o)
    0x0800035e   0x0800035e   0x00000004   Code   RO         6793    .ARM.Collect$$libinit$$00000001  c_w.l(libinit2.o)
    0x08000362   0x08000362   0x00000000   Code   RO         6796    .ARM.Collect$$libinit$$00000004  c_w.l(libinit2.o)
    0x08000362   0x08000362   0x00000000   Code   RO         6799    .ARM.Collect$$libinit$$0000000A  c_w.l(libinit2.o)
    0x08000362   0x08000362   0x00000000   Code   RO         6801    .ARM.Collect$$libinit$$0000000C  c_w.l(libinit2.o)
    0x08000362   0x08000362   0x00000000   Code   RO         6803    .ARM.Collect$$libinit$$0000000E  c_w.l(libinit2.o)
    0x08000362   0x08000362   0x00000006   Code   RO         6804    .ARM.Collect$$libinit$$0000000F  c_w.l(libinit2.o)
    0x08000368   0x08000368   0x00000000   Code   RO         6806    .ARM.Collect$$libinit$$00000011  c_w.l(libinit2.o)
    0x08000368   0x08000368   0x00000000   Code   RO         6808    .ARM.Collect$$libinit$$00000013  c_w.l(libinit2.o)
    0x08000368   0x08000368   0x00000000   Code   RO         6810    .ARM.Collect$$libinit$$00000015  c_w.l(libinit2.o)
    0x08000368   0x08000368   0x0000000a   Code   RO         6811    .ARM.Collect$$libinit$$00000016  c_w.l(libinit2.o)
    0x08000372   0x08000372   0x00000000   Code   RO         6812    .ARM.Collect$$libinit$$00000017  c_w.l(libinit2.o)
    0x08000372   0x08000372   0x00000000   Code   RO         6814    .ARM.Collect$$libinit$$00000019  c_w.l(libinit2.o)
    0x08000372   0x08000372   0x00000000   Code   RO         6816    .ARM.Collect$$libinit$$0000001B  c_w.l(libinit2.o)
    0x08000372   0x08000372   0x00000000   Code   RO         6818    .ARM.Collect$$libinit$$0000001D  c_w.l(libinit2.o)
    0x08000372   0x08000372   0x00000000   Code   RO         6820    .ARM.Collect$$libinit$$0000001F  c_w.l(libinit2.o)
    0x08000372   0x08000372   0x00000000   Code   RO         6822    .ARM.Collect$$libinit$$00000021  c_w.l(libinit2.o)
    0x08000372   0x08000372   0x00000000   Code   RO         6824    .ARM.Collect$$libinit$$00000023  c_w.l(libinit2.o)
    0x08000372   0x08000372   0x00000000   Code   RO         6826    .ARM.Collect$$libinit$$00000025  c_w.l(libinit2.o)
    0x08000372   0x08000372   0x00000000   Code   RO         6830    .ARM.Collect$$libinit$$0000002C  c_w.l(libinit2.o)
    0x08000372   0x08000372   0x00000000   Code   RO         6832    .ARM.Collect$$libinit$$0000002E  c_w.l(libinit2.o)
    0x08000372   0x08000372   0x00000000   Code   RO         6834    .ARM.Collect$$libinit$$00000030  c_w.l(libinit2.o)
    0x08000372   0x08000372   0x00000000   Code   RO         6836    .ARM.Collect$$libinit$$00000032  c_w.l(libinit2.o)
    0x08000372   0x08000372   0x00000002   Code   RO         6837    .ARM.Collect$$libinit$$00000033  c_w.l(libinit2.o)
    0x08000374   0x08000374   0x00000002   Code   RO         6884    .ARM.Collect$$libshutdown$$00000000  c_w.l(libshutdown.o)
    0x08000376   0x08000376   0x00000000   Code   RO         6903    .ARM.Collect$$libshutdown$$00000003  c_w.l(libshutdown2.o)
    0x08000376   0x08000376   0x00000000   Code   RO         6906    .ARM.Collect$$libshutdown$$00000006  c_w.l(libshutdown2.o)
    0x08000376   0x08000376   0x00000000   Code   RO         6909    .ARM.Collect$$libshutdown$$00000009  c_w.l(libshutdown2.o)
    0x08000376   0x08000376   0x00000000   Code   RO         6911    .ARM.Collect$$libshutdown$$0000000B  c_w.l(libshutdown2.o)
    0x08000376   0x08000376   0x00000000   Code   RO         6914    .ARM.Collect$$libshutdown$$0000000E  c_w.l(libshutdown2.o)
    0x08000376   0x08000376   0x00000002   Code   RO         6915    .ARM.Collect$$libshutdown$$0000000F  c_w.l(libshutdown2.o)
    0x08000378   0x08000378   0x00000000   Code   RO         6695    .ARM.Collect$$rtentry$$00000000  c_w.l(__rtentry.o)
    0x08000378   0x08000378   0x00000000   Code   RO         6714    .ARM.Collect$$rtentry$$00000002  c_w.l(__rtentry2.o)
    0x08000378   0x08000378   0x00000006   Code   RO         6726    .ARM.Collect$$rtentry$$00000004  c_w.l(__rtentry4.o)
    0x0800037e   0x0800037e   0x00000000   Code   RO         6716    .ARM.Collect$$rtentry$$00000009  c_w.l(__rtentry2.o)
    0x0800037e   0x0800037e   0x00000004   Code   RO         6717    .ARM.Collect$$rtentry$$0000000A  c_w.l(__rtentry2.o)
    0x08000382   0x08000382   0x00000000   Code   RO         6719    .ARM.Collect$$rtentry$$0000000C  c_w.l(__rtentry2.o)
    0x08000382   0x08000382   0x00000008   Code   RO         6720    .ARM.Collect$$rtentry$$0000000D  c_w.l(__rtentry2.o)
    0x0800038a   0x0800038a   0x00000002   Code   RO         6838    .ARM.Collect$$rtexit$$00000000  c_w.l(rtexit.o)
    0x0800038c   0x0800038c   0x00000000   Code   RO         6853    .ARM.Collect$$rtexit$$00000002  c_w.l(rtexit2.o)
    0x0800038c   0x0800038c   0x00000004   Code   RO         6854    .ARM.Collect$$rtexit$$00000003  c_w.l(rtexit2.o)
    0x08000390   0x08000390   0x00000006   Code   RO         6855    .ARM.Collect$$rtexit$$00000004  c_w.l(rtexit2.o)
    0x08000396   0x08000396   0x00000002   PAD
    0x08000398   0x08000398   0x000000be   Code   RO         5665    .emb_text           port.o
    0x08000456   0x08000456   0x00000002   PAD
    0x08000458   0x08000458   0x00000040   Code   RO            4    .text               startup_stm32h743xx.o
    0x08000498   0x08000498   0x00000038   Code   RO         6629    .text               c_w.l(__2snprintf.o)
    0x080004d0   0x080004d0   0x0000004e   Code   RO         6635    .text               c_w.l(_printf_pad.o)
    0x0800051e   0x0800051e   0x00000002   PAD
    0x08000520   0x08000520   0x00000058   Code   RO         6640    .text               c_w.l(_printf_hex_int.o)
    0x08000578   0x08000578   0x00000138   Code   RO         6670    .text               c_w.l(__printf_flags_wp.o)
    0x080006b0   0x080006b0   0x00000064   Code   RO         6683    .text               c_w.l(rt_memcpy_w.o)
    0x08000714   0x08000714   0x0000004e   Code   RO         6687    .text               c_w.l(rt_memclr_w.o)
    0x08000762   0x08000762   0x00000006   Code   RO         6689    .text               c_w.l(heapauxi.o)
    0x08000768   0x08000768   0x000000b2   Code   RO         6700    .text               c_w.l(_printf_intcommon.o)
    0x0800081a   0x0800081a   0x0000041a   Code   RO         6702    .text               c_w.l(_printf_fp_dec.o)
    0x08000c34   0x08000c34   0x00000030   Code   RO         6704    .text               c_w.l(_printf_char_common.o)
    0x08000c64   0x08000c64   0x0000000a   Code   RO         6706    .text               c_w.l(_sputc.o)
    0x08000c6e   0x08000c6e   0x00000010   Code   RO         6708    .text               c_w.l(_snputc.o)
    0x08000c7e   0x08000c7e   0x00000002   PAD
    0x08000c80   0x08000c80   0x00000008   Code   RO         6733    .text               c_w.l(rt_locale_intlibspace.o)
    0x08000c88   0x08000c88   0x0000008a   Code   RO         6735    .text               c_w.l(lludiv10.o)
    0x08000d12   0x08000d12   0x00000002   PAD
    0x08000d14   0x08000d14   0x00000080   Code   RO         6737    .text               c_w.l(_printf_fp_infnan.o)
    0x08000d94   0x08000d94   0x000000dc   Code   RO         6741    .text               c_w.l(bigflt0.o)
    0x08000e70   0x08000e70   0x00000008   Code   RO         6774    .text               c_w.l(libspace.o)
    0x08000e78   0x08000e78   0x0000004a   Code   RO         6777    .text               c_w.l(sys_stackheap_outer.o)
    0x08000ec2   0x08000ec2   0x0000000c   Code   RO         6779    .text               c_w.l(exit.o)
    0x08000ece   0x08000ece   0x00000002   PAD
    0x08000ed0   0x08000ed0   0x00000068   Code   RO         6785    .text               c_w.l(strcmpv7m_pel.o)
    0x08000f38   0x08000f38   0x0000000c   Code   RO         6850    .text               c_w.l(sys_exit.o)
    0x08000f44   0x08000f44   0x00000002   Code   RO         6871    .text               c_w.l(use_no_semi.o)
    0x08000f46   0x08000f46   0x00000000   Code   RO         6873    .text               c_w.l(indicate_semi.o)
    0x08000f46   0x08000f46   0x0000003e   Code   RO         6744    CL$$btod_d2e        c_w.l(btod.o)
    0x08000f84   0x08000f84   0x00000046   Code   RO         6746    CL$$btod_d2e_denorm_low  c_w.l(btod.o)
    0x08000fca   0x08000fca   0x00000060   Code   RO         6745    CL$$btod_d2e_norm_op1  c_w.l(btod.o)
    0x0800102a   0x0800102a   0x00000338   Code   RO         6754    CL$$btod_div_common  c_w.l(btod.o)
    0x08001362   0x08001362   0x000000c6   Code   RO         6751    CL$$btod_e2e        c_w.l(btod.o)
    0x08001428   0x08001428   0x00000028   Code   RO         6748    CL$$btod_ediv       c_w.l(btod.o)
    0x08001450   0x08001450   0x00000028   Code   RO         6747    CL$$btod_emul       c_w.l(btod.o)
    0x08001478   0x08001478   0x00000244   Code   RO         6753    CL$$btod_mult_common  c_w.l(btod.o)
    0x080016bc   0x080016bc   0x00000002   Code   RO          598    i.BusFault_Handler  stm32h7xx_it.o
    0x080016be   0x080016be   0x00000004   Code   RO         5871    i.CDC_Control_FS    usbd_cdc_if.o
    0x080016c2   0x080016c2   0x00000004   Code   RO         5872    i.CDC_DeInit_FS     usbd_cdc_if.o
    0x080016c6   0x080016c6   0x00000002   PAD
    0x080016c8   0x080016c8   0x00000024   Code   RO         5873    i.CDC_Init_FS       usbd_cdc_if.o
    0x080016ec   0x080016ec   0x00000020   Code   RO         5874    i.CDC_Receive_FS    usbd_cdc_if.o
    0x0800170c   0x0800170c   0x00000004   Code   RO         5875    i.CDC_TransmitCplt_FS  usbd_cdc_if.o
    0x08001710   0x08001710   0x0000002c   Code   RO         5876    i.CDC_Transmit_FS   usbd_cdc_if.o
    0x0800173c   0x0800173c   0x0000000c   Code   RO          599    i.DMA1_Stream0_IRQHandler  stm32h7xx_it.o
    0x08001748   0x08001748   0x000000b4   Code   RO         1955    i.DMA_CalcBaseAndBitshift  stm32h7xx_hal_dma.o
    0x080017fc   0x080017fc   0x0000009c   Code   RO         1956    i.DMA_CalcDMAMUXChannelBaseAndMask  stm32h7xx_hal_dma.o
    0x08001898   0x08001898   0x00000074   Code   RO         1957    i.DMA_CalcDMAMUXRequestGenBaseAndMask  stm32h7xx_hal_dma.o
    0x0800190c   0x0800190c   0x00000054   Code   RO         1958    i.DMA_CheckFifoParam  stm32h7xx_hal_dma.o
    0x08001960   0x08001960   0x00000220   Code   RO         1959    i.DMA_SetConfig     stm32h7xx_hal_dma.o
    0x08001b80   0x08001b80   0x00000002   Code   RO          600    i.DebugMon_Handler  stm32h7xx_it.o
    0x08001b82   0x08001b82   0x00000004   Code   RO          346    i.Error_Handler     main.o
    0x08001b86   0x08001b86   0x0000006a   Code   RO         3740    i.FMC_SDRAM_Init    stm32h7xx_ll_fmc.o
    0x08001bf0   0x08001bf0   0x00000012   Code   RO         3741    i.FMC_SDRAM_ProgramRefreshRate  stm32h7xx_ll_fmc.o
    0x08001c02   0x08001c02   0x00000026   Code   RO         3742    i.FMC_SDRAM_SendCommand  stm32h7xx_ll_fmc.o
    0x08001c28   0x08001c28   0x000000b0   Code   RO         3744    i.FMC_SDRAM_Timing_Init  stm32h7xx_ll_fmc.o
    0x08001cd8   0x08001cd8   0x000002d4   Code   RO         6574    i.FPGAConfigDefaultTask  fpgaconfigdefaulttask.o
    0x08001fac   0x08001fac   0x00000084   Code   RO           13    i.FPGA_Check_Config_Cmd  fpga_config.o
    0x08002030   0x08002030   0x00000038   Code   RO           15    i.FPGA_Reset        fpga_config.o
    0x08002068   0x08002068   0x00000308   Code   RO           16    i.FPGA_Send_Bin_From_SDRAM  fpga_config.o
    0x08002370   0x08002370   0x00000098   Code   RO           17    i.FPGA_Wait_DONE_High  fpga_config.o
    0x08002408   0x08002408   0x00000360   Code   RO         1960    i.HAL_DMA_Abort     stm32h7xx_hal_dma.o
    0x08002768   0x08002768   0x00000284   Code   RO         1961    i.HAL_DMA_Abort_IT  stm32h7xx_hal_dma.o
    0x080029ec   0x080029ec   0x00000004   Code   RO         1963    i.HAL_DMA_GetError  stm32h7xx_hal_dma.o
    0x080029f0   0x080029f0   0x000006e8   Code   RO         1965    i.HAL_DMA_IRQHandler  stm32h7xx_hal_dma.o
    0x080030d8   0x080030d8   0x000003c4   Code   RO         1966    i.HAL_DMA_Init      stm32h7xx_hal_dma.o
    0x0800349c   0x0800349c   0x0000029c   Code   RO         1970    i.HAL_DMA_Start_IT  stm32h7xx_hal_dma.o
    0x08003738   0x08003738   0x00000024   Code   RO         2822    i.HAL_Delay         stm32h7xx_hal.o
    0x0800375c   0x0800375c   0x000000ec   Code   RO          490    i.HAL_FMC_MspInit   fmc.o
    0x08003848   0x08003848   0x0000022c   Code   RO         1808    i.HAL_GPIO_Init     stm32h7xx_hal_gpio.o
    0x08003a74   0x08003a74   0x0000000a   Code   RO         1810    i.HAL_GPIO_ReadPin  stm32h7xx_hal_gpio.o
    0x08003a7e   0x08003a7e   0x0000000a   Code   RO         1812    i.HAL_GPIO_WritePin  stm32h7xx_hal_gpio.o
    0x08003a88   0x08003a88   0x0000000c   Code   RO         2833    i.HAL_GetREVID      stm32h7xx_hal.o
    0x08003a94   0x08003a94   0x0000000c   Code   RO         2834    i.HAL_GetTick       stm32h7xx_hal.o
    0x08003aa0   0x08003aa0   0x00000010   Code   RO         2840    i.HAL_IncTick       stm32h7xx_hal.o
    0x08003ab0   0x08003ab0   0x0000005c   Code   RO         2841    i.HAL_Init          stm32h7xx_hal.o
    0x08003b0c   0x08003b0c   0x00000040   Code   RO         2842    i.HAL_InitTick      stm32h7xx_hal.o
    0x08003b4c   0x08003b4c   0x0000005c   Code   RO         2663    i.HAL_MPU_ConfigRegion  stm32h7xx_hal_cortex.o
    0x08003ba8   0x08003ba8   0x0000001c   Code   RO         2664    i.HAL_MPU_Disable   stm32h7xx_hal_cortex.o
    0x08003bc4   0x08003bc4   0x00000024   Code   RO         2666    i.HAL_MPU_Enable    stm32h7xx_hal_cortex.o
    0x08003be8   0x08003be8   0x00000024   Code   RO          680    i.HAL_MspInit       stm32h7xx_hal_msp.o
    0x08003c0c   0x08003c0c   0x0000001a   Code   RO         2670    i.HAL_NVIC_EnableIRQ  stm32h7xx_hal_cortex.o
    0x08003c26   0x08003c26   0x00000002   PAD
    0x08003c28   0x08003c28   0x00000040   Code   RO         2676    i.HAL_NVIC_SetPriority  stm32h7xx_hal_cortex.o
    0x08003c68   0x08003c68   0x00000024   Code   RO         2677    i.HAL_NVIC_SetPriorityGrouping  stm32h7xx_hal_cortex.o
    0x08003c8c   0x08003c8c   0x00000028   Code   RO          937    i.HAL_PCDEx_ActivateLPM  stm32h7xx_hal_pcd_ex.o
    0x08003cb4   0x08003cb4   0x00000002   Code   RO          942    i.HAL_PCDEx_LPM_Callback  stm32h7xx_hal_pcd_ex.o
    0x08003cb6   0x08003cb6   0x00000008   Code   RO          943    i.HAL_PCDEx_SetRxFiFo  stm32h7xx_hal_pcd_ex.o
    0x08003cbe   0x08003cbe   0x00000046   Code   RO          944    i.HAL_PCDEx_SetTxFiFo  stm32h7xx_hal_pcd_ex.o
    0x08003d04   0x08003d04   0x00000008   Code   RO         5944    i.HAL_PCD_ConnectCallback  usbd_conf.o
    0x08003d0c   0x08003d0c   0x00000012   Code   RO         5945    i.HAL_PCD_DataInStageCallback  usbd_conf.o
    0x08003d1e   0x08003d1e   0x00000014   Code   RO         5946    i.HAL_PCD_DataOutStageCallback  usbd_conf.o
    0x08003d32   0x08003d32   0x00000008   Code   RO         5947    i.HAL_PCD_DisconnectCallback  usbd_conf.o
    0x08003d3a   0x08003d3a   0x0000001e   Code   RO          713    i.HAL_PCD_EP_Abort  stm32h7xx_hal_pcd.o
    0x08003d58   0x08003d58   0x0000004a   Code   RO          714    i.HAL_PCD_EP_Close  stm32h7xx_hal_pcd.o
    0x08003da2   0x08003da2   0x0000005a   Code   RO          715    i.HAL_PCD_EP_ClrStall  stm32h7xx_hal_pcd.o
    0x08003dfc   0x08003dfc   0x00000012   Code   RO          717    i.HAL_PCD_EP_GetRxCount  stm32h7xx_hal_pcd.o
    0x08003e0e   0x08003e0e   0x0000005e   Code   RO          718    i.HAL_PCD_EP_Open   stm32h7xx_hal_pcd.o
    0x08003e6c   0x08003e6c   0x00000034   Code   RO          719    i.HAL_PCD_EP_Receive  stm32h7xx_hal_pcd.o
    0x08003ea0   0x08003ea0   0x00000072   Code   RO          720    i.HAL_PCD_EP_SetStall  stm32h7xx_hal_pcd.o
    0x08003f12   0x08003f12   0x00000034   Code   RO          721    i.HAL_PCD_EP_Transmit  stm32h7xx_hal_pcd.o
    0x08003f46   0x08003f46   0x00000002   PAD
    0x08003f48   0x08003f48   0x00000594   Code   RO          723    i.HAL_PCD_IRQHandler  stm32h7xx_hal_pcd.o
    0x080044dc   0x080044dc   0x00000008   Code   RO         5948    i.HAL_PCD_ISOINIncompleteCallback  usbd_conf.o
    0x080044e4   0x080044e4   0x00000008   Code   RO         5949    i.HAL_PCD_ISOOUTIncompleteCallback  usbd_conf.o
    0x080044ec   0x080044ec   0x000000cc   Code   RO          726    i.HAL_PCD_Init      stm32h7xx_hal_pcd.o
    0x080045b8   0x080045b8   0x000000a0   Code   RO         5951    i.HAL_PCD_MspInit   usbd_conf.o
    0x08004658   0x08004658   0x0000002c   Code   RO         5952    i.HAL_PCD_ResetCallback  usbd_conf.o
    0x08004684   0x08004684   0x00000008   Code   RO         5953    i.HAL_PCD_ResumeCallback  usbd_conf.o
    0x0800468c   0x0800468c   0x00000008   Code   RO         5954    i.HAL_PCD_SOFCallback  usbd_conf.o
    0x08004694   0x08004694   0x00000026   Code   RO          732    i.HAL_PCD_SetAddress  stm32h7xx_hal_pcd.o
    0x080046ba   0x080046ba   0x0000000e   Code   RO         5955    i.HAL_PCD_SetupStageCallback  usbd_conf.o
    0x080046c8   0x080046c8   0x00000042   Code   RO          735    i.HAL_PCD_Start     stm32h7xx_hal_pcd.o
    0x0800470a   0x0800470a   0x00000002   PAD
    0x0800470c   0x0800470c   0x00000030   Code   RO         5956    i.HAL_PCD_SuspendCallback  usbd_conf.o
    0x0800473c   0x0800473c   0x00000054   Code   RO         2409    i.HAL_PWREx_ConfigSupply  stm32h7xx_hal_pwr_ex.o
    0x08004790   0x08004790   0x00000010   Code   RO         2426    i.HAL_PWREx_EnableUSBVoltageDetector  stm32h7xx_hal_pwr_ex.o
    0x080047a0   0x080047a0   0x000009ac   Code   RO         1438    i.HAL_RCCEx_PeriphCLKConfig  stm32h7xx_hal_rcc_ex.o
    0x0800514c   0x0800514c   0x0000025c   Code   RO         1314    i.HAL_RCC_ClockConfig  stm32h7xx_hal_rcc.o
    0x080053a8   0x080053a8   0x00000044   Code   RO         1319    i.HAL_RCC_GetHCLKFreq  stm32h7xx_hal_rcc.o
    0x080053ec   0x080053ec   0x00000138   Code   RO         1323    i.HAL_RCC_GetSysClockFreq  stm32h7xx_hal_rcc.o
    0x08005524   0x08005524   0x00000582   Code   RO         1326    i.HAL_RCC_OscConfig  stm32h7xx_hal_rcc.o
    0x08005aa6   0x08005aa6   0x00000006   Code   RO         3879    i.HAL_SDRAM_GetState  stm32h7xx_hal_sdram.o
    0x08005aac   0x08005aac   0x00000050   Code   RO         3881    i.HAL_SDRAM_Init    stm32h7xx_hal_sdram.o
    0x08005afc   0x08005afc   0x00000004   Code   RO          492    i.HAL_SDRAM_MspInit  fmc.o
    0x08005b00   0x08005b00   0x0000002e   Code   RO         3884    i.HAL_SDRAM_ProgramRefreshRate  stm32h7xx_hal_sdram.o
    0x08005b2e   0x08005b2e   0x00000002   PAD
    0x08005b30   0x08005b30   0x0000003c   Code   RO         3890    i.HAL_SDRAM_SendCommand  stm32h7xx_hal_sdram.o
    0x08005b6c   0x08005b6c   0x00000124   Code   RO         4046    i.HAL_SPI_Abort     stm32h7xx_hal_spi.o
    0x08005c90   0x08005c90   0x00000002   Code   RO         4053    i.HAL_SPI_ErrorCallback  stm32h7xx_hal_spi.o
    0x08005c92   0x08005c92   0x00000006   Code   RO         4055    i.HAL_SPI_GetState  stm32h7xx_hal_spi.o
    0x08005c98   0x08005c98   0x00000224   Code   RO         4056    i.HAL_SPI_IRQHandler  stm32h7xx_hal_spi.o
    0x08005ebc   0x08005ebc   0x0000017c   Code   RO         4057    i.HAL_SPI_Init      stm32h7xx_hal_spi.o
    0x08006038   0x08006038   0x000000c8   Code   RO          557    i.HAL_SPI_MspInit   spi.o
    0x08006100   0x08006100   0x00000002   Code   RO         4063    i.HAL_SPI_RxCpltCallback  stm32h7xx_hal_spi.o
    0x08006102   0x08006102   0x00000002   Code   RO         4065    i.HAL_SPI_SuspendCallback  stm32h7xx_hal_spi.o
    0x08006104   0x08006104   0x00000178   Code   RO         4070    i.HAL_SPI_Transmit_DMA  stm32h7xx_hal_spi.o
    0x0800627c   0x0800627c   0x00000002   Code   RO         4072    i.HAL_SPI_TxCpltCallback  stm32h7xx_hal_spi.o
    0x0800627e   0x0800627e   0x00000002   Code   RO         4073    i.HAL_SPI_TxHalfCpltCallback  stm32h7xx_hal_spi.o
    0x08006280   0x08006280   0x00000002   Code   RO         4074    i.HAL_SPI_TxRxCpltCallback  stm32h7xx_hal_spi.o
    0x08006282   0x08006282   0x00000026   Code   RO         2681    i.HAL_SYSTICK_Config  stm32h7xx_hal_cortex.o
    0x080062a8   0x080062a8   0x00000002   Code   RO          601    i.HardFault_Handler  stm32h7xx_it.o
    0x080062aa   0x080062aa   0x00000002   PAD
    0x080062ac   0x080062ac   0x00000038   Code   RO         5784    i.IntToUnicode      usbd_desc.o
    0x080062e4   0x080062e4   0x0000002c   Code   RO          466    i.MX_DMA_Init       dma.o
    0x08006310   0x08006310   0x0000006c   Code   RO          493    i.MX_FMC_Init       fmc.o
    0x0800637c   0x0800637c   0x00000028   Code   RO          417    i.MX_FREERTOS_Init  freertos.o
    0x080063a4   0x080063a4   0x000000c0   Code   RO          392    i.MX_GPIO_Init      gpio.o
    0x08006464   0x08006464   0x00000060   Code   RO          558    i.MX_SPI4_Init      spi.o
    0x080064c4   0x080064c4   0x00000054   Code   RO         5745    i.MX_USB_DEVICE_Init  usb_device.o
    0x08006518   0x08006518   0x00000002   Code   RO          602    i.MemManage_Handler  stm32h7xx_it.o
    0x0800651a   0x0800651a   0x00000002   Code   RO          603    i.NMI_Handler       stm32h7xx_it.o
    0x0800651c   0x0800651c   0x0000000c   Code   RO          604    i.OTG_FS_IRQHandler  stm32h7xx_it.o
    0x08006528   0x08006528   0x000000cc   Code   RO          738    i.PCD_EP_OutXfrComplete_int  stm32h7xx_hal_pcd.o
    0x080065f4   0x080065f4   0x000000a2   Code   RO          739    i.PCD_WriteEmptyTxFifo  stm32h7xx_hal_pcd.o
    0x08006696   0x08006696   0x00000002   PAD
    0x08006698   0x08006698   0x00000120   Code   RO         1441    i.RCCEx_PLL2_Config  stm32h7xx_hal_rcc_ex.o
    0x080067b8   0x080067b8   0x00000120   Code   RO         1442    i.RCCEx_PLL3_Config  stm32h7xx_hal_rcc_ex.o
    0x080068d8   0x080068d8   0x00000010   Code   RO          292    i.SDRAM_Bin_Cache_Reset  sdram.o
    0x080068e8   0x080068e8   0x000000a4   Code   RO          293    i.SDRAM_Init_Sequence  sdram.o
    0x0800698c   0x0800698c   0x00000088   Code   RO         6575    i.SDRAM_Process_Data_Block  fpgaconfigdefaulttask.o
    0x08006a14   0x08006a14   0x00000060   Code   RO          296    i.SDRAM_WriteBuffer  sdram.o
    0x08006a74   0x08006a74   0x0000000c   Code   RO          605    i.SPI4_IRQHandler   stm32h7xx_it.o
    0x08006a80   0x08006a80   0x00000074   Code   RO         4076    i.SPI_AbortTransfer  stm32h7xx_hal_spi.o
    0x08006af4   0x08006af4   0x000000bc   Code   RO         4077    i.SPI_CloseTransfer  stm32h7xx_hal_spi.o
    0x08006bb0   0x08006bb0   0x0000001a   Code   RO         4078    i.SPI_DMAAbortOnError  stm32h7xx_hal_spi.o
    0x08006bca   0x08006bca   0x0000002c   Code   RO         4079    i.SPI_DMAError      stm32h7xx_hal_spi.o
    0x08006bf6   0x08006bf6   0x0000000a   Code   RO         4081    i.SPI_DMAHalfTransmitCplt  stm32h7xx_hal_spi.o
    0x08006c00   0x08006c00   0x00000028   Code   RO         4085    i.SPI_DMATransmitCplt  stm32h7xx_hal_spi.o
    0x08006c28   0x08006c28   0x0000000a   Code   RO         6318    i.SWAPBYTE          usbd_ctlreq.o
    0x08006c32   0x08006c32   0x00000018   Code   RO          606    i.SysTick_Handler   stm32h7xx_it.o
    0x08006c4a   0x08006c4a   0x00000002   PAD
    0x08006c4c   0x08006c4c   0x000000e4   Code   RO          347    i.SystemClock_Config  main.o
    0x08006d30   0x08006d30   0x000000dc   Code   RO         4412    i.SystemInit        system_stm32h7xx.o
    0x08006e0c   0x08006e0c   0x00000076   Code   RO         6464    i.USBD_CDC_DataIn   usbd_cdc.o
    0x08006e82   0x08006e82   0x0000003c   Code   RO         6465    i.USBD_CDC_DataOut  usbd_cdc.o
    0x08006ebe   0x08006ebe   0x00000002   PAD
    0x08006ec0   0x08006ec0   0x00000090   Code   RO         6466    i.USBD_CDC_DeInit   usbd_cdc.o
    0x08006f50   0x08006f50   0x00000036   Code   RO         6467    i.USBD_CDC_EP0_RxReady  usbd_cdc.o
    0x08006f86   0x08006f86   0x00000002   PAD
    0x08006f88   0x08006f88   0x0000000c   Code   RO         6468    i.USBD_CDC_GetDeviceQualifierDescriptor  usbd_cdc.o
    0x08006f94   0x08006f94   0x00000040   Code   RO         6469    i.USBD_CDC_GetFSCfgDesc  usbd_cdc.o
    0x08006fd4   0x08006fd4   0x00000040   Code   RO         6470    i.USBD_CDC_GetHSCfgDesc  usbd_cdc.o
    0x08007014   0x08007014   0x00000040   Code   RO         6471    i.USBD_CDC_GetOtherSpeedCfgDesc  usbd_cdc.o
    0x08007054   0x08007054   0x0000011c   Code   RO         6472    i.USBD_CDC_Init     usbd_cdc.o
    0x08007170   0x08007170   0x00000038   Code   RO         6473    i.USBD_CDC_ReceivePacket  usbd_cdc.o
    0x080071a8   0x080071a8   0x00000016   Code   RO         6474    i.USBD_CDC_RegisterInterface  usbd_cdc.o
    0x080071be   0x080071be   0x0000001a   Code   RO         6475    i.USBD_CDC_SetRxBuffer  usbd_cdc.o
    0x080071d8   0x080071d8   0x0000001e   Code   RO         6476    i.USBD_CDC_SetTxBuffer  usbd_cdc.o
    0x080071f6   0x080071f6   0x000000ce   Code   RO         6477    i.USBD_CDC_Setup    usbd_cdc.o
    0x080072c4   0x080072c4   0x00000050   Code   RO         6478    i.USBD_CDC_TransmitPacket  usbd_cdc.o
    0x08007314   0x08007314   0x00000014   Code   RO         6155    i.USBD_ClrClassConfig  usbd_core.o
    0x08007328   0x08007328   0x00000004   Code   RO         6156    i.USBD_CoreFindEP   usbd_core.o
    0x0800732c   0x0800732c   0x00000004   Code   RO         6157    i.USBD_CoreFindIF   usbd_core.o
    0x08007330   0x08007330   0x00000010   Code   RO         6400    i.USBD_CtlContinueRx  usbd_ioreq.o
    0x08007340   0x08007340   0x00000010   Code   RO         6401    i.USBD_CtlContinueSendData  usbd_ioreq.o
    0x08007350   0x08007350   0x00000016   Code   RO         6319    i.USBD_CtlError     usbd_ctlreq.o
    0x08007366   0x08007366   0x0000001e   Code   RO         6402    i.USBD_CtlPrepareRx  usbd_ioreq.o
    0x08007384   0x08007384   0x00000016   Code   RO         6403    i.USBD_CtlReceiveStatus  usbd_ioreq.o
    0x0800739a   0x0800739a   0x0000001a   Code   RO         6404    i.USBD_CtlSendData  usbd_ioreq.o
    0x080073b4   0x080073b4   0x00000016   Code   RO         6405    i.USBD_CtlSendStatus  usbd_ioreq.o
    0x080073ca   0x080073ca   0x00000002   PAD
    0x080073cc   0x080073cc   0x00000020   Code   RO         5785    i.USBD_FS_ConfigStrDescriptor  usbd_desc.o
    0x080073ec   0x080073ec   0x0000000c   Code   RO         5786    i.USBD_FS_DeviceDescriptor  usbd_desc.o
    0x080073f8   0x080073f8   0x00000024   Code   RO         5787    i.USBD_FS_InterfaceStrDescriptor  usbd_desc.o
    0x0800741c   0x0800741c   0x0000000c   Code   RO         5788    i.USBD_FS_LangIDStrDescriptor  usbd_desc.o
    0x08007428   0x08007428   0x00000028   Code   RO         5789    i.USBD_FS_ManufacturerStrDescriptor  usbd_desc.o
    0x08007450   0x08007450   0x0000002c   Code   RO         5790    i.USBD_FS_ProductStrDescriptor  usbd_desc.o
    0x0800747c   0x0800747c   0x0000003c   Code   RO         5791    i.USBD_FS_SerialStrDescriptor  usbd_desc.o
    0x080074b8   0x080074b8   0x000000fa   Code   RO         6320    i.USBD_GetDescriptor  usbd_ctlreq.o
    0x080075b2   0x080075b2   0x0000003a   Code   RO         6159    i.USBD_GetEpDesc    usbd_core.o
    0x080075ec   0x080075ec   0x00000014   Code   RO         6321    i.USBD_GetLen       usbd_ctlreq.o
    0x08007600   0x08007600   0x0000000e   Code   RO         6160    i.USBD_GetNextDesc  usbd_core.o
    0x0800760e   0x0800760e   0x0000004e   Code   RO         6322    i.USBD_GetString    usbd_ctlreq.o
    0x0800765c   0x0800765c   0x00000018   Code   RO         5957    i.USBD_Get_USB_Status  usbd_conf.o
    0x08007674   0x08007674   0x00000026   Code   RO         6161    i.USBD_Init         usbd_core.o
    0x0800769a   0x0800769a   0x00000012   Code   RO         5958    i.USBD_LL_ClearStallEP  usbd_conf.o
    0x080076ac   0x080076ac   0x00000012   Code   RO         5959    i.USBD_LL_CloseEP   usbd_conf.o
    0x080076be   0x080076be   0x000000b8   Code   RO         6162    i.USBD_LL_DataInStage  usbd_core.o
    0x08007776   0x08007776   0x00000090   Code   RO         6163    i.USBD_LL_DataOutStage  usbd_core.o
    0x08007806   0x08007806   0x00000004   Code   RO         6164    i.USBD_LL_DevConnected  usbd_core.o
    0x0800780a   0x0800780a   0x00000020   Code   RO         6165    i.USBD_LL_DevDisconnected  usbd_core.o
    0x0800782a   0x0800782a   0x00000008   Code   RO         5963    i.USBD_LL_GetRxDataSize  usbd_conf.o
    0x08007832   0x08007832   0x00000002   PAD
    0x08007834   0x08007834   0x00000064   Code   RO         5964    i.USBD_LL_Init      usbd_conf.o
    0x08007898   0x08007898   0x0000001e   Code   RO         5965    i.USBD_LL_IsStallEP  usbd_conf.o
    0x080078b6   0x080078b6   0x00000028   Code   RO         6166    i.USBD_LL_IsoINIncomplete  usbd_core.o
    0x080078de   0x080078de   0x00000028   Code   RO         6167    i.USBD_LL_IsoOUTIncomplete  usbd_core.o
    0x08007906   0x08007906   0x00000018   Code   RO         5966    i.USBD_LL_OpenEP    usbd_conf.o
    0x0800791e   0x0800791e   0x00000012   Code   RO         5967    i.USBD_LL_PrepareReceive  usbd_conf.o
    0x08007930   0x08007930   0x0000005e   Code   RO         6168    i.USBD_LL_Reset     usbd_core.o
    0x0800798e   0x0800798e   0x00000014   Code   RO         6169    i.USBD_LL_Resume    usbd_core.o
    0x080079a2   0x080079a2   0x0000001a   Code   RO         6170    i.USBD_LL_SOF       usbd_core.o
    0x080079bc   0x080079bc   0x00000006   Code   RO         6171    i.USBD_LL_SetSpeed  usbd_core.o
    0x080079c2   0x080079c2   0x00000012   Code   RO         5968    i.USBD_LL_SetUSBAddress  usbd_conf.o
    0x080079d4   0x080079d4   0x00000060   Code   RO         6172    i.USBD_LL_SetupStage  usbd_core.o
    0x08007a34   0x08007a34   0x00000012   Code   RO         5969    i.USBD_LL_StallEP   usbd_conf.o
    0x08007a46   0x08007a46   0x00000012   Code   RO         5970    i.USBD_LL_Start     usbd_conf.o
    0x08007a58   0x08007a58   0x0000001a   Code   RO         6173    i.USBD_LL_Suspend   usbd_core.o
    0x08007a72   0x08007a72   0x00000012   Code   RO         5972    i.USBD_LL_Transmit  usbd_conf.o
    0x08007a84   0x08007a84   0x0000002a   Code   RO         6323    i.USBD_ParseSetupRequest  usbd_ctlreq.o
    0x08007aae   0x08007aae   0x0000003a   Code   RO         6174    i.USBD_RegisterClass  usbd_core.o
    0x08007ae8   0x08007ae8   0x00000014   Code   RO         6176    i.USBD_SetClassConfig  usbd_core.o
    0x08007afc   0x08007afc   0x000000bc   Code   RO         6324    i.USBD_SetConfig    usbd_ctlreq.o
    0x08007bb8   0x08007bb8   0x00000004   Code   RO         6177    i.USBD_Start        usbd_core.o
    0x08007bbc   0x08007bbc   0x0000012e   Code   RO         6325    i.USBD_StdDevReq    usbd_ctlreq.o
    0x08007cea   0x08007cea   0x00000164   Code   RO         6326    i.USBD_StdEPReq     usbd_ctlreq.o
    0x08007e4e   0x08007e4e   0x00000074   Code   RO         6327    i.USBD_StdItfReq    usbd_ctlreq.o
    0x08007ec2   0x08007ec2   0x00000002   Code   RO         5973    i.USBD_static_free  usbd_conf.o
    0x08007ec4   0x08007ec4   0x00000008   Code   RO         5974    i.USBD_static_malloc  usbd_conf.o
    0x08007ecc   0x08007ecc   0x00000080   Code   RO         1009    i.USB_ActivateEndpoint  stm32h7xx_ll_usb.o
    0x08007f4c   0x08007f4c   0x0000001c   Code   RO         1011    i.USB_ActivateSetup  stm32h7xx_ll_usb.o
    0x08007f68   0x08007f68   0x0000009c   Code   RO         6576    i.USB_CDC_Recv_Callback  fpgaconfigdefaulttask.o
    0x08008004   0x08008004   0x00000098   Code   RO         1013    i.USB_CoreInit      stm32h7xx_ll_usb.o
    0x0800809c   0x0800809c   0x0000003c   Code   RO         1014    i.USB_CoreReset     stm32h7xx_ll_usb.o
    0x080080d8   0x080080d8   0x000000cc   Code   RO         1017    i.USB_DeactivateEndpoint  stm32h7xx_ll_usb.o
    0x080081a4   0x080081a4   0x0000001c   Code   RO         1018    i.USB_DevConnect    stm32h7xx_ll_usb.o
    0x080081c0   0x080081c0   0x0000001c   Code   RO         1019    i.USB_DevDisconnect  stm32h7xx_ll_usb.o
    0x080081dc   0x080081dc   0x0000016c   Code   RO         1020    i.USB_DevInit       stm32h7xx_ll_usb.o
    0x08008348   0x08008348   0x0000000c   Code   RO         1021    i.USB_DisableGlobalInt  stm32h7xx_ll_usb.o
    0x08008354   0x08008354   0x00000058   Code   RO         1024    i.USB_EP0_OutStart  stm32h7xx_ll_usb.o
    0x080083ac   0x080083ac   0x00000058   Code   RO         1025    i.USB_EPClearStall  stm32h7xx_ll_usb.o
    0x08008404   0x08008404   0x00000058   Code   RO         1026    i.USB_EPSetStall    stm32h7xx_ll_usb.o
    0x0800845c   0x0800845c   0x0000023c   Code   RO         1027    i.USB_EPStartXfer   stm32h7xx_ll_usb.o
    0x08008698   0x08008698   0x0000009e   Code   RO         1028    i.USB_EPStopXfer    stm32h7xx_ll_usb.o
    0x08008736   0x08008736   0x0000000c   Code   RO         1029    i.USB_EnableGlobalInt  stm32h7xx_ll_usb.o
    0x08008742   0x08008742   0x00000038   Code   RO         1030    i.USB_FlushRxFifo   stm32h7xx_ll_usb.o
    0x0800877a   0x0800877a   0x0000003c   Code   RO         1031    i.USB_FlushTxFifo   stm32h7xx_ll_usb.o
    0x080087b6   0x080087b6   0x0000001a   Code   RO         1033    i.USB_GetDevSpeed   stm32h7xx_ll_usb.o
    0x080087d0   0x080087d0   0x00000008   Code   RO         1035    i.USB_GetMode       stm32h7xx_ll_usb.o
    0x080087d8   0x080087d8   0x0000000e   Code   RO         1043    i.USB_ReadDevAllInEpInterrupt  stm32h7xx_ll_usb.o
    0x080087e6   0x080087e6   0x0000000e   Code   RO         1044    i.USB_ReadDevAllOutEpInterrupt  stm32h7xx_ll_usb.o
    0x080087f4   0x080087f4   0x00000024   Code   RO         1045    i.USB_ReadDevInEPInterrupt  stm32h7xx_ll_usb.o
    0x08008818   0x08008818   0x00000010   Code   RO         1046    i.USB_ReadDevOutEPInterrupt  stm32h7xx_ll_usb.o
    0x08008828   0x08008828   0x00000008   Code   RO         1047    i.USB_ReadInterrupts  stm32h7xx_ll_usb.o
    0x08008830   0x08008830   0x00000040   Code   RO         1048    i.USB_ReadPacket    stm32h7xx_ll_usb.o
    0x08008870   0x08008870   0x0000005e   Code   RO         1050    i.USB_SetCurrentMode  stm32h7xx_ll_usb.o
    0x080088ce   0x080088ce   0x00000022   Code   RO         1051    i.USB_SetDevAddress  stm32h7xx_ll_usb.o
    0x080088f0   0x080088f0   0x000000e8   Code   RO         1053    i.USB_SetTurnaroundTime  stm32h7xx_ll_usb.o
    0x080089d8   0x080089d8   0x00000028   Code   RO         1056    i.USB_WritePacket   stm32h7xx_ll_usb.o
    0x08008a00   0x08008a00   0x00000002   Code   RO          607    i.UsageFault_Handler  stm32h7xx_it.o
    0x08008a02   0x08008a02   0x00000030   Code   RO         6772    i.__ARM_fpclassify  m_wv.l(fpclassify.o)
    0x08008a32   0x08008a32   0x00000022   Code   RO         2683    i.__NVIC_SetPriority  stm32h7xx_hal_cortex.o
    0x08008a54   0x08008a54   0x0000000e   Code   RO         6668    i._is_digit         c_w.l(__printf_wp.o)
    0x08008a62   0x08008a62   0x00000072   Code   RO          348    i.main              main.o
    0x08008ad4   0x08008ad4   0x0000000e   Code   RO         5231    i.makeFreeRtosPriority  cmsis_os.o
    0x08008ae2   0x08008ae2   0x0000000e   Code   RO         5233    i.osDelay           cmsis_os.o
    0x08008af0   0x08008af0   0x0000000a   Code   RO         5236    i.osKernelStart     cmsis_os.o
    0x08008afa   0x08008afa   0x00000054   Code   RO         5270    i.osThreadCreate    cmsis_os.o
    0x08008b4e   0x08008b4e   0x00000002   PAD
    0x08008b50   0x08008b50   0x00000070   Code   RO         4913    i.prvAddCurrentTaskToDelayedList  tasks.o
    0x08008bc0   0x08008bc0   0x000000d0   Code   RO         4914    i.prvAddNewTaskToReadyList  tasks.o
    0x08008c90   0x08008c90   0x00000034   Code   RO         4915    i.prvDeleteTCB      tasks.o
    0x08008cc4   0x08008cc4   0x00000050   Code   RO         5598    i.prvHeapInit       heap_4.o
    0x08008d14   0x08008d14   0x00000060   Code   RO         4916    i.prvIdleTask       tasks.o
    0x08008d74   0x08008d74   0x0000009a   Code   RO         4917    i.prvInitialiseNewTask  tasks.o
    0x08008e0e   0x08008e0e   0x00000002   PAD
    0x08008e10   0x08008e10   0x0000004c   Code   RO         5599    i.prvInsertBlockIntoFreeList  heap_4.o
    0x08008e5c   0x08008e5c   0x00000020   Code   RO         4918    i.prvResetNextTaskUnblockTime  tasks.o
    0x08008e7c   0x08008e7c   0x00000028   Code   RO         5666    i.prvTaskExitError  port.o
    0x08008ea4   0x08008ea4   0x000000dc   Code   RO         5600    i.pvPortMalloc      heap_4.o
    0x08008f80   0x08008f80   0x00000030   Code   RO         5667    i.pxPortInitialiseStack  port.o
    0x08008fb0   0x08008fb0   0x00000026   Code   RO         4549    i.uxListRemove      list.o
    0x08008fd6   0x08008fd6   0x00000002   PAD
    0x08008fd8   0x08008fd8   0x00000018   Code   RO          418    i.vApplicationGetIdleTaskMemory  freertos.o
    0x08008ff0   0x08008ff0   0x00000016   Code   RO         4550    i.vListInitialise   list.o
    0x08009006   0x08009006   0x00000006   Code   RO         4551    i.vListInitialiseItem  list.o
    0x0800900c   0x0800900c   0x00000030   Code   RO         4552    i.vListInsert       list.o
    0x0800903c   0x0800903c   0x00000018   Code   RO         4553    i.vListInsertEnd    list.o
    0x08009054   0x08009054   0x00000040   Code   RO         5669    i.vPortEnterCritical  port.o
    0x08009094   0x08009094   0x00000028   Code   RO         5670    i.vPortExitCritical  port.o
    0x080090bc   0x080090bc   0x00000064   Code   RO         5601    i.vPortFree         heap_4.o
    0x08009120   0x08009120   0x00000024   Code   RO         5671    i.vPortSetupTimerInterrupt  port.o
    0x08009144   0x08009144   0x0000004c   Code   RO         4927    i.vTaskDelay        tasks.o
    0x08009190   0x08009190   0x0000006c   Code   RO         4940    i.vTaskStartScheduler  tasks.o
    0x080091fc   0x080091fc   0x00000010   Code   RO         4942    i.vTaskSuspendAll   tasks.o
    0x0800920c   0x0800920c   0x0000005c   Code   RO         4943    i.vTaskSwitchContext  tasks.o
    0x08009268   0x08009268   0x000000f4   Code   RO         5673    i.xPortStartScheduler  port.o
    0x0800935c   0x0800935c   0x0000002c   Code   RO         5674    i.xPortSysTickHandler  port.o
    0x08009388   0x08009388   0x0000005a   Code   RO         4946    i.xTaskCreate       tasks.o
    0x080093e2   0x080093e2   0x00000056   Code   RO         4947    i.xTaskCreateStatic  tasks.o
    0x08009438   0x08009438   0x0000001c   Code   RO         4951    i.xTaskGetSchedulerState  tasks.o
    0x08009454   0x08009454   0x000000cc   Code   RO         4954    i.xTaskIncrementTick  tasks.o
    0x08009520   0x08009520   0x000000c4   Code   RO         4960    i.xTaskResumeAll    tasks.o
    0x080095e4   0x080095e4   0x0000002c   Code   RO         6767    locale$$code        c_w.l(lc_numeric_c.o)
    0x08009610   0x08009610   0x0000000a   Code   RO         6848    x$fpl$fpinit        fz_wv.l(fpinit.o)
    0x0800961a   0x0800961a   0x00000004   Code   RO         6693    x$fpl$printf1       fz_wv.l(printf1.o)
    0x0800961e   0x0800961e   0x00000000   Code   RO         6771    x$fpl$usenofp       fz_wv.l(usenofp.o)
    0x0800961e   0x0800961e   0x00000002   PAD
    0x08009620   0x08009620   0x0000001c   Data   RO          420    .constdata          freertos.o
    0x0800963c   0x0800963c   0x00000008   Data   RO         1972    .constdata          stm32h7xx_hal_dma.o
    0x08009644   0x08009644   0x00000010   Data   RO         4413    .constdata          system_stm32h7xx.o
    0x08009654   0x08009654   0x00000028   Data   RO         6641    .constdata          c_w.l(_printf_hex_int.o)
    0x0800967c   0x0800967c   0x00000011   Data   RO         6671    .constdata          c_w.l(__printf_flags_wp.o)
    0x0800968d   0x0800968d   0x00000003   PAD
    0x08009690   0x08009690   0x00000094   Data   RO         6742    .constdata          c_w.l(bigflt0.o)
    0x08009724   0x08009724   0x0000000f   Data   RO          421    .conststring        freertos.o
    0x08009733   0x08009733   0x00000001   PAD
    0x08009734   0x08009734   0x00000020   Data   RO         6916    Region$$Table       anon$$obj.o
    0x08009754   0x08009754   0x0000001c   Data   RO         6766    locale$$data        c_w.l(lc_numeric_c.o)


    Execution Region RW_IRAM1 (Exec base: 0x20000000, Load base: 0x08009770, Size: 0x00000000, Max: 0x00020000, ABSOLUTE)

    **** No section assigned to this execution region ****


    Execution Region RW_IRAM2 (Exec base: 0x24000000, Load base: 0x08009770, Size: 0x000064d8, Max: 0x00080000, ABSOLUTE, COMPRESSED[0x000000c4])

    Exec Addr    Load Addr    Size         Type   Attr      Idx    E Section Name        Object

    0x24000000   COMPRESSED   0x00000010   Data   RW           18    .data               fpga_config.o
    0x24000010   COMPRESSED   0x00000008   Data   RW          297    .data               sdram.o
    0x24000018   COMPRESSED   0x00000004   Data   RW          422    .data               freertos.o
    0x2400001c   COMPRESSED   0x00000008   Data   RW          495    .data               fmc.o
    0x24000024   COMPRESSED   0x0000000c   Data   RW         2863    .data               stm32h7xx_hal.o
    0x24000030   COMPRESSED   0x00000008   Data   RW         4414    .data               system_stm32h7xx.o
    0x24000038   COMPRESSED   0x0000003c   Data   RW         4963    .data               tasks.o
    0x24000074   COMPRESSED   0x00000020   Data   RW         5607    .data               heap_4.o
    0x24000094   COMPRESSED   0x0000000c   Data   RW         5675    .data               port.o
    0x240000a0   COMPRESSED   0x00000020   Data   RW         5793    .data               usbd_desc.o
    0x240000c0   COMPRESSED   0x00000032   Data   RW         5794    .data               usbd_desc.o
    0x240000f2   COMPRESSED   0x00000002   PAD
    0x240000f4   COMPRESSED   0x00000014   Data   RW         5878    .data               usbd_cdc_if.o
    0x24000108   COMPRESSED   0x00000001   Data   RW         6328    .data               usbd_ctlreq.o
    0x24000109   COMPRESSED   0x00000003   PAD
    0x2400010c   COMPRESSED   0x00000053   Data   RW         6479    .data               usbd_cdc.o
    0x2400015f   COMPRESSED   0x00000001   PAD
    0x24000160   COMPRESSED   0x00000038   Data   RW         6480    .data               usbd_cdc.o
    0x24000198   COMPRESSED   0x00000008   Data   RW         6578    .data               fpgaconfigdefaulttask.o
    0x240001a0        -       0x00000254   Zero   RW          419    .bss                freertos.o
    0x240003f4        -       0x00000034   Zero   RW          494    .bss                fmc.o
    0x24000428        -       0x00000100   Zero   RW          559    .bss                spi.o
    0x24000528        -       0x000000f0   Zero   RW         4962    .bss                tasks.o
    0x24000618        -       0x00003c00   Zero   RW         5606    .bss                heap_4.o
    0x24004218        -       0x000002dc   Zero   RW         5746    .bss                usb_device.o
    0x240044f4        -       0x00000200   Zero   RW         5792    .bss                usbd_desc.o
    0x240046f4        -       0x00001000   Zero   RW         5877    .bss                usbd_cdc_if.o
    0x240056f4        -       0x00000704   Zero   RW         5975    .bss                usbd_conf.o
    0x24005df8        -       0x00000080   Zero   RW         6577    .bss                fpgaconfigdefaulttask.o
    0x24005e78        -       0x00000060   Zero   RW         6775    .bss                c_w.l(libspace.o)
    0x24005ed8        -       0x00000200   Zero   RW            2    HEAP                startup_stm32h743xx.o
    0x240060d8        -       0x00000400   Zero   RW            1    STACK               startup_stm32h743xx.o


==============================================================================

Image component sizes


      Code (inc. data)   RO Data    RW Data    ZI Data      Debug   Object Name

       122          0          0          0          0      23321   cmsis_os.o
        44          4          0          0          0        914   dma.o
         0          0          0          0          0      16884   event_groups.o
       348         38          0          8         52       2504   fmc.o
      1116        502          0         16          0    1302021   fpga_config.o
      1016        422          0          8        128       3450   fpgaconfigdefaulttask.o
        64         16         43          4        596       2074   freertos.o
       192         12          0          0          0       1187   gpio.o
       476         24          0         32      15360       7379   heap_4.o
       138          0          0          0          0       3530   list.o
       346         12          0          0          0       7064   main.o
       706         74          0         12          0      11172   port.o
       276         22          0          8          0       3558   sdram.o
       296         32          0          0        256       2014   spi.o
        64         26        664          0       1536        852   startup_stm32h743xx.o
       232         44          0         12          0      23444   stm32h7xx_hal.o
       354         28          0          0          0      41537   stm32h7xx_hal_cortex.o
      5992        246          8          0          0      11217   stm32h7xx_hal_dma.o
       576         50          0          0          0       2823   stm32h7xx_hal_gpio.o
        36          4          0          0          0        966   stm32h7xx_hal_msp.o
      2626         16          0          0          0      12364   stm32h7xx_hal_pcd.o
       120          6          0          0          0       3135   stm32h7xx_hal_pcd_ex.o
       100         10          0          0          0       1334   stm32h7xx_hal_pwr_ex.o
      2394         82          0          0          0       5618   stm32h7xx_hal_rcc.o
      3052         52          0          0          0       5071   stm32h7xx_hal_rcc_ex.o
       192          4          0          0          0       3333   stm32h7xx_hal_sdram.o
      2038         36          0          0          0      12226   stm32h7xx_hal_spi.o
        72         18          0          0          0       4811   stm32h7xx_it.o
       338         12          0          0          0       4168   stm32h7xx_ll_fmc.o
      2712        118          0          0          0      21408   stm32h7xx_ll_usb.o
         0          0          0          0          0        392   stream_buffer.o
       220         40         16          8          0       1526   system_stm32h7xx.o
      1550        116          0         60        240      19459   tasks.o
        84         18          0          0        732        820   usb_device.o
      1284         40          0        139          0      13625   usbd_cdc.o
       124         26          0         20       4096       3993   usbd_cdc_if.o
       674         30          0          0       1796      16184   usbd_conf.o
       932          0          0          0          0      14711   usbd_core.o
      1384         22          0          1          0      14412   usbd_ctlreq.o
       292        106          0         82        512       6193   usbd_desc.o
       132          0          0          0          0       4400   usbd_ioreq.o

    ----------------------------------------------------------------------
     32746       2308        764        416      25304    1637094   Object Totals
         0          0         32          0          0          0   (incl. Generated)
        32          0          1          6          0          0   (incl. Padding)

    ----------------------------------------------------------------------

      Code (inc. data)   RO Data    RW Data    ZI Data      Debug   Library Member Name

        56          6          0          0          0         88   __2snprintf.o
        90          0          0          0          0          0   __dczerorl2.o
         8          0          0          0          0         68   __main.o
       312          4         17          0          0         92   __printf_flags_wp.o
        14          0          0          0          0         68   __printf_wp.o
         0          0          0          0          0          0   __rtentry.o
        12          0          0          0          0          0   __rtentry2.o
         6          0          0          0          0          0   __rtentry4.o
        52          8          0          0          0          0   __scatter.o
        28          0          0          0          0          0   __scatter_zi.o
        48          6          0          0          0         96   _printf_char_common.o
         6          0          0          0          0          0   _printf_f.o
      1050          0          0          0          0        216   _printf_fp_dec.o
       128         16          0          0          0         84   _printf_fp_infnan.o
        88          4         40          0          0         88   _printf_hex_int.o
       178          0          0          0          0         88   _printf_intcommon.o
        78          0          0          0          0        108   _printf_pad.o
         0          0          0          0          0          0   _printf_percent.o
         4          0          0          0          0          0   _printf_percent_end.o
         6          0          0          0          0          0   _printf_x.o
        16          0          0          0          0         68   _snputc.o
        10          0          0          0          0         68   _sputc.o
       220          4        148          0          0         96   bigflt0.o
      1910        128          0          0          0        672   btod.o
        12          0          0          0          0         72   exit.o
         6          0          0          0          0        152   heapauxi.o
         0          0          0          0          0          0   indicate_semi.o
        44         10         28          0          0         76   lc_numeric_c.o
         2          0          0          0          0          0   libinit.o
        22          0          0          0          0          0   libinit2.o
         2          0          0          0          0          0   libshutdown.o
         2          0          0          0          0          0   libshutdown2.o
         8          4          0          0         96         68   libspace.o
       138          0          0          0          0         80   lludiv10.o
         8          4          0          0          0         68   rt_locale_intlibspace.o
        78          0          0          0          0         80   rt_memclr_w.o
       100          0          0          0          0         80   rt_memcpy_w.o
         2          0          0          0          0          0   rtexit.o
        10          0          0          0          0          0   rtexit2.o
       104          0          0          0          0         68   strcmpv7m_pel.o
        12          4          0          0          0         68   sys_exit.o
        74          0          0          0          0         80   sys_stackheap_outer.o
         2          0          0          0          0         68   use_no_semi.o
        10          0          0          0          0        116   fpinit.o
         4          0          0          0          0        116   printf1.o
         0          0          0          0          0          0   usenofp.o
        48          0          0          0          0        124   fpclassify.o

    ----------------------------------------------------------------------
      5022        198        236          0         96       3216   Library Totals
        14          0          3          0          0          0   (incl. Padding)

    ----------------------------------------------------------------------

      Code (inc. data)   RO Data    RW Data    ZI Data      Debug   Library Name

      4946        198        233          0         96       2860   c_w.l
        14          0          0          0          0        232   fz_wv.l
        48          0          0          0          0        124   m_wv.l

    ----------------------------------------------------------------------
      5022        198        236          0         96       3216   Library Totals

    ----------------------------------------------------------------------

==============================================================================


      Code (inc. data)   RO Data    RW Data    ZI Data      Debug   

     37768       2506       1000        416      25400    1612250   Grand Totals
     37768       2506       1000        196      25400    1612250   ELF Image Totals (compressed)
     37768       2506       1000        196          0          0   ROM Totals

==============================================================================

    Total RO  Size (Code + RO Data)                38768 (  37.86kB)
    Total RW  Size (RW Data + ZI Data)             25816 (  25.21kB)
    Total ROM Size (Code + RO Data + RW Data)      38964 (  38.05kB)

==============================================================================

