
synthesis -f "STM32_Lattice_Xilinx_STM32_impl_lattice.synproj"
synthesis:  version Diamond (64-bit) 3.14.0.75.2

Copyright (c) 1991-1994 by NeoCAD Inc. All rights reserved.
Copyright (c) 1995 AT&T Corp.   All rights reserved.
Copyright (c) 1995-2001 Lucent Technologies Inc.  All rights reserved.
Copyright (c) 2001 Agere Systems   All rights reserved.
Copyright (c) 2002-2024 Lattice Semiconductor Corporation,  All rights reserved.
Mon Apr 13 15:28:37 2026


Command Line:  synthesis -f STM32_Lattice_Xilinx_STM32_impl_lattice.synproj 

INFO - synthesis: Lattice Synthesis Engine Launched.
Synthesis options:
The -a option is MachXO2.
The -s option is 5.
The -t option is TQFP144.
The -d option is LCMXO2-4000HC.
Using package TQFP144.
Using performance grade 5.
                                                          

##########################################################

### Lattice Family : MachXO2

### Device  : LCMXO2-4000HC

### Package : TQFP144

### Speed   : 5

##########################################################

                                                          

INFO - synthesis: User-Selected Strategy Settings
Optimization goal = Balanced
Top-level module name = STM32_Lattice_Xilinx.
Target frequency = 200.000000 MHz.
Maximum fanout = 1000.
Timing path count = 3
BRAM utilization = 100.000000 %
DSP usage = true
DSP utilization = 100.000000 %
fsm_encoding_style = auto
resolve_mixed_drivers = 0
fix_gated_clocks = 1

Mux style = Auto
Use Carry Chain = true
carry_chain_length = 0
Loop Limit = 1950.
Use IO Insertion = TRUE
Use IO Reg = AUTO

Resource Sharing = TRUE
Propagate Constants = TRUE
Remove Duplicate Registers = TRUE
force_gsr = auto
ROM style = auto
RAM style = auto
The -comp option is FALSE.
The -syn option is FALSE.
-p D:/CubeMX/STM32H743_XC7A100_PS_Configuration (searchpath added)
-p E:/Digital-EDA/Lattice Diamond/ispfpga/xo2c00/data (searchpath added)
-p D:/CubeMX/STM32H743_XC7A100_PS_Configuration/STM32_impl (searchpath added)
-p D:/CubeMX/STM32H743_XC7A100_PS_Configuration (searchpath added)
Verilog design file = D:/CubeMX/STM32H743_XC7A100_PS_Configuration/STM32_Lattice_Xilinx.v
NGD file = STM32_Lattice_Xilinx_STM32_impl.ngd
-sdc option: SDC file input not used.
-lpf option: Output file option is ON.
Hardtimer checking is enabled (default). The -dt option is not used.
The -r option is OFF. [ Remove LOC Properties is OFF. ]
Technology check ok...

Analyzing Verilog file E:/Digital-EDA/Lattice Diamond/ispfpga/userware/NT/SYNTHESIS_HEADERS/machxo2.v. VERI-1482
Compile design.
Compile Design Begin
Analyzing Verilog file d:/cubemx/stm32h743_xc7a100_ps_configuration/stm32_lattice_xilinx.v. VERI-1482
Analyzing Verilog file E:/Digital-EDA/Lattice Diamond/ispfpga/userware/NT/SYNTHESIS_HEADERS/machxo2.v. VERI-1482
Top module name (Verilog): STM32_Lattice_Xilinx
INFO - synthesis: d:/cubemx/stm32h743_xc7a100_ps_configuration/stm32_lattice_xilinx.v(1): compiling module STM32_Lattice_Xilinx. VERI-1018
Last elaborated design is STM32_Lattice_Xilinx()
Loading NGL library 'E:/Digital-EDA/Lattice Diamond/ispfpga/xo2c00a/data/xo2alib.ngl'...
Loading NGL library 'E:/Digital-EDA/Lattice Diamond/ispfpga/xo2c00/data/xo2clib.ngl'...
Loading NGL library 'E:/Digital-EDA/Lattice Diamond/ispfpga/mg5g00/data/mg5glib.ngl'...
Loading NGL library 'E:/Digital-EDA/Lattice Diamond/ispfpga/or5g00/data/orc5glib.ngl'...
Loading device for application map from file 'xo2c4000.nph' in environment: E:/Digital-EDA/Lattice Diamond/ispfpga.
Package Status:                     Final          Version 1.44.
Top-level module name = STM32_Lattice_Xilinx.
WARNING - synthesis: I/O Port stm32_spi_cs_cmd 's net has no driver and is unused.
WARNING - synthesis: I/O Port stm32_spi_cs_data 's net has no driver and is unused.
WARNING - synthesis: I/O Port stm32_spi_clk 's net has no driver and is unused.
WARNING - synthesis: I/O Port stm32_spi_mosi 's net has no driver and is unused.
WARNING - synthesis: I/O Port stm32_spi_miso 's net has no driver and is unused.
WARNING - synthesis: I/O Port xilinx_spi_cs_cmd 's net has no driver and is unused.
WARNING - synthesis: I/O Port xilinx_spi_cs_data 's net has no driver and is unused.
WARNING - synthesis: I/O Port xilinx_spi_clk 's net has no driver and is unused.
WARNING - synthesis: I/O Port xilinx_spi_mosi 's net has no driver and is unused.
WARNING - synthesis: I/O Port xilinx_spi_miso 's net has no driver and is unused.



WARNING - synthesis: I/O Port stm32_spi_cs_cmd 's net has no driver and is unused.
WARNING - synthesis: I/O Port stm32_spi_cs_data 's net has no driver and is unused.
WARNING - synthesis: I/O Port stm32_spi_clk 's net has no driver and is unused.
WARNING - synthesis: I/O Port stm32_spi_mosi 's net has no driver and is unused.
WARNING - synthesis: I/O Port stm32_spi_miso 's net has no driver and is unused.
WARNING - synthesis: I/O Port xilinx_spi_cs_cmd 's net has no driver and is unused.
WARNING - synthesis: I/O Port xilinx_spi_cs_data 's net has no driver and is unused.
WARNING - synthesis: I/O Port xilinx_spi_clk 's net has no driver and is unused.
WARNING - synthesis: I/O Port xilinx_spi_mosi 's net has no driver and is unused.
WARNING - synthesis: I/O Port xilinx_spi_miso 's net has no driver and is unused.
GSR will not be inferred because no asynchronous signal was found in the netlist.
Applying 200.000000 MHz constraint to all clocks

WARNING - synthesis: No user .sdc file.
Results of NGD DRC are available in STM32_Lattice_Xilinx_drc.log.
Loading NGL library 'E:/Digital-EDA/Lattice Diamond/ispfpga/xo2c00a/data/xo2alib.ngl'...
Loading NGL library 'E:/Digital-EDA/Lattice Diamond/ispfpga/xo2c00/data/xo2clib.ngl'...
Loading NGL library 'E:/Digital-EDA/Lattice Diamond/ispfpga/mg5g00/data/mg5glib.ngl'...
Loading NGL library 'E:/Digital-EDA/Lattice Diamond/ispfpga/or5g00/data/orc5glib.ngl'...


Running DRC...

WARNING - synthesis: logical net 'GND_net' has no load.
WARNING - synthesis: DRC complete with 1 warnings.

Design Results:
     14 blocks expanded
completed the first expansion
All blocks are expanded and NGD expansion is successful.
Writing NGD file STM32_Lattice_Xilinx_STM32_impl.ngd.

################### Begin Area Report (STM32_Lattice_Xilinx)######################
Number of register bits => 0 of 4665 (0 % )
GSR => 1
IB => 5
OB => 5
################### End Area Report ##################

################### Begin BlackBox Report ######################
TSALL => 1
################### End BlackBox Report ##################

################### Begin Clock Report ######################
Clock Nets
Number of Clocks: 0
Clock Enable Nets
Number of Clock Enables: 0
Top 0 highest fanout Clock Enables:
Highest fanout non-clock nets
Top 10 highest fanout non-clock nets:
  Net : xilinx_spi_cs_cmd_c_c, loads : 1
  Net : xilinx_spi_cs_data_c_c, loads : 1
  Net : xilinx_spi_clk_c_c, loads : 1
  Net : xilinx_spi_mosi_c_c, loads : 1
  Net : stm32_spi_miso_c_c, loads : 1
  Net : stm32_spi_miso, loads : 0
  Net : xilinx_spi_cs_cmd, loads : 0
  Net : xilinx_spi_cs_data, loads : 0
  Net : xilinx_spi_clk, loads : 0
  Net : xilinx_spi_mosi, loads : 0
################### End Clock Report ##################

Peak Memory Usage: 63.855  MB

--------------------------------------------------------------
Elapsed CPU time for LSE flow : 0.453  secs
--------------------------------------------------------------

map -a "MachXO2" -p LCMXO2-4000HC -t TQFP144 -s 5 -oc Commercial   "STM32_Lattice_Xilinx_STM32_impl.ngd" -o "STM32_Lattice_Xilinx_STM32_impl_map.ncd" -pr "STM32_Lattice_Xilinx_STM32_impl.prf" -mp "STM32_Lattice_Xilinx_STM32_impl.mrp" -lpf "D:/CubeMX/STM32H743_XC7A100_PS_Configuration/STM32_impl/STM32_Lattice_Xilinx_STM32_impl.lpf" -lpf "D:/CubeMX/STM32H743_XC7A100_PS_Configuration/STM32_Lattice_Xilinx.lpf"  -c 0           
map:  version Diamond (64-bit) 3.14.0.75.2

Copyright (c) 1991-1994 by NeoCAD Inc. All rights reserved.
Copyright (c) 1995 AT&T Corp.   All rights reserved.
Copyright (c) 1995-2001 Lucent Technologies Inc.  All rights reserved.
Copyright (c) 2001 Agere Systems   All rights reserved.
Copyright (c) 2002-2024 Lattice Semiconductor Corporation,  All rights reserved.
   Process the file: STM32_Lattice_Xilinx_STM32_impl.ngd
   Picdevice="LCMXO2-4000HC"

   Pictype="TQFP144"

   Picspeed=5

   Remove unused logic

   Do not produce over sized NCDs.

Part used: LCMXO2-4000HCTQFP144, Performance used: 5.

Loading device for application map from file 'xo2c4000.nph' in environment: E:/Digital-EDA/Lattice Diamond/ispfpga.
Package Status:                     Final          Version 1.44.

Running general design DRC...

Removing unused logic...

Optimizing...




Design Summary:
   Number of registers:      0 out of  4665 (0%)
      PFU registers:            0 out of  4320 (0%)
      PIO registers:            0 out of   345 (0%)
   Number of SLICEs:         0 out of  2160 (0%)
      SLICEs as Logic/ROM:      0 out of  2160 (0%)
      SLICEs as RAM:            0 out of  1620 (0%)
      SLICEs as Carry:          0 out of  2160 (0%)
   Number of LUT4s:          0 out of  4320 (0%)
      Number used as logic LUTs:          0
      Number used as distributed RAM:     0
      Number used as ripple logic:        0
      Number used as shift registers:     0
   Number of PIO sites used: 10 + 4(JTAG) out of 115 (12%)
   Number of block RAMs:  0 out of 10 (0%)
   Number of GSRs:        0 out of 1 (0%)
   EFB used :        No
   JTAG used :       No
   Readback used :   No
   Oscillator used : No
   Startup used :    No
   POR :             On
   Bandgap :         On
   Number of Power Controller:  0 out of 1 (0%)
   Number of Dynamic Bank Controller (BCINRD):  0 out of 6 (0%)
   Number of Dynamic Bank Controller (BCLVDSO):  0 out of 1 (0%)
   Number of DCCA:  0 out of 8 (0%)
   Number of DCMA:  0 out of 2 (0%)
   Number of PLLs:  0 out of 2 (0%)
   Number of DQSDLLs:  0 out of 2 (0%)
   Number of CLKDIVC:  0 out of 4 (0%)
   Number of ECLKSYNCA:  0 out of 4 (0%)
   Number of ECLKBRIDGECS:  0 out of 2 (0%)
   Notes:-
      1. Total number of LUT4s = (Number of logic LUT4s) + 2*(Number of distributed RAMs) + 2*(Number of ripple logic)
      2. Number of logic LUT4s does not include count of distributed RAM and ripple logic.
   Number of clocks:  0
   Number of Clock Enables:  0
   Number of LSRs:  0
   Number of nets driven by tri-state buffers:  0
   Top 10 highest fanout non-clock nets:
     Net stm32_spi_miso_c_c: 1 loads
     Net xilinx_spi_clk_c_c: 1 loads
     Net xilinx_spi_cs_cmd_c_c: 1 loads
     Net xilinx_spi_cs_data_c_c: 1 loads
     Net xilinx_spi_mosi_c_c: 1 loads
 

   Number of warnings:  0
   Number of errors:    0



Total CPU Time: 0 secs  
Total REAL Time: 0 secs  
Peak Memory Usage: 57 MB

Dumping design to file STM32_Lattice_Xilinx_STM32_impl_map.ncd.

ncd2vdb "STM32_Lattice_Xilinx_STM32_impl_map.ncd" ".vdbs/STM32_Lattice_Xilinx_STM32_impl_map.vdb"

Loading device for application ncd2vdb from file 'xo2c4000.nph' in environment: E:/Digital-EDA/Lattice Diamond/ispfpga.

trce -f "STM32_Lattice_Xilinx_STM32_impl.mt" -o "STM32_Lattice_Xilinx_STM32_impl.tw1" "STM32_Lattice_Xilinx_STM32_impl_map.ncd" "STM32_Lattice_Xilinx_STM32_impl.prf"
trce:  version Diamond (64-bit) 3.14.0.75.2

Copyright (c) 1991-1994 by NeoCAD Inc. All rights reserved.
Copyright (c) 1995 AT&T Corp.   All rights reserved.
Copyright (c) 1995-2001 Lucent Technologies Inc.  All rights reserved.
Copyright (c) 2001 Agere Systems   All rights reserved.
Copyright (c) 2002-2024 Lattice Semiconductor Corporation,  All rights reserved.

Loading design for application trce from file stm32_lattice_xilinx_stm32_impl_map.ncd.
Design name: STM32_Lattice_Xilinx
NCD version: 3.3
Vendor:      LATTICE
Device:      LCMXO2-4000HC
Package:     TQFP144
Performance: 5
Loading device for application trce from file 'xo2c4000.nph' in environment: E:/Digital-EDA/Lattice Diamond/ispfpga.
Package Status:                     Final          Version 1.44.
Performance Hardware Data Status:   Final          Version 36.4.
Setup and Hold Report

--------------------------------------------------------------------------------
Lattice TRACE Report - Setup, Version Diamond (64-bit) 3.14.0.75.2
Mon Apr 13 15:28:39 2026

Copyright (c) 1991-1994 by NeoCAD Inc. All rights reserved.
Copyright (c) 1995 AT&T Corp.   All rights reserved.
Copyright (c) 1995-2001 Lucent Technologies Inc.  All rights reserved.
Copyright (c) 2001 Agere Systems   All rights reserved.
Copyright (c) 2002-2024 Lattice Semiconductor Corporation,  All rights reserved.

Report Information
------------------
Command line:    trce -v 1 -gt -mapchkpnt 0 -sethld -o STM32_Lattice_Xilinx_STM32_impl.tw1 STM32_Lattice_Xilinx_STM32_impl_map.ncd STM32_Lattice_Xilinx_STM32_impl.prf 
Design file:     stm32_lattice_xilinx_stm32_impl_map.ncd
Preference file: stm32_lattice_xilinx_stm32_impl.prf
Device,speed:    LCMXO2-4000HC,5
Report level:    verbose report, limited to 1 item per preference
--------------------------------------------------------------------------------

BLOCK ASYNCPATHS
BLOCK RESETPATHS
--------------------------------------------------------------------------------



Timing summary (Setup):
---------------

Timing errors: 0  Score: 0
Cumulative negative slack: 0

Constraints cover 5 paths, 5 nets, and 5 connections (100.00% coverage)

--------------------------------------------------------------------------------

Total CPU Time: 0 secs 
Total REAL Time: 0 secs 
Peak Memory Usage: 64 MB


mpartrce -p "STM32_Lattice_Xilinx_STM32_impl.p2t" -f "STM32_Lattice_Xilinx_STM32_impl.p3t" -tf "STM32_Lattice_Xilinx_STM32_impl.pt" "STM32_Lattice_Xilinx_STM32_impl_map.ncd" "STM32_Lattice_Xilinx_STM32_impl.ncd"

---- MParTrce Tool ----
Removing old design directory at request of -rem command line option to this program.
Running par. Please wait . . .

Lattice Place and Route Report for Design "STM32_Lattice_Xilinx_STM32_impl_map.ncd"
Mon Apr 13 15:28:40 2026

PAR: Place And Route Diamond (64-bit) 3.14.0.75.2.
Command Line: par -w -l 5 -i 6 -t 1 -c 0 -e 0 -exp parUseNBR=1:parCDP=0:parCDR=0:parPathBased=OFF:parASE=1 STM32_Lattice_Xilinx_STM32_impl_map.ncd STM32_Lattice_Xilinx_STM32_impl.dir/5_1.ncd STM32_Lattice_Xilinx_STM32_impl.prf
Preference file: STM32_Lattice_Xilinx_STM32_impl.prf.
Placement level-cost: 5-1.
Routing Iterations: 6

Loading design for application par from file STM32_Lattice_Xilinx_STM32_impl_map.ncd.
Design name: STM32_Lattice_Xilinx
NCD version: 3.3
Vendor:      LATTICE
Device:      LCMXO2-4000HC
Package:     TQFP144
Performance: 5
Loading device for application par from file 'xo2c4000.nph' in environment: E:/Digital-EDA/Lattice Diamond/ispfpga.
Package Status:                     Final          Version 1.44.
Performance Hardware Data Status:   Final          Version 36.4.
License checked out.


Ignore Preference Error(s):  True
Device utilization summary:

   PIO (prelim)   10+4(JTAG)/280     5% used
                  10+4(JTAG)/115     12% bonded

   SLICE              0/2160          0% used



Number of Signals: 5
Number of Connections: 5

Pin Constraint Summary:
   10 out of 10 pins locked (100% locked).

No signal is selected as primary clock.


No signal is selected as secondary clock.

No signal is selected as Global Set/Reset.
Starting Placer Phase 0.

Finished Placer Phase 0.  REAL time: 0 secs 

Starting Placer Phase 1.

Placer score = 3216.
Finished Placer Phase 1.  REAL time: 0 secs 

Starting Placer Phase 2.
.
Placer score =  3216
Finished Placer Phase 2.  REAL time: 0 secs 


------------------ Clock Report ------------------

Global Clock Resources:
  CLK_PIN    : 0 out of 8 (0%)
  PLL        : 0 out of 2 (0%)
  DCM        : 0 out of 2 (0%)
  DCC        : 0 out of 8 (0%)

Global Clocks:

  PRIMARY  : 0 out of 8 (0%)
  SECONDARY: 0 out of 8 (0%)

Edge Clocks:
  No edge clock selected.

--------------- End of Clock Report ---------------


I/O Usage Summary (final):
   10 + 4(JTAG) out of 280 (5.0%) PIO sites used.
   10 + 4(JTAG) out of 115 (12.2%) bonded PIO sites used.
   Number of PIO comps: 10; differential: 0.
   Number of Vref pins used: 0.

I/O Bank Usage Summary:
+----------+---------------+------------+-----------+
| I/O Bank | Usage         | Bank Vccio | Bank Vref |
+----------+---------------+------------+-----------+
| 0        | 0 / 28 (  0%) | -          | -         |
| 1        | 1 / 29 (  3%) | 2.5V       | -         |
| 2        | 9 / 29 ( 31%) | 2.5V       | -         |
| 3        | 0 / 9 (  0%)  | -          | -         |
| 4        | 0 / 10 (  0%) | -          | -         |
| 5        | 0 / 10 (  0%) | -          | -         |
+----------+---------------+------------+-----------+

Total placer CPU time: 0 secs 

Dumping design to file STM32_Lattice_Xilinx_STM32_impl.dir/5_1.ncd.


-----------------------------------------------------------------
INFO - par: ASE feature is off due to non timing-driven settings.  
-----------------------------------------------------------------

0 connections routed; 5 unrouted.
Starting router resource preassignment

Completed router resource preassignment. Real time: 0 secs 

Start NBR router at 15:28:41 04/13/26

*****************************************************************
Info: NBR allows conflicts(one node used by more than one signal)
      in the earlier iterations. In each iteration, it tries to  
      solve the conflicts while keeping the critical connections 
      routed as short as possible. The routing process is said to
      be completed when no conflicts exist and all connections   
      are routed.                                                
Note: NBR uses a different method to calculate timing slacks. The
      worst slack and total negative slack may not be the same as
      that in TRCE report. You should always run TRCE to verify  
      your design.                                               
*****************************************************************

Start NBR special constraint process at 15:28:41 04/13/26

Start NBR section for initial routing at 15:28:41 04/13/26
Level 4, iteration 1
0(0.00%) conflict; 0(0.00%) untouched conn; 0 (nbr) score; real time: 0 secs 

Info: Initial congestion level at 75% usage is 0
Info: Initial congestion area  at 75% usage is 0 (0.00%)

Start NBR section for normal routing at 15:28:41 04/13/26
Level 4, iteration 1
0(0.00%) conflict; 0(0.00%) untouched conn; 0 (nbr) score; real time: 0 secs 

Start NBR section for re-routing at 15:28:41 04/13/26
Level 4, iteration 1
0(0.00%) conflict; 0(0.00%) untouched conn; 0 (nbr) score; real time: 0 secs 

Start NBR section for post-routing at 15:28:41 04/13/26

End NBR router with 0 unrouted connection

NBR Summary
-----------
  Number of unrouted connections : 0 (0.00%)
  Number of connections with timing violations : 0 (0.00%)
  Estimated worst slack<setup> : <n/a>
  Timing score<setup> : 0
-----------
Notes: The timing info is calculated for SETUP only and all PAR_ADJs are ignored.



Total CPU time 1 secs 
Total REAL time: 0 secs 
Completely routed.
End of route.  5 routed (100.00%); 0 unrouted.

Hold time timing score: 0, hold timing errors: 0

Timing score: 0 

Dumping design to file STM32_Lattice_Xilinx_STM32_impl.dir/5_1.ncd.


PAR_SUMMARY::Run status = Completed
PAR_SUMMARY::Number of unrouted conns = 0
PAR_SUMMARY::Worst  slack<setup/<ns>> = <n/a>
PAR_SUMMARY::Timing score<setup/<ns>> = <n/a>
PAR_SUMMARY::Worst  slack<hold /<ns>> = <n/a>
PAR_SUMMARY::Timing score<hold /<ns>> = <n/a>
PAR_SUMMARY::Number of errors = 0

Total CPU  time to completion: 1 secs 
Total REAL time to completion: 0 secs 

par done!

Note: user must run 'Trace' for timing closure signoff.

Copyright (c) 1991-1994 by NeoCAD Inc. All rights reserved.
Copyright (c) 1995 AT&T Corp.   All rights reserved.
Copyright (c) 1995-2001 Lucent Technologies Inc.  All rights reserved.
Copyright (c) 2001 Agere Systems   All rights reserved.
Copyright (c) 2002-2024 Lattice Semiconductor Corporation,  All rights reserved.
Exiting par with exit code 0
Exiting mpartrce with exit code 0

trce -f "STM32_Lattice_Xilinx_STM32_impl.pt" -o "STM32_Lattice_Xilinx_STM32_impl.twr" "STM32_Lattice_Xilinx_STM32_impl.ncd" "STM32_Lattice_Xilinx_STM32_impl.prf"
trce:  version Diamond (64-bit) 3.14.0.75.2

Copyright (c) 1991-1994 by NeoCAD Inc. All rights reserved.
Copyright (c) 1995 AT&T Corp.   All rights reserved.
Copyright (c) 1995-2001 Lucent Technologies Inc.  All rights reserved.
Copyright (c) 2001 Agere Systems   All rights reserved.
Copyright (c) 2002-2024 Lattice Semiconductor Corporation,  All rights reserved.

Loading design for application trce from file stm32_lattice_xilinx_stm32_impl.ncd.
Design name: STM32_Lattice_Xilinx
NCD version: 3.3
Vendor:      LATTICE
Device:      LCMXO2-4000HC
Package:     TQFP144
Performance: 5
Loading device for application trce from file 'xo2c4000.nph' in environment: E:/Digital-EDA/Lattice Diamond/ispfpga.
Package Status:                     Final          Version 1.44.
Performance Hardware Data Status:   Final          Version 36.4.
Setup and Hold Report

--------------------------------------------------------------------------------
Lattice TRACE Report - Setup, Version Diamond (64-bit) 3.14.0.75.2
Mon Apr 13 15:28:42 2026

Copyright (c) 1991-1994 by NeoCAD Inc. All rights reserved.
Copyright (c) 1995 AT&T Corp.   All rights reserved.
Copyright (c) 1995-2001 Lucent Technologies Inc.  All rights reserved.
Copyright (c) 2001 Agere Systems   All rights reserved.
Copyright (c) 2002-2024 Lattice Semiconductor Corporation,  All rights reserved.

Report Information
------------------
Command line:    trce -v 10 -gt -sethld -sp 5 -sphld m -o STM32_Lattice_Xilinx_STM32_impl.twr STM32_Lattice_Xilinx_STM32_impl.ncd STM32_Lattice_Xilinx_STM32_impl.prf 
Design file:     stm32_lattice_xilinx_stm32_impl.ncd
Preference file: stm32_lattice_xilinx_stm32_impl.prf
Device,speed:    LCMXO2-4000HC,5
Report level:    verbose report, limited to 10 items per preference
--------------------------------------------------------------------------------

BLOCK ASYNCPATHS
BLOCK RESETPATHS
--------------------------------------------------------------------------------



Timing summary (Setup):
---------------

Timing errors: 0  Score: 0
Cumulative negative slack: 0

Constraints cover 5 paths, 5 nets, and 5 connections (100.00% coverage)

--------------------------------------------------------------------------------

Total CPU Time: 0 secs 
Total REAL Time: 0 secs 
Peak Memory Usage: 64 MB

