
     Lattice Mapping Report File for Design Module 'STM32_Lattice_Xilinx'


Design Information
------------------

Command line:   map -a MachXO2 -p LCMXO2-4000HC -t TQFP144 -s 5 -oc Commercial
     STM32_Lattice_Xilinx_STM32_impl.ngd -o
     STM32_Lattice_Xilinx_STM32_impl_map.ncd -pr
     STM32_Lattice_Xilinx_STM32_impl.prf -mp STM32_Lattice_Xilinx_STM32_impl.mrp
     -lpf D:/CubeMX/STM32H743_XC7A100_PS_Configuration/STM32_impl/STM32_Lattice_
     Xilinx_STM32_impl.lpf -lpf
     D:/CubeMX/STM32H743_XC7A100_PS_Configuration/STM32_Lattice_Xilinx.lpf -c 0
     -gui -msgset D:/CubeMX/STM32H743_XC7A100_PS_Configuration/promote.xml 
Target Vendor:  LATTICE
Target Device:  LCMXO2-4000HCTQFP144
Target Performance:   5
Mapper:  xo2c00,  version:  Diamond (64-bit) 3.14.0.75.2
Mapped on:  04/17/26  14:42:45

Design Summary
--------------

   Number of registers:      0 out of  4665 (0%)
      PFU registers:            0 out of  4320 (0%)
      PIO registers:            0 out of   345 (0%)
   Number of SLICEs:         0 out of  2160 (0%)
      SLICEs as Logic/ROM:      0 out of  2160 (0%)
      SLICEs as RAM:            0 out of  1620 (0%)
      SLICEs as Carry:          0 out of  2160 (0%)
   Number of LUT4s:          0 out of  4320 (0%)
      Number used as logic LUTs:          0
      Number used as distributed RAM:     0
      Number used as ripple logic:        0
      Number used as shift registers:     0
   Number of PIO sites used: 10 + 4(JTAG) out of 115 (12%)
   Number of block RAMs:  0 out of 10 (0%)
   Number of GSRs:        0 out of 1 (0%)
   EFB used :        No
   JTAG used :       No
   Readback used :   No
   Oscillator used : No
   Startup used :    No
   POR :             On
   Bandgap :         On
   Number of Power Controller:  0 out of 1 (0%)
   Number of Dynamic Bank Controller (BCINRD):  0 out of 6 (0%)
   Number of Dynamic Bank Controller (BCLVDSO):  0 out of 1 (0%)
   Number of DCCA:  0 out of 8 (0%)
   Number of DCMA:  0 out of 2 (0%)
   Number of PLLs:  0 out of 2 (0%)
   Number of DQSDLLs:  0 out of 2 (0%)
   Number of CLKDIVC:  0 out of 4 (0%)
   Number of ECLKSYNCA:  0 out of 4 (0%)
   Number of ECLKBRIDGECS:  0 out of 2 (0%)
   Notes:-
      1. Total number of LUT4s = (Number of logic LUT4s) + 2*(Number of
     distributed RAMs) + 2*(Number of ripple logic)
      2. Number of logic LUT4s does not include count of distributed RAM and
     ripple logic.
   Number of clocks:  0

                                    Page 1




Design:  STM32_Lattice_Xilinx                          Date:  04/17/26  14:42:45

Design Summary (cont)
---------------------
   Number of Clock Enables:  0
   Number of LSRs:  0
   Number of nets driven by tri-state buffers:  0
   Top 10 highest fanout non-clock nets:
     Net stm32_spi_miso_c_c: 1 loads
     Net xilinx_spi_clk_c_c: 1 loads
     Net xilinx_spi_cs_cmd_c_c: 1 loads
     Net xilinx_spi_cs_data_c_c: 1 loads
     Net xilinx_spi_mosi_c_c: 1 loads




   Number of warnings:  0
   Number of errors:    0
     

Design Errors/Warnings
----------------------

   No errors or warnings present.

IO (PIO) Attributes
-------------------

+---------------------+-----------+-----------+------------+
| IO Name             | Direction | Levelmode | IO         |
|                     |           |  IO_TYPE  | Register   |
+---------------------+-----------+-----------+------------+
| stm32_spi_miso      | OUTPUT    | LVCMOS25  |            |
+---------------------+-----------+-----------+------------+
| xilinx_spi_cs_cmd   | OUTPUT    | LVCMOS25  |            |
+---------------------+-----------+-----------+------------+
| xilinx_spi_cs_data  | OUTPUT    | LVCMOS25  |            |
+---------------------+-----------+-----------+------------+
| xilinx_spi_clk      | OUTPUT    | LVCMOS25  |            |
+---------------------+-----------+-----------+------------+
| xilinx_spi_mosi     | OUTPUT    | LVCMOS25  |            |
+---------------------+-----------+-----------+------------+
| stm32_spi_cs_cmd    | INPUT     | LVCMOS25  |            |
+---------------------+-----------+-----------+------------+
| stm32_spi_cs_data   | INPUT     | LVCMOS25  |            |
+---------------------+-----------+-----------+------------+
| stm32_spi_clk       | INPUT     | LVCMOS25  |            |
+---------------------+-----------+-----------+------------+
| stm32_spi_mosi      | INPUT     | LVCMOS25  |            |
+---------------------+-----------+-----------+------------+
| xilinx_spi_miso     | INPUT     | LVCMOS25  |            |
+---------------------+-----------+-----------+------------+

Removed logic
-------------

Block i24 undriven or does not drive anything - clipped.
Block GSR_INST undriven or does not drive anything - clipped.
Block i23 undriven or does not drive anything - clipped.

                                    Page 2




Design:  STM32_Lattice_Xilinx                          Date:  04/17/26  14:42:45

Removed logic (cont)
--------------------
Signal VCC_net undriven or does not drive anything - clipped.
Signal GND_net undriven or does not drive anything - clipped.

     

Run Time and Memory Usage
-------------------------

   Total CPU Time: 0 secs  
   Total REAL Time: 0 secs  
   Peak Memory Usage: 56 MB
        













































                                    Page 3


Copyright (c) 1991-1994 by NeoCAD Inc. All rights reserved.
     Copyright (c) 1995 AT&T Corp.   All rights reserved.
     Copyright (c) 1995-2001 Lucent Technologies Inc.  All rights reserved.
     Copyright (c) 2001 Agere Systems   All rights reserved.
     Copyright (c) 2002-2024 Lattice Semiconductor Corporation,  All rights
     reserved.
