
Loading design for application trce from file stm32_lattice_xilinx_stm32_impl.ncd.
Design name: STM32_Lattice_Xilinx
NCD version: 3.3
Vendor:      LATTICE
Device:      LCMXO2-4000HC
Package:     TQFP144
Performance: 5
Loading device for application trce from file 'xo2c4000.nph' in environment: E:/Digital-EDA/Lattice Diamond/ispfpga.
Package Status:                     Final          Version 1.44.
Performance Hardware Data Status:   Final          Version 36.4.
Setup and Hold Report

--------------------------------------------------------------------------------
Lattice TRACE Report - Setup, Version Diamond (64-bit) 3.14.0.75.2
Mon Apr 13 15:28:42 2026

Copyright (c) 1991-1994 by NeoCAD Inc. All rights reserved.
Copyright (c) 1995 AT&T Corp.   All rights reserved.
Copyright (c) 1995-2001 Lucent Technologies Inc.  All rights reserved.
Copyright (c) 2001 Agere Systems   All rights reserved.
Copyright (c) 2002-2024 Lattice Semiconductor Corporation,  All rights reserved.

Report Information
------------------
Command line:    trce -v 10 -gt -sethld -sp 5 -sphld m -o STM32_Lattice_Xilinx_STM32_impl.twr STM32_Lattice_Xilinx_STM32_impl.ncd STM32_Lattice_Xilinx_STM32_impl.prf 
Design file:     stm32_lattice_xilinx_stm32_impl.ncd
Preference file: stm32_lattice_xilinx_stm32_impl.prf
Device,speed:    LCMXO2-4000HC,5
Report level:    verbose report, limited to 10 items per preference
--------------------------------------------------------------------------------

BLOCK ASYNCPATHS
BLOCK RESETPATHS
--------------------------------------------------------------------------------



================================================================================
Preference: Default path enumeration
            5 items scored, 0 timing errors detected.
--------------------------------------------------------------------------------

Report:    8.152ns delay stm32_spi_clk to xilinx_spi_clk

   Name    Fanout   Delay (ns)          Site               Resource
PADI_DEL    ---     1.372         44.PAD to       44.PADDI stm32_spi_clk
ROUTE         1     3.332       44.PADDI to       69.PADDO xilinx_spi_clk_c_c
DOPAD_DEL   ---     3.448       69.PADDO to         69.PAD xilinx_spi_clk
                  --------
                    8.152   (59.1% logic, 40.9% route), 2 logic levels.

Report:    7.783ns delay stm32_spi_cs_data to xilinx_spi_cs_data

   Name    Fanout   Delay (ns)          Site               Resource
PADI_DEL    ---     1.372         40.PAD to       40.PADDI stm32_spi_cs_data
ROUTE         1     2.963       40.PADDI to       63.PADDO xilinx_spi_cs_data_c_c
DOPAD_DEL   ---     3.448       63.PADDO to         63.PAD xilinx_spi_cs_data
                  --------
                    7.783   (61.9% logic, 38.1% route), 2 logic levels.

Report:    7.783ns delay stm32_spi_mosi to xilinx_spi_mosi

   Name    Fanout   Delay (ns)          Site               Resource
PADI_DEL    ---     1.372         45.PAD to       45.PADDI stm32_spi_mosi
ROUTE         1     2.963       45.PADDI to       68.PADDO xilinx_spi_mosi_c_c
DOPAD_DEL   ---     3.448       68.PADDO to         68.PAD xilinx_spi_mosi
                  --------
                    7.783   (61.9% logic, 38.1% route), 2 logic levels.

Report:    6.773ns delay stm32_spi_cs_cmd to xilinx_spi_cs_cmd

   Name    Fanout   Delay (ns)          Site               Resource
PADI_DEL    ---     1.372         70.PAD to       70.PADDI stm32_spi_cs_cmd
ROUTE         1     1.953       70.PADDI to       73.PADDO xilinx_spi_cs_cmd_c_c
DOPAD_DEL   ---     3.448       73.PADDO to         73.PAD xilinx_spi_cs_cmd
                  --------
                    6.773   (71.2% logic, 28.8% route), 2 logic levels.

Report:    6.374ns delay xilinx_spi_miso to stm32_spi_miso

   Name    Fanout   Delay (ns)          Site               Resource
PADI_DEL    ---     1.372         67.PAD to       67.PADDI xilinx_spi_miso
ROUTE         1     1.554       67.PADDI to       71.PADDO stm32_spi_miso_c_c
DOPAD_DEL   ---     3.448       71.PADDO to         71.PAD stm32_spi_miso
                  --------
                    6.374   (75.6% logic, 24.4% route), 2 logic levels.

Report:    8.152ns is the maximum delay for this preference.


================================================================================
Preference: Default net enumeration
            5 items scored, 0 timing errors detected.
--------------------------------------------------------------------------------

Report:    3.332ns maximum delay on xilinx_spi_clk_c_c

           Delays             Connection(s)
           3.332ns         44.PADDI to 69.PADDO        

Report:    2.963ns maximum delay on xilinx_spi_mosi_c_c

           Delays             Connection(s)
           2.963ns         45.PADDI to 68.PADDO        

Report:    2.963ns maximum delay on xilinx_spi_cs_data_c_c

           Delays             Connection(s)
           2.963ns         40.PADDI to 63.PADDO        

Report:    1.953ns maximum delay on xilinx_spi_cs_cmd_c_c

           Delays             Connection(s)
           1.953ns         70.PADDI to 73.PADDO        

Report:    1.554ns maximum delay on stm32_spi_miso_c_c

           Delays             Connection(s)
           1.554ns         67.PADDI to 71.PADDO        

Report:    3.332ns is the maximum delay for this preference.

Report Summary
--------------
----------------------------------------------------------------------------
Preference                              |   Constraint|       Actual|Levels
----------------------------------------------------------------------------
                                        |             |             |
Default path enumeration                |     0.000 ns|     8.152 ns|   0  
                                        |             |             |
Default net enumeration                 |     0.000 ns|     3.332 ns|   0  
                                        |             |             |
----------------------------------------------------------------------------


All preferences were met.


Clock Domains Analysis
------------------------

Found 0 clocks:


Timing summary (Setup):
---------------

Timing errors: 0  Score: 0
Cumulative negative slack: 0

Constraints cover 5 paths, 5 nets, and 5 connections (100.00% coverage)

--------------------------------------------------------------------------------

