#-----------------------------------------------------------
# Vivado v2018.3 (64-bit)
# SW Build 2405991 on Thu Dec  6 23:38:27 MST 2018
# IP Build 2404404 on Fri Dec  7 01:43:56 MST 2018
# Start of session at: Thu Apr 23 13:31:14 2026
# Process ID: 46772
# Current directory: D:/CubeMX/STM32H743_XC7A100_PS_Configuration/Mouse_Key
# Command line: vivado.exe -gui_launcher_event rodinguilauncherevent58468 D:\CubeMX\STM32H743_XC7A100_PS_Configuration\Mouse_Key\Mouse_Key.xpr
# Log file: D:/CubeMX/STM32H743_XC7A100_PS_Configuration/Mouse_Key/vivado.log
# Journal file: D:/CubeMX/STM32H743_XC7A100_PS_Configuration/Mouse_Key\vivado.jou
#-----------------------------------------------------------
start_gui
open_project D:/CubeMX/STM32H743_XC7A100_PS_Configuration/Mouse_Key/Mouse_Key.xpr
Scanning sources...
Finished scanning sources
INFO: [IP_Flow 19-234] Refreshing IP repositories
INFO: [IP_Flow 19-1704] No user IP repositories specified
INFO: [IP_Flow 19-2313] Loaded Vivado IP repository 'D:/Vivado/Vivado/2018.3/data/ip'.
open_project: Time (s): cpu = 00:00:13 ; elapsed = 00:00:06 . Memory (MB): peak = 747.777 ; gain = 119.770
update_compile_order -fileset sources_1
