#-----------------------------------------------------------
# Vivado v2018.3 (64-bit)
# SW Build 2405991 on Thu Dec  6 23:38:27 MST 2018
# IP Build 2404404 on Fri Dec  7 01:43:56 MST 2018
# Start of session at: Wed Apr 15 17:29:54 2026
# Process ID: 11664
# Current directory: D:/CubeMX/STM32H743_XC7A100_PS_Configuration/Mouse_Key
# Command line: vivado.exe -gui_launcher_event rodinguilauncherevent26068 D:\CubeMX\STM32H743_XC7A100_PS_Configuration\Mouse_Key\Mouse_Key.xpr
# Log file: D:/CubeMX/STM32H743_XC7A100_PS_Configuration/Mouse_Key/vivado.log
# Journal file: D:/CubeMX/STM32H743_XC7A100_PS_Configuration/Mouse_Key\vivado.jou
#-----------------------------------------------------------
start_gui
open_project D:/CubeMX/STM32H743_XC7A100_PS_Configuration/Mouse_Key/Mouse_Key.xpr
Scanning sources...
Finished scanning sources
INFO: [IP_Flow 19-234] Refreshing IP repositories
INFO: [IP_Flow 19-1704] No user IP repositories specified
INFO: [IP_Flow 19-2313] Loaded Vivado IP repository 'D:/Vivado/Vivado/2018.3/data/ip'.
update_compile_order -fileset sources_1
open_hw
connect_hw_server
INFO: [Labtools 27-2285] Connecting to hw_server url TCP:localhost:3121
open_hw_target
INFO: [Labtoolstcl 44-466] Opening hw_target localhost:3121/xilinx_tcf/Digilent/210251A08870
set_property PROGRAM.FILE {D:/CubeMX/STM32H743_XC7A100_PS_Configuration/Mouse_Key/Mouse_Key.runs/impl_1/ch9350_spi_top.bit} [get_hw_devices xc7a100t_0]
set_property PROBES.FILE {D:/CubeMX/STM32H743_XC7A100_PS_Configuration/Mouse_Key/Mouse_Key.runs/impl_1/ch9350_spi_top.ltx} [get_hw_devices xc7a100t_0]
set_property FULL_PROBES.FILE {D:/CubeMX/STM32H743_XC7A100_PS_Configuration/Mouse_Key/Mouse_Key.runs/impl_1/ch9350_spi_top.ltx} [get_hw_devices xc7a100t_0]
current_hw_device [get_hw_devices xc7a100t_0]
refresh_hw_device [lindex [get_hw_devices xc7a100t_0] 0]
INFO: [Labtools 27-1434] Device xc7a100t (JTAG device index = 0) is programmed with a design that has no supported debug core(s) in it.
WARNING: [Labtools 27-3361] The debug hub core was not detected.
Resolution: 
1. Make sure the clock connected to the debug hub (dbg_hub) core is a free running clock and is active.
2. Make sure the BSCAN_SWITCH_USER_MASK device property in Vivado Hardware Manager reflects the user scan chain setting in the design and refresh the device.  To determine the user scan chain setting in the design, open the implemented design and use 'get_property C_USER_SCAN_CHAIN [get_debug_cores dbg_hub]'.
For more details on setting the scan chain property, consult the Vivado Debug and Programming User Guide (UG908).
WARNING: [Labtools 27-3413] Dropping logic core with cellname:'u_ila_0' at location 'uuid_23E7D65A79BC59F7BC47406C1714DFAE' from probes file, since it cannot be found on the programmed device.
set_property PROBES.FILE {D:/CubeMX/STM32H743_XC7A100_PS_Configuration/Mouse_Key/Mouse_Key.runs/impl_1/ch9350_spi_top.ltx} [get_hw_devices xc7a100t_0]
set_property FULL_PROBES.FILE {D:/CubeMX/STM32H743_XC7A100_PS_Configuration/Mouse_Key/Mouse_Key.runs/impl_1/ch9350_spi_top.ltx} [get_hw_devices xc7a100t_0]
set_property PROGRAM.FILE {D:/CubeMX/STM32H743_XC7A100_PS_Configuration/Mouse_Key/Mouse_Key.runs/impl_1/ch9350_spi_top.bit} [get_hw_devices xc7a100t_0]
program_hw_devices [get_hw_devices xc7a100t_0]
INFO: [Labtools 27-3164] End of startup status: HIGH
refresh_hw_device [lindex [get_hw_devices xc7a100t_0] 0]
INFO: [Labtools 27-1434] Device xc7a100t (JTAG device index = 0) is programmed with a design that has no supported debug core(s) in it.
WARNING: [Labtools 27-3361] The debug hub core was not detected.
Resolution: 
1. Make sure the clock connected to the debug hub (dbg_hub) core is a free running clock and is active.
2. Make sure the BSCAN_SWITCH_USER_MASK device property in Vivado Hardware Manager reflects the user scan chain setting in the design and refresh the device.  To determine the user scan chain setting in the design, open the implemented design and use 'get_property C_USER_SCAN_CHAIN [get_debug_cores dbg_hub]'.
For more details on setting the scan chain property, consult the Vivado Debug and Programming User Guide (UG908).
WARNING: [Labtools 27-3413] Dropping logic core with cellname:'u_ila_0' at location 'uuid_23E7D65A79BC59F7BC47406C1714DFAE' from probes file, since it cannot be found on the programmed device.
set_property PROBES.FILE {} [get_hw_devices xc7a100t_0]
set_property FULL_PROBES.FILE {} [get_hw_devices xc7a100t_0]
set_property PROGRAM.FILE {D:/CubeMX/STM32H743_XC7A100_PS_Configuration/Mouse_Key/Mouse_Key.runs/impl_1/ch9350_spi_top.bit} [get_hw_devices xc7a100t_0]
program_hw_devices [get_hw_devices xc7a100t_0]
INFO: [Labtools 27-3164] End of startup status: HIGH
refresh_hw_device [lindex [get_hw_devices xc7a100t_0] 0]
INFO: [Labtools 27-1434] Device xc7a100t (JTAG device index = 0) is programmed with a design that has no supported debug core(s) in it.
