Copyright 1986-2018 Xilinx, Inc. All Rights Reserved.
-----------------------------------------------------------------------------------------------------------------------------------------------------------------------------------------------------------------
| Tool Version : Vivado v.2018.3 (win64) Build 2405991 Thu Dec  6 23:38:27 MST 2018
| Date         : Mon Apr 13 15:59:47 2026
| Host         : adsf running 64-bit major release  (build 9200)
| Command      : report_timing_summary -max_paths 10 -file ch9350_spi_top_timing_summary_routed.rpt -pb ch9350_spi_top_timing_summary_routed.pb -rpx ch9350_spi_top_timing_summary_routed.rpx -warn_on_violation
| Design       : ch9350_spi_top
| Device       : 7a100t-fgg484
| Speed File   : -2  PRODUCTION 1.23 2018-06-13
-----------------------------------------------------------------------------------------------------------------------------------------------------------------------------------------------------------------

Timing Summary Report

------------------------------------------------------------------------------------------------
| Timer Settings
| --------------
------------------------------------------------------------------------------------------------

  Enable Multi Corner Analysis               :  Yes
  Enable Pessimism Removal                   :  Yes
  Pessimism Removal Resolution               :  Nearest Common Node
  Enable Input Delay Default Clock           :  No
  Enable Preset / Clear Arcs                 :  No
  Disable Flight Delays                      :  No
  Ignore I/O Paths                           :  No
  Timing Early Launch at Borrowing Latches   :  false

  Corner  Analyze    Analyze    
  Name    Max Paths  Min Paths  
  ------  ---------  ---------  
  Slow    Yes        Yes        
  Fast    Yes        Yes        



check_timing report

Table of Contents
-----------------
1. checking no_clock
2. checking constant_clock
3. checking pulse_width_clock
4. checking unconstrained_internal_endpoints
5. checking no_input_delay
6. checking no_output_delay
7. checking multiple_clock
8. checking generated_clocks
9. checking loops
10. checking partial_input_delay
11. checking partial_output_delay
12. checking latch_loops

1. checking no_clock
--------------------
 There are 0 register/latch pins with no clock.


2. checking constant_clock
--------------------------
 There are 0 register/latch pins with constant_clock.


3. checking pulse_width_clock
-----------------------------
 There are 0 register/latch pins which need pulse_width check


4. checking unconstrained_internal_endpoints
--------------------------------------------
 There are 0 pins that are not constrained for maximum delay.

 There are 0 pins that are not constrained for maximum delay due to constant clock.


5. checking no_input_delay
--------------------------
 There are 6 input ports with no input delay specified. (HIGH)

 There are 0 input ports with no input delay but user has a false path constraint.


6. checking no_output_delay
---------------------------
 There is 1 port with no output delay specified. (HIGH)

 There are 0 ports with no output delay but user has a false path constraint

 There are 0 ports with no output delay but with a timing clock defined on it or propagating through it


7. checking multiple_clock
--------------------------
 There are 0 register/latch pins with multiple clocks.


8. checking generated_clocks
----------------------------
 There are 0 generated clocks that are not connected to a clock source.


9. checking loops
-----------------
 There are 0 combinational loops in the design.


10. checking partial_input_delay
--------------------------------
 There are 0 input ports with partial input delay specified.


11. checking partial_output_delay
---------------------------------
 There are 0 ports with partial output delay specified.


12. checking latch_loops
------------------------
 There are 0 combinational latch loops in the design through latch input



------------------------------------------------------------------------------------------------
| Design Timing Summary
| ---------------------
------------------------------------------------------------------------------------------------

    WNS(ns)      TNS(ns)  TNS Failing Endpoints  TNS Total Endpoints      WHS(ns)      THS(ns)  THS Failing Endpoints  THS Total Endpoints     WPWS(ns)     TPWS(ns)  TPWS Failing Endpoints  TPWS Total Endpoints  
    -------      -------  ---------------------  -------------------      -------      -------  ---------------------  -------------------     --------     --------  ----------------------  --------------------  
      5.208        0.000                      0                 1656        0.043        0.000                      0                 1656        4.500        0.000                       0                   886  


All user specified timing constraints are met.


------------------------------------------------------------------------------------------------
| Clock Summary
| -------------
------------------------------------------------------------------------------------------------

Clock       Waveform(ns)       Period(ns)      Frequency(MHz)
-----       ------------       ----------      --------------
clk_100MHz  {0.000 5.000}      10.000          100.000         


------------------------------------------------------------------------------------------------
| Intra Clock Table
| -----------------
------------------------------------------------------------------------------------------------

Clock             WNS(ns)      TNS(ns)  TNS Failing Endpoints  TNS Total Endpoints      WHS(ns)      THS(ns)  THS Failing Endpoints  THS Total Endpoints     WPWS(ns)     TPWS(ns)  TPWS Failing Endpoints  TPWS Total Endpoints  
-----             -------      -------  ---------------------  -------------------      -------      -------  ---------------------  -------------------     --------     --------  ----------------------  --------------------  
clk_100MHz          5.208        0.000                      0                 1656        0.043        0.000                      0                 1656        4.500        0.000                       0                   886  


------------------------------------------------------------------------------------------------
| Inter Clock Table
| -----------------
------------------------------------------------------------------------------------------------

From Clock    To Clock          WNS(ns)      TNS(ns)  TNS Failing Endpoints  TNS Total Endpoints      WHS(ns)      THS(ns)  THS Failing Endpoints  THS Total Endpoints  
----------    --------          -------      -------  ---------------------  -------------------      -------      -------  ---------------------  -------------------  


------------------------------------------------------------------------------------------------
| Other Path Groups Table
| -----------------------
------------------------------------------------------------------------------------------------

Path Group    From Clock    To Clock          WNS(ns)      TNS(ns)  TNS Failing Endpoints  TNS Total Endpoints      WHS(ns)      THS(ns)  THS Failing Endpoints  THS Total Endpoints  
----------    ----------    --------          -------      -------  ---------------------  -------------------      -------      -------  ---------------------  -------------------  


------------------------------------------------------------------------------------------------
| Timing Details
| --------------
------------------------------------------------------------------------------------------------


---------------------------------------------------------------------------------------------------
From Clock:  clk_100MHz
  To Clock:  clk_100MHz

Setup :            0  Failing Endpoints,  Worst Slack        5.208ns,  Total Violation        0.000ns
Hold  :            0  Failing Endpoints,  Worst Slack        0.043ns,  Total Violation        0.000ns
PW    :            0  Failing Endpoints,  Worst Slack        4.500ns,  Total Violation        0.000ns
---------------------------------------------------------------------------------------------------


Max Delay Paths
--------------------------------------------------------------------------------------
Slack (MET) :             5.208ns  (required time - arrival time)
  Source:                 u_spi_comm/u_spi/u_spi_cmd_data/u_spi_data_channel/data_done_reg_reg/C
                            (rising edge-triggered cell FDCE clocked by clk_100MHz  {rise@0.000ns fall@5.000ns period=10.000ns})
  Destination:            u_spi_comm/u_spi/u_spi_cmd_data/u_spi_reg_buf/reg_file_reg[8][27]/D
                            (rising edge-triggered cell FDCE clocked by clk_100MHz  {rise@0.000ns fall@5.000ns period=10.000ns})
  Path Group:             clk_100MHz
  Path Type:              Setup (Max at Slow Process Corner)
  Requirement:            10.000ns  (clk_100MHz rise@10.000ns - clk_100MHz rise@0.000ns)
  Data Path Delay:        4.482ns  (logic 0.557ns (12.429%)  route 3.925ns (87.571%))
  Logic Levels:           1  (LUT2=1)
  Clock Path Skew:        -0.054ns (DCD - SCD + CPR)
    Destination Clock Delay (DCD):    4.447ns = ( 14.447 - 10.000 ) 
    Source Clock Delay      (SCD):    4.660ns
    Clock Pessimism Removal (CPR):    0.159ns
  Clock Uncertainty:      0.035ns  ((TSJ^2 + TIJ^2)^1/2 + DJ) / 2 + PE
    Total System Jitter     (TSJ):    0.071ns
    Total Input Jitter      (TIJ):    0.000ns
    Discrete Jitter          (DJ):    0.000ns
    Phase Error              (PE):    0.000ns

    Location             Delay type                Incr(ns)  Path(ns)    Netlist Resource(s)
  -------------------------------------------------------------------    -------------------
                         (clock clk_100MHz rise edge)
                                                      0.000     0.000 r  
    W19                                               0.000     0.000 r  clk (IN)
                         net (fo=0)                   0.000     0.000    clk
    W19                  IBUF (Prop_ibuf_I_O)         1.483     1.483 r  clk_IBUF_inst/O
                         net (fo=1, routed)           1.709     3.192    clk_IBUF
    BUFGCTRL_X0Y0        BUFG (Prop_bufg_I_O)         0.081     3.273 r  clk_IBUF_BUFG_inst/O
                         net (fo=885, routed)         1.387     4.660    u_spi_comm/u_spi/u_spi_cmd_data/u_spi_data_channel/CLK
    SLICE_X10Y90         FDCE                                         r  u_spi_comm/u_spi/u_spi_cmd_data/u_spi_data_channel/data_done_reg_reg/C
  -------------------------------------------------------------------    -------------------
    SLICE_X10Y90         FDCE (Prop_fdce_C_Q)         0.433     5.093 r  u_spi_comm/u_spi/u_spi_cmd_data/u_spi_data_channel/data_done_reg_reg/Q
                         net (fo=118, routed)         2.817     7.909    u_spi_comm/u_spi/u_spi_cmd_data/u_spi_data_channel/data_valid
    SLICE_X7Y100         LUT2 (Prop_lut2_I0_O)        0.124     8.033 r  u_spi_comm/u_spi/u_spi_cmd_data/u_spi_data_channel/reg_file[0][27]_i_1/O
                         net (fo=14, routed)          1.108     9.141    u_spi_comm/u_spi/u_spi_cmd_data/u_spi_reg_buf/D[27]
    SLICE_X3Y103         FDCE                                         r  u_spi_comm/u_spi/u_spi_cmd_data/u_spi_reg_buf/reg_file_reg[8][27]/D
  -------------------------------------------------------------------    -------------------

                         (clock clk_100MHz rise edge)
                                                     10.000    10.000 r  
    W19                                               0.000    10.000 r  clk (IN)
                         net (fo=0)                   0.000    10.000    clk
    W19                  IBUF (Prop_ibuf_I_O)         1.416    11.416 r  clk_IBUF_inst/O
                         net (fo=1, routed)           1.620    13.036    clk_IBUF
    BUFGCTRL_X0Y0        BUFG (Prop_bufg_I_O)         0.077    13.113 r  clk_IBUF_BUFG_inst/O
                         net (fo=885, routed)         1.333    14.447    u_spi_comm/u_spi/u_spi_cmd_data/u_spi_reg_buf/CLK
    SLICE_X3Y103         FDCE                                         r  u_spi_comm/u_spi/u_spi_cmd_data/u_spi_reg_buf/reg_file_reg[8][27]/C
                         clock pessimism              0.159    14.606    
                         clock uncertainty           -0.035    14.570    
    SLICE_X3Y103         FDCE (Setup_fdce_C_D)       -0.221    14.349    u_spi_comm/u_spi/u_spi_cmd_data/u_spi_reg_buf/reg_file_reg[8][27]
  -------------------------------------------------------------------
                         required time                         14.349    
                         arrival time                          -9.141    
  -------------------------------------------------------------------
                         slack                                  5.208    

Slack (MET) :             5.440ns  (required time - arrival time)
  Source:                 u_spi_comm/u_spi/u_spi_cmd_data/u_spi_data_channel/data_done_reg_reg/C
                            (rising edge-triggered cell FDCE clocked by clk_100MHz  {rise@0.000ns fall@5.000ns period=10.000ns})
  Destination:            u_spi_comm/u_spi/u_spi_cmd_data/u_spi_reg_buf/reg_file_reg[13][25]/D
                            (rising edge-triggered cell FDCE clocked by clk_100MHz  {rise@0.000ns fall@5.000ns period=10.000ns})
  Path Group:             clk_100MHz
  Path Type:              Setup (Max at Slow Process Corner)
  Requirement:            10.000ns  (clk_100MHz rise@10.000ns - clk_100MHz rise@0.000ns)
  Data Path Delay:        4.289ns  (logic 0.548ns (12.776%)  route 3.741ns (87.224%))
  Logic Levels:           1  (LUT2=1)
  Clock Path Skew:        -0.054ns (DCD - SCD + CPR)
    Destination Clock Delay (DCD):    4.447ns = ( 14.447 - 10.000 ) 
    Source Clock Delay      (SCD):    4.660ns
    Clock Pessimism Removal (CPR):    0.159ns
  Clock Uncertainty:      0.035ns  ((TSJ^2 + TIJ^2)^1/2 + DJ) / 2 + PE
    Total System Jitter     (TSJ):    0.071ns
    Total Input Jitter      (TIJ):    0.000ns
    Discrete Jitter          (DJ):    0.000ns
    Phase Error              (PE):    0.000ns

    Location             Delay type                Incr(ns)  Path(ns)    Netlist Resource(s)
  -------------------------------------------------------------------    -------------------
                         (clock clk_100MHz rise edge)
                                                      0.000     0.000 r  
    W19                                               0.000     0.000 r  clk (IN)
                         net (fo=0)                   0.000     0.000    clk
    W19                  IBUF (Prop_ibuf_I_O)         1.483     1.483 r  clk_IBUF_inst/O
                         net (fo=1, routed)           1.709     3.192    clk_IBUF
    BUFGCTRL_X0Y0        BUFG (Prop_bufg_I_O)         0.081     3.273 r  clk_IBUF_BUFG_inst/O
                         net (fo=885, routed)         1.387     4.660    u_spi_comm/u_spi/u_spi_cmd_data/u_spi_data_channel/CLK
    SLICE_X10Y90         FDCE                                         r  u_spi_comm/u_spi/u_spi_cmd_data/u_spi_data_channel/data_done_reg_reg/C
  -------------------------------------------------------------------    -------------------
    SLICE_X10Y90         FDCE (Prop_fdce_C_Q)         0.433     5.093 r  u_spi_comm/u_spi/u_spi_cmd_data/u_spi_data_channel/data_done_reg_reg/Q
                         net (fo=118, routed)         2.747     7.840    u_spi_comm/u_spi/u_spi_cmd_data/u_spi_data_channel/data_valid
    SLICE_X9Y100         LUT2 (Prop_lut2_I0_O)        0.115     7.955 r  u_spi_comm/u_spi/u_spi_cmd_data/u_spi_data_channel/reg_file[0][25]_i_1/O
                         net (fo=14, routed)          0.994     8.949    u_spi_comm/u_spi/u_spi_cmd_data/u_spi_reg_buf/D[25]
    SLICE_X2Y103         FDCE                                         r  u_spi_comm/u_spi/u_spi_cmd_data/u_spi_reg_buf/reg_file_reg[13][25]/D
  -------------------------------------------------------------------    -------------------

                         (clock clk_100MHz rise edge)
                                                     10.000    10.000 r  
    W19                                               0.000    10.000 r  clk (IN)
                         net (fo=0)                   0.000    10.000    clk
    W19                  IBUF (Prop_ibuf_I_O)         1.416    11.416 r  clk_IBUF_inst/O
                         net (fo=1, routed)           1.620    13.036    clk_IBUF
    BUFGCTRL_X0Y0        BUFG (Prop_bufg_I_O)         0.077    13.113 r  clk_IBUF_BUFG_inst/O
                         net (fo=885, routed)         1.333    14.447    u_spi_comm/u_spi/u_spi_cmd_data/u_spi_reg_buf/CLK
    SLICE_X2Y103         FDCE                                         r  u_spi_comm/u_spi/u_spi_cmd_data/u_spi_reg_buf/reg_file_reg[13][25]/C
                         clock pessimism              0.159    14.606    
                         clock uncertainty           -0.035    14.570    
    SLICE_X2Y103         FDCE (Setup_fdce_C_D)       -0.182    14.388    u_spi_comm/u_spi/u_spi_cmd_data/u_spi_reg_buf/reg_file_reg[13][25]
  -------------------------------------------------------------------
                         required time                         14.388    
                         arrival time                          -8.949    
  -------------------------------------------------------------------
                         slack                                  5.440    

Slack (MET) :             5.457ns  (required time - arrival time)
  Source:                 u_spi_comm/u_spi/u_spi_cmd_data/u_spi_data_channel/data_done_reg_reg/C
                            (rising edge-triggered cell FDCE clocked by clk_100MHz  {rise@0.000ns fall@5.000ns period=10.000ns})
  Destination:            u_spi_comm/u_spi/u_spi_cmd_data/u_spi_reg_buf/reg_file_reg[8][24]/D
                            (rising edge-triggered cell FDCE clocked by clk_100MHz  {rise@0.000ns fall@5.000ns period=10.000ns})
  Path Group:             clk_100MHz
  Path Type:              Setup (Max at Slow Process Corner)
  Requirement:            10.000ns  (clk_100MHz rise@10.000ns - clk_100MHz rise@0.000ns)
  Data Path Delay:        4.423ns  (logic 0.538ns (12.164%)  route 3.885ns (87.836%))
  Logic Levels:           1  (LUT2=1)
  Clock Path Skew:        -0.054ns (DCD - SCD + CPR)
    Destination Clock Delay (DCD):    4.447ns = ( 14.447 - 10.000 ) 
    Source Clock Delay      (SCD):    4.660ns
    Clock Pessimism Removal (CPR):    0.159ns
  Clock Uncertainty:      0.035ns  ((TSJ^2 + TIJ^2)^1/2 + DJ) / 2 + PE
    Total System Jitter     (TSJ):    0.071ns
    Total Input Jitter      (TIJ):    0.000ns
    Discrete Jitter          (DJ):    0.000ns
    Phase Error              (PE):    0.000ns

    Location             Delay type                Incr(ns)  Path(ns)    Netlist Resource(s)
  -------------------------------------------------------------------    -------------------
                         (clock clk_100MHz rise edge)
                                                      0.000     0.000 r  
    W19                                               0.000     0.000 r  clk (IN)
                         net (fo=0)                   0.000     0.000    clk
    W19                  IBUF (Prop_ibuf_I_O)         1.483     1.483 r  clk_IBUF_inst/O
                         net (fo=1, routed)           1.709     3.192    clk_IBUF
    BUFGCTRL_X0Y0        BUFG (Prop_bufg_I_O)         0.081     3.273 r  clk_IBUF_BUFG_inst/O
                         net (fo=885, routed)         1.387     4.660    u_spi_comm/u_spi/u_spi_cmd_data/u_spi_data_channel/CLK
    SLICE_X10Y90         FDCE                                         r  u_spi_comm/u_spi/u_spi_cmd_data/u_spi_data_channel/data_done_reg_reg/C
  -------------------------------------------------------------------    -------------------
    SLICE_X10Y90         FDCE (Prop_fdce_C_Q)         0.433     5.093 r  u_spi_comm/u_spi/u_spi_cmd_data/u_spi_data_channel/data_done_reg_reg/Q
                         net (fo=118, routed)         2.747     7.840    u_spi_comm/u_spi/u_spi_cmd_data/u_spi_data_channel/data_valid
    SLICE_X9Y100         LUT2 (Prop_lut2_I0_O)        0.105     7.945 r  u_spi_comm/u_spi/u_spi_cmd_data/u_spi_data_channel/reg_file[0][24]_i_1/O
                         net (fo=14, routed)          1.137     9.082    u_spi_comm/u_spi/u_spi_cmd_data/u_spi_reg_buf/D[24]
    SLICE_X2Y101         FDCE                                         r  u_spi_comm/u_spi/u_spi_cmd_data/u_spi_reg_buf/reg_file_reg[8][24]/D
  -------------------------------------------------------------------    -------------------

                         (clock clk_100MHz rise edge)
                                                     10.000    10.000 r  
    W19                                               0.000    10.000 r  clk (IN)
                         net (fo=0)                   0.000    10.000    clk
    W19                  IBUF (Prop_ibuf_I_O)         1.416    11.416 r  clk_IBUF_inst/O
                         net (fo=1, routed)           1.620    13.036    clk_IBUF
    BUFGCTRL_X0Y0        BUFG (Prop_bufg_I_O)         0.077    13.113 r  clk_IBUF_BUFG_inst/O
                         net (fo=885, routed)         1.333    14.447    u_spi_comm/u_spi/u_spi_cmd_data/u_spi_reg_buf/CLK
    SLICE_X2Y101         FDCE                                         r  u_spi_comm/u_spi/u_spi_cmd_data/u_spi_reg_buf/reg_file_reg[8][24]/C
                         clock pessimism              0.159    14.606    
                         clock uncertainty           -0.035    14.570    
    SLICE_X2Y101         FDCE (Setup_fdce_C_D)       -0.031    14.539    u_spi_comm/u_spi/u_spi_cmd_data/u_spi_reg_buf/reg_file_reg[8][24]
  -------------------------------------------------------------------
                         required time                         14.539    
                         arrival time                          -9.082    
  -------------------------------------------------------------------
                         slack                                  5.457    

Slack (MET) :             5.476ns  (required time - arrival time)
  Source:                 u_spi_comm/u_spi/u_spi_cmd_data/u_spi_data_channel/data_done_reg_reg/C
                            (rising edge-triggered cell FDCE clocked by clk_100MHz  {rise@0.000ns fall@5.000ns period=10.000ns})
  Destination:            u_spi_comm/u_spi/u_spi_cmd_data/u_spi_reg_buf/reg_file_reg[13][29]/D
                            (rising edge-triggered cell FDCE clocked by clk_100MHz  {rise@0.000ns fall@5.000ns period=10.000ns})
  Path Group:             clk_100MHz
  Path Type:              Setup (Max at Slow Process Corner)
  Requirement:            10.000ns  (clk_100MHz rise@10.000ns - clk_100MHz rise@0.000ns)
  Data Path Delay:        4.248ns  (logic 0.558ns (13.135%)  route 3.690ns (86.865%))
  Logic Levels:           1  (LUT2=1)
  Clock Path Skew:        -0.054ns (DCD - SCD + CPR)
    Destination Clock Delay (DCD):    4.447ns = ( 14.447 - 10.000 ) 
    Source Clock Delay      (SCD):    4.660ns
    Clock Pessimism Removal (CPR):    0.159ns
  Clock Uncertainty:      0.035ns  ((TSJ^2 + TIJ^2)^1/2 + DJ) / 2 + PE
    Total System Jitter     (TSJ):    0.071ns
    Total Input Jitter      (TIJ):    0.000ns
    Discrete Jitter          (DJ):    0.000ns
    Phase Error              (PE):    0.000ns

    Location             Delay type                Incr(ns)  Path(ns)    Netlist Resource(s)
  -------------------------------------------------------------------    -------------------
                         (clock clk_100MHz rise edge)
                                                      0.000     0.000 r  
    W19                                               0.000     0.000 r  clk (IN)
                         net (fo=0)                   0.000     0.000    clk
    W19                  IBUF (Prop_ibuf_I_O)         1.483     1.483 r  clk_IBUF_inst/O
                         net (fo=1, routed)           1.709     3.192    clk_IBUF
    BUFGCTRL_X0Y0        BUFG (Prop_bufg_I_O)         0.081     3.273 r  clk_IBUF_BUFG_inst/O
                         net (fo=885, routed)         1.387     4.660    u_spi_comm/u_spi/u_spi_cmd_data/u_spi_data_channel/CLK
    SLICE_X10Y90         FDCE                                         r  u_spi_comm/u_spi/u_spi_cmd_data/u_spi_data_channel/data_done_reg_reg/C
  -------------------------------------------------------------------    -------------------
    SLICE_X10Y90         FDCE (Prop_fdce_C_Q)         0.433     5.093 r  u_spi_comm/u_spi/u_spi_cmd_data/u_spi_data_channel/data_done_reg_reg/Q
                         net (fo=118, routed)         2.821     7.913    u_spi_comm/u_spi/u_spi_cmd_data/u_spi_data_channel/data_valid
    SLICE_X7Y100         LUT2 (Prop_lut2_I0_O)        0.125     8.038 r  u_spi_comm/u_spi/u_spi_cmd_data/u_spi_data_channel/reg_file[0][29]_i_1/O
                         net (fo=14, routed)          0.870     8.908    u_spi_comm/u_spi/u_spi_cmd_data/u_spi_reg_buf/D[29]
    SLICE_X2Y103         FDCE                                         r  u_spi_comm/u_spi/u_spi_cmd_data/u_spi_reg_buf/reg_file_reg[13][29]/D
  -------------------------------------------------------------------    -------------------

                         (clock clk_100MHz rise edge)
                                                     10.000    10.000 r  
    W19                                               0.000    10.000 r  clk (IN)
                         net (fo=0)                   0.000    10.000    clk
    W19                  IBUF (Prop_ibuf_I_O)         1.416    11.416 r  clk_IBUF_inst/O
                         net (fo=1, routed)           1.620    13.036    clk_IBUF
    BUFGCTRL_X0Y0        BUFG (Prop_bufg_I_O)         0.077    13.113 r  clk_IBUF_BUFG_inst/O
                         net (fo=885, routed)         1.333    14.447    u_spi_comm/u_spi/u_spi_cmd_data/u_spi_reg_buf/CLK
    SLICE_X2Y103         FDCE                                         r  u_spi_comm/u_spi/u_spi_cmd_data/u_spi_reg_buf/reg_file_reg[13][29]/C
                         clock pessimism              0.159    14.606    
                         clock uncertainty           -0.035    14.570    
    SLICE_X2Y103         FDCE (Setup_fdce_C_D)       -0.187    14.383    u_spi_comm/u_spi/u_spi_cmd_data/u_spi_reg_buf/reg_file_reg[13][29]
  -------------------------------------------------------------------
                         required time                         14.383    
                         arrival time                          -8.908    
  -------------------------------------------------------------------
                         slack                                  5.476    

Slack (MET) :             5.487ns  (required time - arrival time)
  Source:                 u_spi_comm/u_spi/u_spi_cmd_data/u_spi_data_channel/data_done_reg_reg/C
                            (rising edge-triggered cell FDCE clocked by clk_100MHz  {rise@0.000ns fall@5.000ns period=10.000ns})
  Destination:            u_spi_comm/u_spi/u_spi_cmd_data/u_spi_reg_buf/reg_file_reg[0][24]/D
                            (rising edge-triggered cell FDCE clocked by clk_100MHz  {rise@0.000ns fall@5.000ns period=10.000ns})
  Path Group:             clk_100MHz
  Path Type:              Setup (Max at Slow Process Corner)
  Requirement:            10.000ns  (clk_100MHz rise@10.000ns - clk_100MHz rise@0.000ns)
  Data Path Delay:        4.407ns  (logic 0.538ns (12.208%)  route 3.869ns (87.792%))
  Logic Levels:           1  (LUT2=1)
  Clock Path Skew:        -0.056ns (DCD - SCD + CPR)
    Destination Clock Delay (DCD):    4.445ns = ( 14.445 - 10.000 ) 
    Source Clock Delay      (SCD):    4.660ns
    Clock Pessimism Removal (CPR):    0.159ns
  Clock Uncertainty:      0.035ns  ((TSJ^2 + TIJ^2)^1/2 + DJ) / 2 + PE
    Total System Jitter     (TSJ):    0.071ns
    Total Input Jitter      (TIJ):    0.000ns
    Discrete Jitter          (DJ):    0.000ns
    Phase Error              (PE):    0.000ns

    Location             Delay type                Incr(ns)  Path(ns)    Netlist Resource(s)
  -------------------------------------------------------------------    -------------------
                         (clock clk_100MHz rise edge)
                                                      0.000     0.000 r  
    W19                                               0.000     0.000 r  clk (IN)
                         net (fo=0)                   0.000     0.000    clk
    W19                  IBUF (Prop_ibuf_I_O)         1.483     1.483 r  clk_IBUF_inst/O
                         net (fo=1, routed)           1.709     3.192    clk_IBUF
    BUFGCTRL_X0Y0        BUFG (Prop_bufg_I_O)         0.081     3.273 r  clk_IBUF_BUFG_inst/O
                         net (fo=885, routed)         1.387     4.660    u_spi_comm/u_spi/u_spi_cmd_data/u_spi_data_channel/CLK
    SLICE_X10Y90         FDCE                                         r  u_spi_comm/u_spi/u_spi_cmd_data/u_spi_data_channel/data_done_reg_reg/C
  -------------------------------------------------------------------    -------------------
    SLICE_X10Y90         FDCE (Prop_fdce_C_Q)         0.433     5.093 r  u_spi_comm/u_spi/u_spi_cmd_data/u_spi_data_channel/data_done_reg_reg/Q
                         net (fo=118, routed)         2.747     7.840    u_spi_comm/u_spi/u_spi_cmd_data/u_spi_data_channel/data_valid
    SLICE_X9Y100         LUT2 (Prop_lut2_I0_O)        0.105     7.945 r  u_spi_comm/u_spi/u_spi_cmd_data/u_spi_data_channel/reg_file[0][24]_i_1/O
                         net (fo=14, routed)          1.121     9.066    u_spi_comm/u_spi/u_spi_cmd_data/u_spi_reg_buf/D[24]
    SLICE_X6Y103         FDCE                                         r  u_spi_comm/u_spi/u_spi_cmd_data/u_spi_reg_buf/reg_file_reg[0][24]/D
  -------------------------------------------------------------------    -------------------

                         (clock clk_100MHz rise edge)
                                                     10.000    10.000 r  
    W19                                               0.000    10.000 r  clk (IN)
                         net (fo=0)                   0.000    10.000    clk
    W19                  IBUF (Prop_ibuf_I_O)         1.416    11.416 r  clk_IBUF_inst/O
                         net (fo=1, routed)           1.620    13.036    clk_IBUF
    BUFGCTRL_X0Y0        BUFG (Prop_bufg_I_O)         0.077    13.113 r  clk_IBUF_BUFG_inst/O
                         net (fo=885, routed)         1.331    14.445    u_spi_comm/u_spi/u_spi_cmd_data/u_spi_reg_buf/CLK
    SLICE_X6Y103         FDCE                                         r  u_spi_comm/u_spi/u_spi_cmd_data/u_spi_reg_buf/reg_file_reg[0][24]/C
                         clock pessimism              0.159    14.604    
                         clock uncertainty           -0.035    14.568    
    SLICE_X6Y103         FDCE (Setup_fdce_C_D)       -0.015    14.553    u_spi_comm/u_spi/u_spi_cmd_data/u_spi_reg_buf/reg_file_reg[0][24]
  -------------------------------------------------------------------
                         required time                         14.553    
                         arrival time                          -9.066    
  -------------------------------------------------------------------
                         slack                                  5.487    

Slack (MET) :             5.489ns  (required time - arrival time)
  Source:                 u_spi_comm/u_spi/u_spi_cmd_data/u_spi_data_channel/data_done_reg_reg/C
                            (rising edge-triggered cell FDCE clocked by clk_100MHz  {rise@0.000ns fall@5.000ns period=10.000ns})
  Destination:            u_spi_comm/u_spi/u_spi_cmd_data/u_spi_reg_buf/reg_file_reg[12][27]/D
                            (rising edge-triggered cell FDCE clocked by clk_100MHz  {rise@0.000ns fall@5.000ns period=10.000ns})
  Path Group:             clk_100MHz
  Path Type:              Setup (Max at Slow Process Corner)
  Requirement:            10.000ns  (clk_100MHz rise@10.000ns - clk_100MHz rise@0.000ns)
  Data Path Delay:        4.216ns  (logic 0.557ns (13.212%)  route 3.659ns (86.788%))
  Logic Levels:           1  (LUT2=1)
  Clock Path Skew:        -0.054ns (DCD - SCD + CPR)
    Destination Clock Delay (DCD):    4.447ns = ( 14.447 - 10.000 ) 
    Source Clock Delay      (SCD):    4.660ns
    Clock Pessimism Removal (CPR):    0.159ns
  Clock Uncertainty:      0.035ns  ((TSJ^2 + TIJ^2)^1/2 + DJ) / 2 + PE
    Total System Jitter     (TSJ):    0.071ns
    Total Input Jitter      (TIJ):    0.000ns
    Discrete Jitter          (DJ):    0.000ns
    Phase Error              (PE):    0.000ns

    Location             Delay type                Incr(ns)  Path(ns)    Netlist Resource(s)
  -------------------------------------------------------------------    -------------------
                         (clock clk_100MHz rise edge)
                                                      0.000     0.000 r  
    W19                                               0.000     0.000 r  clk (IN)
                         net (fo=0)                   0.000     0.000    clk
    W19                  IBUF (Prop_ibuf_I_O)         1.483     1.483 r  clk_IBUF_inst/O
                         net (fo=1, routed)           1.709     3.192    clk_IBUF
    BUFGCTRL_X0Y0        BUFG (Prop_bufg_I_O)         0.081     3.273 r  clk_IBUF_BUFG_inst/O
                         net (fo=885, routed)         1.387     4.660    u_spi_comm/u_spi/u_spi_cmd_data/u_spi_data_channel/CLK
    SLICE_X10Y90         FDCE                                         r  u_spi_comm/u_spi/u_spi_cmd_data/u_spi_data_channel/data_done_reg_reg/C
  -------------------------------------------------------------------    -------------------
    SLICE_X10Y90         FDCE (Prop_fdce_C_Q)         0.433     5.093 r  u_spi_comm/u_spi/u_spi_cmd_data/u_spi_data_channel/data_done_reg_reg/Q
                         net (fo=118, routed)         2.817     7.909    u_spi_comm/u_spi/u_spi_cmd_data/u_spi_data_channel/data_valid
    SLICE_X7Y100         LUT2 (Prop_lut2_I0_O)        0.124     8.033 r  u_spi_comm/u_spi/u_spi_cmd_data/u_spi_data_channel/reg_file[0][27]_i_1/O
                         net (fo=14, routed)          0.842     8.876    u_spi_comm/u_spi/u_spi_cmd_data/u_spi_reg_buf/D[27]
    SLICE_X3Y102         FDCE                                         r  u_spi_comm/u_spi/u_spi_cmd_data/u_spi_reg_buf/reg_file_reg[12][27]/D
  -------------------------------------------------------------------    -------------------

                         (clock clk_100MHz rise edge)
                                                     10.000    10.000 r  
    W19                                               0.000    10.000 r  clk (IN)
                         net (fo=0)                   0.000    10.000    clk
    W19                  IBUF (Prop_ibuf_I_O)         1.416    11.416 r  clk_IBUF_inst/O
                         net (fo=1, routed)           1.620    13.036    clk_IBUF
    BUFGCTRL_X0Y0        BUFG (Prop_bufg_I_O)         0.077    13.113 r  clk_IBUF_BUFG_inst/O
                         net (fo=885, routed)         1.333    14.447    u_spi_comm/u_spi/u_spi_cmd_data/u_spi_reg_buf/CLK
    SLICE_X3Y102         FDCE                                         r  u_spi_comm/u_spi/u_spi_cmd_data/u_spi_reg_buf/reg_file_reg[12][27]/C
                         clock pessimism              0.159    14.606    
                         clock uncertainty           -0.035    14.570    
    SLICE_X3Y102         FDCE (Setup_fdce_C_D)       -0.206    14.364    u_spi_comm/u_spi/u_spi_cmd_data/u_spi_reg_buf/reg_file_reg[12][27]
  -------------------------------------------------------------------
                         required time                         14.364    
                         arrival time                          -8.876    
  -------------------------------------------------------------------
                         slack                                  5.489    

Slack (MET) :             5.516ns  (required time - arrival time)
  Source:                 u_spi_comm/u_spi/u_spi_cmd_data/u_spi_data_channel/data_done_reg_reg/C
                            (rising edge-triggered cell FDCE clocked by clk_100MHz  {rise@0.000ns fall@5.000ns period=10.000ns})
  Destination:            u_spi_comm/u_spi/u_spi_cmd_data/u_spi_reg_buf/reg_file_reg[11][27]/D
                            (rising edge-triggered cell FDCE clocked by clk_100MHz  {rise@0.000ns fall@5.000ns period=10.000ns})
  Path Group:             clk_100MHz
  Path Type:              Setup (Max at Slow Process Corner)
  Requirement:            10.000ns  (clk_100MHz rise@10.000ns - clk_100MHz rise@0.000ns)
  Data Path Delay:        4.216ns  (logic 0.557ns (13.212%)  route 3.659ns (86.788%))
  Logic Levels:           1  (LUT2=1)
  Clock Path Skew:        -0.054ns (DCD - SCD + CPR)
    Destination Clock Delay (DCD):    4.447ns = ( 14.447 - 10.000 ) 
    Source Clock Delay      (SCD):    4.660ns
    Clock Pessimism Removal (CPR):    0.159ns
  Clock Uncertainty:      0.035ns  ((TSJ^2 + TIJ^2)^1/2 + DJ) / 2 + PE
    Total System Jitter     (TSJ):    0.071ns
    Total Input Jitter      (TIJ):    0.000ns
    Discrete Jitter          (DJ):    0.000ns
    Phase Error              (PE):    0.000ns

    Location             Delay type                Incr(ns)  Path(ns)    Netlist Resource(s)
  -------------------------------------------------------------------    -------------------
                         (clock clk_100MHz rise edge)
                                                      0.000     0.000 r  
    W19                                               0.000     0.000 r  clk (IN)
                         net (fo=0)                   0.000     0.000    clk
    W19                  IBUF (Prop_ibuf_I_O)         1.483     1.483 r  clk_IBUF_inst/O
                         net (fo=1, routed)           1.709     3.192    clk_IBUF
    BUFGCTRL_X0Y0        BUFG (Prop_bufg_I_O)         0.081     3.273 r  clk_IBUF_BUFG_inst/O
                         net (fo=885, routed)         1.387     4.660    u_spi_comm/u_spi/u_spi_cmd_data/u_spi_data_channel/CLK
    SLICE_X10Y90         FDCE                                         r  u_spi_comm/u_spi/u_spi_cmd_data/u_spi_data_channel/data_done_reg_reg/C
  -------------------------------------------------------------------    -------------------
    SLICE_X10Y90         FDCE (Prop_fdce_C_Q)         0.433     5.093 r  u_spi_comm/u_spi/u_spi_cmd_data/u_spi_data_channel/data_done_reg_reg/Q
                         net (fo=118, routed)         2.817     7.909    u_spi_comm/u_spi/u_spi_cmd_data/u_spi_data_channel/data_valid
    SLICE_X7Y100         LUT2 (Prop_lut2_I0_O)        0.124     8.033 r  u_spi_comm/u_spi/u_spi_cmd_data/u_spi_data_channel/reg_file[0][27]_i_1/O
                         net (fo=14, routed)          0.842     8.876    u_spi_comm/u_spi/u_spi_cmd_data/u_spi_reg_buf/D[27]
    SLICE_X2Y102         FDCE                                         r  u_spi_comm/u_spi/u_spi_cmd_data/u_spi_reg_buf/reg_file_reg[11][27]/D
  -------------------------------------------------------------------    -------------------

                         (clock clk_100MHz rise edge)
                                                     10.000    10.000 r  
    W19                                               0.000    10.000 r  clk (IN)
                         net (fo=0)                   0.000    10.000    clk
    W19                  IBUF (Prop_ibuf_I_O)         1.416    11.416 r  clk_IBUF_inst/O
                         net (fo=1, routed)           1.620    13.036    clk_IBUF
    BUFGCTRL_X0Y0        BUFG (Prop_bufg_I_O)         0.077    13.113 r  clk_IBUF_BUFG_inst/O
                         net (fo=885, routed)         1.333    14.447    u_spi_comm/u_spi/u_spi_cmd_data/u_spi_reg_buf/CLK
    SLICE_X2Y102         FDCE                                         r  u_spi_comm/u_spi/u_spi_cmd_data/u_spi_reg_buf/reg_file_reg[11][27]/C
                         clock pessimism              0.159    14.606    
                         clock uncertainty           -0.035    14.570    
    SLICE_X2Y102         FDCE (Setup_fdce_C_D)       -0.179    14.391    u_spi_comm/u_spi/u_spi_cmd_data/u_spi_reg_buf/reg_file_reg[11][27]
  -------------------------------------------------------------------
                         required time                         14.391    
                         arrival time                          -8.876    
  -------------------------------------------------------------------
                         slack                                  5.516    

Slack (MET) :             5.536ns  (required time - arrival time)
  Source:                 u_spi_comm/u_spi/u_spi_cmd_data/curr_ch_addr_reg[0]/C
                            (rising edge-triggered cell FDCE clocked by clk_100MHz  {rise@0.000ns fall@5.000ns period=10.000ns})
  Destination:            u_spi_comm/u_spi/u_spi_cmd_data/u_spi_data_channel/Shift_Reg_DOUT_reg[25]/D
                            (rising edge-triggered cell FDCE clocked by clk_100MHz  {rise@0.000ns fall@5.000ns period=10.000ns})
  Path Group:             clk_100MHz
  Path Type:              Setup (Max at Slow Process Corner)
  Requirement:            10.000ns  (clk_100MHz rise@10.000ns - clk_100MHz rise@0.000ns)
  Data Path Delay:        4.335ns  (logic 0.927ns (21.382%)  route 3.408ns (78.618%))
  Logic Levels:           3  (LUT5=1 LUT6=1 MUXF7=1)
  Clock Path Skew:        -0.124ns (DCD - SCD + CPR)
    Destination Clock Delay (DCD):    4.445ns = ( 14.445 - 10.000 ) 
    Source Clock Delay      (SCD):    4.728ns
    Clock Pessimism Removal (CPR):    0.159ns
  Clock Uncertainty:      0.035ns  ((TSJ^2 + TIJ^2)^1/2 + DJ) / 2 + PE
    Total System Jitter     (TSJ):    0.071ns
    Total Input Jitter      (TIJ):    0.000ns
    Discrete Jitter          (DJ):    0.000ns
    Phase Error              (PE):    0.000ns

    Location             Delay type                Incr(ns)  Path(ns)    Netlist Resource(s)
  -------------------------------------------------------------------    -------------------
                         (clock clk_100MHz rise edge)
                                                      0.000     0.000 r  
    W19                                               0.000     0.000 r  clk (IN)
                         net (fo=0)                   0.000     0.000    clk
    W19                  IBUF (Prop_ibuf_I_O)         1.483     1.483 r  clk_IBUF_inst/O
                         net (fo=1, routed)           1.709     3.192    clk_IBUF
    BUFGCTRL_X0Y0        BUFG (Prop_bufg_I_O)         0.081     3.273 r  clk_IBUF_BUFG_inst/O
                         net (fo=885, routed)         1.455     4.728    u_spi_comm/u_spi/u_spi_cmd_data/CLK
    SLICE_X1Y89          FDCE                                         r  u_spi_comm/u_spi/u_spi_cmd_data/curr_ch_addr_reg[0]/C
  -------------------------------------------------------------------    -------------------
    SLICE_X1Y89          FDCE (Prop_fdce_C_Q)         0.379     5.107 r  u_spi_comm/u_spi/u_spi_cmd_data/curr_ch_addr_reg[0]/Q
                         net (fo=146, routed)         2.684     7.791    u_spi_comm/u_spi/u_spi_cmd_data/u_spi_reg_buf/Q[0]
    SLICE_X8Y102         LUT6 (Prop_lut6_I4_O)        0.105     7.896 r  u_spi_comm/u_spi/u_spi_cmd_data/u_spi_reg_buf/Shift_Reg_DOUT[25]_i_6/O
                         net (fo=1, routed)           0.000     7.896    u_spi_comm/u_spi/u_spi_cmd_data/u_spi_reg_buf/Shift_Reg_DOUT[25]_i_6_n_0
    SLICE_X8Y102         MUXF7 (Prop_muxf7_I0_O)      0.201     8.097 r  u_spi_comm/u_spi/u_spi_cmd_data/u_spi_reg_buf/Shift_Reg_DOUT_reg[25]_i_3/O
                         net (fo=1, routed)           0.724     8.821    u_spi_comm/u_spi/u_spi_cmd_data/u_spi_reg_buf/Shift_Reg_DOUT_reg[25]_i_3_n_0
    SLICE_X4Y101         LUT5 (Prop_lut5_I2_O)        0.242     9.063 r  u_spi_comm/u_spi/u_spi_cmd_data/u_spi_reg_buf/Shift_Reg_DOUT[25]_i_1/O
                         net (fo=1, routed)           0.000     9.063    u_spi_comm/u_spi/u_spi_cmd_data/u_spi_data_channel/Shift_Reg_DOUT_reg[31]_0[24]
    SLICE_X4Y101         FDCE                                         r  u_spi_comm/u_spi/u_spi_cmd_data/u_spi_data_channel/Shift_Reg_DOUT_reg[25]/D
  -------------------------------------------------------------------    -------------------

                         (clock clk_100MHz rise edge)
                                                     10.000    10.000 r  
    W19                                               0.000    10.000 r  clk (IN)
                         net (fo=0)                   0.000    10.000    clk
    W19                  IBUF (Prop_ibuf_I_O)         1.416    11.416 r  clk_IBUF_inst/O
                         net (fo=1, routed)           1.620    13.036    clk_IBUF
    BUFGCTRL_X0Y0        BUFG (Prop_bufg_I_O)         0.077    13.113 r  clk_IBUF_BUFG_inst/O
                         net (fo=885, routed)         1.331    14.445    u_spi_comm/u_spi/u_spi_cmd_data/u_spi_data_channel/CLK
    SLICE_X4Y101         FDCE                                         r  u_spi_comm/u_spi/u_spi_cmd_data/u_spi_data_channel/Shift_Reg_DOUT_reg[25]/C
                         clock pessimism              0.159    14.604    
                         clock uncertainty           -0.035    14.568    
    SLICE_X4Y101         FDCE (Setup_fdce_C_D)        0.030    14.598    u_spi_comm/u_spi/u_spi_cmd_data/u_spi_data_channel/Shift_Reg_DOUT_reg[25]
  -------------------------------------------------------------------
                         required time                         14.598    
                         arrival time                          -9.063    
  -------------------------------------------------------------------
                         slack                                  5.536    

Slack (MET) :             5.549ns  (required time - arrival time)
  Source:                 u_spi_comm/u_spi/u_spi_cmd_data/u_spi_data_channel/data_done_reg_reg/C
                            (rising edge-triggered cell FDCE clocked by clk_100MHz  {rise@0.000ns fall@5.000ns period=10.000ns})
  Destination:            u_spi_comm/u_spi/u_spi_cmd_data/u_spi_reg_buf/reg_file_reg[13][27]/D
                            (rising edge-triggered cell FDCE clocked by clk_100MHz  {rise@0.000ns fall@5.000ns period=10.000ns})
  Path Group:             clk_100MHz
  Path Type:              Setup (Max at Slow Process Corner)
  Requirement:            10.000ns  (clk_100MHz rise@10.000ns - clk_100MHz rise@0.000ns)
  Data Path Delay:        4.196ns  (logic 0.557ns (13.275%)  route 3.639ns (86.725%))
  Logic Levels:           1  (LUT2=1)
  Clock Path Skew:        -0.054ns (DCD - SCD + CPR)
    Destination Clock Delay (DCD):    4.447ns = ( 14.447 - 10.000 ) 
    Source Clock Delay      (SCD):    4.660ns
    Clock Pessimism Removal (CPR):    0.159ns
  Clock Uncertainty:      0.035ns  ((TSJ^2 + TIJ^2)^1/2 + DJ) / 2 + PE
    Total System Jitter     (TSJ):    0.071ns
    Total Input Jitter      (TIJ):    0.000ns
    Discrete Jitter          (DJ):    0.000ns
    Phase Error              (PE):    0.000ns

    Location             Delay type                Incr(ns)  Path(ns)    Netlist Resource(s)
  -------------------------------------------------------------------    -------------------
                         (clock clk_100MHz rise edge)
                                                      0.000     0.000 r  
    W19                                               0.000     0.000 r  clk (IN)
                         net (fo=0)                   0.000     0.000    clk
    W19                  IBUF (Prop_ibuf_I_O)         1.483     1.483 r  clk_IBUF_inst/O
                         net (fo=1, routed)           1.709     3.192    clk_IBUF
    BUFGCTRL_X0Y0        BUFG (Prop_bufg_I_O)         0.081     3.273 r  clk_IBUF_BUFG_inst/O
                         net (fo=885, routed)         1.387     4.660    u_spi_comm/u_spi/u_spi_cmd_data/u_spi_data_channel/CLK
    SLICE_X10Y90         FDCE                                         r  u_spi_comm/u_spi/u_spi_cmd_data/u_spi_data_channel/data_done_reg_reg/C
  -------------------------------------------------------------------    -------------------
    SLICE_X10Y90         FDCE (Prop_fdce_C_Q)         0.433     5.093 r  u_spi_comm/u_spi/u_spi_cmd_data/u_spi_data_channel/data_done_reg_reg/Q
                         net (fo=118, routed)         2.817     7.909    u_spi_comm/u_spi/u_spi_cmd_data/u_spi_data_channel/data_valid
    SLICE_X7Y100         LUT2 (Prop_lut2_I0_O)        0.124     8.033 r  u_spi_comm/u_spi/u_spi_cmd_data/u_spi_data_channel/reg_file[0][27]_i_1/O
                         net (fo=14, routed)          0.822     8.855    u_spi_comm/u_spi/u_spi_cmd_data/u_spi_reg_buf/D[27]
    SLICE_X2Y103         FDCE                                         r  u_spi_comm/u_spi/u_spi_cmd_data/u_spi_reg_buf/reg_file_reg[13][27]/D
  -------------------------------------------------------------------    -------------------

                         (clock clk_100MHz rise edge)
                                                     10.000    10.000 r  
    W19                                               0.000    10.000 r  clk (IN)
                         net (fo=0)                   0.000    10.000    clk
    W19                  IBUF (Prop_ibuf_I_O)         1.416    11.416 r  clk_IBUF_inst/O
                         net (fo=1, routed)           1.620    13.036    clk_IBUF
    BUFGCTRL_X0Y0        BUFG (Prop_bufg_I_O)         0.077    13.113 r  clk_IBUF_BUFG_inst/O
                         net (fo=885, routed)         1.333    14.447    u_spi_comm/u_spi/u_spi_cmd_data/u_spi_reg_buf/CLK
    SLICE_X2Y103         FDCE                                         r  u_spi_comm/u_spi/u_spi_cmd_data/u_spi_reg_buf/reg_file_reg[13][27]/C
                         clock pessimism              0.159    14.606    
                         clock uncertainty           -0.035    14.570    
    SLICE_X2Y103         FDCE (Setup_fdce_C_D)       -0.166    14.404    u_spi_comm/u_spi/u_spi_cmd_data/u_spi_reg_buf/reg_file_reg[13][27]
  -------------------------------------------------------------------
                         required time                         14.404    
                         arrival time                          -8.855    
  -------------------------------------------------------------------
                         slack                                  5.549    

Slack (MET) :             5.561ns  (required time - arrival time)
  Source:                 u_spi_comm/u_spi/u_spi_cmd_data/u_spi_data_channel/data_done_reg_reg/C
                            (rising edge-triggered cell FDCE clocked by clk_100MHz  {rise@0.000ns fall@5.000ns period=10.000ns})
  Destination:            u_spi_comm/u_spi/u_spi_cmd_data/u_spi_reg_buf/reg_file_reg[4][24]/D
                            (rising edge-triggered cell FDCE clocked by clk_100MHz  {rise@0.000ns fall@5.000ns period=10.000ns})
  Path Group:             clk_100MHz
  Path Type:              Setup (Max at Slow Process Corner)
  Requirement:            10.000ns  (clk_100MHz rise@10.000ns - clk_100MHz rise@0.000ns)
  Data Path Delay:        4.289ns  (logic 0.538ns (12.544%)  route 3.751ns (87.456%))
  Logic Levels:           1  (LUT2=1)
  Clock Path Skew:        -0.056ns (DCD - SCD + CPR)
    Destination Clock Delay (DCD):    4.445ns = ( 14.445 - 10.000 ) 
    Source Clock Delay      (SCD):    4.660ns
    Clock Pessimism Removal (CPR):    0.159ns
  Clock Uncertainty:      0.035ns  ((TSJ^2 + TIJ^2)^1/2 + DJ) / 2 + PE
    Total System Jitter     (TSJ):    0.071ns
    Total Input Jitter      (TIJ):    0.000ns
    Discrete Jitter          (DJ):    0.000ns
    Phase Error              (PE):    0.000ns

    Location             Delay type                Incr(ns)  Path(ns)    Netlist Resource(s)
  -------------------------------------------------------------------    -------------------
                         (clock clk_100MHz rise edge)
                                                      0.000     0.000 r  
    W19                                               0.000     0.000 r  clk (IN)
                         net (fo=0)                   0.000     0.000    clk
    W19                  IBUF (Prop_ibuf_I_O)         1.483     1.483 r  clk_IBUF_inst/O
                         net (fo=1, routed)           1.709     3.192    clk_IBUF
    BUFGCTRL_X0Y0        BUFG (Prop_bufg_I_O)         0.081     3.273 r  clk_IBUF_BUFG_inst/O
                         net (fo=885, routed)         1.387     4.660    u_spi_comm/u_spi/u_spi_cmd_data/u_spi_data_channel/CLK
    SLICE_X10Y90         FDCE                                         r  u_spi_comm/u_spi/u_spi_cmd_data/u_spi_data_channel/data_done_reg_reg/C
  -------------------------------------------------------------------    -------------------
    SLICE_X10Y90         FDCE (Prop_fdce_C_Q)         0.433     5.093 r  u_spi_comm/u_spi/u_spi_cmd_data/u_spi_data_channel/data_done_reg_reg/Q
                         net (fo=118, routed)         2.747     7.840    u_spi_comm/u_spi/u_spi_cmd_data/u_spi_data_channel/data_valid
    SLICE_X9Y100         LUT2 (Prop_lut2_I0_O)        0.105     7.945 r  u_spi_comm/u_spi/u_spi_cmd_data/u_spi_data_channel/reg_file[0][24]_i_1/O
                         net (fo=14, routed)          1.003     8.948    u_spi_comm/u_spi/u_spi_cmd_data/u_spi_reg_buf/D[24]
    SLICE_X5Y102         FDCE                                         r  u_spi_comm/u_spi/u_spi_cmd_data/u_spi_reg_buf/reg_file_reg[4][24]/D
  -------------------------------------------------------------------    -------------------

                         (clock clk_100MHz rise edge)
                                                     10.000    10.000 r  
    W19                                               0.000    10.000 r  clk (IN)
                         net (fo=0)                   0.000    10.000    clk
    W19                  IBUF (Prop_ibuf_I_O)         1.416    11.416 r  clk_IBUF_inst/O
                         net (fo=1, routed)           1.620    13.036    clk_IBUF
    BUFGCTRL_X0Y0        BUFG (Prop_bufg_I_O)         0.077    13.113 r  clk_IBUF_BUFG_inst/O
                         net (fo=885, routed)         1.331    14.445    u_spi_comm/u_spi/u_spi_cmd_data/u_spi_reg_buf/CLK
    SLICE_X5Y102         FDCE                                         r  u_spi_comm/u_spi/u_spi_cmd_data/u_spi_reg_buf/reg_file_reg[4][24]/C
                         clock pessimism              0.159    14.604    
                         clock uncertainty           -0.035    14.568    
    SLICE_X5Y102         FDCE (Setup_fdce_C_D)       -0.059    14.509    u_spi_comm/u_spi/u_spi_cmd_data/u_spi_reg_buf/reg_file_reg[4][24]
  -------------------------------------------------------------------
                         required time                         14.509    
                         arrival time                          -8.948    
  -------------------------------------------------------------------
                         slack                                  5.561    





Min Delay Paths
--------------------------------------------------------------------------------------
Slack (MET) :             0.043ns  (arrival time - required time)
  Source:                 reg_data1_reg[28]/C
                            (rising edge-triggered cell FDCE clocked by clk_100MHz  {rise@0.000ns fall@5.000ns period=10.000ns})
  Destination:            u_spi_comm/write_reg_1_reg[28]/D
                            (rising edge-triggered cell FDCE clocked by clk_100MHz  {rise@0.000ns fall@5.000ns period=10.000ns})
  Path Group:             clk_100MHz
  Path Type:              Hold (Min at Fast Process Corner)
  Requirement:            0.000ns  (clk_100MHz rise@0.000ns - clk_100MHz rise@0.000ns)
  Data Path Delay:        0.329ns  (logic 0.128ns (38.899%)  route 0.201ns (61.101%))
  Logic Levels:           0  
  Clock Path Skew:        0.269ns (DCD - SCD - CPR)
    Destination Clock Delay (DCD):    2.074ns
    Source Clock Delay      (SCD):    1.559ns
    Clock Pessimism Removal (CPR):    0.246ns

    Location             Delay type                Incr(ns)  Path(ns)    Netlist Resource(s)
  -------------------------------------------------------------------    -------------------
                         (clock clk_100MHz rise edge)
                                                      0.000     0.000 r  
    W19                                               0.000     0.000 r  clk (IN)
                         net (fo=0)                   0.000     0.000    clk
    W19                  IBUF (Prop_ibuf_I_O)         0.319     0.319 r  clk_IBUF_inst/O
                         net (fo=1, routed)           0.640     0.959    clk_IBUF
    BUFGCTRL_X0Y0        BUFG (Prop_bufg_I_O)         0.026     0.985 r  clk_IBUF_BUFG_inst/O
                         net (fo=885, routed)         0.574     1.559    clk_IBUF_BUFG
    SLICE_X11Y99         FDCE                                         r  reg_data1_reg[28]/C
  -------------------------------------------------------------------    -------------------
    SLICE_X11Y99         FDCE (Prop_fdce_C_Q)         0.128     1.687 r  reg_data1_reg[28]/Q
                         net (fo=1, routed)           0.201     1.888    u_spi_comm/reg_data1[28]
    SLICE_X11Y100        FDCE                                         r  u_spi_comm/write_reg_1_reg[28]/D
  -------------------------------------------------------------------    -------------------

                         (clock clk_100MHz rise edge)
                                                      0.000     0.000 r  
    W19                                               0.000     0.000 r  clk (IN)
                         net (fo=0)                   0.000     0.000    clk
    W19                  IBUF (Prop_ibuf_I_O)         0.508     0.508 r  clk_IBUF_inst/O
                         net (fo=1, routed)           0.695     1.202    clk_IBUF
    BUFGCTRL_X0Y0        BUFG (Prop_bufg_I_O)         0.029     1.231 r  clk_IBUF_BUFG_inst/O
                         net (fo=885, routed)         0.843     2.074    u_spi_comm/CLK
    SLICE_X11Y100        FDCE                                         r  u_spi_comm/write_reg_1_reg[28]/C
                         clock pessimism             -0.246     1.828    
    SLICE_X11Y100        FDCE (Hold_fdce_C_D)         0.017     1.845    u_spi_comm/write_reg_1_reg[28]
  -------------------------------------------------------------------
                         required time                         -1.845    
                         arrival time                           1.888    
  -------------------------------------------------------------------
                         slack                                  0.043    

Slack (MET) :             0.064ns  (arrival time - required time)
  Source:                 reg_data2_reg[28]/C
                            (rising edge-triggered cell FDCE clocked by clk_100MHz  {rise@0.000ns fall@5.000ns period=10.000ns})
  Destination:            u_spi_comm/write_reg_2_reg[28]/D
                            (rising edge-triggered cell FDCE clocked by clk_100MHz  {rise@0.000ns fall@5.000ns period=10.000ns})
  Path Group:             clk_100MHz
  Path Type:              Hold (Min at Fast Process Corner)
  Requirement:            0.000ns  (clk_100MHz rise@0.000ns - clk_100MHz rise@0.000ns)
  Data Path Delay:        0.344ns  (logic 0.128ns (37.185%)  route 0.216ns (62.815%))
  Logic Levels:           0  
  Clock Path Skew:        0.269ns (DCD - SCD - CPR)
    Destination Clock Delay (DCD):    2.074ns
    Source Clock Delay      (SCD):    1.559ns
    Clock Pessimism Removal (CPR):    0.246ns

    Location             Delay type                Incr(ns)  Path(ns)    Netlist Resource(s)
  -------------------------------------------------------------------    -------------------
                         (clock clk_100MHz rise edge)
                                                      0.000     0.000 r  
    W19                                               0.000     0.000 r  clk (IN)
                         net (fo=0)                   0.000     0.000    clk
    W19                  IBUF (Prop_ibuf_I_O)         0.319     0.319 r  clk_IBUF_inst/O
                         net (fo=1, routed)           0.640     0.959    clk_IBUF
    BUFGCTRL_X0Y0        BUFG (Prop_bufg_I_O)         0.026     0.985 r  clk_IBUF_BUFG_inst/O
                         net (fo=885, routed)         0.574     1.559    clk_IBUF_BUFG
    SLICE_X11Y99         FDCE                                         r  reg_data2_reg[28]/C
  -------------------------------------------------------------------    -------------------
    SLICE_X11Y99         FDCE (Prop_fdce_C_Q)         0.128     1.687 r  reg_data2_reg[28]/Q
                         net (fo=1, routed)           0.216     1.903    u_spi_comm/reg_data2[28]
    SLICE_X14Y100        FDCE                                         r  u_spi_comm/write_reg_2_reg[28]/D
  -------------------------------------------------------------------    -------------------

                         (clock clk_100MHz rise edge)
                                                      0.000     0.000 r  
    W19                                               0.000     0.000 r  clk (IN)
                         net (fo=0)                   0.000     0.000    clk
    W19                  IBUF (Prop_ibuf_I_O)         0.508     0.508 r  clk_IBUF_inst/O
                         net (fo=1, routed)           0.695     1.202    clk_IBUF
    BUFGCTRL_X0Y0        BUFG (Prop_bufg_I_O)         0.029     1.231 r  clk_IBUF_BUFG_inst/O
                         net (fo=885, routed)         0.843     2.074    u_spi_comm/CLK
    SLICE_X14Y100        FDCE                                         r  u_spi_comm/write_reg_2_reg[28]/C
                         clock pessimism             -0.246     1.828    
    SLICE_X14Y100        FDCE (Hold_fdce_C_D)         0.011     1.839    u_spi_comm/write_reg_2_reg[28]
  -------------------------------------------------------------------
                         required time                         -1.839    
                         arrival time                           1.903    
  -------------------------------------------------------------------
                         slack                                  0.064    

Slack (MET) :             0.083ns  (arrival time - required time)
  Source:                 u_ch9350_parser/data_buffer_reg[31]/C
                            (rising edge-triggered cell FDCE clocked by clk_100MHz  {rise@0.000ns fall@5.000ns period=10.000ns})
  Destination:            reg_data1_reg[23]/D
                            (rising edge-triggered cell FDCE clocked by clk_100MHz  {rise@0.000ns fall@5.000ns period=10.000ns})
  Path Group:             clk_100MHz
  Path Type:              Hold (Min at Fast Process Corner)
  Requirement:            0.000ns  (clk_100MHz rise@0.000ns - clk_100MHz rise@0.000ns)
  Data Path Delay:        0.373ns  (logic 0.148ns (39.668%)  route 0.225ns (60.332%))
  Logic Levels:           0  
  Clock Path Skew:        0.273ns (DCD - SCD - CPR)
    Destination Clock Delay (DCD):    2.076ns
    Source Clock Delay      (SCD):    1.557ns
    Clock Pessimism Removal (CPR):    0.246ns

    Location             Delay type                Incr(ns)  Path(ns)    Netlist Resource(s)
  -------------------------------------------------------------------    -------------------
                         (clock clk_100MHz rise edge)
                                                      0.000     0.000 r  
    W19                                               0.000     0.000 r  clk (IN)
                         net (fo=0)                   0.000     0.000    clk
    W19                  IBUF (Prop_ibuf_I_O)         0.319     0.319 r  clk_IBUF_inst/O
                         net (fo=1, routed)           0.640     0.959    clk_IBUF
    BUFGCTRL_X0Y0        BUFG (Prop_bufg_I_O)         0.026     0.985 r  clk_IBUF_BUFG_inst/O
                         net (fo=885, routed)         0.572     1.557    u_ch9350_parser/CLK
    SLICE_X12Y101        FDCE                                         r  u_ch9350_parser/data_buffer_reg[31]/C
  -------------------------------------------------------------------    -------------------
    SLICE_X12Y101        FDCE (Prop_fdce_C_Q)         0.148     1.705 r  u_ch9350_parser/data_buffer_reg[31]/Q
                         net (fo=1, routed)           0.225     1.930    data_buffer[31]
    SLICE_X11Y97         FDCE                                         r  reg_data1_reg[23]/D
  -------------------------------------------------------------------    -------------------

                         (clock clk_100MHz rise edge)
                                                      0.000     0.000 r  
    W19                                               0.000     0.000 r  clk (IN)
                         net (fo=0)                   0.000     0.000    clk
    W19                  IBUF (Prop_ibuf_I_O)         0.508     0.508 r  clk_IBUF_inst/O
                         net (fo=1, routed)           0.695     1.202    clk_IBUF
    BUFGCTRL_X0Y0        BUFG (Prop_bufg_I_O)         0.029     1.231 r  clk_IBUF_BUFG_inst/O
                         net (fo=885, routed)         0.845     2.076    clk_IBUF_BUFG
    SLICE_X11Y97         FDCE                                         r  reg_data1_reg[23]/C
                         clock pessimism             -0.246     1.830    
    SLICE_X11Y97         FDCE (Hold_fdce_C_D)         0.017     1.847    reg_data1_reg[23]
  -------------------------------------------------------------------
                         required time                         -1.847    
                         arrival time                           1.930    
  -------------------------------------------------------------------
                         slack                                  0.083    

Slack (MET) :             0.084ns  (arrival time - required time)
  Source:                 reg_data2_reg[26]/C
                            (rising edge-triggered cell FDCE clocked by clk_100MHz  {rise@0.000ns fall@5.000ns period=10.000ns})
  Destination:            u_spi_comm/write_reg_2_reg[26]/D
                            (rising edge-triggered cell FDCE clocked by clk_100MHz  {rise@0.000ns fall@5.000ns period=10.000ns})
  Path Group:             clk_100MHz
  Path Type:              Hold (Min at Fast Process Corner)
  Requirement:            0.000ns  (clk_100MHz rise@0.000ns - clk_100MHz rise@0.000ns)
  Data Path Delay:        0.376ns  (logic 0.148ns (39.380%)  route 0.228ns (60.620%))
  Logic Levels:           0  
  Clock Path Skew:        0.269ns (DCD - SCD - CPR)
    Destination Clock Delay (DCD):    2.074ns
    Source Clock Delay      (SCD):    1.559ns
    Clock Pessimism Removal (CPR):    0.246ns

    Location             Delay type                Incr(ns)  Path(ns)    Netlist Resource(s)
  -------------------------------------------------------------------    -------------------
                         (clock clk_100MHz rise edge)
                                                      0.000     0.000 r  
    W19                                               0.000     0.000 r  clk (IN)
                         net (fo=0)                   0.000     0.000    clk
    W19                  IBUF (Prop_ibuf_I_O)         0.319     0.319 r  clk_IBUF_inst/O
                         net (fo=1, routed)           0.640     0.959    clk_IBUF
    BUFGCTRL_X0Y0        BUFG (Prop_bufg_I_O)         0.026     0.985 r  clk_IBUF_BUFG_inst/O
                         net (fo=885, routed)         0.574     1.559    clk_IBUF_BUFG
    SLICE_X12Y98         FDCE                                         r  reg_data2_reg[26]/C
  -------------------------------------------------------------------    -------------------
    SLICE_X12Y98         FDCE (Prop_fdce_C_Q)         0.148     1.707 r  reg_data2_reg[26]/Q
                         net (fo=1, routed)           0.228     1.935    u_spi_comm/reg_data2[26]
    SLICE_X11Y100        FDCE                                         r  u_spi_comm/write_reg_2_reg[26]/D
  -------------------------------------------------------------------    -------------------

                         (clock clk_100MHz rise edge)
                                                      0.000     0.000 r  
    W19                                               0.000     0.000 r  clk (IN)
                         net (fo=0)                   0.000     0.000    clk
    W19                  IBUF (Prop_ibuf_I_O)         0.508     0.508 r  clk_IBUF_inst/O
                         net (fo=1, routed)           0.695     1.202    clk_IBUF
    BUFGCTRL_X0Y0        BUFG (Prop_bufg_I_O)         0.029     1.231 r  clk_IBUF_BUFG_inst/O
                         net (fo=885, routed)         0.843     2.074    u_spi_comm/CLK
    SLICE_X11Y100        FDCE                                         r  u_spi_comm/write_reg_2_reg[26]/C
                         clock pessimism             -0.246     1.828    
    SLICE_X11Y100        FDCE (Hold_fdce_C_D)         0.023     1.851    u_spi_comm/write_reg_2_reg[26]
  -------------------------------------------------------------------
                         required time                         -1.851    
                         arrival time                           1.935    
  -------------------------------------------------------------------
                         slack                                  0.084    

Slack (MET) :             0.102ns  (arrival time - required time)
  Source:                 u_ch9350_parser/data_buffer_reg[30]/C
                            (rising edge-triggered cell FDCE clocked by clk_100MHz  {rise@0.000ns fall@5.000ns period=10.000ns})
  Destination:            reg_data1_reg[22]/D
                            (rising edge-triggered cell FDCE clocked by clk_100MHz  {rise@0.000ns fall@5.000ns period=10.000ns})
  Path Group:             clk_100MHz
  Path Type:              Hold (Min at Fast Process Corner)
  Requirement:            0.000ns  (clk_100MHz rise@0.000ns - clk_100MHz rise@0.000ns)
  Data Path Delay:        0.422ns  (logic 0.164ns (38.834%)  route 0.258ns (61.166%))
  Logic Levels:           0  
  Clock Path Skew:        0.273ns (DCD - SCD - CPR)
    Destination Clock Delay (DCD):    2.076ns
    Source Clock Delay      (SCD):    1.557ns
    Clock Pessimism Removal (CPR):    0.246ns

    Location             Delay type                Incr(ns)  Path(ns)    Netlist Resource(s)
  -------------------------------------------------------------------    -------------------
                         (clock clk_100MHz rise edge)
                                                      0.000     0.000 r  
    W19                                               0.000     0.000 r  clk (IN)
                         net (fo=0)                   0.000     0.000    clk
    W19                  IBUF (Prop_ibuf_I_O)         0.319     0.319 r  clk_IBUF_inst/O
                         net (fo=1, routed)           0.640     0.959    clk_IBUF
    BUFGCTRL_X0Y0        BUFG (Prop_bufg_I_O)         0.026     0.985 r  clk_IBUF_BUFG_inst/O
                         net (fo=885, routed)         0.572     1.557    u_ch9350_parser/CLK
    SLICE_X12Y101        FDCE                                         r  u_ch9350_parser/data_buffer_reg[30]/C
  -------------------------------------------------------------------    -------------------
    SLICE_X12Y101        FDCE (Prop_fdce_C_Q)         0.164     1.721 r  u_ch9350_parser/data_buffer_reg[30]/Q
                         net (fo=1, routed)           0.258     1.979    data_buffer[30]
    SLICE_X11Y97         FDCE                                         r  reg_data1_reg[22]/D
  -------------------------------------------------------------------    -------------------

                         (clock clk_100MHz rise edge)
                                                      0.000     0.000 r  
    W19                                               0.000     0.000 r  clk (IN)
                         net (fo=0)                   0.000     0.000    clk
    W19                  IBUF (Prop_ibuf_I_O)         0.508     0.508 r  clk_IBUF_inst/O
                         net (fo=1, routed)           0.695     1.202    clk_IBUF
    BUFGCTRL_X0Y0        BUFG (Prop_bufg_I_O)         0.029     1.231 r  clk_IBUF_BUFG_inst/O
                         net (fo=885, routed)         0.845     2.076    clk_IBUF_BUFG
    SLICE_X11Y97         FDCE                                         r  reg_data1_reg[22]/C
                         clock pessimism             -0.246     1.830    
    SLICE_X11Y97         FDCE (Hold_fdce_C_D)         0.047     1.877    reg_data1_reg[22]
  -------------------------------------------------------------------
                         required time                         -1.877    
                         arrival time                           1.979    
  -------------------------------------------------------------------
                         slack                                  0.102    

Slack (MET) :             0.107ns  (arrival time - required time)
  Source:                 u_ch9350_parser/data_buffer_reg[27]/C
                            (rising edge-triggered cell FDCE clocked by clk_100MHz  {rise@0.000ns fall@5.000ns period=10.000ns})
  Destination:            reg_data1_reg[19]/D
                            (rising edge-triggered cell FDCE clocked by clk_100MHz  {rise@0.000ns fall@5.000ns period=10.000ns})
  Path Group:             clk_100MHz
  Path Type:              Hold (Min at Fast Process Corner)
  Requirement:            0.000ns  (clk_100MHz rise@0.000ns - clk_100MHz rise@0.000ns)
  Data Path Delay:        0.426ns  (logic 0.164ns (38.485%)  route 0.262ns (61.515%))
  Logic Levels:           0  
  Clock Path Skew:        0.273ns (DCD - SCD - CPR)
    Destination Clock Delay (DCD):    2.076ns
    Source Clock Delay      (SCD):    1.557ns
    Clock Pessimism Removal (CPR):    0.246ns

    Location             Delay type                Incr(ns)  Path(ns)    Netlist Resource(s)
  -------------------------------------------------------------------    -------------------
                         (clock clk_100MHz rise edge)
                                                      0.000     0.000 r  
    W19                                               0.000     0.000 r  clk (IN)
                         net (fo=0)                   0.000     0.000    clk
    W19                  IBUF (Prop_ibuf_I_O)         0.319     0.319 r  clk_IBUF_inst/O
                         net (fo=1, routed)           0.640     0.959    clk_IBUF
    BUFGCTRL_X0Y0        BUFG (Prop_bufg_I_O)         0.026     0.985 r  clk_IBUF_BUFG_inst/O
                         net (fo=885, routed)         0.572     1.557    u_ch9350_parser/CLK
    SLICE_X12Y101        FDCE                                         r  u_ch9350_parser/data_buffer_reg[27]/C
  -------------------------------------------------------------------    -------------------
    SLICE_X12Y101        FDCE (Prop_fdce_C_Q)         0.164     1.721 r  u_ch9350_parser/data_buffer_reg[27]/Q
                         net (fo=1, routed)           0.262     1.983    data_buffer[27]
    SLICE_X11Y97         FDCE                                         r  reg_data1_reg[19]/D
  -------------------------------------------------------------------    -------------------

                         (clock clk_100MHz rise edge)
                                                      0.000     0.000 r  
    W19                                               0.000     0.000 r  clk (IN)
                         net (fo=0)                   0.000     0.000    clk
    W19                  IBUF (Prop_ibuf_I_O)         0.508     0.508 r  clk_IBUF_inst/O
                         net (fo=1, routed)           0.695     1.202    clk_IBUF
    BUFGCTRL_X0Y0        BUFG (Prop_bufg_I_O)         0.029     1.231 r  clk_IBUF_BUFG_inst/O
                         net (fo=885, routed)         0.845     2.076    clk_IBUF_BUFG
    SLICE_X11Y97         FDCE                                         r  reg_data1_reg[19]/C
                         clock pessimism             -0.246     1.830    
    SLICE_X11Y97         FDCE (Hold_fdce_C_D)         0.046     1.876    reg_data1_reg[19]
  -------------------------------------------------------------------
                         required time                         -1.876    
                         arrival time                           1.983    
  -------------------------------------------------------------------
                         slack                                  0.107    

Slack (MET) :             0.108ns  (arrival time - required time)
  Source:                 u_spi_comm/u_spi/u_spi_cmd_data/u_spi_data_channel/dout_reg_reg[25]/C
                            (rising edge-triggered cell FDCE clocked by clk_100MHz  {rise@0.000ns fall@5.000ns period=10.000ns})
  Destination:            u_spi_comm/u_spi/u_spi_cmd_data/u_spi_reg_buf/reg_file_reg[1][25]/D
                            (rising edge-triggered cell FDCE clocked by clk_100MHz  {rise@0.000ns fall@5.000ns period=10.000ns})
  Path Group:             clk_100MHz
  Path Type:              Hold (Min at Fast Process Corner)
  Requirement:            0.000ns  (clk_100MHz rise@0.000ns - clk_100MHz rise@0.000ns)
  Data Path Delay:        0.469ns  (logic 0.209ns (44.559%)  route 0.260ns (55.441%))
  Logic Levels:           1  (LUT3=1)
  Clock Path Skew:        0.269ns (DCD - SCD - CPR)
    Destination Clock Delay (DCD):    2.074ns
    Source Clock Delay      (SCD):    1.559ns
    Clock Pessimism Removal (CPR):    0.246ns

    Location             Delay type                Incr(ns)  Path(ns)    Netlist Resource(s)
  -------------------------------------------------------------------    -------------------
                         (clock clk_100MHz rise edge)
                                                      0.000     0.000 r  
    W19                                               0.000     0.000 r  clk (IN)
                         net (fo=0)                   0.000     0.000    clk
    W19                  IBUF (Prop_ibuf_I_O)         0.319     0.319 r  clk_IBUF_inst/O
                         net (fo=1, routed)           0.640     0.959    clk_IBUF
    BUFGCTRL_X0Y0        BUFG (Prop_bufg_I_O)         0.026     0.985 r  clk_IBUF_BUFG_inst/O
                         net (fo=885, routed)         0.574     1.559    u_spi_comm/u_spi/u_spi_cmd_data/u_spi_data_channel/CLK
    SLICE_X8Y97          FDCE                                         r  u_spi_comm/u_spi/u_spi_cmd_data/u_spi_data_channel/dout_reg_reg[25]/C
  -------------------------------------------------------------------    -------------------
    SLICE_X8Y97          FDCE (Prop_fdce_C_Q)         0.164     1.723 r  u_spi_comm/u_spi/u_spi_cmd_data/u_spi_data_channel/dout_reg_reg[25]/Q
                         net (fo=3, routed)           0.260     1.983    u_spi_comm/u_spi/u_spi_cmd_data/u_spi_data_channel/dout_reg_reg_n_0_[25]
    SLICE_X9Y100         LUT3 (Prop_lut3_I0_O)        0.045     2.028 r  u_spi_comm/u_spi/u_spi_cmd_data/u_spi_data_channel/reg_file[1][25]_i_1/O
                         net (fo=1, routed)           0.000     2.028    u_spi_comm/u_spi/u_spi_cmd_data/u_spi_reg_buf/reg_file_reg[1][31]_0[25]
    SLICE_X9Y100         FDCE                                         r  u_spi_comm/u_spi/u_spi_cmd_data/u_spi_reg_buf/reg_file_reg[1][25]/D
  -------------------------------------------------------------------    -------------------

                         (clock clk_100MHz rise edge)
                                                      0.000     0.000 r  
    W19                                               0.000     0.000 r  clk (IN)
                         net (fo=0)                   0.000     0.000    clk
    W19                  IBUF (Prop_ibuf_I_O)         0.508     0.508 r  clk_IBUF_inst/O
                         net (fo=1, routed)           0.695     1.202    clk_IBUF
    BUFGCTRL_X0Y0        BUFG (Prop_bufg_I_O)         0.029     1.231 r  clk_IBUF_BUFG_inst/O
                         net (fo=885, routed)         0.843     2.074    u_spi_comm/u_spi/u_spi_cmd_data/u_spi_reg_buf/CLK
    SLICE_X9Y100         FDCE                                         r  u_spi_comm/u_spi/u_spi_cmd_data/u_spi_reg_buf/reg_file_reg[1][25]/C
                         clock pessimism             -0.246     1.828    
    SLICE_X9Y100         FDCE (Hold_fdce_C_D)         0.092     1.920    u_spi_comm/u_spi/u_spi_cmd_data/u_spi_reg_buf/reg_file_reg[1][25]
  -------------------------------------------------------------------
                         required time                         -1.920    
                         arrival time                           2.028    
  -------------------------------------------------------------------
                         slack                                  0.108    

Slack (MET) :             0.108ns  (arrival time - required time)
  Source:                 u_ch9350_parser/opcode_reg[2]/C
                            (rising edge-triggered cell FDRE clocked by clk_100MHz  {rise@0.000ns fall@5.000ns period=10.000ns})
  Destination:            reg_data0_reg[8]/D
                            (rising edge-triggered cell FDCE clocked by clk_100MHz  {rise@0.000ns fall@5.000ns period=10.000ns})
  Path Group:             clk_100MHz
  Path Type:              Hold (Min at Fast Process Corner)
  Requirement:            0.000ns  (clk_100MHz rise@0.000ns - clk_100MHz rise@0.000ns)
  Data Path Delay:        0.241ns  (logic 0.186ns (77.036%)  route 0.055ns (22.964%))
  Logic Levels:           1  (LUT5=1)
  Clock Path Skew:        0.013ns (DCD - SCD - CPR)
    Destination Clock Delay (DCD):    2.076ns
    Source Clock Delay      (SCD):    1.559ns
    Clock Pessimism Removal (CPR):    0.504ns

    Location             Delay type                Incr(ns)  Path(ns)    Netlist Resource(s)
  -------------------------------------------------------------------    -------------------
                         (clock clk_100MHz rise edge)
                                                      0.000     0.000 r  
    W19                                               0.000     0.000 r  clk (IN)
                         net (fo=0)                   0.000     0.000    clk
    W19                  IBUF (Prop_ibuf_I_O)         0.319     0.319 r  clk_IBUF_inst/O
                         net (fo=1, routed)           0.640     0.959    clk_IBUF
    BUFGCTRL_X0Y0        BUFG (Prop_bufg_I_O)         0.026     0.985 r  clk_IBUF_BUFG_inst/O
                         net (fo=885, routed)         0.574     1.559    u_ch9350_parser/CLK
    SLICE_X13Y98         FDRE                                         r  u_ch9350_parser/opcode_reg[2]/C
  -------------------------------------------------------------------    -------------------
    SLICE_X13Y98         FDRE (Prop_fdre_C_Q)         0.141     1.700 r  u_ch9350_parser/opcode_reg[2]/Q
                         net (fo=1, routed)           0.055     1.755    u_ch9350_parser/opcode_reg_n_0_[2]
    SLICE_X12Y98         LUT5 (Prop_lut5_I1_O)        0.045     1.800 r  u_ch9350_parser/reg_data0[8]_i_1/O
                         net (fo=1, routed)           0.000     1.800    kb_mouse_data[8]
    SLICE_X12Y98         FDCE                                         r  reg_data0_reg[8]/D
  -------------------------------------------------------------------    -------------------

                         (clock clk_100MHz rise edge)
                                                      0.000     0.000 r  
    W19                                               0.000     0.000 r  clk (IN)
                         net (fo=0)                   0.000     0.000    clk
    W19                  IBUF (Prop_ibuf_I_O)         0.508     0.508 r  clk_IBUF_inst/O
                         net (fo=1, routed)           0.695     1.202    clk_IBUF
    BUFGCTRL_X0Y0        BUFG (Prop_bufg_I_O)         0.029     1.231 r  clk_IBUF_BUFG_inst/O
                         net (fo=885, routed)         0.845     2.076    clk_IBUF_BUFG
    SLICE_X12Y98         FDCE                                         r  reg_data0_reg[8]/C
                         clock pessimism             -0.504     1.572    
    SLICE_X12Y98         FDCE (Hold_fdce_C_D)         0.120     1.692    reg_data0_reg[8]
  -------------------------------------------------------------------
                         required time                         -1.692    
                         arrival time                           1.800    
  -------------------------------------------------------------------
                         slack                                  0.108    

Slack (MET) :             0.114ns  (arrival time - required time)
  Source:                 u_uart_rx/rx_byte_reg[3]/C
                            (rising edge-triggered cell FDCE clocked by clk_100MHz  {rise@0.000ns fall@5.000ns period=10.000ns})
  Destination:            u_ch9350_parser/data_buffer_reg[51]/D
                            (rising edge-triggered cell FDCE clocked by clk_100MHz  {rise@0.000ns fall@5.000ns period=10.000ns})
  Path Group:             clk_100MHz
  Path Type:              Hold (Min at Fast Process Corner)
  Requirement:            0.000ns  (clk_100MHz rise@0.000ns - clk_100MHz rise@0.000ns)
  Data Path Delay:        0.463ns  (logic 0.164ns (35.416%)  route 0.299ns (64.584%))
  Logic Levels:           0  
  Clock Path Skew:        0.273ns (DCD - SCD - CPR)
    Destination Clock Delay (DCD):    2.076ns
    Source Clock Delay      (SCD):    1.557ns
    Clock Pessimism Removal (CPR):    0.246ns

    Location             Delay type                Incr(ns)  Path(ns)    Netlist Resource(s)
  -------------------------------------------------------------------    -------------------
                         (clock clk_100MHz rise edge)
                                                      0.000     0.000 r  
    W19                                               0.000     0.000 r  clk (IN)
                         net (fo=0)                   0.000     0.000    clk
    W19                  IBUF (Prop_ibuf_I_O)         0.319     0.319 r  clk_IBUF_inst/O
                         net (fo=1, routed)           0.640     0.959    clk_IBUF
    BUFGCTRL_X0Y0        BUFG (Prop_bufg_I_O)         0.026     0.985 r  clk_IBUF_BUFG_inst/O
                         net (fo=885, routed)         0.572     1.557    u_uart_rx/CLK
    SLICE_X14Y101        FDCE                                         r  u_uart_rx/rx_byte_reg[3]/C
  -------------------------------------------------------------------    -------------------
    SLICE_X14Y101        FDCE (Prop_fdce_C_Q)         0.164     1.721 r  u_uart_rx/rx_byte_reg[3]/Q
                         net (fo=13, routed)          0.299     2.020    u_ch9350_parser/D[3]
    SLICE_X12Y99         FDCE                                         r  u_ch9350_parser/data_buffer_reg[51]/D
  -------------------------------------------------------------------    -------------------

                         (clock clk_100MHz rise edge)
                                                      0.000     0.000 r  
    W19                                               0.000     0.000 r  clk (IN)
                         net (fo=0)                   0.000     0.000    clk
    W19                  IBUF (Prop_ibuf_I_O)         0.508     0.508 r  clk_IBUF_inst/O
                         net (fo=1, routed)           0.695     1.202    clk_IBUF
    BUFGCTRL_X0Y0        BUFG (Prop_bufg_I_O)         0.029     1.231 r  clk_IBUF_BUFG_inst/O
                         net (fo=885, routed)         0.845     2.076    u_ch9350_parser/CLK
    SLICE_X12Y99         FDCE                                         r  u_ch9350_parser/data_buffer_reg[51]/C
                         clock pessimism             -0.246     1.830    
    SLICE_X12Y99         FDCE (Hold_fdce_C_D)         0.076     1.906    u_ch9350_parser/data_buffer_reg[51]
  -------------------------------------------------------------------
                         required time                         -1.906    
                         arrival time                           2.020    
  -------------------------------------------------------------------
                         slack                                  0.114    

Slack (MET) :             0.115ns  (arrival time - required time)
  Source:                 u_uart_rx/rx_byte_reg[1]/C
                            (rising edge-triggered cell FDCE clocked by clk_100MHz  {rise@0.000ns fall@5.000ns period=10.000ns})
  Destination:            u_ch9350_parser/data_buffer_reg[33]/D
                            (rising edge-triggered cell FDCE clocked by clk_100MHz  {rise@0.000ns fall@5.000ns period=10.000ns})
  Path Group:             clk_100MHz
  Path Type:              Hold (Min at Fast Process Corner)
  Requirement:            0.000ns  (clk_100MHz rise@0.000ns - clk_100MHz rise@0.000ns)
  Data Path Delay:        0.439ns  (logic 0.164ns (37.370%)  route 0.275ns (62.630%))
  Logic Levels:           0  
  Clock Path Skew:        0.272ns (DCD - SCD - CPR)
    Destination Clock Delay (DCD):    2.075ns
    Source Clock Delay      (SCD):    1.557ns
    Clock Pessimism Removal (CPR):    0.246ns

    Location             Delay type                Incr(ns)  Path(ns)    Netlist Resource(s)
  -------------------------------------------------------------------    -------------------
                         (clock clk_100MHz rise edge)
                                                      0.000     0.000 r  
    W19                                               0.000     0.000 r  clk (IN)
                         net (fo=0)                   0.000     0.000    clk
    W19                  IBUF (Prop_ibuf_I_O)         0.319     0.319 r  clk_IBUF_inst/O
                         net (fo=1, routed)           0.640     0.959    clk_IBUF
    BUFGCTRL_X0Y0        BUFG (Prop_bufg_I_O)         0.026     0.985 r  clk_IBUF_BUFG_inst/O
                         net (fo=885, routed)         0.572     1.557    u_uart_rx/CLK
    SLICE_X14Y100        FDCE                                         r  u_uart_rx/rx_byte_reg[1]/C
  -------------------------------------------------------------------    -------------------
    SLICE_X14Y100        FDCE (Prop_fdce_C_Q)         0.164     1.721 r  u_uart_rx/rx_byte_reg[1]/Q
                         net (fo=16, routed)          0.275     1.996    u_ch9350_parser/D[1]
    SLICE_X14Y93         FDCE                                         r  u_ch9350_parser/data_buffer_reg[33]/D
  -------------------------------------------------------------------    -------------------

                         (clock clk_100MHz rise edge)
                                                      0.000     0.000 r  
    W19                                               0.000     0.000 r  clk (IN)
                         net (fo=0)                   0.000     0.000    clk
    W19                  IBUF (Prop_ibuf_I_O)         0.508     0.508 r  clk_IBUF_inst/O
                         net (fo=1, routed)           0.695     1.202    clk_IBUF
    BUFGCTRL_X0Y0        BUFG (Prop_bufg_I_O)         0.029     1.231 r  clk_IBUF_BUFG_inst/O
                         net (fo=885, routed)         0.844     2.075    u_ch9350_parser/CLK
    SLICE_X14Y93         FDCE                                         r  u_ch9350_parser/data_buffer_reg[33]/C
                         clock pessimism             -0.246     1.829    
    SLICE_X14Y93         FDCE (Hold_fdce_C_D)         0.052     1.881    u_ch9350_parser/data_buffer_reg[33]
  -------------------------------------------------------------------
                         required time                         -1.881    
                         arrival time                           1.996    
  -------------------------------------------------------------------
                         slack                                  0.115    





Pulse Width Checks
--------------------------------------------------------------------------------------
Clock Name:         clk_100MHz
Waveform(ns):       { 0.000 5.000 }
Period(ns):         10.000
Sources:            { clk }

Check Type        Corner  Lib Pin  Reference Pin  Required(ns)  Actual(ns)  Slack(ns)  Location       Pin
Min Period        n/a     BUFG/I   n/a            1.592         10.000      8.408      BUFGCTRL_X0Y0  clk_IBUF_BUFG_inst/I
Min Period        n/a     FDCE/C   n/a            1.000         10.000      9.000      SLICE_X11Y92   reg_data0_reg[0]/C
Min Period        n/a     FDCE/C   n/a            1.000         10.000      9.000      SLICE_X12Y98   reg_data0_reg[8]/C
Min Period        n/a     FDCE/C   n/a            1.000         10.000      9.000      SLICE_X10Y93   reg_data1_reg[0]/C
Min Period        n/a     FDCE/C   n/a            1.000         10.000      9.000      SLICE_X10Y93   reg_data1_reg[10]/C
Min Period        n/a     FDCE/C   n/a            1.000         10.000      9.000      SLICE_X10Y95   reg_data1_reg[11]/C
Min Period        n/a     FDCE/C   n/a            1.000         10.000      9.000      SLICE_X10Y95   reg_data1_reg[12]/C
Min Period        n/a     FDCE/C   n/a            1.000         10.000      9.000      SLICE_X12Y93   reg_data1_reg[13]/C
Min Period        n/a     FDCE/C   n/a            1.000         10.000      9.000      SLICE_X11Y96   reg_data1_reg[14]/C
Min Period        n/a     FDCE/C   n/a            1.000         10.000      9.000      SLICE_X11Y96   reg_data1_reg[15]/C
Low Pulse Width   Slow    FDCE/C   n/a            0.500         5.000       4.500      SLICE_X4Y86    u_spi_comm/u_spi/u_spi_cmd_data/u_spi_reg_buf/reg_file_reg[12][10]/C
Low Pulse Width   Slow    FDCE/C   n/a            0.500         5.000       4.500      SLICE_X7Y86    u_spi_comm/u_spi/u_spi_cmd_data/u_spi_reg_buf/reg_file_reg[12][11]/C
Low Pulse Width   Slow    FDCE/C   n/a            0.500         5.000       4.500      SLICE_X7Y86    u_spi_comm/u_spi/u_spi_cmd_data/u_spi_reg_buf/reg_file_reg[12][12]/C
Low Pulse Width   Slow    FDCE/C   n/a            0.500         5.000       4.500      SLICE_X7Y86    u_spi_comm/u_spi/u_spi_cmd_data/u_spi_reg_buf/reg_file_reg[12][13]/C
Low Pulse Width   Slow    FDCE/C   n/a            0.500         5.000       4.500      SLICE_X4Y86    u_spi_comm/u_spi/u_spi_cmd_data/u_spi_reg_buf/reg_file_reg[12][5]/C
Low Pulse Width   Slow    FDCE/C   n/a            0.500         5.000       4.500      SLICE_X7Y86    u_spi_comm/u_spi/u_spi_cmd_data/u_spi_reg_buf/reg_file_reg[12][7]/C
Low Pulse Width   Slow    FDCE/C   n/a            0.500         5.000       4.500      SLICE_X4Y86    u_spi_comm/u_spi/u_spi_cmd_data/u_spi_reg_buf/reg_file_reg[12][9]/C
Low Pulse Width   Slow    FDCE/C   n/a            0.500         5.000       4.500      SLICE_X6Y86    u_spi_comm/u_spi/u_spi_cmd_data/u_spi_reg_buf/reg_file_reg[13][11]/C
Low Pulse Width   Slow    FDCE/C   n/a            0.500         5.000       4.500      SLICE_X5Y86    u_spi_comm/u_spi/u_spi_cmd_data/u_spi_reg_buf/reg_file_reg[11][12]/C
Low Pulse Width   Slow    FDCE/C   n/a            0.500         5.000       4.500      SLICE_X5Y86    u_spi_comm/u_spi/u_spi_cmd_data/u_spi_reg_buf/reg_file_reg[11][13]/C
High Pulse Width  Fast    FDCE/C   n/a            0.500         5.000       4.500      SLICE_X11Y92   reg_data0_reg[0]/C
High Pulse Width  Fast    FDCE/C   n/a            0.500         5.000       4.500      SLICE_X12Y98   reg_data0_reg[8]/C
High Pulse Width  Fast    FDCE/C   n/a            0.500         5.000       4.500      SLICE_X10Y93   reg_data1_reg[0]/C
High Pulse Width  Fast    FDCE/C   n/a            0.500         5.000       4.500      SLICE_X10Y93   reg_data1_reg[10]/C
High Pulse Width  Fast    FDCE/C   n/a            0.500         5.000       4.500      SLICE_X10Y95   reg_data1_reg[11]/C
High Pulse Width  Fast    FDCE/C   n/a            0.500         5.000       4.500      SLICE_X10Y95   reg_data1_reg[12]/C
High Pulse Width  Fast    FDCE/C   n/a            0.500         5.000       4.500      SLICE_X12Y93   reg_data1_reg[13]/C
High Pulse Width  Fast    FDCE/C   n/a            0.500         5.000       4.500      SLICE_X11Y96   reg_data1_reg[14]/C
High Pulse Width  Fast    FDCE/C   n/a            0.500         5.000       4.500      SLICE_X11Y96   reg_data1_reg[15]/C
High Pulse Width  Fast    FDCE/C   n/a            0.500         5.000       4.500      SLICE_X10Y96   reg_data1_reg[16]/C



