Copyright 1986-2018 Xilinx, Inc. All Rights Reserved.
-------------------------------------------------------------------------------------------
| Tool Version : Vivado v.2018.3 (win64) Build 2405991 Thu Dec  6 23:38:27 MST 2018
| Date         : Mon Apr 13 15:59:15 2026
| Host         : adsf running 64-bit major release  (build 9200)
| Command      : report_control_sets -verbose -file ch9350_spi_top_control_sets_placed.rpt
| Design       : ch9350_spi_top
| Device       : xc7a100t
-------------------------------------------------------------------------------------------

Control Set Information

Table of Contents
-----------------
1. Summary
2. Histogram
3. Flip-Flop Distribution
4. Detailed Control Set Information

1. Summary
----------

+----------------------------------------------------------+-------+
|                          Status                          | Count |
+----------------------------------------------------------+-------+
| Number of unique control sets                            |    91 |
| Unused register locations in slices containing registers |   323 |
+----------------------------------------------------------+-------+


2. Histogram
------------

+--------+--------------+
| Fanout | Control Sets |
+--------+--------------+
|      1 |           12 |
|      2 |           21 |
|      3 |            5 |
|      4 |            2 |
|      5 |            3 |
|      6 |            4 |
|      8 |            2 |
|      9 |            1 |
|     13 |            4 |
|     14 |            8 |
|     15 |           12 |
|    16+ |           17 |
+--------+--------------+


3. Flip-Flop Distribution
-------------------------

+--------------+-----------------------+------------------------+-----------------+--------------+
| Clock Enable | Synchronous Set/Reset | Asynchronous Set/Reset | Total Registers | Total Slices |
+--------------+-----------------------+------------------------+-----------------+--------------+
| No           | No                    | No                     |               2 |            1 |
| No           | No                    | Yes                    |             104 |           26 |
| No           | Yes                   | No                     |               0 |            0 |
| Yes          | No                    | No                     |               8 |            1 |
| Yes          | No                    | Yes                    |             771 |          218 |
| Yes          | Yes                   | No                     |               0 |            0 |
+--------------+-----------------------+------------------------+-----------------+--------------+


4. Detailed Control Set Information
-----------------------------------

+----------------+-------------------------------------------------------------------------------+-----------------------------------------------------------------------+------------------+----------------+
|  Clock Signal  |                                 Enable Signal                                 |                            Set/Reset Signal                           | Slice Load Count | Bel Load Count |
+----------------+-------------------------------------------------------------------------------+-----------------------------------------------------------------------+------------------+----------------+
|  clk_IBUF_BUFG | u_spi_comm/u_spi/u_spi_cmd_data/u_spi_data_channel/Shift_Reg_DOUT[31]_i_1_n_0 | u_spi_comm/u_spi/u_spi_cmd_data/u_spi_cmd_channel/rst_n               |                1 |              1 |
|  clk_IBUF_BUFG | u_spi_comm/u_spi/u_spi_cmd_data/u_spi_data_channel/curr_ch_addr_reg[3]_1[0]   | u_spi_comm/u_spi/u_spi_cmd_data/u_spi_reg_buf/reg_file[0][0]_i_2_n_0  |                1 |              1 |
|  clk_IBUF_BUFG | u_spi_comm/u_spi/u_spi_cmd_data/u_spi_data_channel/curr_ch_addr_reg[3]_5[0]   | u_spi_comm/u_spi/u_spi_cmd_data/u_spi_reg_buf/reg_file[0][0]_i_2_n_0  |                1 |              1 |
|  clk_IBUF_BUFG | u_spi_comm/u_spi/u_spi_cmd_data/u_spi_data_channel/E[0]                       | u_spi_comm/u_spi/u_spi_cmd_data/u_spi_reg_buf/reg_file[0][0]_i_2_n_0  |                1 |              1 |
|  clk_IBUF_BUFG | u_spi_comm/u_spi/u_spi_cmd_data/u_spi_data_channel/curr_ch_addr_reg[3]_3[0]   | u_spi_comm/u_spi/u_spi_cmd_data/u_spi_reg_buf/reg_file[0][0]_i_2_n_0  |                1 |              1 |
|  clk_IBUF_BUFG | u_spi_comm/u_spi/u_spi_cmd_data/curr_ch_addr[3]_i_1_n_0                       | u_spi_comm/u_spi/u_spi_cmd_data/u_spi_data_channel/rst_n_0            |                1 |              1 |
|  clk_IBUF_BUFG | u_spi_comm/u_spi/u_spi_cmd_data/u_spi_cmd_channel/Shift_Reg_Din[0]_i_1_n_0    | u_spi_comm/u_spi/u_spi_cmd_data/u_spi_data_channel/rst_n_0            |                1 |              1 |
|  clk_IBUF_BUFG | u_spi_comm/u_spi/u_spi_cmd_data/u_spi_data_channel/curr_ch_addr_reg[3]_0[0]   | u_spi_comm/u_spi/u_spi_cmd_data/u_spi_reg_buf/reg_file[0][0]_i_2_n_0  |                1 |              1 |
|  clk_IBUF_BUFG | u_spi_comm/u_spi/u_spi_cmd_data/u_spi_data_channel/curr_ch_addr_reg[3]_9[0]   | u_spi_comm/u_spi/u_spi_cmd_data/u_spi_reg_buf/reg_file[0][0]_i_2_n_0  |                1 |              1 |
|  clk_IBUF_BUFG | u_spi_comm/u_spi/u_spi_cmd_data/u_spi_cmd_channel/spi_cs_pos_flag             | u_spi_comm/u_spi/u_spi_cmd_data/u_spi_data_channel/rst_n_0            |                1 |              1 |
|  clk_IBUF_BUFG | u_spi_comm/u_spi/u_spi_cmd_data/u_spi_data_channel/curr_ch_addr_reg[3][0]     | u_spi_comm/u_spi/u_spi_cmd_data/u_spi_reg_buf/reg_file[0][0]_i_2_n_0  |                1 |              1 |
|  clk_IBUF_BUFG | u_spi_comm/u_spi/u_spi_cmd_data/u_spi_data_channel/curr_ch_addr_reg[3]_7[0]   | u_spi_comm/u_spi/u_spi_cmd_data/u_spi_reg_buf/reg_file[0][0]_i_2_n_0  |                1 |              1 |
|  clk_IBUF_BUFG | u_spi_comm/u_spi/u_spi_cmd_data/u_spi_data_channel/curr_ch_addr_reg[3]_6[0]   | u_spi_comm/u_spi/u_spi_cmd_data/u_spi_reg_buf/reg_file[0][13]_i_2_n_0 |                1 |              2 |
|  clk_IBUF_BUFG | u_spi_comm/u_spi/u_spi_cmd_data/u_spi_data_channel/curr_ch_addr_reg[3]_3[0]   | u_spi_comm/u_spi/u_spi_cmd_data/u_spi_data_channel/rst_n              |                1 |              2 |
|  clk_IBUF_BUFG | u_spi_comm/u_spi/u_spi_cmd_data/u_spi_data_channel/curr_ch_addr_reg[3]_9[0]   | u_spi_comm/u_spi/u_spi_cmd_data/u_spi_data_channel/rst_n              |                1 |              2 |
|  clk_IBUF_BUFG | u_spi_comm/u_spi/u_spi_cmd_data/u_spi_data_channel/curr_ch_addr_reg[2]_2[0]   | u_spi_comm/u_spi/u_spi_cmd_data/u_spi_reg_buf/reg_file[0][13]_i_2_n_0 |                1 |              2 |
|  clk_IBUF_BUFG | u_spi_comm/u_spi/u_spi_cmd_data/u_spi_data_channel/curr_ch_addr_reg[2]_0[0]   | u_spi_comm/u_spi/u_spi_cmd_data/u_spi_reg_buf/reg_file[0][13]_i_2_n_0 |                1 |              2 |
|  clk_IBUF_BUFG | u_spi_comm/u_spi/u_spi_cmd_data/u_spi_data_channel/curr_ch_addr_reg[2]_1[0]   | u_spi_comm/u_spi/u_spi_cmd_data/u_spi_reg_buf/reg_file[0][13]_i_2_n_0 |                1 |              2 |
|  clk_IBUF_BUFG | u_ch9350_parser/p_0_in[23]                                                    | u_spi_comm/u_spi/u_spi_cmd_data/u_spi_data_channel/rst_n_0            |                1 |              2 |
|  clk_IBUF_BUFG |                                                                               |                                                                       |                1 |              2 |
|  clk_IBUF_BUFG | u_ch9350_parser/p_0_in[63]                                                    | u_spi_comm/u_spi/u_spi_cmd_data/u_spi_data_channel/rst_n_0            |                1 |              2 |
|  clk_IBUF_BUFG | u_spi_comm/u_spi/u_spi_cmd_data/u_spi_data_channel/curr_ch_addr_reg[3]_2[0]   | u_spi_comm/u_spi/u_spi_cmd_data/u_spi_reg_buf/reg_file[0][13]_i_2_n_0 |                1 |              2 |
|  clk_IBUF_BUFG | u_ch9350_parser/p_0_in[47]                                                    | u_spi_comm/u_spi/u_spi_cmd_data/u_spi_data_channel/rst_n_0            |                1 |              2 |
|  clk_IBUF_BUFG | u_ch9350_parser/p_0_in[55]                                                    | u_spi_comm/u_spi/u_spi_cmd_data/u_spi_data_channel/rst_n_0            |                1 |              2 |
|  clk_IBUF_BUFG | u_spi_comm/u_spi/u_spi_cmd_data/u_spi_data_channel/E[0]                       | u_spi_comm/u_spi/u_spi_cmd_data/u_spi_data_channel/rst_n              |                1 |              2 |
|  clk_IBUF_BUFG | u_spi_comm/u_spi/u_spi_cmd_data/u_spi_data_channel/curr_ch_addr_reg[3]_5[0]   | u_spi_comm/u_spi/u_spi_cmd_data/u_spi_data_channel/rst_n              |                1 |              2 |
|  clk_IBUF_BUFG | u_spi_comm/u_spi/u_spi_cmd_data/u_spi_data_channel/curr_ch_addr_reg[3]_7[0]   | u_spi_comm/u_spi/u_spi_cmd_data/u_spi_data_channel/rst_n              |                1 |              2 |
|  clk_IBUF_BUFG | u_spi_comm/u_spi/u_spi_cmd_data/u_spi_data_channel/curr_ch_addr_reg[3][0]     | u_spi_comm/u_spi/u_spi_cmd_data/u_spi_data_channel/rst_n              |                1 |              2 |
|  clk_IBUF_BUFG | u_spi_comm/u_spi/u_spi_cmd_data/u_spi_data_channel/curr_ch_addr_reg[3]_1[0]   | u_spi_comm/u_spi/u_spi_cmd_data/u_spi_data_channel/rst_n              |                1 |              2 |
|  clk_IBUF_BUFG | u_spi_comm/u_spi/u_spi_cmd_data/u_spi_data_channel/curr_ch_addr_reg[3]_4[0]   | u_spi_comm/u_spi/u_spi_cmd_data/u_spi_reg_buf/reg_file[0][13]_i_2_n_0 |                1 |              2 |
|  clk_IBUF_BUFG | u_spi_comm/u_spi/u_spi_cmd_data/u_spi_data_channel/curr_ch_addr_reg[3]_8[0]   | u_spi_comm/u_spi/u_spi_cmd_data/u_spi_reg_buf/reg_file[0][13]_i_2_n_0 |                1 |              2 |
|  clk_IBUF_BUFG | u_spi_comm/u_spi/u_spi_cmd_data/u_spi_data_channel/curr_ch_addr_reg[2][0]     | u_spi_comm/u_spi/u_spi_cmd_data/u_spi_reg_buf/reg_file[0][13]_i_2_n_0 |                1 |              2 |
|  clk_IBUF_BUFG | u_spi_comm/u_spi/u_spi_cmd_data/u_spi_data_channel/curr_ch_addr_reg[3]_0[0]   | u_spi_comm/u_spi/u_spi_cmd_data/u_spi_data_channel/rst_n              |                1 |              2 |
|  clk_IBUF_BUFG | u_ch9350_parser/p_0_in[39]                                                    | u_spi_comm/u_spi/u_spi_cmd_data/u_spi_data_channel/rst_n_0            |                1 |              3 |
|  clk_IBUF_BUFG | u_spi_comm/u_spi/u_spi_cmd_data/curr_ch_addr[3]_i_1_n_0                       | u_spi_comm/u_spi/u_spi_cmd_data/u_spi_cmd_channel/rst_n               |                1 |              3 |
|  clk_IBUF_BUFG | u_ch9350_parser/p_0_in[31]                                                    | u_spi_comm/u_spi/u_spi_cmd_data/u_spi_data_channel/rst_n_0            |                1 |              3 |
|  clk_IBUF_BUFG | u_spi_comm/u_spi/u_spi_cmd_data/u_spi_cmd_channel/spi_cs_pos_flag             | u_spi_comm/u_spi/u_spi_cmd_data/u_spi_cmd_channel/rst_n               |                1 |              3 |
|  clk_IBUF_BUFG | u_ch9350_parser/p_0_in[79]                                                    | u_spi_comm/u_spi/u_spi_cmd_data/u_spi_data_channel/rst_n_0            |                1 |              3 |
|  clk_IBUF_BUFG | u_ch9350_parser/data_cnt                                                      | u_spi_comm/u_spi/u_spi_cmd_data/u_spi_data_channel/rst_n              |                1 |              4 |
|  clk_IBUF_BUFG | u_uart_rx/bit_cnt                                                             | u_ch9350_parser/rst_n                                                 |                1 |              4 |
|  clk_IBUF_BUFG | u_ch9350_parser/p_0_in[31]                                                    | u_ch9350_parser/rst_n                                                 |                1 |              5 |
|  clk_IBUF_BUFG | u_ch9350_parser/p_0_in[39]                                                    | u_ch9350_parser/rst_n                                                 |                1 |              5 |
|  clk_IBUF_BUFG | u_ch9350_parser/p_0_in[79]                                                    | u_ch9350_parser/rst_n                                                 |                2 |              5 |
|  clk_IBUF_BUFG | u_ch9350_parser/p_0_in[47]                                                    | u_ch9350_parser/rst_n                                                 |                3 |              6 |
|  clk_IBUF_BUFG | u_ch9350_parser/p_0_in[23]                                                    | u_ch9350_parser/rst_n                                                 |                1 |              6 |
|  clk_IBUF_BUFG | u_ch9350_parser/p_0_in[63]                                                    | u_ch9350_parser/rst_n                                                 |                1 |              6 |
|  clk_IBUF_BUFG | u_ch9350_parser/p_0_in[55]                                                    | u_ch9350_parser/rst_n                                                 |                1 |              6 |
|  clk_IBUF_BUFG | u_ch9350_parser/opcode                                                        |                                                                       |                1 |              8 |
|  clk_IBUF_BUFG | u_ch9350_parser/p_0_in[71]                                                    | u_spi_comm/u_spi/u_spi_cmd_data/u_spi_data_channel/rst_n              |                3 |              8 |
|  clk_IBUF_BUFG | u_ch9350_parser/E[0]                                                          | u_spi_comm/u_spi/u_spi_cmd_data/u_spi_data_channel/rst_n              |                3 |              9 |
|  clk_IBUF_BUFG | u_spi_comm/u_spi/u_spi_cmd_data/u_spi_data_channel/E[0]                       | u_spi_comm/u_spi/u_spi_cmd_data/u_spi_reg_buf/reg_file[0][13]_i_2_n_0 |                3 |             13 |
|  clk_IBUF_BUFG | u_spi_comm/u_spi/u_spi_cmd_data/u_spi_data_channel/curr_ch_addr_reg[3][0]     | u_spi_comm/u_spi/u_spi_cmd_data/u_spi_reg_buf/reg_file[0][13]_i_2_n_0 |                2 |             13 |
|  clk_IBUF_BUFG | u_spi_comm/u_spi/u_spi_cmd_data/u_spi_data_channel/curr_ch_addr_reg[3]_1[0]   | u_spi_comm/u_spi/u_spi_cmd_data/u_spi_reg_buf/reg_file[0][13]_i_2_n_0 |                4 |             13 |
|  clk_IBUF_BUFG | u_spi_comm/u_spi/u_spi_cmd_data/u_spi_data_channel/curr_ch_addr_reg[3]_0[0]   | u_spi_comm/u_spi/u_spi_cmd_data/u_spi_reg_buf/reg_file[0][13]_i_2_n_0 |                3 |             13 |
|  clk_IBUF_BUFG | u_spi_comm/u_spi/u_spi_cmd_data/u_spi_data_channel/curr_ch_addr_reg[3]_7[0]   | u_spi_comm/u_spi/u_spi_cmd_data/u_spi_reg_buf/reg_file[0][13]_i_2_n_0 |                2 |             14 |
|  clk_IBUF_BUFG | u_spi_comm/u_spi/u_spi_cmd_data/u_spi_data_channel/curr_ch_addr_reg[2][0]     | u_spi_comm/u_spi/u_spi_cmd_data/u_spi_reg_buf/reg_file[0][0]_i_2_n_0  |                7 |             14 |
|  clk_IBUF_BUFG | u_spi_comm/u_spi/u_spi_cmd_data/u_spi_data_channel/curr_ch_addr_reg[3]_3[0]   | u_spi_comm/u_spi/u_spi_cmd_data/u_spi_reg_buf/reg_file[0][13]_i_2_n_0 |                4 |             14 |
|  clk_IBUF_BUFG | u_spi_comm/u_spi/u_spi_cmd_data/u_spi_data_channel/curr_ch_addr_reg[3]_9[0]   | u_spi_comm/u_spi/u_spi_cmd_data/u_spi_reg_buf/reg_file[0][13]_i_2_n_0 |                8 |             14 |
|  clk_IBUF_BUFG | u_spi_comm/u_spi/u_spi_cmd_data/u_spi_data_channel/curr_ch_addr_reg[2]_0[0]   | u_spi_comm/u_spi/u_spi_cmd_data/u_spi_reg_buf/reg_file[0][0]_i_2_n_0  |                3 |             14 |
|  clk_IBUF_BUFG | u_spi_comm/u_spi/u_spi_cmd_data/u_spi_data_channel/curr_ch_addr_reg[2]_2[0]   | u_spi_comm/u_spi/u_spi_cmd_data/u_spi_reg_buf/reg_file[0][0]_i_2_n_0  |                3 |             14 |
|  clk_IBUF_BUFG | u_spi_comm/u_spi/u_spi_cmd_data/u_spi_data_channel/curr_ch_addr_reg[3]_5[0]   | u_spi_comm/u_spi/u_spi_cmd_data/u_spi_reg_buf/reg_file[0][13]_i_2_n_0 |                2 |             14 |
|  clk_IBUF_BUFG | u_spi_comm/u_spi/u_spi_cmd_data/u_spi_data_channel/curr_ch_addr_reg[2]_1[0]   | u_spi_comm/u_spi/u_spi_cmd_data/u_spi_reg_buf/reg_file[0][0]_i_2_n_0  |                4 |             14 |
|  clk_IBUF_BUFG | u_spi_comm/u_spi/u_spi_cmd_data/u_spi_data_channel/curr_ch_addr_reg[3]_2[0]   | u_spi_comm/u_spi/u_spi_cmd_data/u_spi_reg_buf/reg_file[0][0]_i_2_n_0  |                4 |             15 |
|  clk_IBUF_BUFG | u_spi_comm/u_spi/u_spi_cmd_data/u_spi_data_channel/curr_ch_addr_reg[3]_4[0]   | u_spi_comm/u_spi/u_spi_cmd_data/u_spi_reg_buf/reg_file[0][0]_i_2_n_0  |                4 |             15 |
|  clk_IBUF_BUFG | u_spi_comm/u_spi/u_spi_cmd_data/u_spi_data_channel/curr_ch_addr_reg[3]_8[0]   | u_spi_comm/u_spi/u_spi_cmd_data/u_spi_reg_buf/reg_file[0][0]_i_2_n_0  |                7 |             15 |
|  clk_IBUF_BUFG | u_spi_comm/u_spi/u_spi_cmd_data/u_spi_data_channel/curr_ch_addr_reg[3]_8[0]   | u_spi_comm/u_spi/u_spi_cmd_data/u_spi_reg_buf/reg_file[8][29]_i_1_n_0 |                2 |             15 |
|  clk_IBUF_BUFG | u_spi_comm/u_spi/u_spi_cmd_data/u_spi_data_channel/curr_ch_addr_reg[3]_6[0]   | u_spi_comm/u_spi/u_spi_cmd_data/u_spi_reg_buf/reg_file[8][29]_i_1_n_0 |                3 |             15 |
|  clk_IBUF_BUFG | u_spi_comm/u_spi/u_spi_cmd_data/u_spi_data_channel/curr_ch_addr_reg[3]_6[0]   | u_spi_comm/u_spi/u_spi_cmd_data/u_spi_reg_buf/reg_file[0][0]_i_2_n_0  |                3 |             15 |
|  clk_IBUF_BUFG | u_spi_comm/u_spi/u_spi_cmd_data/u_spi_data_channel/curr_ch_addr_reg[3]_3[0]   | u_spi_comm/u_spi/u_spi_cmd_data/u_spi_reg_buf/reg_file[0][29]_i_2_n_0 |                3 |             15 |
|  clk_IBUF_BUFG | u_spi_comm/u_spi/u_spi_cmd_data/u_spi_data_channel/curr_ch_addr_reg[3]_7[0]   | u_spi_comm/u_spi/u_spi_cmd_data/u_spi_reg_buf/reg_file[0][29]_i_2_n_0 |                4 |             15 |
|  clk_IBUF_BUFG | u_spi_comm/u_spi/u_spi_cmd_data/u_spi_data_channel/curr_ch_addr_reg[3]_2[0]   | u_spi_comm/u_spi/u_spi_cmd_data/u_spi_reg_buf/reg_file[8][29]_i_1_n_0 |                5 |             15 |
|  clk_IBUF_BUFG | u_spi_comm/u_spi/u_spi_cmd_data/u_spi_data_channel/curr_ch_addr_reg[3]_5[0]   | u_spi_comm/u_spi/u_spi_cmd_data/u_spi_reg_buf/reg_file[0][29]_i_2_n_0 |                5 |             15 |
|  clk_IBUF_BUFG | u_spi_comm/u_spi/u_spi_cmd_data/u_spi_data_channel/curr_ch_addr_reg[3]_4[0]   | u_spi_comm/u_spi/u_spi_cmd_data/u_spi_reg_buf/reg_file[8][29]_i_1_n_0 |                2 |             15 |
|  clk_IBUF_BUFG | u_spi_comm/u_spi/u_spi_cmd_data/u_spi_data_channel/curr_ch_addr_reg[3]_9[0]   | u_spi_comm/u_spi/u_spi_cmd_data/u_spi_reg_buf/reg_file[0][29]_i_2_n_0 |                7 |             15 |
|  clk_IBUF_BUFG | u_spi_comm/u_spi/u_spi_cmd_data/u_spi_data_channel/E[0]                       | u_spi_comm/u_spi/u_spi_cmd_data/u_spi_reg_buf/reg_file[0][29]_i_2_n_0 |                5 |             16 |
|  clk_IBUF_BUFG | u_spi_comm/u_spi/u_spi_cmd_data/u_spi_data_channel/curr_ch_addr_reg[2]_0[0]   | u_spi_comm/u_spi/u_spi_cmd_data/u_spi_reg_buf/reg_file[8][29]_i_1_n_0 |                5 |             16 |
|  clk_IBUF_BUFG | u_spi_comm/u_spi/u_spi_cmd_data/u_spi_data_channel/curr_ch_addr_reg[3]_0[0]   | u_spi_comm/u_spi/u_spi_cmd_data/u_spi_reg_buf/reg_file[0][29]_i_2_n_0 |                4 |             16 |
|  clk_IBUF_BUFG | u_spi_comm/u_spi/u_spi_cmd_data/u_spi_data_channel/curr_ch_addr_reg[3]_1[0]   | u_spi_comm/u_spi/u_spi_cmd_data/u_spi_reg_buf/reg_file[0][29]_i_2_n_0 |                5 |             16 |
|  clk_IBUF_BUFG | u_spi_comm/u_spi/u_spi_cmd_data/u_spi_data_channel/curr_ch_addr_reg[2]_1[0]   | u_spi_comm/u_spi/u_spi_cmd_data/u_spi_reg_buf/reg_file[8][29]_i_1_n_0 |                3 |             16 |
|  clk_IBUF_BUFG | u_spi_comm/u_spi/u_spi_cmd_data/u_spi_data_channel/curr_ch_addr_reg[2]_2[0]   | u_spi_comm/u_spi/u_spi_cmd_data/u_spi_reg_buf/reg_file[8][29]_i_1_n_0 |                2 |             16 |
|  clk_IBUF_BUFG | u_spi_comm/u_spi/u_spi_cmd_data/u_spi_data_channel/curr_ch_addr_reg[2][0]     | u_spi_comm/u_spi/u_spi_cmd_data/u_spi_reg_buf/reg_file[8][29]_i_1_n_0 |                8 |             16 |
|  clk_IBUF_BUFG | u_uart_rx/baud_cnt                                                            | u_ch9350_parser/rst_n                                                 |                5 |             16 |
|  clk_IBUF_BUFG | u_spi_comm/u_spi/u_spi_cmd_data/u_spi_data_channel/curr_ch_addr_reg[3][0]     | u_spi_comm/u_spi/u_spi_cmd_data/u_spi_reg_buf/reg_file[0][29]_i_2_n_0 |                3 |             16 |
|  clk_IBUF_BUFG | u_ch9350_parser/E[0]                                                          | u_spi_comm/u_spi/u_spi_cmd_data/u_spi_data_channel/rst_n_0            |                3 |             18 |
|  clk_IBUF_BUFG |                                                                               | u_spi_comm/u_spi/u_spi_cmd_data/u_spi_data_channel/rst_n              |                6 |             24 |
|  clk_IBUF_BUFG |                                                                               | u_ch9350_parser/rst_n                                                 |                6 |             26 |
|  clk_IBUF_BUFG | u_spi_comm/u_spi/u_spi_cmd_data/u_spi_data_channel/Shift_Reg_DOUT[31]_i_1_n_0 | u_spi_comm/u_spi/u_spi_cmd_data/u_spi_data_channel/rst_n              |                9 |             31 |
|  clk_IBUF_BUFG | u_spi_comm/u_spi/u_spi_cmd_data/u_spi_data_channel/spi_cs_pos_flag            | u_spi_comm/u_spi/u_spi_cmd_data/u_spi_data_channel/rst_n_0            |                6 |             32 |
|  clk_IBUF_BUFG | u_spi_comm/u_spi/u_spi_cmd_data/u_spi_cmd_channel/E[0]                        | u_spi_comm/u_spi/u_spi_cmd_data/u_spi_data_channel/rst_n              |                5 |             32 |
|  clk_IBUF_BUFG | u_ch9350_parser/E[0]                                                          | u_ch9350_parser/rst_n                                                 |                6 |             39 |
|  clk_IBUF_BUFG |                                                                               | u_spi_comm/u_spi/u_spi_cmd_data/u_spi_data_channel/rst_n_0            |               14 |             54 |
+----------------+-------------------------------------------------------------------------------+-----------------------------------------------------------------------+------------------+----------------+


