#-----------------------------------------------------------
# Vivado v2018.3 (64-bit)
# SW Build 2405991 on Thu Dec  6 23:38:27 MST 2018
# IP Build 2404404 on Fri Dec  7 01:43:56 MST 2018
# Start of session at: Wed Apr 15 16:41:11 2026
# Process ID: 41644
# Current directory: D:/CubeMX/STM32H743_XC7A100_PS_Configuration/vivado_gpio_probe/build/gpio_probe_prj
# Command line: vivado.exe -gui_launcher_event rodinguilauncherevent61280 D:\CubeMX\STM32H743_XC7A100_PS_Configuration\vivado_gpio_probe\build\gpio_probe_prj\gpio_probe.xpr
# Log file: D:/CubeMX/STM32H743_XC7A100_PS_Configuration/vivado_gpio_probe/build/gpio_probe_prj/vivado.log
# Journal file: D:/CubeMX/STM32H743_XC7A100_PS_Configuration/vivado_gpio_probe/build/gpio_probe_prj\vivado.jou
#-----------------------------------------------------------
start_gui
open_project D:/CubeMX/STM32H743_XC7A100_PS_Configuration/vivado_gpio_probe/build/gpio_probe_prj/gpio_probe.xpr
INFO: [ProjectBase 1-489] The host OS only allows 260 characters in a normal path. The project is stored in a path with more than 80 characters. If you experience issues with IP, Block Designs, or files not being found, please consider moving the project to a location with a shorter path. Alternately consider using the OS subst command to map part of the path to a drive letter.
Current project path is 'D:/CubeMX/STM32H743_XC7A100_PS_Configuration/vivado_gpio_probe/build/gpio_probe_prj'
Scanning sources...
Finished scanning sources
INFO: [IP_Flow 19-234] Refreshing IP repositories
INFO: [IP_Flow 19-1704] No user IP repositories specified
INFO: [IP_Flow 19-2313] Loaded Vivado IP repository 'D:/Vivado/Vivado/2018.3/data/ip'.
open_project: Time (s): cpu = 00:00:15 ; elapsed = 00:00:06 . Memory (MB): peak = 759.273 ; gain = 139.859
update_compile_order -fileset sources_1
open_hw
connect_hw_server
INFO: [Labtools 27-2285] Connecting to hw_server url TCP:localhost:3121
open_hw_target
INFO: [Labtoolstcl 44-466] Opening hw_target localhost:3121/xilinx_tcf/Digilent/210251A08870
set_property PROGRAM.FILE {D:/CubeMX/STM32H743_XC7A100_PS_Configuration/vivado_gpio_probe/build/gpio_probe_prj/gpio_probe.runs/impl_1/gpio_probe_top.bit} [get_hw_devices xc7a100t_0]
current_hw_device [get_hw_devices xc7a100t_0]
refresh_hw_device -update_hw_probes false [lindex [get_hw_devices xc7a100t_0] 0]
INFO: [Labtools 27-1434] Device xc7a100t (JTAG device index = 0) is programmed with a design that has no supported debug core(s) in it.
set_property PROBES.FILE {} [get_hw_devices xc7a100t_0]
set_property FULL_PROBES.FILE {} [get_hw_devices xc7a100t_0]
set_property PROGRAM.FILE {D:/CubeMX/STM32H743_XC7A100_PS_Configuration/vivado_gpio_probe/build/gpio_probe_prj/gpio_probe.runs/impl_1/gpio_probe_top.bit} [get_hw_devices xc7a100t_0]
program_hw_devices [get_hw_devices xc7a100t_0]
INFO: [Labtools 27-3164] End of startup status: HIGH
refresh_hw_device [lindex [get_hw_devices xc7a100t_0] 0]
INFO: [Labtools 27-1434] Device xc7a100t (JTAG device index = 0) is programmed with a design that has no supported debug core(s) in it.
reset_run synth_1
ERROR: [Vivado 12-106] *** Exception: java.lang.RuntimeException: javax.imageio.IIOException: Error skipping PNG metadata (See D:/CubeMX/STM32H743_XC7A100_PS_Configuration/vivado_gpio_probe/build/gpio_probe_prj/vivado_pid41644.debug)
ERROR: [Vivado 12-106] *** Exception: java.lang.RuntimeException: javax.imageio.IIOException: Error skipping PNG metadata (See D:/CubeMX/STM32H743_XC7A100_PS_Configuration/vivado_gpio_probe/build/gpio_probe_prj/vivado_pid41644.debug)
ERROR: [Vivado 12-106] *** Exception: java.lang.RuntimeException: javax.imageio.IIOException: Error skipping PNG metadata (See D:/CubeMX/STM32H743_XC7A100_PS_Configuration/vivado_gpio_probe/build/gpio_probe_prj/vivado_pid41644.debug)
ERROR: [Vivado 12-106] *** Exception: java.lang.RuntimeException: javax.imageio.IIOException: Error skipping PNG metadata (See D:/CubeMX/STM32H743_XC7A100_PS_Configuration/vivado_gpio_probe/build/gpio_probe_prj/vivado_pid41644.debug)
exit
INFO: [Common 17-206] Exiting Vivado at Wed Apr 15 17:02:00 2026...
